2020-07-15 17:57:53.054 835  [restartedMain] INFO  C.G.GroupFormationToolApplication - Starting GroupFormationToolApplication on DESKTOP-L9UMRA6 with PID 19304 (started by tejas in E:\Codes\Spring Projects\Adv SDC\group20)
2020-07-15 17:57:53.058 839  [restartedMain] INFO  C.G.GroupFormationToolApplication - No active profile set, falling back to default profiles: default
2020-07-15 17:57:53.117 898  [restartedMain] INFO  o.s.b.d.e.DevToolsPropertyDefaultsPostProcessor - Devtools property defaults active! Set 'spring.devtools.add-properties' to 'false' to disable
2020-07-15 17:57:53.117 898  [restartedMain] INFO  o.s.b.d.e.DevToolsPropertyDefaultsPostProcessor - For additional web related logging consider setting the 'logging.level.web' property to 'DEBUG'
2020-07-15 17:57:54.380 2161 [restartedMain] INFO  o.s.b.w.e.tomcat.TomcatWebServer - Tomcat initialized with port(s): 8080 (http)
2020-07-15 17:57:54.390 2171 [restartedMain] INFO  o.a.coyote.http11.Http11NioProtocol - Initializing ProtocolHandler ["http-nio-8080"]
2020-07-15 17:57:54.391 2172 [restartedMain] INFO  o.a.catalina.core.StandardService - Starting service [Tomcat]
2020-07-15 17:57:54.391 2172 [restartedMain] INFO  o.a.catalina.core.StandardEngine - Starting Servlet engine: [Apache Tomcat/9.0.30]
2020-07-15 17:57:54.470 2251 [restartedMain] INFO  o.a.c.c.C.[Tomcat].[localhost].[/] - Initializing Spring embedded WebApplicationContext
2020-07-15 17:57:54.472 2253 [restartedMain] INFO  o.s.web.context.ContextLoader - Root WebApplicationContext: initialization completed in 1355 ms
2020-07-15 17:57:54.677 2458 [restartedMain] INFO  o.s.s.w.DefaultSecurityFilterChain - Creating filter chain: Ant [pattern='/resources/**'], []
2020-07-15 17:57:54.700 2481 [restartedMain] INFO  o.s.s.w.DefaultSecurityFilterChain - Creating filter chain: any request, [org.springframework.security.web.context.request.async.WebAsyncManagerIntegrationFilter@d7d5615, org.springframework.security.web.context.SecurityContextPersistenceFilter@3beeeb30, org.springframework.security.web.header.HeaderWriterFilter@4d63d70a, org.springframework.security.web.authentication.logout.LogoutFilter@3d8c0810, org.springframework.security.web.authentication.UsernamePasswordAuthenticationFilter@31eb986e, org.springframework.security.web.authentication.www.BasicAuthenticationFilter@5c1be074, org.springframework.security.web.savedrequest.RequestCacheAwareFilter@1729eb5c, org.springframework.security.web.servletapi.SecurityContextHolderAwareRequestFilter@ed98317, org.springframework.security.web.authentication.AnonymousAuthenticationFilter@5de82887, org.springframework.security.web.session.SessionManagementFilter@74881b3c, org.springframework.security.web.access.ExceptionTranslationFilter@2bdf94f0, org.springframework.security.web.access.intercept.FilterSecurityInterceptor@d9186a6]
2020-07-15 17:57:54.791 2572 [restartedMain] INFO  o.s.s.c.ThreadPoolTaskExecutor - Initializing ExecutorService 'applicationTaskExecutor'
2020-07-15 17:57:54.880 2661 [restartedMain] INFO  o.s.b.a.w.s.WelcomePageHandlerMapping - Adding welcome page template: index
2020-07-15 17:57:54.989 2770 [restartedMain] INFO  o.s.b.d.a.OptionalLiveReloadServer - LiveReload server is running on port 35729
2020-07-15 17:57:55.006 2787 [restartedMain] INFO  o.a.coyote.http11.Http11NioProtocol - Starting ProtocolHandler ["http-nio-8080"]
2020-07-15 17:57:55.028 2809 [restartedMain] INFO  o.s.b.w.e.tomcat.TomcatWebServer - Tomcat started on port(s): 8080 (http) with context path ''
2020-07-15 17:57:55.032 2813 [restartedMain] INFO  C.G.GroupFormationToolApplication - Started GroupFormationToolApplication in 2.557 seconds (JVM running for 3.135)
2020-07-15 17:57:55.753 3534 [restartedMain] INFO  C.G.Database.ConnectionManager - Connected to a database with URL: jdbc:mysql://db-5308.cs.dal.ca:3306/CSCI5308_20_DEVINT?createDatabaseIfNotExist=true&serverTimezone=UTC
2020-07-15 19:45:28.710 614  [restartedMain] INFO  C.G.GroupFormationToolApplication - Starting GroupFormationToolApplication on DESKTOP-L9UMRA6 with PID 11160 (started by tejas in E:\Codes\Spring Projects\Adv SDC\group20)
2020-07-15 19:45:28.712 616  [restartedMain] INFO  C.G.GroupFormationToolApplication - No active profile set, falling back to default profiles: default
2020-07-15 19:45:28.753 657  [restartedMain] INFO  o.s.b.d.e.DevToolsPropertyDefaultsPostProcessor - Devtools property defaults active! Set 'spring.devtools.add-properties' to 'false' to disable
2020-07-15 19:45:28.753 657  [restartedMain] INFO  o.s.b.d.e.DevToolsPropertyDefaultsPostProcessor - For additional web related logging consider setting the 'logging.level.web' property to 'DEBUG'
2020-07-15 19:45:29.925 1829 [restartedMain] INFO  o.s.b.w.e.tomcat.TomcatWebServer - Tomcat initialized with port(s): 8080 (http)
2020-07-15 19:45:29.934 1838 [restartedMain] INFO  o.a.coyote.http11.Http11NioProtocol - Initializing ProtocolHandler ["http-nio-8080"]
2020-07-15 19:45:29.935 1839 [restartedMain] INFO  o.a.catalina.core.StandardService - Starting service [Tomcat]
2020-07-15 19:45:29.935 1839 [restartedMain] INFO  o.a.catalina.core.StandardEngine - Starting Servlet engine: [Apache Tomcat/9.0.30]
2020-07-15 19:45:30.020 1924 [restartedMain] INFO  o.a.c.c.C.[Tomcat].[localhost].[/] - Initializing Spring embedded WebApplicationContext
2020-07-15 19:45:30.020 1924 [restartedMain] INFO  o.s.web.context.ContextLoader - Root WebApplicationContext: initialization completed in 1267 ms
2020-07-15 19:45:30.201 2105 [restartedMain] INFO  o.s.s.w.DefaultSecurityFilterChain - Creating filter chain: Ant [pattern='/resources/**'], []
2020-07-15 19:45:30.222 2126 [restartedMain] INFO  o.s.s.w.DefaultSecurityFilterChain - Creating filter chain: any request, [org.springframework.security.web.context.request.async.WebAsyncManagerIntegrationFilter@4eaf5413, org.springframework.security.web.context.SecurityContextPersistenceFilter@46c690da, org.springframework.security.web.header.HeaderWriterFilter@5401f9a5, org.springframework.security.web.authentication.logout.LogoutFilter@55426fdd, org.springframework.security.web.authentication.UsernamePasswordAuthenticationFilter@4d0b37e, org.springframework.security.web.authentication.www.BasicAuthenticationFilter@7098991, org.springframework.security.web.savedrequest.RequestCacheAwareFilter@761ae59d, org.springframework.security.web.servletapi.SecurityContextHolderAwareRequestFilter@3efe257, org.springframework.security.web.authentication.AnonymousAuthenticationFilter@7b01a478, org.springframework.security.web.session.SessionManagementFilter@642dfb5d, org.springframework.security.web.access.ExceptionTranslationFilter@21bf4734, org.springframework.security.web.access.intercept.FilterSecurityInterceptor@6e0aefcd]
2020-07-15 19:45:30.304 2208 [restartedMain] INFO  o.s.s.c.ThreadPoolTaskExecutor - Initializing ExecutorService 'applicationTaskExecutor'
2020-07-15 19:45:30.375 2279 [restartedMain] INFO  o.s.b.a.w.s.WelcomePageHandlerMapping - Adding welcome page template: index
2020-07-15 19:45:30.486 2390 [restartedMain] INFO  o.s.b.d.a.OptionalLiveReloadServer - LiveReload server is running on port 35729
2020-07-15 19:45:30.502 2406 [restartedMain] INFO  o.a.coyote.http11.Http11NioProtocol - Starting ProtocolHandler ["http-nio-8080"]
2020-07-15 19:45:30.525 2429 [restartedMain] INFO  o.s.b.w.e.tomcat.TomcatWebServer - Tomcat started on port(s): 8080 (http) with context path ''
2020-07-15 19:45:30.530 2434 [restartedMain] INFO  C.G.GroupFormationToolApplication - Started GroupFormationToolApplication in 2.192 seconds (JVM running for 2.632)
2020-07-15 19:45:30.834 2738 [restartedMain] INFO  C.G.Database.ConnectionManager - Connected to a database with URL: jdbc:mysql://db-5308.cs.dal.ca:3306/CSCI5308_20_DEVINT?createDatabaseIfNotExist=true&serverTimezone=UTC
2020-07-15 19:46:46.482 78386 [http-nio-8080-exec-1] INFO  o.a.c.c.C.[Tomcat].[localhost].[/] - Initializing Spring DispatcherServlet 'dispatcherServlet'
2020-07-15 19:46:46.483 78387 [http-nio-8080-exec-1] INFO  o.s.web.servlet.DispatcherServlet - Initializing Servlet 'dispatcherServlet'
2020-07-15 19:46:46.492 78396 [http-nio-8080-exec-1] INFO  o.s.web.servlet.DispatcherServlet - Completed initialization in 9 ms
2020-07-15 19:46:46.697 78601 [http-nio-8080-exec-1] INFO  C.G.Database.ConnectionManager - Connected to a database with URL: jdbc:mysql://db-5308.cs.dal.ca:3306/CSCI5308_20_DEVINT?createDatabaseIfNotExist=true&serverTimezone=UTC
2020-07-15 19:46:47.760 79664 [http-nio-8080-exec-4] INFO  C.G.ErrorHandling.ErrorController - Processing request to redirect to error page.
2020-07-15 19:46:51.284 83188 [http-nio-8080-exec-5] INFO  C.G.Security.LoginController - Processing a request to load a login page.
2020-07-15 19:47:03.717 95621 [http-nio-8080-exec-8] INFO  C.G.Database.ConnectionManager - Connected to a database with URL: jdbc:mysql://db-5308.cs.dal.ca:3306/CSCI5308_20_DEVINT?createDatabaseIfNotExist=true&serverTimezone=UTC
2020-07-15 19:47:03.972 95876 [http-nio-8080-exec-8] INFO  C.G.Database.ConnectionManager - Connected to a database with URL: jdbc:mysql://db-5308.cs.dal.ca:3306/CSCI5308_20_DEVINT?createDatabaseIfNotExist=true&serverTimezone=UTC
2020-07-15 19:47:04.311 96215 [http-nio-8080-exec-8] WARN  o.a.c.util.SessionIdGeneratorBase - Creation of SecureRandom instance for session ID generation using [SHA1PRNG] took [156] milliseconds.
2020-07-15 19:47:04.461 96365 [http-nio-8080-exec-9] INFO  C.G.Database.ConnectionManager - Connected to a database with URL: jdbc:mysql://db-5308.cs.dal.ca:3306/CSCI5308_20_DEVINT?createDatabaseIfNotExist=true&serverTimezone=UTC
2020-07-15 19:48:49.782 201686 [http-nio-8080-exec-4] INFO  C.G.Courses.CourseController - Processing a request to load a course with ID: 1
2020-07-15 19:48:49.919 201823 [http-nio-8080-exec-4] INFO  C.G.Database.ConnectionManager - Connected to a database with URL: jdbc:mysql://db-5308.cs.dal.ca:3306/CSCI5308_20_DEVINT?createDatabaseIfNotExist=true&serverTimezone=UTC
2020-07-15 19:48:50.148 202052 [http-nio-8080-exec-4] INFO  C.G.Database.ConnectionManager - Connected to a database with URL: jdbc:mysql://db-5308.cs.dal.ca:3306/CSCI5308_20_DEVINT?createDatabaseIfNotExist=true&serverTimezone=UTC
2020-07-15 19:48:50.388 202292 [http-nio-8080-exec-4] INFO  C.G.Database.ConnectionManager - Connected to a database with URL: jdbc:mysql://db-5308.cs.dal.ca:3306/CSCI5308_20_DEVINT?createDatabaseIfNotExist=true&serverTimezone=UTC
2020-07-15 19:48:50.626 202530 [http-nio-8080-exec-4] INFO  C.G.Database.ConnectionManager - Connected to a database with URL: jdbc:mysql://db-5308.cs.dal.ca:3306/CSCI5308_20_DEVINT?createDatabaseIfNotExist=true&serverTimezone=UTC
2020-07-15 19:51:15.694 528  [restartedMain] TRACE o.s.c.e.PropertySourcesPropertyResolver - Searching for key 'logging.register-shutdown-hook' in PropertySource 'configurationProperties'
2020-07-15 19:51:15.697 531  [restartedMain] TRACE o.s.c.e.PropertySourcesPropertyResolver - Searching for key 'logging.register-shutdown-hook' in PropertySource 'servletConfigInitParams'
2020-07-15 19:51:15.698 532  [restartedMain] TRACE o.s.c.e.PropertySourcesPropertyResolver - Searching for key 'logging.register-shutdown-hook' in PropertySource 'servletContextInitParams'
2020-07-15 19:51:15.698 532  [restartedMain] TRACE o.s.c.e.PropertySourcesPropertyResolver - Searching for key 'logging.register-shutdown-hook' in PropertySource 'systemProperties'
2020-07-15 19:51:15.698 532  [restartedMain] TRACE o.s.c.e.PropertySourcesPropertyResolver - Searching for key 'logging.register-shutdown-hook' in PropertySource 'systemEnvironment'
2020-07-15 19:51:15.698 532  [restartedMain] TRACE o.s.c.e.PropertySourcesPropertyResolver - Searching for key 'logging.register-shutdown-hook' in PropertySource 'random'
2020-07-15 19:51:15.698 532  [restartedMain] TRACE o.s.c.e.PropertySourcesPropertyResolver - Searching for key 'logging.register-shutdown-hook' in PropertySource 'devtools'
2020-07-15 19:51:15.698 532  [restartedMain] TRACE o.s.c.e.PropertySourcesPropertyResolver - Could not find key 'logging.register-shutdown-hook' in any property source
2020-07-15 19:51:15.698 532  [restartedMain] DEBUG o.s.b.c.l.ClasspathLoggingApplicationListener - Application started with classpath: [file:/E:/Codes/Spring%20Projects/Adv%20SDC/group20/build/classes/java/main/, file:/E:/Codes/Spring%20Projects/Adv%20SDC/group20/build/resources/main/]
2020-07-15 19:51:15.698 532  [restartedMain] TRACE o.s.c.e.PropertySourcesPropertyResolver - Searching for key 'context.listener.classes' in PropertySource 'configurationProperties'
2020-07-15 19:51:15.698 532  [restartedMain] TRACE o.s.c.e.PropertySourcesPropertyResolver - Searching for key 'context.listener.classes' in PropertySource 'servletConfigInitParams'
2020-07-15 19:51:15.698 532  [restartedMain] TRACE o.s.c.e.PropertySourcesPropertyResolver - Searching for key 'context.listener.classes' in PropertySource 'servletContextInitParams'
2020-07-15 19:51:15.699 533  [restartedMain] TRACE o.s.c.e.PropertySourcesPropertyResolver - Searching for key 'context.listener.classes' in PropertySource 'systemProperties'
2020-07-15 19:51:15.699 533  [restartedMain] TRACE o.s.c.e.PropertySourcesPropertyResolver - Searching for key 'context.listener.classes' in PropertySource 'systemEnvironment'
2020-07-15 19:51:15.699 533  [restartedMain] TRACE o.s.c.e.PropertySourcesPropertyResolver - Searching for key 'context.listener.classes' in PropertySource 'random'
2020-07-15 19:51:15.699 533  [restartedMain] TRACE o.s.c.e.PropertySourcesPropertyResolver - Searching for key 'context.listener.classes' in PropertySource 'devtools'
2020-07-15 19:51:15.699 533  [restartedMain] TRACE o.s.c.e.PropertySourcesPropertyResolver - Could not find key 'context.listener.classes' in any property source
2020-07-15 19:51:15.701 535  [restartedMain] TRACE o.s.c.e.PropertySourcesPropertyResolver - Searching for key 'spring.beaninfo.ignore' in PropertySource 'configurationProperties'
2020-07-15 19:51:15.703 537  [restartedMain] TRACE o.s.c.e.PropertySourcesPropertyResolver - Searching for key 'spring.beaninfo.ignore' in PropertySource 'servletConfigInitParams'
2020-07-15 19:51:15.703 537  [restartedMain] TRACE o.s.c.e.PropertySourcesPropertyResolver - Searching for key 'spring.beaninfo.ignore' in PropertySource 'servletContextInitParams'
2020-07-15 19:51:15.703 537  [restartedMain] TRACE o.s.c.e.PropertySourcesPropertyResolver - Searching for key 'spring.beaninfo.ignore' in PropertySource 'systemProperties'
2020-07-15 19:51:15.703 537  [restartedMain] TRACE o.s.c.e.PropertySourcesPropertyResolver - Searching for key 'spring.beaninfo.ignore' in PropertySource 'systemEnvironment'
2020-07-15 19:51:15.703 537  [restartedMain] TRACE o.s.c.e.PropertySourcesPropertyResolver - Searching for key 'spring.beaninfo.ignore' in PropertySource 'random'
2020-07-15 19:51:15.703 537  [restartedMain] TRACE o.s.c.e.PropertySourcesPropertyResolver - Searching for key 'spring.beaninfo.ignore' in PropertySource 'devtools'
2020-07-15 19:51:15.703 537  [restartedMain] TRACE o.s.c.e.PropertySourcesPropertyResolver - Could not find key 'spring.beaninfo.ignore' in any property source
2020-07-15 19:51:15.705 539  [restartedMain] TRACE o.s.c.e.PropertySourcesPropertyResolver - Searching for key 'spring.banner.image.location' in PropertySource 'configurationProperties'
2020-07-15 19:51:15.705 539  [restartedMain] TRACE o.s.c.e.PropertySourcesPropertyResolver - Searching for key 'spring.banner.image.location' in PropertySource 'servletConfigInitParams'
2020-07-15 19:51:15.705 539  [restartedMain] TRACE o.s.c.e.PropertySourcesPropertyResolver - Searching for key 'spring.banner.image.location' in PropertySource 'servletContextInitParams'
2020-07-15 19:51:15.705 539  [restartedMain] TRACE o.s.c.e.PropertySourcesPropertyResolver - Searching for key 'spring.banner.image.location' in PropertySource 'systemProperties'
2020-07-15 19:51:15.705 539  [restartedMain] TRACE o.s.c.e.PropertySourcesPropertyResolver - Searching for key 'spring.banner.image.location' in PropertySource 'systemEnvironment'
2020-07-15 19:51:15.706 540  [restartedMain] TRACE o.s.c.e.PropertySourcesPropertyResolver - Searching for key 'spring.banner.image.location' in PropertySource 'random'
2020-07-15 19:51:15.706 540  [restartedMain] TRACE o.s.c.e.PropertySourcesPropertyResolver - Searching for key 'spring.banner.image.location' in PropertySource 'devtools'
2020-07-15 19:51:15.706 540  [restartedMain] TRACE o.s.c.e.PropertySourcesPropertyResolver - Could not find key 'spring.banner.image.location' in any property source
2020-07-15 19:51:15.707 541  [restartedMain] TRACE o.s.c.e.PropertySourcesPropertyResolver - Searching for key 'spring.banner.location' in PropertySource 'configurationProperties'
2020-07-15 19:51:15.708 542  [restartedMain] TRACE o.s.c.e.PropertySourcesPropertyResolver - Searching for key 'spring.banner.location' in PropertySource 'servletConfigInitParams'
2020-07-15 19:51:15.708 542  [restartedMain] TRACE o.s.c.e.PropertySourcesPropertyResolver - Searching for key 'spring.banner.location' in PropertySource 'servletContextInitParams'
2020-07-15 19:51:15.708 542  [restartedMain] TRACE o.s.c.e.PropertySourcesPropertyResolver - Searching for key 'spring.banner.location' in PropertySource 'systemProperties'
2020-07-15 19:51:15.708 542  [restartedMain] TRACE o.s.c.e.PropertySourcesPropertyResolver - Searching for key 'spring.banner.location' in PropertySource 'systemEnvironment'
2020-07-15 19:51:15.708 542  [restartedMain] TRACE o.s.c.e.PropertySourcesPropertyResolver - Searching for key 'spring.banner.location' in PropertySource 'random'
2020-07-15 19:51:15.708 542  [restartedMain] TRACE o.s.c.e.PropertySourcesPropertyResolver - Searching for key 'spring.banner.location' in PropertySource 'devtools'
2020-07-15 19:51:15.708 542  [restartedMain] TRACE o.s.c.e.PropertySourcesPropertyResolver - Could not find key 'spring.banner.location' in any property source
2020-07-15 19:51:15.765 599  [restartedMain] TRACE o.s.c.a.ClassPathBeanDefinitionScanner - JSR-250 'javax.annotation.ManagedBean' found and supported for component scanning
2020-07-15 19:51:15.772 606  [restartedMain] TRACE o.s.b.diagnostics.FailureAnalyzers - Failed to load org.springframework.boot.autoconfigure.jdbc.HikariDriverConfigurationFailureAnalyzer
java.lang.NoClassDefFoundError: org/springframework/jdbc/CannotGetJdbcConnectionException
	at java.base/java.lang.Class.getDeclaredConstructors0(Native Method)
	at java.base/java.lang.Class.privateGetDeclaredConstructors(Class.java:3138)
	at java.base/java.lang.Class.getConstructor0(Class.java:3343)
	at java.base/java.lang.Class.getDeclaredConstructor(Class.java:2554)
	at org.springframework.boot.diagnostics.FailureAnalyzers.loadFailureAnalyzers(FailureAnalyzers.java:75)
	at org.springframework.boot.diagnostics.FailureAnalyzers.<init>(FailureAnalyzers.java:66)
	at org.springframework.boot.diagnostics.FailureAnalyzers.<init>(FailureAnalyzers.java:60)
	at java.base/jdk.internal.reflect.NativeConstructorAccessorImpl.newInstance0(Native Method)
	at java.base/jdk.internal.reflect.NativeConstructorAccessorImpl.newInstance(NativeConstructorAccessorImpl.java:62)
	at java.base/jdk.internal.reflect.DelegatingConstructorAccessorImpl.newInstance(DelegatingConstructorAccessorImpl.java:45)
	at java.base/java.lang.reflect.Constructor.newInstance(Constructor.java:490)
	at org.springframework.beans.BeanUtils.instantiateClass(BeanUtils.java:203)
	at org.springframework.boot.SpringApplication.createSpringFactoriesInstances(SpringApplication.java:441)
	at org.springframework.boot.SpringApplication.getSpringFactoriesInstances(SpringApplication.java:427)
	at org.springframework.boot.SpringApplication.run(SpringApplication.java:312)
	at org.springframework.boot.SpringApplication.run(SpringApplication.java:1226)
	at org.springframework.boot.SpringApplication.run(SpringApplication.java:1215)
	at CSCI5308.GroupFormationTool.GroupFormationToolApplication.main(GroupFormationToolApplication.java:13)
	at java.base/jdk.internal.reflect.NativeMethodAccessorImpl.invoke0(Native Method)
	at java.base/jdk.internal.reflect.NativeMethodAccessorImpl.invoke(NativeMethodAccessorImpl.java:62)
	at java.base/jdk.internal.reflect.DelegatingMethodAccessorImpl.invoke(DelegatingMethodAccessorImpl.java:43)
	at java.base/java.lang.reflect.Method.invoke(Method.java:566)
	at org.springframework.boot.devtools.restart.RestartLauncher.run(RestartLauncher.java:49)
Caused by: java.lang.ClassNotFoundException: org.springframework.jdbc.CannotGetJdbcConnectionException
	at java.base/jdk.internal.loader.BuiltinClassLoader.loadClass(BuiltinClassLoader.java:583)
	at java.base/jdk.internal.loader.ClassLoaders$AppClassLoader.loadClass(ClassLoaders.java:178)
	at java.base/java.lang.ClassLoader.loadClass(ClassLoader.java:521)
	... 23 common frames omitted
2020-07-15 19:51:15.784 618  [restartedMain] TRACE o.s.c.e.PropertySourcesPropertyResolver - Searching for key 'context.initializer.classes' in PropertySource 'configurationProperties'
2020-07-15 19:51:15.784 618  [restartedMain] TRACE o.s.c.e.PropertySourcesPropertyResolver - Searching for key 'context.initializer.classes' in PropertySource 'servletConfigInitParams'
2020-07-15 19:51:15.784 618  [restartedMain] TRACE o.s.c.e.PropertySourcesPropertyResolver - Searching for key 'context.initializer.classes' in PropertySource 'servletContextInitParams'
2020-07-15 19:51:15.784 618  [restartedMain] TRACE o.s.c.e.PropertySourcesPropertyResolver - Searching for key 'context.initializer.classes' in PropertySource 'systemProperties'
2020-07-15 19:51:15.784 618  [restartedMain] TRACE o.s.c.e.PropertySourcesPropertyResolver - Searching for key 'context.initializer.classes' in PropertySource 'systemEnvironment'
2020-07-15 19:51:15.784 618  [restartedMain] TRACE o.s.c.e.PropertySourcesPropertyResolver - Searching for key 'context.initializer.classes' in PropertySource 'random'
2020-07-15 19:51:15.784 618  [restartedMain] TRACE o.s.c.e.PropertySourcesPropertyResolver - Searching for key 'context.initializer.classes' in PropertySource 'devtools'
2020-07-15 19:51:15.784 618  [restartedMain] TRACE o.s.c.e.PropertySourcesPropertyResolver - Could not find key 'context.initializer.classes' in any property source
2020-07-15 19:51:15.784 618  [restartedMain] TRACE o.s.c.e.PropertySourcesPropertyResolver - Searching for key 'spring.application.name' in PropertySource 'configurationProperties'
2020-07-15 19:51:15.785 619  [restartedMain] TRACE o.s.c.e.PropertySourcesPropertyResolver - Searching for key 'spring.application.name' in PropertySource 'servletConfigInitParams'
2020-07-15 19:51:15.785 619  [restartedMain] TRACE o.s.c.e.PropertySourcesPropertyResolver - Searching for key 'spring.application.name' in PropertySource 'servletContextInitParams'
2020-07-15 19:51:15.785 619  [restartedMain] TRACE o.s.c.e.PropertySourcesPropertyResolver - Searching for key 'spring.application.name' in PropertySource 'systemProperties'
2020-07-15 19:51:15.785 619  [restartedMain] TRACE o.s.c.e.PropertySourcesPropertyResolver - Searching for key 'spring.application.name' in PropertySource 'systemEnvironment'
2020-07-15 19:51:15.785 619  [restartedMain] TRACE o.s.c.e.PropertySourcesPropertyResolver - Searching for key 'spring.application.name' in PropertySource 'random'
2020-07-15 19:51:15.785 619  [restartedMain] TRACE o.s.c.e.PropertySourcesPropertyResolver - Searching for key 'spring.application.name' in PropertySource 'devtools'
2020-07-15 19:51:15.785 619  [restartedMain] TRACE o.s.c.e.PropertySourcesPropertyResolver - Could not find key 'spring.application.name' in any property source
2020-07-15 19:51:15.785 619  [restartedMain] TRACE o.s.b.f.s.DefaultListableBeanFactory - Registering scope 'restart' with implementation [org.springframework.boot.devtools.restart.RestartScopeInitializer$RestartScope@63fcd319]
2020-07-15 19:51:15.786 620  [restartedMain] TRACE o.s.b.f.s.DefaultListableBeanFactory - Returning cached instance of singleton bean 'autoConfigurationReport'
2020-07-15 19:51:15.790 624  [restartedMain] INFO  C.G.GroupFormationToolApplication - Starting GroupFormationToolApplication on DESKTOP-L9UMRA6 with PID 14140 (started by tejas in E:\Codes\Spring Projects\Adv SDC\group20)
2020-07-15 19:51:15.790 624  [restartedMain] DEBUG C.G.GroupFormationToolApplication - Running with Spring Boot v2.2.4.RELEASE, Spring v5.2.3.RELEASE
2020-07-15 19:51:15.790 624  [restartedMain] TRACE o.s.c.e.PropertySourcesPropertyResolver - Searching for key 'spring.profiles.active' in PropertySource 'configurationProperties'
2020-07-15 19:51:15.790 624  [restartedMain] TRACE o.s.c.e.PropertySourcesPropertyResolver - Searching for key 'spring.profiles.active' in PropertySource 'servletConfigInitParams'
2020-07-15 19:51:15.790 624  [restartedMain] TRACE o.s.c.e.PropertySourcesPropertyResolver - Searching for key 'spring.profiles.active' in PropertySource 'servletContextInitParams'
2020-07-15 19:51:15.790 624  [restartedMain] TRACE o.s.c.e.PropertySourcesPropertyResolver - Searching for key 'spring.profiles.active' in PropertySource 'systemProperties'
2020-07-15 19:51:15.790 624  [restartedMain] TRACE o.s.c.e.PropertySourcesPropertyResolver - Searching for key 'spring.profiles.active' in PropertySource 'systemEnvironment'
2020-07-15 19:51:15.790 624  [restartedMain] TRACE o.s.c.e.PropertySourcesPropertyResolver - Searching for key 'spring.profiles.active' in PropertySource 'random'
2020-07-15 19:51:15.790 624  [restartedMain] TRACE o.s.c.e.PropertySourcesPropertyResolver - Searching for key 'spring.profiles.active' in PropertySource 'devtools'
2020-07-15 19:51:15.790 624  [restartedMain] TRACE o.s.c.e.PropertySourcesPropertyResolver - Could not find key 'spring.profiles.active' in any property source
2020-07-15 19:51:15.790 624  [restartedMain] TRACE o.s.c.e.PropertySourcesPropertyResolver - Searching for key 'spring.profiles.default' in PropertySource 'configurationProperties'
2020-07-15 19:51:15.792 626  [restartedMain] TRACE o.s.c.e.PropertySourcesPropertyResolver - Searching for key 'spring.profiles.default' in PropertySource 'servletConfigInitParams'
2020-07-15 19:51:15.792 626  [restartedMain] TRACE o.s.c.e.PropertySourcesPropertyResolver - Searching for key 'spring.profiles.default' in PropertySource 'servletContextInitParams'
2020-07-15 19:51:15.792 626  [restartedMain] TRACE o.s.c.e.PropertySourcesPropertyResolver - Searching for key 'spring.profiles.default' in PropertySource 'systemProperties'
2020-07-15 19:51:15.792 626  [restartedMain] TRACE o.s.c.e.PropertySourcesPropertyResolver - Searching for key 'spring.profiles.default' in PropertySource 'systemEnvironment'
2020-07-15 19:51:15.792 626  [restartedMain] TRACE o.s.c.e.PropertySourcesPropertyResolver - Searching for key 'spring.profiles.default' in PropertySource 'random'
2020-07-15 19:51:15.792 626  [restartedMain] TRACE o.s.c.e.PropertySourcesPropertyResolver - Searching for key 'spring.profiles.default' in PropertySource 'devtools'
2020-07-15 19:51:15.792 626  [restartedMain] TRACE o.s.c.e.PropertySourcesPropertyResolver - Could not find key 'spring.profiles.default' in any property source
2020-07-15 19:51:15.792 626  [restartedMain] INFO  C.G.GroupFormationToolApplication - No active profile set, falling back to default profiles: default
2020-07-15 19:51:15.792 626  [restartedMain] DEBUG o.s.boot.SpringApplication - Loading source class CSCI5308.GroupFormationTool.GroupFormationToolApplication
2020-07-15 19:51:15.797 631  [restartedMain] TRACE o.s.c.a.ClassPathBeanDefinitionScanner - JSR-250 'javax.annotation.ManagedBean' found and supported for component scanning
2020-07-15 19:51:15.827 661  [restartedMain] TRACE o.s.b.c.c.ConfigFileApplicationListener - Skipped missing config 'file:./config/application.properties' (file:./config/application.properties)
2020-07-15 19:51:15.828 662  [restartedMain] TRACE o.s.b.c.c.ConfigFileApplicationListener - Skipped missing config 'file:./config/application.xml' (file:./config/application.xml)
2020-07-15 19:51:15.828 662  [restartedMain] TRACE o.s.b.c.c.ConfigFileApplicationListener - Skipped missing config 'file:./config/application.yml' (file:./config/application.yml)
2020-07-15 19:51:15.828 662  [restartedMain] TRACE o.s.b.c.c.ConfigFileApplicationListener - Skipped missing config 'file:./config/application.yaml' (file:./config/application.yaml)
2020-07-15 19:51:15.828 662  [restartedMain] TRACE o.s.b.c.c.ConfigFileApplicationListener - Skipped missing config 'file:./application.properties' (file:./application.properties)
2020-07-15 19:51:15.828 662  [restartedMain] TRACE o.s.b.c.c.ConfigFileApplicationListener - Skipped missing config 'file:./application.xml' (file:./application.xml)
2020-07-15 19:51:15.828 662  [restartedMain] TRACE o.s.b.c.c.ConfigFileApplicationListener - Skipped missing config 'file:./application.yml' (file:./application.yml)
2020-07-15 19:51:15.828 662  [restartedMain] TRACE o.s.b.c.c.ConfigFileApplicationListener - Skipped missing config 'file:./application.yaml' (file:./application.yaml)
2020-07-15 19:51:15.828 662  [restartedMain] TRACE o.s.b.c.c.ConfigFileApplicationListener - Skipped missing config classpath:/config/application.properties
2020-07-15 19:51:15.828 662  [restartedMain] TRACE o.s.b.c.c.ConfigFileApplicationListener - Skipped missing config classpath:/config/application.xml
2020-07-15 19:51:15.828 662  [restartedMain] TRACE o.s.b.c.c.ConfigFileApplicationListener - Skipped missing config classpath:/config/application.yml
2020-07-15 19:51:15.828 662  [restartedMain] TRACE o.s.b.c.c.ConfigFileApplicationListener - Skipped missing config classpath:/config/application.yaml
2020-07-15 19:51:15.828 662  [restartedMain] TRACE o.s.b.c.c.ConfigFileApplicationListener - Skipped unloaded config 'file:/E:/Codes/Spring%20Projects/Adv%20SDC/group20/build/resources/main/application.properties' (classpath:/application.properties)
2020-07-15 19:51:15.828 662  [restartedMain] TRACE o.s.b.c.c.ConfigFileApplicationListener - Skipped missing config classpath:/application.xml
2020-07-15 19:51:15.828 662  [restartedMain] TRACE o.s.b.c.c.ConfigFileApplicationListener - Skipped missing config classpath:/application.yml
2020-07-15 19:51:15.828 662  [restartedMain] TRACE o.s.b.c.c.ConfigFileApplicationListener - Skipped missing config classpath:/application.yaml
2020-07-15 19:51:15.828 662  [restartedMain] TRACE o.s.b.c.c.ConfigFileApplicationListener - Skipped missing config 'file:./config/application-default.properties' (file:./config/application-default.properties) for profile default
2020-07-15 19:51:15.828 662  [restartedMain] TRACE o.s.b.c.c.ConfigFileApplicationListener - Skipped missing config 'file:./config/application-default.properties' (file:./config/application-default.properties) for profile default
2020-07-15 19:51:15.828 662  [restartedMain] TRACE o.s.b.c.c.ConfigFileApplicationListener - Skipped missing config 'file:./config/application.properties' (file:./config/application.properties) for profile default
2020-07-15 19:51:15.828 662  [restartedMain] TRACE o.s.b.c.c.ConfigFileApplicationListener - Skipped missing config 'file:./config/application-default.xml' (file:./config/application-default.xml) for profile default
2020-07-15 19:51:15.828 662  [restartedMain] TRACE o.s.b.c.c.ConfigFileApplicationListener - Skipped missing config 'file:./config/application-default.xml' (file:./config/application-default.xml) for profile default
2020-07-15 19:51:15.828 662  [restartedMain] TRACE o.s.b.c.c.ConfigFileApplicationListener - Skipped missing config 'file:./config/application.xml' (file:./config/application.xml) for profile default
2020-07-15 19:51:15.828 662  [restartedMain] TRACE o.s.b.c.c.ConfigFileApplicationListener - Skipped missing config 'file:./config/application-default.yml' (file:./config/application-default.yml) for profile default
2020-07-15 19:51:15.828 662  [restartedMain] TRACE o.s.b.c.c.ConfigFileApplicationListener - Skipped missing config 'file:./config/application-default.yml' (file:./config/application-default.yml) for profile default
2020-07-15 19:51:15.828 662  [restartedMain] TRACE o.s.b.c.c.ConfigFileApplicationListener - Skipped missing config 'file:./config/application.yml' (file:./config/application.yml) for profile default
2020-07-15 19:51:15.828 662  [restartedMain] TRACE o.s.b.c.c.ConfigFileApplicationListener - Skipped missing config 'file:./config/application-default.yaml' (file:./config/application-default.yaml) for profile default
2020-07-15 19:51:15.828 662  [restartedMain] TRACE o.s.b.c.c.ConfigFileApplicationListener - Skipped missing config 'file:./config/application-default.yaml' (file:./config/application-default.yaml) for profile default
2020-07-15 19:51:15.828 662  [restartedMain] TRACE o.s.b.c.c.ConfigFileApplicationListener - Skipped missing config 'file:./config/application.yaml' (file:./config/application.yaml) for profile default
2020-07-15 19:51:15.828 662  [restartedMain] TRACE o.s.b.c.c.ConfigFileApplicationListener - Skipped missing config 'file:./application-default.properties' (file:./application-default.properties) for profile default
2020-07-15 19:51:15.828 662  [restartedMain] TRACE o.s.b.c.c.ConfigFileApplicationListener - Skipped missing config 'file:./application-default.properties' (file:./application-default.properties) for profile default
2020-07-15 19:51:15.828 662  [restartedMain] TRACE o.s.b.c.c.ConfigFileApplicationListener - Skipped missing config 'file:./application.properties' (file:./application.properties) for profile default
2020-07-15 19:51:15.828 662  [restartedMain] TRACE o.s.b.c.c.ConfigFileApplicationListener - Skipped missing config 'file:./application-default.xml' (file:./application-default.xml) for profile default
2020-07-15 19:51:15.828 662  [restartedMain] TRACE o.s.b.c.c.ConfigFileApplicationListener - Skipped missing config 'file:./application-default.xml' (file:./application-default.xml) for profile default
2020-07-15 19:51:15.828 662  [restartedMain] TRACE o.s.b.c.c.ConfigFileApplicationListener - Skipped missing config 'file:./application.xml' (file:./application.xml) for profile default
2020-07-15 19:51:15.828 662  [restartedMain] TRACE o.s.b.c.c.ConfigFileApplicationListener - Skipped missing config 'file:./application-default.yml' (file:./application-default.yml) for profile default
2020-07-15 19:51:15.828 662  [restartedMain] TRACE o.s.b.c.c.ConfigFileApplicationListener - Skipped missing config 'file:./application-default.yml' (file:./application-default.yml) for profile default
2020-07-15 19:51:15.828 662  [restartedMain] TRACE o.s.b.c.c.ConfigFileApplicationListener - Skipped missing config 'file:./application.yml' (file:./application.yml) for profile default
2020-07-15 19:51:15.828 662  [restartedMain] TRACE o.s.b.c.c.ConfigFileApplicationListener - Skipped missing config 'file:./application-default.yaml' (file:./application-default.yaml) for profile default
2020-07-15 19:51:15.828 662  [restartedMain] TRACE o.s.b.c.c.ConfigFileApplicationListener - Skipped missing config 'file:./application-default.yaml' (file:./application-default.yaml) for profile default
2020-07-15 19:51:15.828 662  [restartedMain] TRACE o.s.b.c.c.ConfigFileApplicationListener - Skipped missing config 'file:./application.yaml' (file:./application.yaml) for profile default
2020-07-15 19:51:15.828 662  [restartedMain] TRACE o.s.b.c.c.ConfigFileApplicationListener - Skipped missing config classpath:/config/application-default.properties for profile default
2020-07-15 19:51:15.828 662  [restartedMain] TRACE o.s.b.c.c.ConfigFileApplicationListener - Skipped missing config classpath:/config/application-default.properties for profile default
2020-07-15 19:51:15.829 663  [restartedMain] TRACE o.s.b.c.c.ConfigFileApplicationListener - Skipped missing config classpath:/config/application.properties for profile default
2020-07-15 19:51:15.829 663  [restartedMain] TRACE o.s.b.c.c.ConfigFileApplicationListener - Skipped missing config classpath:/config/application-default.xml for profile default
2020-07-15 19:51:15.829 663  [restartedMain] TRACE o.s.b.c.c.ConfigFileApplicationListener - Skipped missing config classpath:/config/application-default.xml for profile default
2020-07-15 19:51:15.829 663  [restartedMain] TRACE o.s.b.c.c.ConfigFileApplicationListener - Skipped missing config classpath:/config/application.xml for profile default
2020-07-15 19:51:15.829 663  [restartedMain] TRACE o.s.b.c.c.ConfigFileApplicationListener - Skipped missing config classpath:/config/application-default.yml for profile default
2020-07-15 19:51:15.829 663  [restartedMain] TRACE o.s.b.c.c.ConfigFileApplicationListener - Skipped missing config classpath:/config/application-default.yml for profile default
2020-07-15 19:51:15.829 663  [restartedMain] TRACE o.s.b.c.c.ConfigFileApplicationListener - Skipped missing config classpath:/config/application.yml for profile default
2020-07-15 19:51:15.829 663  [restartedMain] TRACE o.s.b.c.c.ConfigFileApplicationListener - Skipped missing config classpath:/config/application-default.yaml for profile default
2020-07-15 19:51:15.829 663  [restartedMain] TRACE o.s.b.c.c.ConfigFileApplicationListener - Skipped missing config classpath:/config/application-default.yaml for profile default
2020-07-15 19:51:15.829 663  [restartedMain] TRACE o.s.b.c.c.ConfigFileApplicationListener - Skipped missing config classpath:/config/application.yaml for profile default
2020-07-15 19:51:15.829 663  [restartedMain] TRACE o.s.b.c.c.ConfigFileApplicationListener - Skipped missing config classpath:/application-default.properties for profile default
2020-07-15 19:51:15.829 663  [restartedMain] TRACE o.s.b.c.c.ConfigFileApplicationListener - Skipped missing config classpath:/application-default.properties for profile default
2020-07-15 19:51:15.829 663  [restartedMain] TRACE o.s.b.c.c.ConfigFileApplicationListener - Skipped unloaded config 'file:/E:/Codes/Spring%20Projects/Adv%20SDC/group20/build/resources/main/application.properties' (classpath:/application.properties) for profile default
2020-07-15 19:51:15.829 663  [restartedMain] TRACE o.s.b.c.c.ConfigFileApplicationListener - Skipped missing config classpath:/application-default.xml for profile default
2020-07-15 19:51:15.829 663  [restartedMain] TRACE o.s.b.c.c.ConfigFileApplicationListener - Skipped missing config classpath:/application-default.xml for profile default
2020-07-15 19:51:15.829 663  [restartedMain] TRACE o.s.b.c.c.ConfigFileApplicationListener - Skipped missing config classpath:/application.xml for profile default
2020-07-15 19:51:15.829 663  [restartedMain] TRACE o.s.b.c.c.ConfigFileApplicationListener - Skipped missing config classpath:/application-default.yml for profile default
2020-07-15 19:51:15.829 663  [restartedMain] TRACE o.s.b.c.c.ConfigFileApplicationListener - Skipped missing config classpath:/application-default.yml for profile default
2020-07-15 19:51:15.829 663  [restartedMain] TRACE o.s.b.c.c.ConfigFileApplicationListener - Skipped missing config classpath:/application.yml for profile default
2020-07-15 19:51:15.829 663  [restartedMain] TRACE o.s.b.c.c.ConfigFileApplicationListener - Skipped missing config classpath:/application-default.yaml for profile default
2020-07-15 19:51:15.829 663  [restartedMain] TRACE o.s.b.c.c.ConfigFileApplicationListener - Skipped missing config classpath:/application-default.yaml for profile default
2020-07-15 19:51:15.829 663  [restartedMain] TRACE o.s.b.c.c.ConfigFileApplicationListener - Skipped missing config classpath:/application.yaml for profile default
2020-07-15 19:51:15.829 663  [restartedMain] TRACE o.s.b.c.c.ConfigFileApplicationListener - Skipped missing config 'file:./config/application.properties' (file:./config/application.properties)
2020-07-15 19:51:15.829 663  [restartedMain] TRACE o.s.b.c.c.ConfigFileApplicationListener - Skipped missing config 'file:./config/application.xml' (file:./config/application.xml)
2020-07-15 19:51:15.829 663  [restartedMain] TRACE o.s.b.c.c.ConfigFileApplicationListener - Skipped missing config 'file:./config/application.yml' (file:./config/application.yml)
2020-07-15 19:51:15.829 663  [restartedMain] TRACE o.s.b.c.c.ConfigFileApplicationListener - Skipped missing config 'file:./config/application.yaml' (file:./config/application.yaml)
2020-07-15 19:51:15.829 663  [restartedMain] TRACE o.s.b.c.c.ConfigFileApplicationListener - Skipped missing config 'file:./application.properties' (file:./application.properties)
2020-07-15 19:51:15.829 663  [restartedMain] TRACE o.s.b.c.c.ConfigFileApplicationListener - Skipped missing config 'file:./application.xml' (file:./application.xml)
2020-07-15 19:51:15.829 663  [restartedMain] TRACE o.s.b.c.c.ConfigFileApplicationListener - Skipped missing config 'file:./application.yml' (file:./application.yml)
2020-07-15 19:51:15.829 663  [restartedMain] TRACE o.s.b.c.c.ConfigFileApplicationListener - Skipped missing config 'file:./application.yaml' (file:./application.yaml)
2020-07-15 19:51:15.829 663  [restartedMain] TRACE o.s.b.c.c.ConfigFileApplicationListener - Skipped missing config classpath:/config/application.properties
2020-07-15 19:51:15.829 663  [restartedMain] TRACE o.s.b.c.c.ConfigFileApplicationListener - Skipped missing config classpath:/config/application.xml
2020-07-15 19:51:15.829 663  [restartedMain] TRACE o.s.b.c.c.ConfigFileApplicationListener - Skipped missing config classpath:/config/application.yml
2020-07-15 19:51:15.829 663  [restartedMain] TRACE o.s.b.c.c.ConfigFileApplicationListener - Skipped missing config classpath:/config/application.yaml
2020-07-15 19:51:15.829 663  [restartedMain] TRACE o.s.b.c.c.ConfigFileApplicationListener - Skipped unloaded config 'file:/E:/Codes/Spring%20Projects/Adv%20SDC/group20/build/resources/main/application.properties' (classpath:/application.properties)
2020-07-15 19:51:15.829 663  [restartedMain] TRACE o.s.b.c.c.ConfigFileApplicationListener - Skipped missing config classpath:/application.xml
2020-07-15 19:51:15.829 663  [restartedMain] TRACE o.s.b.c.c.ConfigFileApplicationListener - Skipped missing config classpath:/application.yml
2020-07-15 19:51:15.829 663  [restartedMain] TRACE o.s.b.c.c.ConfigFileApplicationListener - Skipped missing config classpath:/application.yaml
2020-07-15 19:51:15.830 664  [restartedMain] DEBUG o.s.b.d.restart.ChangeableUrls - Matching URLs for reloading : [file:/E:/Codes/Spring%20Projects/Adv%20SDC/group20/build/classes/java/main/, file:/E:/Codes/Spring%20Projects/Adv%20SDC/group20/build/resources/main/]
2020-07-15 19:51:15.830 664  [restartedMain] DEBUG o.s.b.d.settings.DevToolsSettings - Included patterns for restart : []
2020-07-15 19:51:15.830 664  [restartedMain] DEBUG o.s.b.d.settings.DevToolsSettings - Excluded patterns for restart : [/spring-boot-starter-[\w-]+/, /spring-boot/target/classes/, /spring-boot-starter/target/classes/, /spring-boot-devtools/target/classes/, /spring-boot-actuator/target/classes/, /spring-boot-autoconfigure/target/classes/]
2020-07-15 19:51:15.830 664  [restartedMain] INFO  o.s.b.d.e.DevToolsPropertyDefaultsPostProcessor - Devtools property defaults active! Set 'spring.devtools.add-properties' to 'false' to disable
2020-07-15 19:51:15.830 664  [restartedMain] INFO  o.s.b.d.e.DevToolsPropertyDefaultsPostProcessor - For additional web related logging consider setting the 'logging.level.web' property to 'DEBUG'
2020-07-15 19:51:15.835 669  [restartedMain] TRACE o.s.b.w.s.c.AnnotationConfigServletWebServerApplicationContext - Refreshing org.springframework.boot.web.servlet.context.AnnotationConfigServletWebServerApplicationContext@b7288ce, started on Wed Jul 15 19:51:15 ADT 2020
2020-07-15 19:51:15.842 676  [restartedMain] TRACE o.s.b.f.s.DefaultListableBeanFactory - Registering scope 'request' with implementation [org.springframework.web.context.request.RequestScope@1f5f8b22]
2020-07-15 19:51:15.842 676  [restartedMain] TRACE o.s.b.f.s.DefaultListableBeanFactory - Registering scope 'session' with implementation [org.springframework.web.context.request.SessionScope@19c3990b]
2020-07-15 19:51:15.849 683  [restartedMain] DEBUG o.s.b.f.s.DefaultListableBeanFactory - Creating shared instance of singleton bean 'org.springframework.context.annotation.internalConfigurationAnnotationProcessor'
2020-07-15 19:51:15.849 683  [restartedMain] TRACE o.s.b.f.s.DefaultListableBeanFactory - Creating instance of bean 'org.springframework.context.annotation.internalConfigurationAnnotationProcessor'
2020-07-15 19:51:15.856 690  [restartedMain] TRACE o.s.b.f.s.DefaultListableBeanFactory - Eagerly caching bean 'org.springframework.context.annotation.internalConfigurationAnnotationProcessor' to allow for resolving potential circular references
2020-07-15 19:51:15.862 696  [restartedMain] DEBUG o.s.b.f.s.DefaultListableBeanFactory - Creating shared instance of singleton bean 'org.springframework.boot.autoconfigure.internalCachingMetadataReaderFactory'
2020-07-15 19:51:15.862 696  [restartedMain] TRACE o.s.b.f.s.DefaultListableBeanFactory - Creating instance of bean 'org.springframework.boot.autoconfigure.internalCachingMetadataReaderFactory'
2020-07-15 19:51:15.862 696  [restartedMain] TRACE o.s.b.f.s.DefaultListableBeanFactory - Eagerly caching bean 'org.springframework.boot.autoconfigure.internalCachingMetadataReaderFactory' to allow for resolving potential circular references
2020-07-15 19:51:15.863 697  [restartedMain] TRACE o.s.b.f.s.DefaultListableBeanFactory - Finished creating instance of bean 'org.springframework.boot.autoconfigure.internalCachingMetadataReaderFactory'
2020-07-15 19:51:15.865 699  [restartedMain] TRACE o.s.c.i.s.SpringFactoriesLoader - Loaded [org.springframework.beans.BeanInfoFactory] names: [org.springframework.beans.ExtendedBeanInfoFactory]
2020-07-15 19:51:15.866 700  [restartedMain] TRACE o.s.b.CachedIntrospectionResults - Getting BeanInfo for class [org.springframework.context.annotation.ConfigurationClassPostProcessor]
2020-07-15 19:51:15.871 705  [restartedMain] TRACE o.s.b.CachedIntrospectionResults - Caching PropertyDescriptors for class [org.springframework.context.annotation.ConfigurationClassPostProcessor]
2020-07-15 19:51:15.871 705  [restartedMain] TRACE o.s.b.CachedIntrospectionResults - Found bean property 'beanClassLoader' of type [java.lang.ClassLoader]
2020-07-15 19:51:15.872 706  [restartedMain] TRACE o.s.b.CachedIntrospectionResults - Found bean property 'beanNameGenerator' of type [org.springframework.beans.factory.support.BeanNameGenerator]
2020-07-15 19:51:15.873 707  [restartedMain] TRACE o.s.b.CachedIntrospectionResults - Found bean property 'class' of type [java.lang.Class]
2020-07-15 19:51:15.875 709  [restartedMain] TRACE o.s.b.CachedIntrospectionResults - Found bean property 'environment' of type [org.springframework.core.env.Environment]
2020-07-15 19:51:15.875 709  [restartedMain] TRACE o.s.b.CachedIntrospectionResults - Found bean property 'metadataReaderFactory' of type [org.springframework.core.type.classreading.MetadataReaderFactory]
2020-07-15 19:51:15.875 709  [restartedMain] TRACE o.s.b.CachedIntrospectionResults - Found bean property 'order' of type [int]
2020-07-15 19:51:15.875 709  [restartedMain] TRACE o.s.b.CachedIntrospectionResults - Found bean property 'problemReporter' of type [org.springframework.beans.factory.parsing.ProblemReporter]
2020-07-15 19:51:15.875 709  [restartedMain] TRACE o.s.b.CachedIntrospectionResults - Found bean property 'resourceLoader' of type [org.springframework.core.io.ResourceLoader]
2020-07-15 19:51:15.875 709  [restartedMain] TRACE o.s.b.CachedIntrospectionResults - Found bean property 'sourceExtractor' of type [org.springframework.beans.factory.parsing.SourceExtractor]
2020-07-15 19:51:15.880 714  [restartedMain] TRACE o.s.b.f.s.DefaultListableBeanFactory - Finished creating instance of bean 'org.springframework.context.annotation.internalConfigurationAnnotationProcessor'
2020-07-15 19:51:15.890 724  [restartedMain] TRACE o.s.c.a.ClassPathBeanDefinitionScanner - JSR-250 'javax.annotation.ManagedBean' found and supported for component scanning
2020-07-15 19:51:15.892 726  [restartedMain] TRACE o.s.c.i.s.PathMatchingResourcePatternResolver - Resolved classpath location [CSCI5308/GroupFormationTool/] to resources [URL [file:/E:/Codes/Spring%20Projects/Adv%20SDC/group20/build/classes/java/main/CSCI5308/GroupFormationTool/]]
2020-07-15 19:51:15.893 727  [restartedMain] TRACE o.s.c.i.s.PathMatchingResourcePatternResolver - Looking for matching resources in directory tree [E:\Codes\Spring Projects\Adv SDC\group20\build\classes\java\main\CSCI5308\GroupFormationTool]
2020-07-15 19:51:15.893 727  [restartedMain] TRACE o.s.c.i.s.PathMatchingResourcePatternResolver - Searching directory [E:\Codes\Spring Projects\Adv SDC\group20\build\classes\java\main\CSCI5308\GroupFormationTool] for files matching pattern [E:/Codes/Spring Projects/Adv SDC/group20/build/classes/java/main/CSCI5308/GroupFormationTool/**/*.class]
2020-07-15 19:51:15.895 729  [restartedMain] TRACE o.s.c.i.s.PathMatchingResourcePatternResolver - Searching directory [E:\Codes\Spring Projects\Adv SDC\group20\build\classes\java\main\CSCI5308\GroupFormationTool\AccessControl] for files matching pattern [E:/Codes/Spring Projects/Adv SDC/group20/build/classes/java/main/CSCI5308/GroupFormationTool/**/*.class]
2020-07-15 19:51:15.896 730  [restartedMain] TRACE o.s.c.i.s.PathMatchingResourcePatternResolver - Searching directory [E:\Codes\Spring Projects\Adv SDC\group20\build\classes\java\main\CSCI5308\GroupFormationTool\AdminConfig] for files matching pattern [E:/Codes/Spring Projects/Adv SDC/group20/build/classes/java/main/CSCI5308/GroupFormationTool/**/*.class]
2020-07-15 19:51:15.897 731  [restartedMain] TRACE o.s.c.i.s.PathMatchingResourcePatternResolver - Searching directory [E:\Codes\Spring Projects\Adv SDC\group20\build\classes\java\main\CSCI5308\GroupFormationTool\Courses] for files matching pattern [E:/Codes/Spring Projects/Adv SDC/group20/build/classes/java/main/CSCI5308/GroupFormationTool/**/*.class]
2020-07-15 19:51:15.898 732  [restartedMain] TRACE o.s.c.i.s.PathMatchingResourcePatternResolver - Searching directory [E:\Codes\Spring Projects\Adv SDC\group20\build\classes\java\main\CSCI5308\GroupFormationTool\CustomExceptions] for files matching pattern [E:/Codes/Spring Projects/Adv SDC/group20/build/classes/java/main/CSCI5308/GroupFormationTool/**/*.class]
2020-07-15 19:51:15.898 732  [restartedMain] TRACE o.s.c.i.s.PathMatchingResourcePatternResolver - Searching directory [E:\Codes\Spring Projects\Adv SDC\group20\build\classes\java\main\CSCI5308\GroupFormationTool\Database] for files matching pattern [E:/Codes/Spring Projects/Adv SDC/group20/build/classes/java/main/CSCI5308/GroupFormationTool/**/*.class]
2020-07-15 19:51:15.899 733  [restartedMain] TRACE o.s.c.i.s.PathMatchingResourcePatternResolver - Searching directory [E:\Codes\Spring Projects\Adv SDC\group20\build\classes\java\main\CSCI5308\GroupFormationTool\ErrorHandling] for files matching pattern [E:/Codes/Spring Projects/Adv SDC/group20/build/classes/java/main/CSCI5308/GroupFormationTool/**/*.class]
2020-07-15 19:51:15.899 733  [restartedMain] TRACE o.s.c.i.s.PathMatchingResourcePatternResolver - Searching directory [E:\Codes\Spring Projects\Adv SDC\group20\build\classes\java\main\CSCI5308\GroupFormationTool\Question] for files matching pattern [E:/Codes/Spring Projects/Adv SDC/group20/build/classes/java/main/CSCI5308/GroupFormationTool/**/*.class]
2020-07-15 19:51:15.900 734  [restartedMain] TRACE o.s.c.i.s.PathMatchingResourcePatternResolver - Searching directory [E:\Codes\Spring Projects\Adv SDC\group20\build\classes\java\main\CSCI5308\GroupFormationTool\Security] for files matching pattern [E:/Codes/Spring Projects/Adv SDC/group20/build/classes/java/main/CSCI5308/GroupFormationTool/**/*.class]
2020-07-15 19:51:15.900 734  [restartedMain] TRACE o.s.c.i.s.PathMatchingResourcePatternResolver - Searching directory [E:\Codes\Spring Projects\Adv SDC\group20\build\classes\java\main\CSCI5308\GroupFormationTool\Security\PasswordPolicyEnforcer] for files matching pattern [E:/Codes/Spring Projects/Adv SDC/group20/build/classes/java/main/CSCI5308/GroupFormationTool/**/*.class]
2020-07-15 19:51:15.901 735  [restartedMain] TRACE o.s.c.i.s.PathMatchingResourcePatternResolver - Searching directory [E:\Codes\Spring Projects\Adv SDC\group20\build\classes\java\main\CSCI5308\GroupFormationTool\SurveyManagement] for files matching pattern [E:/Codes/Spring Projects/Adv SDC/group20/build/classes/java/main/CSCI5308/GroupFormationTool/**/*.class]
2020-07-15 19:51:15.902 736  [restartedMain] TRACE o.s.c.i.s.PathMatchingResourcePatternResolver - Searching directory [E:\Codes\Spring Projects\Adv SDC\group20\build\classes\java\main\CSCI5308\GroupFormationTool\WelcomePage] for files matching pattern [E:/Codes/Spring Projects/Adv SDC/group20/build/classes/java/main/CSCI5308/GroupFormationTool/**/*.class]
2020-07-15 19:51:15.904 738  [restartedMain] TRACE o.s.c.i.s.PathMatchingResourcePatternResolver - Resolved location pattern [classpath*:CSCI5308/GroupFormationTool/**/*.class] to resources [file [E:\Codes\Spring Projects\Adv SDC\group20\build\classes\java\main\CSCI5308\GroupFormationTool\AccessControl\CurrentUser.class], file [E:\Codes\Spring Projects\Adv SDC\group20\build\classes\java\main\CSCI5308\GroupFormationTool\AccessControl\IUserNotifications.class], file [E:\Codes\Spring Projects\Adv SDC\group20\build\classes\java\main\CSCI5308\GroupFormationTool\AccessControl\IUserPersistence.class], file [E:\Codes\Spring Projects\Adv SDC\group20\build\classes\java\main\CSCI5308\GroupFormationTool\AccessControl\User.class], file [E:\Codes\Spring Projects\Adv SDC\group20\build\classes\java\main\CSCI5308\GroupFormationTool\AccessControl\UserDB.class], file [E:\Codes\Spring Projects\Adv SDC\group20\build\classes\java\main\CSCI5308\GroupFormationTool\AdminConfig\AdminConfigController.class], file [E:\Codes\Spring Projects\Adv SDC\group20\build\classes\java\main\CSCI5308\GroupFormationTool\AdminConfig\AdminConfigPersistence.class], file [E:\Codes\Spring Projects\Adv SDC\group20\build\classes\java\main\CSCI5308\GroupFormationTool\AdminConfig\AdminConfigService.class], file [E:\Codes\Spring Projects\Adv SDC\group20\build\classes\java\main\CSCI5308\GroupFormationTool\AdminConfig\IAdminConfigPersistence.class], file [E:\Codes\Spring Projects\Adv SDC\group20\build\classes\java\main\CSCI5308\GroupFormationTool\AdminConfig\IAdminConfigService.class], file [E:\Codes\Spring Projects\Adv SDC\group20\build\classes\java\main\CSCI5308\GroupFormationTool\Courses\Course.class], file [E:\Codes\Spring Projects\Adv SDC\group20\build\classes\java\main\CSCI5308\GroupFormationTool\Courses\CourseAdminController.class], file [E:\Codes\Spring Projects\Adv SDC\group20\build\classes\java\main\CSCI5308\GroupFormationTool\Courses\CourseController.class], file [E:\Codes\Spring Projects\Adv SDC\group20\build\classes\java\main\CSCI5308\GroupFormationTool\Courses\CourseDB.class], file [E:\Codes\Spring Projects\Adv SDC\group20\build\classes\java\main\CSCI5308\GroupFormationTool\Courses\CourseUserRelationship.class], file [E:\Codes\Spring Projects\Adv SDC\group20\build\classes\java\main\CSCI5308\GroupFormationTool\Courses\CourseUserRelationshipDB.class], file [E:\Codes\Spring Projects\Adv SDC\group20\build\classes\java\main\CSCI5308\GroupFormationTool\Courses\ICoursePersistence.class], file [E:\Codes\Spring Projects\Adv SDC\group20\build\classes\java\main\CSCI5308\GroupFormationTool\Courses\ICourseUserRelationship.class], file [E:\Codes\Spring Projects\Adv SDC\group20\build\classes\java\main\CSCI5308\GroupFormationTool\Courses\ICourseUserRelationshipPersistence.class], file [E:\Codes\Spring Projects\Adv SDC\group20\build\classes\java\main\CSCI5308\GroupFormationTool\Courses\IStudentCSVParser.class], file [E:\Codes\Spring Projects\Adv SDC\group20\build\classes\java\main\CSCI5308\GroupFormationTool\Courses\InstructorAdminController.class], file [E:\Codes\Spring Projects\Adv SDC\group20\build\classes\java\main\CSCI5308\GroupFormationTool\Courses\Role$1.class], file [E:\Codes\Spring Projects\Adv SDC\group20\build\classes\java\main\CSCI5308\GroupFormationTool\Courses\Role$2.class], file [E:\Codes\Spring Projects\Adv SDC\group20\build\classes\java\main\CSCI5308\GroupFormationTool\Courses\Role$3.class], file [E:\Codes\Spring Projects\Adv SDC\group20\build\classes\java\main\CSCI5308\GroupFormationTool\Courses\Role$4.class], file [E:\Codes\Spring Projects\Adv SDC\group20\build\classes\java\main\CSCI5308\GroupFormationTool\Courses\Role$5.class], file [E:\Codes\Spring Projects\Adv SDC\group20\build\classes\java\main\CSCI5308\GroupFormationTool\Courses\Role.class], file [E:\Codes\Spring Projects\Adv SDC\group20\build\classes\java\main\CSCI5308\GroupFormationTool\Courses\StudentCSVImport.class], file [E:\Codes\Spring Projects\Adv SDC\group20\build\classes\java\main\CSCI5308\GroupFormationTool\Courses\StudentCSVParser.class], file [E:\Codes\Spring Projects\Adv SDC\group20\build\classes\java\main\CSCI5308\GroupFormationTool\CustomExceptions\DuplicateKeyException.class], file [E:\Codes\Spring Projects\Adv SDC\group20\build\classes\java\main\CSCI5308\GroupFormationTool\CustomExceptions\KeyNotFoundException.class], file [E:\Codes\Spring Projects\Adv SDC\group20\build\classes\java\main\CSCI5308\GroupFormationTool\CustomExceptions\PasswordPolicyVoidException.class], file [E:\Codes\Spring Projects\Adv SDC\group20\build\classes\java\main\CSCI5308\GroupFormationTool\Database\CallStoredProcedure.class], file [E:\Codes\Spring Projects\Adv SDC\group20\build\classes\java\main\CSCI5308\GroupFormationTool\Database\ConnectionManager.class], file [E:\Codes\Spring Projects\Adv SDC\group20\build\classes\java\main\CSCI5308\GroupFormationTool\Database\DefaultDatabaseConfiguration.class], file [E:\Codes\Spring Projects\Adv SDC\group20\build\classes\java\main\CSCI5308\GroupFormationTool\Database\IDatabaseConfiguration.class], file [E:\Codes\Spring Projects\Adv SDC\group20\build\classes\java\main\CSCI5308\GroupFormationTool\ErrorHandling\ErrorController.class], file [E:\Codes\Spring Projects\Adv SDC\group20\build\classes\java\main\CSCI5308\GroupFormationTool\GroupFormationToolApplication.class], file [E:\Codes\Spring Projects\Adv SDC\group20\build\classes\java\main\CSCI5308\GroupFormationTool\Question\Answers.class], file [E:\Codes\Spring Projects\Adv SDC\group20\build\classes\java\main\CSCI5308\GroupFormationTool\Question\IQuestionPersistence.class], file [E:\Codes\Spring Projects\Adv SDC\group20\build\classes\java\main\CSCI5308\GroupFormationTool\Question\IQuestionService.class], file [E:\Codes\Spring Projects\Adv SDC\group20\build\classes\java\main\CSCI5308\GroupFormationTool\Question\Question$1.class], file [E:\Codes\Spring Projects\Adv SDC\group20\build\classes\java\main\CSCI5308\GroupFormationTool\Question\Question$2.class], file [E:\Codes\Spring Projects\Adv SDC\group20\build\classes\java\main\CSCI5308\GroupFormationTool\Question\Question.class], file [E:\Codes\Spring Projects\Adv SDC\group20\build\classes\java\main\CSCI5308\GroupFormationTool\Question\QuestionController.class], file [E:\Codes\Spring Projects\Adv SDC\group20\build\classes\java\main\CSCI5308\GroupFormationTool\Question\QuestionOption.class], file [E:\Codes\Spring Projects\Adv SDC\group20\build\classes\java\main\CSCI5308\GroupFormationTool\Question\QuestionPersistence.class], file [E:\Codes\Spring Projects\Adv SDC\group20\build\classes\java\main\CSCI5308\GroupFormationTool\Question\QuestionService.class], file [E:\Codes\Spring Projects\Adv SDC\group20\build\classes\java\main\CSCI5308\GroupFormationTool\Security\BCryptPasswordEncryption.class], file [E:\Codes\Spring Projects\Adv SDC\group20\build\classes\java\main\CSCI5308\GroupFormationTool\Security\CustomAuthenticationManager.class], file [E:\Codes\Spring Projects\Adv SDC\group20\build\classes\java\main\CSCI5308\GroupFormationTool\Security\IPasswordEncryption.class], file [E:\Codes\Spring Projects\Adv SDC\group20\build\classes\java\main\CSCI5308\GroupFormationTool\Security\LoginController.class], file [E:\Codes\Spring Projects\Adv SDC\group20\build\classes\java\main\CSCI5308\GroupFormationTool\Security\PasswordPolicyEnforcer\IPasswordPersistence.class], file [E:\Codes\Spring Projects\Adv SDC\group20\build\classes\java\main\CSCI5308\GroupFormationTool\Security\PasswordPolicyEnforcer\IPasswordPolicy.class], file [E:\Codes\Spring Projects\Adv SDC\group20\build\classes\java\main\CSCI5308\GroupFormationTool\Security\PasswordPolicyEnforcer\IPasswordPolicyService.class], file [E:\Codes\Spring Projects\Adv SDC\group20\build\classes\java\main\CSCI5308\GroupFormationTool\Security\PasswordPolicyEnforcer\MaxLengthPolicy.class], file [E:\Codes\Spring Projects\Adv SDC\group20\build\classes\java\main\CSCI5308\GroupFormationTool\Security\PasswordPolicyEnforcer\MinLengthPolicy.class], file [E:\Codes\Spring Projects\Adv SDC\group20\build\classes\java\main\CSCI5308\GroupFormationTool\Security\PasswordPolicyEnforcer\MinLowerCasePolicy.class], file [E:\Codes\Spring Projects\Adv SDC\group20\build\classes\java\main\CSCI5308\GroupFormationTool\Security\PasswordPolicyEnforcer\MinSymbolPolicy.class], file [E:\Codes\Spring Projects\Adv SDC\group20\build\classes\java\main\CSCI5308\GroupFormationTool\Security\PasswordPolicyEnforcer\MinUpperCasePolicy.class], file [E:\Codes\Spring Projects\Adv SDC\group20\build\classes\java\main\CSCI5308\GroupFormationTool\Security\PasswordPolicyEnforcer\PasswordPolicyPersistence.class], file [E:\Codes\Spring Projects\Adv SDC\group20\build\classes\java\main\CSCI5308\GroupFormationTool\Security\PasswordPolicyEnforcer\PasswordPolicyService.class], file [E:\Codes\Spring Projects\Adv SDC\group20\build\classes\java\main\CSCI5308\GroupFormationTool\Security\PasswordPolicyEnforcer\RememberedPasswordPolicy.class], file [E:\Codes\Spring Projects\Adv SDC\group20\build\classes\java\main\CSCI5308\GroupFormationTool\Security\PasswordPolicyEnforcer\RestrictedSymbolCasePolicy.class], file [E:\Codes\Spring Projects\Adv SDC\group20\build\classes\java\main\CSCI5308\GroupFormationTool\Security\SecurityConfiguration.class], file [E:\Codes\Spring Projects\Adv SDC\group20\build\classes\java\main\CSCI5308\GroupFormationTool\Security\SignupController.class], file [E:\Codes\Spring Projects\Adv SDC\group20\build\classes\java\main\CSCI5308\GroupFormationTool\SurveyManagement\ISurveyPersistence.class], file [E:\Codes\Spring Projects\Adv SDC\group20\build\classes\java\main\CSCI5308\GroupFormationTool\SurveyManagement\ISurveyService.class], file [E:\Codes\Spring Projects\Adv SDC\group20\build\classes\java\main\CSCI5308\GroupFormationTool\SurveyManagement\Survey.class], file [E:\Codes\Spring Projects\Adv SDC\group20\build\classes\java\main\CSCI5308\GroupFormationTool\SurveyManagement\SurveyAbstractFactory.class], file [E:\Codes\Spring Projects\Adv SDC\group20\build\classes\java\main\CSCI5308\GroupFormationTool\SurveyManagement\SurveyConcreteFactory.class], file [E:\Codes\Spring Projects\Adv SDC\group20\build\classes\java\main\CSCI5308\GroupFormationTool\SurveyManagement\SurveyController.class], file [E:\Codes\Spring Projects\Adv SDC\group20\build\classes\java\main\CSCI5308\GroupFormationTool\SurveyManagement\SurveyPersistence.class], file [E:\Codes\Spring Projects\Adv SDC\group20\build\classes\java\main\CSCI5308\GroupFormationTool\SurveyManagement\SurveyService.class], file [E:\Codes\Spring Projects\Adv SDC\group20\build\classes\java\main\CSCI5308\GroupFormationTool\SystemConfig.class], file [E:\Codes\Spring Projects\Adv SDC\group20\build\classes\java\main\CSCI5308\GroupFormationTool\WelcomePage\IndexController.class]]
2020-07-15 19:51:15.904 738  [restartedMain] TRACE o.s.c.a.ClassPathBeanDefinitionScanner - Scanning file [E:\Codes\Spring Projects\Adv SDC\group20\build\classes\java\main\CSCI5308\GroupFormationTool\AccessControl\CurrentUser.class]
2020-07-15 19:51:15.913 747  [restartedMain] TRACE o.s.c.a.ClassPathBeanDefinitionScanner - Ignored because not matching any filter: file [E:\Codes\Spring Projects\Adv SDC\group20\build\classes\java\main\CSCI5308\GroupFormationTool\AccessControl\CurrentUser.class]
2020-07-15 19:51:15.914 748  [restartedMain] TRACE o.s.c.a.ClassPathBeanDefinitionScanner - Scanning file [E:\Codes\Spring Projects\Adv SDC\group20\build\classes\java\main\CSCI5308\GroupFormationTool\AccessControl\IUserNotifications.class]
2020-07-15 19:51:15.914 748  [restartedMain] TRACE o.s.c.a.ClassPathBeanDefinitionScanner - Ignored because not matching any filter: file [E:\Codes\Spring Projects\Adv SDC\group20\build\classes\java\main\CSCI5308\GroupFormationTool\AccessControl\IUserNotifications.class]
2020-07-15 19:51:15.914 748  [restartedMain] TRACE o.s.c.a.ClassPathBeanDefinitionScanner - Scanning file [E:\Codes\Spring Projects\Adv SDC\group20\build\classes\java\main\CSCI5308\GroupFormationTool\AccessControl\IUserPersistence.class]
2020-07-15 19:51:15.914 748  [restartedMain] TRACE o.s.c.a.ClassPathBeanDefinitionScanner - Ignored because not matching any filter: file [E:\Codes\Spring Projects\Adv SDC\group20\build\classes\java\main\CSCI5308\GroupFormationTool\AccessControl\IUserPersistence.class]
2020-07-15 19:51:15.914 748  [restartedMain] TRACE o.s.c.a.ClassPathBeanDefinitionScanner - Scanning file [E:\Codes\Spring Projects\Adv SDC\group20\build\classes\java\main\CSCI5308\GroupFormationTool\AccessControl\User.class]
2020-07-15 19:51:15.914 748  [restartedMain] TRACE o.s.c.a.ClassPathBeanDefinitionScanner - Ignored because not matching any filter: file [E:\Codes\Spring Projects\Adv SDC\group20\build\classes\java\main\CSCI5308\GroupFormationTool\AccessControl\User.class]
2020-07-15 19:51:15.914 748  [restartedMain] TRACE o.s.c.a.ClassPathBeanDefinitionScanner - Scanning file [E:\Codes\Spring Projects\Adv SDC\group20\build\classes\java\main\CSCI5308\GroupFormationTool\AccessControl\UserDB.class]
2020-07-15 19:51:15.915 749  [restartedMain] TRACE o.s.c.a.ClassPathBeanDefinitionScanner - Ignored because not matching any filter: file [E:\Codes\Spring Projects\Adv SDC\group20\build\classes\java\main\CSCI5308\GroupFormationTool\AccessControl\UserDB.class]
2020-07-15 19:51:15.915 749  [restartedMain] TRACE o.s.c.a.ClassPathBeanDefinitionScanner - Scanning file [E:\Codes\Spring Projects\Adv SDC\group20\build\classes\java\main\CSCI5308\GroupFormationTool\AdminConfig\AdminConfigController.class]
2020-07-15 19:51:15.923 757  [restartedMain] DEBUG o.s.c.a.ClassPathBeanDefinitionScanner - Identified candidate component class: file [E:\Codes\Spring Projects\Adv SDC\group20\build\classes\java\main\CSCI5308\GroupFormationTool\AdminConfig\AdminConfigController.class]
2020-07-15 19:51:15.924 758  [restartedMain] TRACE o.s.c.a.ClassPathBeanDefinitionScanner - Scanning file [E:\Codes\Spring Projects\Adv SDC\group20\build\classes\java\main\CSCI5308\GroupFormationTool\AdminConfig\AdminConfigPersistence.class]
2020-07-15 19:51:15.924 758  [restartedMain] TRACE o.s.c.a.ClassPathBeanDefinitionScanner - Ignored because not matching any filter: file [E:\Codes\Spring Projects\Adv SDC\group20\build\classes\java\main\CSCI5308\GroupFormationTool\AdminConfig\AdminConfigPersistence.class]
2020-07-15 19:51:15.924 758  [restartedMain] TRACE o.s.c.a.ClassPathBeanDefinitionScanner - Scanning file [E:\Codes\Spring Projects\Adv SDC\group20\build\classes\java\main\CSCI5308\GroupFormationTool\AdminConfig\AdminConfigService.class]
2020-07-15 19:51:15.924 758  [restartedMain] TRACE o.s.c.a.ClassPathBeanDefinitionScanner - Ignored because not matching any filter: file [E:\Codes\Spring Projects\Adv SDC\group20\build\classes\java\main\CSCI5308\GroupFormationTool\AdminConfig\AdminConfigService.class]
2020-07-15 19:51:15.924 758  [restartedMain] TRACE o.s.c.a.ClassPathBeanDefinitionScanner - Scanning file [E:\Codes\Spring Projects\Adv SDC\group20\build\classes\java\main\CSCI5308\GroupFormationTool\AdminConfig\IAdminConfigPersistence.class]
2020-07-15 19:51:15.924 758  [restartedMain] TRACE o.s.c.a.ClassPathBeanDefinitionScanner - Ignored because not matching any filter: file [E:\Codes\Spring Projects\Adv SDC\group20\build\classes\java\main\CSCI5308\GroupFormationTool\AdminConfig\IAdminConfigPersistence.class]
2020-07-15 19:51:15.924 758  [restartedMain] TRACE o.s.c.a.ClassPathBeanDefinitionScanner - Scanning file [E:\Codes\Spring Projects\Adv SDC\group20\build\classes\java\main\CSCI5308\GroupFormationTool\AdminConfig\IAdminConfigService.class]
2020-07-15 19:51:15.925 759  [restartedMain] TRACE o.s.c.a.ClassPathBeanDefinitionScanner - Ignored because not matching any filter: file [E:\Codes\Spring Projects\Adv SDC\group20\build\classes\java\main\CSCI5308\GroupFormationTool\AdminConfig\IAdminConfigService.class]
2020-07-15 19:51:15.925 759  [restartedMain] TRACE o.s.c.a.ClassPathBeanDefinitionScanner - Scanning file [E:\Codes\Spring Projects\Adv SDC\group20\build\classes\java\main\CSCI5308\GroupFormationTool\Courses\Course.class]
2020-07-15 19:51:15.925 759  [restartedMain] TRACE o.s.c.a.ClassPathBeanDefinitionScanner - Ignored because not matching any filter: file [E:\Codes\Spring Projects\Adv SDC\group20\build\classes\java\main\CSCI5308\GroupFormationTool\Courses\Course.class]
2020-07-15 19:51:15.925 759  [restartedMain] TRACE o.s.c.a.ClassPathBeanDefinitionScanner - Scanning file [E:\Codes\Spring Projects\Adv SDC\group20\build\classes\java\main\CSCI5308\GroupFormationTool\Courses\CourseAdminController.class]
2020-07-15 19:51:15.925 759  [restartedMain] DEBUG o.s.c.a.ClassPathBeanDefinitionScanner - Identified candidate component class: file [E:\Codes\Spring Projects\Adv SDC\group20\build\classes\java\main\CSCI5308\GroupFormationTool\Courses\CourseAdminController.class]
2020-07-15 19:51:15.925 759  [restartedMain] TRACE o.s.c.a.ClassPathBeanDefinitionScanner - Scanning file [E:\Codes\Spring Projects\Adv SDC\group20\build\classes\java\main\CSCI5308\GroupFormationTool\Courses\CourseController.class]
2020-07-15 19:51:15.926 760  [restartedMain] DEBUG o.s.c.a.ClassPathBeanDefinitionScanner - Identified candidate component class: file [E:\Codes\Spring Projects\Adv SDC\group20\build\classes\java\main\CSCI5308\GroupFormationTool\Courses\CourseController.class]
2020-07-15 19:51:15.926 760  [restartedMain] TRACE o.s.c.a.ClassPathBeanDefinitionScanner - Scanning file [E:\Codes\Spring Projects\Adv SDC\group20\build\classes\java\main\CSCI5308\GroupFormationTool\Courses\CourseDB.class]
2020-07-15 19:51:15.926 760  [restartedMain] TRACE o.s.c.a.ClassPathBeanDefinitionScanner - Ignored because not matching any filter: file [E:\Codes\Spring Projects\Adv SDC\group20\build\classes\java\main\CSCI5308\GroupFormationTool\Courses\CourseDB.class]
2020-07-15 19:51:15.926 760  [restartedMain] TRACE o.s.c.a.ClassPathBeanDefinitionScanner - Scanning file [E:\Codes\Spring Projects\Adv SDC\group20\build\classes\java\main\CSCI5308\GroupFormationTool\Courses\CourseUserRelationship.class]
2020-07-15 19:51:15.926 760  [restartedMain] TRACE o.s.c.a.ClassPathBeanDefinitionScanner - Ignored because not matching any filter: file [E:\Codes\Spring Projects\Adv SDC\group20\build\classes\java\main\CSCI5308\GroupFormationTool\Courses\CourseUserRelationship.class]
2020-07-15 19:51:15.926 760  [restartedMain] TRACE o.s.c.a.ClassPathBeanDefinitionScanner - Scanning file [E:\Codes\Spring Projects\Adv SDC\group20\build\classes\java\main\CSCI5308\GroupFormationTool\Courses\CourseUserRelationshipDB.class]
2020-07-15 19:51:15.926 760  [restartedMain] TRACE o.s.c.a.ClassPathBeanDefinitionScanner - Ignored because not matching any filter: file [E:\Codes\Spring Projects\Adv SDC\group20\build\classes\java\main\CSCI5308\GroupFormationTool\Courses\CourseUserRelationshipDB.class]
2020-07-15 19:51:15.927 761  [restartedMain] TRACE o.s.c.a.ClassPathBeanDefinitionScanner - Scanning file [E:\Codes\Spring Projects\Adv SDC\group20\build\classes\java\main\CSCI5308\GroupFormationTool\Courses\ICoursePersistence.class]
2020-07-15 19:51:15.927 761  [restartedMain] TRACE o.s.c.a.ClassPathBeanDefinitionScanner - Ignored because not matching any filter: file [E:\Codes\Spring Projects\Adv SDC\group20\build\classes\java\main\CSCI5308\GroupFormationTool\Courses\ICoursePersistence.class]
2020-07-15 19:51:15.927 761  [restartedMain] TRACE o.s.c.a.ClassPathBeanDefinitionScanner - Scanning file [E:\Codes\Spring Projects\Adv SDC\group20\build\classes\java\main\CSCI5308\GroupFormationTool\Courses\ICourseUserRelationship.class]
2020-07-15 19:51:15.927 761  [restartedMain] TRACE o.s.c.a.ClassPathBeanDefinitionScanner - Ignored because not matching any filter: file [E:\Codes\Spring Projects\Adv SDC\group20\build\classes\java\main\CSCI5308\GroupFormationTool\Courses\ICourseUserRelationship.class]
2020-07-15 19:51:15.927 761  [restartedMain] TRACE o.s.c.a.ClassPathBeanDefinitionScanner - Scanning file [E:\Codes\Spring Projects\Adv SDC\group20\build\classes\java\main\CSCI5308\GroupFormationTool\Courses\ICourseUserRelationshipPersistence.class]
2020-07-15 19:51:15.927 761  [restartedMain] TRACE o.s.c.a.ClassPathBeanDefinitionScanner - Ignored because not matching any filter: file [E:\Codes\Spring Projects\Adv SDC\group20\build\classes\java\main\CSCI5308\GroupFormationTool\Courses\ICourseUserRelationshipPersistence.class]
2020-07-15 19:51:15.927 761  [restartedMain] TRACE o.s.c.a.ClassPathBeanDefinitionScanner - Scanning file [E:\Codes\Spring Projects\Adv SDC\group20\build\classes\java\main\CSCI5308\GroupFormationTool\Courses\IStudentCSVParser.class]
2020-07-15 19:51:15.927 761  [restartedMain] TRACE o.s.c.a.ClassPathBeanDefinitionScanner - Ignored because not matching any filter: file [E:\Codes\Spring Projects\Adv SDC\group20\build\classes\java\main\CSCI5308\GroupFormationTool\Courses\IStudentCSVParser.class]
2020-07-15 19:51:15.927 761  [restartedMain] TRACE o.s.c.a.ClassPathBeanDefinitionScanner - Scanning file [E:\Codes\Spring Projects\Adv SDC\group20\build\classes\java\main\CSCI5308\GroupFormationTool\Courses\InstructorAdminController.class]
2020-07-15 19:51:15.928 762  [restartedMain] DEBUG o.s.c.a.ClassPathBeanDefinitionScanner - Identified candidate component class: file [E:\Codes\Spring Projects\Adv SDC\group20\build\classes\java\main\CSCI5308\GroupFormationTool\Courses\InstructorAdminController.class]
2020-07-15 19:51:15.928 762  [restartedMain] TRACE o.s.c.a.ClassPathBeanDefinitionScanner - Scanning file [E:\Codes\Spring Projects\Adv SDC\group20\build\classes\java\main\CSCI5308\GroupFormationTool\Courses\Role$1.class]
2020-07-15 19:51:15.928 762  [restartedMain] TRACE o.s.c.a.ClassPathBeanDefinitionScanner - Ignored because not matching any filter: file [E:\Codes\Spring Projects\Adv SDC\group20\build\classes\java\main\CSCI5308\GroupFormationTool\Courses\Role$1.class]
2020-07-15 19:51:15.928 762  [restartedMain] TRACE o.s.c.a.ClassPathBeanDefinitionScanner - Scanning file [E:\Codes\Spring Projects\Adv SDC\group20\build\classes\java\main\CSCI5308\GroupFormationTool\Courses\Role$2.class]
2020-07-15 19:51:15.928 762  [restartedMain] TRACE o.s.c.a.ClassPathBeanDefinitionScanner - Ignored because not matching any filter: file [E:\Codes\Spring Projects\Adv SDC\group20\build\classes\java\main\CSCI5308\GroupFormationTool\Courses\Role$2.class]
2020-07-15 19:51:15.928 762  [restartedMain] TRACE o.s.c.a.ClassPathBeanDefinitionScanner - Scanning file [E:\Codes\Spring Projects\Adv SDC\group20\build\classes\java\main\CSCI5308\GroupFormationTool\Courses\Role$3.class]
2020-07-15 19:51:15.928 762  [restartedMain] TRACE o.s.c.a.ClassPathBeanDefinitionScanner - Ignored because not matching any filter: file [E:\Codes\Spring Projects\Adv SDC\group20\build\classes\java\main\CSCI5308\GroupFormationTool\Courses\Role$3.class]
2020-07-15 19:51:15.928 762  [restartedMain] TRACE o.s.c.a.ClassPathBeanDefinitionScanner - Scanning file [E:\Codes\Spring Projects\Adv SDC\group20\build\classes\java\main\CSCI5308\GroupFormationTool\Courses\Role$4.class]
2020-07-15 19:51:15.929 763  [restartedMain] TRACE o.s.c.a.ClassPathBeanDefinitionScanner - Ignored because not matching any filter: file [E:\Codes\Spring Projects\Adv SDC\group20\build\classes\java\main\CSCI5308\GroupFormationTool\Courses\Role$4.class]
2020-07-15 19:51:15.929 763  [restartedMain] TRACE o.s.c.a.ClassPathBeanDefinitionScanner - Scanning file [E:\Codes\Spring Projects\Adv SDC\group20\build\classes\java\main\CSCI5308\GroupFormationTool\Courses\Role$5.class]
2020-07-15 19:51:15.929 763  [restartedMain] TRACE o.s.c.a.ClassPathBeanDefinitionScanner - Ignored because not matching any filter: file [E:\Codes\Spring Projects\Adv SDC\group20\build\classes\java\main\CSCI5308\GroupFormationTool\Courses\Role$5.class]
2020-07-15 19:51:15.929 763  [restartedMain] TRACE o.s.c.a.ClassPathBeanDefinitionScanner - Scanning file [E:\Codes\Spring Projects\Adv SDC\group20\build\classes\java\main\CSCI5308\GroupFormationTool\Courses\Role.class]
2020-07-15 19:51:15.929 763  [restartedMain] TRACE o.s.c.a.ClassPathBeanDefinitionScanner - Ignored because not matching any filter: file [E:\Codes\Spring Projects\Adv SDC\group20\build\classes\java\main\CSCI5308\GroupFormationTool\Courses\Role.class]
2020-07-15 19:51:15.929 763  [restartedMain] TRACE o.s.c.a.ClassPathBeanDefinitionScanner - Scanning file [E:\Codes\Spring Projects\Adv SDC\group20\build\classes\java\main\CSCI5308\GroupFormationTool\Courses\StudentCSVImport.class]
2020-07-15 19:51:15.929 763  [restartedMain] TRACE o.s.c.a.ClassPathBeanDefinitionScanner - Ignored because not matching any filter: file [E:\Codes\Spring Projects\Adv SDC\group20\build\classes\java\main\CSCI5308\GroupFormationTool\Courses\StudentCSVImport.class]
2020-07-15 19:51:15.930 764  [restartedMain] TRACE o.s.c.a.ClassPathBeanDefinitionScanner - Scanning file [E:\Codes\Spring Projects\Adv SDC\group20\build\classes\java\main\CSCI5308\GroupFormationTool\Courses\StudentCSVParser.class]
2020-07-15 19:51:15.930 764  [restartedMain] TRACE o.s.c.a.ClassPathBeanDefinitionScanner - Ignored because not matching any filter: file [E:\Codes\Spring Projects\Adv SDC\group20\build\classes\java\main\CSCI5308\GroupFormationTool\Courses\StudentCSVParser.class]
2020-07-15 19:51:15.930 764  [restartedMain] TRACE o.s.c.a.ClassPathBeanDefinitionScanner - Scanning file [E:\Codes\Spring Projects\Adv SDC\group20\build\classes\java\main\CSCI5308\GroupFormationTool\CustomExceptions\DuplicateKeyException.class]
2020-07-15 19:51:15.930 764  [restartedMain] TRACE o.s.c.a.ClassPathBeanDefinitionScanner - Ignored because not matching any filter: file [E:\Codes\Spring Projects\Adv SDC\group20\build\classes\java\main\CSCI5308\GroupFormationTool\CustomExceptions\DuplicateKeyException.class]
2020-07-15 19:51:15.930 764  [restartedMain] TRACE o.s.c.a.ClassPathBeanDefinitionScanner - Scanning file [E:\Codes\Spring Projects\Adv SDC\group20\build\classes\java\main\CSCI5308\GroupFormationTool\CustomExceptions\KeyNotFoundException.class]
2020-07-15 19:51:15.930 764  [restartedMain] TRACE o.s.c.a.ClassPathBeanDefinitionScanner - Ignored because not matching any filter: file [E:\Codes\Spring Projects\Adv SDC\group20\build\classes\java\main\CSCI5308\GroupFormationTool\CustomExceptions\KeyNotFoundException.class]
2020-07-15 19:51:15.930 764  [restartedMain] TRACE o.s.c.a.ClassPathBeanDefinitionScanner - Scanning file [E:\Codes\Spring Projects\Adv SDC\group20\build\classes\java\main\CSCI5308\GroupFormationTool\CustomExceptions\PasswordPolicyVoidException.class]
2020-07-15 19:51:15.930 764  [restartedMain] TRACE o.s.c.a.ClassPathBeanDefinitionScanner - Ignored because not matching any filter: file [E:\Codes\Spring Projects\Adv SDC\group20\build\classes\java\main\CSCI5308\GroupFormationTool\CustomExceptions\PasswordPolicyVoidException.class]
2020-07-15 19:51:15.930 764  [restartedMain] TRACE o.s.c.a.ClassPathBeanDefinitionScanner - Scanning file [E:\Codes\Spring Projects\Adv SDC\group20\build\classes\java\main\CSCI5308\GroupFormationTool\Database\CallStoredProcedure.class]
2020-07-15 19:51:15.931 765  [restartedMain] TRACE o.s.c.a.ClassPathBeanDefinitionScanner - Ignored because not matching any filter: file [E:\Codes\Spring Projects\Adv SDC\group20\build\classes\java\main\CSCI5308\GroupFormationTool\Database\CallStoredProcedure.class]
2020-07-15 19:51:15.931 765  [restartedMain] TRACE o.s.c.a.ClassPathBeanDefinitionScanner - Scanning file [E:\Codes\Spring Projects\Adv SDC\group20\build\classes\java\main\CSCI5308\GroupFormationTool\Database\ConnectionManager.class]
2020-07-15 19:51:15.931 765  [restartedMain] TRACE o.s.c.a.ClassPathBeanDefinitionScanner - Ignored because not matching any filter: file [E:\Codes\Spring Projects\Adv SDC\group20\build\classes\java\main\CSCI5308\GroupFormationTool\Database\ConnectionManager.class]
2020-07-15 19:51:15.931 765  [restartedMain] TRACE o.s.c.a.ClassPathBeanDefinitionScanner - Scanning file [E:\Codes\Spring Projects\Adv SDC\group20\build\classes\java\main\CSCI5308\GroupFormationTool\Database\DefaultDatabaseConfiguration.class]
2020-07-15 19:51:15.931 765  [restartedMain] TRACE o.s.c.a.ClassPathBeanDefinitionScanner - Ignored because not matching any filter: file [E:\Codes\Spring Projects\Adv SDC\group20\build\classes\java\main\CSCI5308\GroupFormationTool\Database\DefaultDatabaseConfiguration.class]
2020-07-15 19:51:15.931 765  [restartedMain] TRACE o.s.c.a.ClassPathBeanDefinitionScanner - Scanning file [E:\Codes\Spring Projects\Adv SDC\group20\build\classes\java\main\CSCI5308\GroupFormationTool\Database\IDatabaseConfiguration.class]
2020-07-15 19:51:15.931 765  [restartedMain] TRACE o.s.c.a.ClassPathBeanDefinitionScanner - Ignored because not matching any filter: file [E:\Codes\Spring Projects\Adv SDC\group20\build\classes\java\main\CSCI5308\GroupFormationTool\Database\IDatabaseConfiguration.class]
2020-07-15 19:51:15.931 765  [restartedMain] TRACE o.s.c.a.ClassPathBeanDefinitionScanner - Scanning file [E:\Codes\Spring Projects\Adv SDC\group20\build\classes\java\main\CSCI5308\GroupFormationTool\ErrorHandling\ErrorController.class]
2020-07-15 19:51:15.931 765  [restartedMain] DEBUG o.s.c.a.ClassPathBeanDefinitionScanner - Identified candidate component class: file [E:\Codes\Spring Projects\Adv SDC\group20\build\classes\java\main\CSCI5308\GroupFormationTool\ErrorHandling\ErrorController.class]
2020-07-15 19:51:15.931 765  [restartedMain] TRACE o.s.c.a.ClassPathBeanDefinitionScanner - Scanning file [E:\Codes\Spring Projects\Adv SDC\group20\build\classes\java\main\CSCI5308\GroupFormationTool\GroupFormationToolApplication.class]
2020-07-15 19:51:15.932 766  [restartedMain] TRACE o.s.c.a.ClassPathBeanDefinitionScanner - Ignored because not matching any filter: file [E:\Codes\Spring Projects\Adv SDC\group20\build\classes\java\main\CSCI5308\GroupFormationTool\GroupFormationToolApplication.class]
2020-07-15 19:51:15.932 766  [restartedMain] TRACE o.s.c.a.ClassPathBeanDefinitionScanner - Scanning file [E:\Codes\Spring Projects\Adv SDC\group20\build\classes\java\main\CSCI5308\GroupFormationTool\Question\Answers.class]
2020-07-15 19:51:15.932 766  [restartedMain] TRACE o.s.c.a.ClassPathBeanDefinitionScanner - Ignored because not matching any filter: file [E:\Codes\Spring Projects\Adv SDC\group20\build\classes\java\main\CSCI5308\GroupFormationTool\Question\Answers.class]
2020-07-15 19:51:15.932 766  [restartedMain] TRACE o.s.c.a.ClassPathBeanDefinitionScanner - Scanning file [E:\Codes\Spring Projects\Adv SDC\group20\build\classes\java\main\CSCI5308\GroupFormationTool\Question\IQuestionPersistence.class]
2020-07-15 19:51:15.932 766  [restartedMain] TRACE o.s.c.a.ClassPathBeanDefinitionScanner - Ignored because not matching any filter: file [E:\Codes\Spring Projects\Adv SDC\group20\build\classes\java\main\CSCI5308\GroupFormationTool\Question\IQuestionPersistence.class]
2020-07-15 19:51:15.932 766  [restartedMain] TRACE o.s.c.a.ClassPathBeanDefinitionScanner - Scanning file [E:\Codes\Spring Projects\Adv SDC\group20\build\classes\java\main\CSCI5308\GroupFormationTool\Question\IQuestionService.class]
2020-07-15 19:51:15.932 766  [restartedMain] TRACE o.s.c.a.ClassPathBeanDefinitionScanner - Ignored because not matching any filter: file [E:\Codes\Spring Projects\Adv SDC\group20\build\classes\java\main\CSCI5308\GroupFormationTool\Question\IQuestionService.class]
2020-07-15 19:51:15.932 766  [restartedMain] TRACE o.s.c.a.ClassPathBeanDefinitionScanner - Scanning file [E:\Codes\Spring Projects\Adv SDC\group20\build\classes\java\main\CSCI5308\GroupFormationTool\Question\Question$1.class]
2020-07-15 19:51:15.933 767  [restartedMain] TRACE o.s.c.a.ClassPathBeanDefinitionScanner - Ignored because not matching any filter: file [E:\Codes\Spring Projects\Adv SDC\group20\build\classes\java\main\CSCI5308\GroupFormationTool\Question\Question$1.class]
2020-07-15 19:51:15.933 767  [restartedMain] TRACE o.s.c.a.ClassPathBeanDefinitionScanner - Scanning file [E:\Codes\Spring Projects\Adv SDC\group20\build\classes\java\main\CSCI5308\GroupFormationTool\Question\Question$2.class]
2020-07-15 19:51:15.933 767  [restartedMain] TRACE o.s.c.a.ClassPathBeanDefinitionScanner - Ignored because not matching any filter: file [E:\Codes\Spring Projects\Adv SDC\group20\build\classes\java\main\CSCI5308\GroupFormationTool\Question\Question$2.class]
2020-07-15 19:51:15.933 767  [restartedMain] TRACE o.s.c.a.ClassPathBeanDefinitionScanner - Scanning file [E:\Codes\Spring Projects\Adv SDC\group20\build\classes\java\main\CSCI5308\GroupFormationTool\Question\Question.class]
2020-07-15 19:51:15.933 767  [restartedMain] TRACE o.s.c.a.ClassPathBeanDefinitionScanner - Ignored because not matching any filter: file [E:\Codes\Spring Projects\Adv SDC\group20\build\classes\java\main\CSCI5308\GroupFormationTool\Question\Question.class]
2020-07-15 19:51:15.933 767  [restartedMain] TRACE o.s.c.a.ClassPathBeanDefinitionScanner - Scanning file [E:\Codes\Spring Projects\Adv SDC\group20\build\classes\java\main\CSCI5308\GroupFormationTool\Question\QuestionController.class]
2020-07-15 19:51:15.935 769  [restartedMain] DEBUG o.s.c.a.ClassPathBeanDefinitionScanner - Identified candidate component class: file [E:\Codes\Spring Projects\Adv SDC\group20\build\classes\java\main\CSCI5308\GroupFormationTool\Question\QuestionController.class]
2020-07-15 19:51:15.935 769  [restartedMain] TRACE o.s.c.a.ClassPathBeanDefinitionScanner - Scanning file [E:\Codes\Spring Projects\Adv SDC\group20\build\classes\java\main\CSCI5308\GroupFormationTool\Question\QuestionOption.class]
2020-07-15 19:51:15.935 769  [restartedMain] TRACE o.s.c.a.ClassPathBeanDefinitionScanner - Ignored because not matching any filter: file [E:\Codes\Spring Projects\Adv SDC\group20\build\classes\java\main\CSCI5308\GroupFormationTool\Question\QuestionOption.class]
2020-07-15 19:51:15.935 769  [restartedMain] TRACE o.s.c.a.ClassPathBeanDefinitionScanner - Scanning file [E:\Codes\Spring Projects\Adv SDC\group20\build\classes\java\main\CSCI5308\GroupFormationTool\Question\QuestionPersistence.class]
2020-07-15 19:51:15.935 769  [restartedMain] TRACE o.s.c.a.ClassPathBeanDefinitionScanner - Ignored because not matching any filter: file [E:\Codes\Spring Projects\Adv SDC\group20\build\classes\java\main\CSCI5308\GroupFormationTool\Question\QuestionPersistence.class]
2020-07-15 19:51:15.935 769  [restartedMain] TRACE o.s.c.a.ClassPathBeanDefinitionScanner - Scanning file [E:\Codes\Spring Projects\Adv SDC\group20\build\classes\java\main\CSCI5308\GroupFormationTool\Question\QuestionService.class]
2020-07-15 19:51:15.935 769  [restartedMain] TRACE o.s.c.a.ClassPathBeanDefinitionScanner - Ignored because not matching any filter: file [E:\Codes\Spring Projects\Adv SDC\group20\build\classes\java\main\CSCI5308\GroupFormationTool\Question\QuestionService.class]
2020-07-15 19:51:15.935 769  [restartedMain] TRACE o.s.c.a.ClassPathBeanDefinitionScanner - Scanning file [E:\Codes\Spring Projects\Adv SDC\group20\build\classes\java\main\CSCI5308\GroupFormationTool\Security\BCryptPasswordEncryption.class]
2020-07-15 19:51:15.936 770  [restartedMain] TRACE o.s.c.a.ClassPathBeanDefinitionScanner - Ignored because not matching any filter: file [E:\Codes\Spring Projects\Adv SDC\group20\build\classes\java\main\CSCI5308\GroupFormationTool\Security\BCryptPasswordEncryption.class]
2020-07-15 19:51:15.936 770  [restartedMain] TRACE o.s.c.a.ClassPathBeanDefinitionScanner - Scanning file [E:\Codes\Spring Projects\Adv SDC\group20\build\classes\java\main\CSCI5308\GroupFormationTool\Security\CustomAuthenticationManager.class]
2020-07-15 19:51:15.936 770  [restartedMain] TRACE o.s.c.a.ClassPathBeanDefinitionScanner - Ignored because not matching any filter: file [E:\Codes\Spring Projects\Adv SDC\group20\build\classes\java\main\CSCI5308\GroupFormationTool\Security\CustomAuthenticationManager.class]
2020-07-15 19:51:15.936 770  [restartedMain] TRACE o.s.c.a.ClassPathBeanDefinitionScanner - Scanning file [E:\Codes\Spring Projects\Adv SDC\group20\build\classes\java\main\CSCI5308\GroupFormationTool\Security\IPasswordEncryption.class]
2020-07-15 19:51:15.936 770  [restartedMain] TRACE o.s.c.a.ClassPathBeanDefinitionScanner - Ignored because not matching any filter: file [E:\Codes\Spring Projects\Adv SDC\group20\build\classes\java\main\CSCI5308\GroupFormationTool\Security\IPasswordEncryption.class]
2020-07-15 19:51:15.936 770  [restartedMain] TRACE o.s.c.a.ClassPathBeanDefinitionScanner - Scanning file [E:\Codes\Spring Projects\Adv SDC\group20\build\classes\java\main\CSCI5308\GroupFormationTool\Security\LoginController.class]
2020-07-15 19:51:15.936 770  [restartedMain] DEBUG o.s.c.a.ClassPathBeanDefinitionScanner - Identified candidate component class: file [E:\Codes\Spring Projects\Adv SDC\group20\build\classes\java\main\CSCI5308\GroupFormationTool\Security\LoginController.class]
2020-07-15 19:51:15.936 770  [restartedMain] TRACE o.s.c.a.ClassPathBeanDefinitionScanner - Scanning file [E:\Codes\Spring Projects\Adv SDC\group20\build\classes\java\main\CSCI5308\GroupFormationTool\Security\PasswordPolicyEnforcer\IPasswordPersistence.class]
2020-07-15 19:51:15.937 771  [restartedMain] TRACE o.s.c.a.ClassPathBeanDefinitionScanner - Ignored because not matching any filter: file [E:\Codes\Spring Projects\Adv SDC\group20\build\classes\java\main\CSCI5308\GroupFormationTool\Security\PasswordPolicyEnforcer\IPasswordPersistence.class]
2020-07-15 19:51:15.937 771  [restartedMain] TRACE o.s.c.a.ClassPathBeanDefinitionScanner - Scanning file [E:\Codes\Spring Projects\Adv SDC\group20\build\classes\java\main\CSCI5308\GroupFormationTool\Security\PasswordPolicyEnforcer\IPasswordPolicy.class]
2020-07-15 19:51:15.937 771  [restartedMain] TRACE o.s.c.a.ClassPathBeanDefinitionScanner - Ignored because not matching any filter: file [E:\Codes\Spring Projects\Adv SDC\group20\build\classes\java\main\CSCI5308\GroupFormationTool\Security\PasswordPolicyEnforcer\IPasswordPolicy.class]
2020-07-15 19:51:15.937 771  [restartedMain] TRACE o.s.c.a.ClassPathBeanDefinitionScanner - Scanning file [E:\Codes\Spring Projects\Adv SDC\group20\build\classes\java\main\CSCI5308\GroupFormationTool\Security\PasswordPolicyEnforcer\IPasswordPolicyService.class]
2020-07-15 19:51:15.937 771  [restartedMain] TRACE o.s.c.a.ClassPathBeanDefinitionScanner - Ignored because not matching any filter: file [E:\Codes\Spring Projects\Adv SDC\group20\build\classes\java\main\CSCI5308\GroupFormationTool\Security\PasswordPolicyEnforcer\IPasswordPolicyService.class]
2020-07-15 19:51:15.937 771  [restartedMain] TRACE o.s.c.a.ClassPathBeanDefinitionScanner - Scanning file [E:\Codes\Spring Projects\Adv SDC\group20\build\classes\java\main\CSCI5308\GroupFormationTool\Security\PasswordPolicyEnforcer\MaxLengthPolicy.class]
2020-07-15 19:51:15.937 771  [restartedMain] TRACE o.s.c.a.ClassPathBeanDefinitionScanner - Ignored because not matching any filter: file [E:\Codes\Spring Projects\Adv SDC\group20\build\classes\java\main\CSCI5308\GroupFormationTool\Security\PasswordPolicyEnforcer\MaxLengthPolicy.class]
2020-07-15 19:51:15.937 771  [restartedMain] TRACE o.s.c.a.ClassPathBeanDefinitionScanner - Scanning file [E:\Codes\Spring Projects\Adv SDC\group20\build\classes\java\main\CSCI5308\GroupFormationTool\Security\PasswordPolicyEnforcer\MinLengthPolicy.class]
2020-07-15 19:51:15.937 771  [restartedMain] TRACE o.s.c.a.ClassPathBeanDefinitionScanner - Ignored because not matching any filter: file [E:\Codes\Spring Projects\Adv SDC\group20\build\classes\java\main\CSCI5308\GroupFormationTool\Security\PasswordPolicyEnforcer\MinLengthPolicy.class]
2020-07-15 19:51:15.937 771  [restartedMain] TRACE o.s.c.a.ClassPathBeanDefinitionScanner - Scanning file [E:\Codes\Spring Projects\Adv SDC\group20\build\classes\java\main\CSCI5308\GroupFormationTool\Security\PasswordPolicyEnforcer\MinLowerCasePolicy.class]
2020-07-15 19:51:15.938 772  [restartedMain] TRACE o.s.c.a.ClassPathBeanDefinitionScanner - Ignored because not matching any filter: file [E:\Codes\Spring Projects\Adv SDC\group20\build\classes\java\main\CSCI5308\GroupFormationTool\Security\PasswordPolicyEnforcer\MinLowerCasePolicy.class]
2020-07-15 19:51:15.938 772  [restartedMain] TRACE o.s.c.a.ClassPathBeanDefinitionScanner - Scanning file [E:\Codes\Spring Projects\Adv SDC\group20\build\classes\java\main\CSCI5308\GroupFormationTool\Security\PasswordPolicyEnforcer\MinSymbolPolicy.class]
2020-07-15 19:51:15.938 772  [restartedMain] TRACE o.s.c.a.ClassPathBeanDefinitionScanner - Ignored because not matching any filter: file [E:\Codes\Spring Projects\Adv SDC\group20\build\classes\java\main\CSCI5308\GroupFormationTool\Security\PasswordPolicyEnforcer\MinSymbolPolicy.class]
2020-07-15 19:51:15.938 772  [restartedMain] TRACE o.s.c.a.ClassPathBeanDefinitionScanner - Scanning file [E:\Codes\Spring Projects\Adv SDC\group20\build\classes\java\main\CSCI5308\GroupFormationTool\Security\PasswordPolicyEnforcer\MinUpperCasePolicy.class]
2020-07-15 19:51:15.938 772  [restartedMain] TRACE o.s.c.a.ClassPathBeanDefinitionScanner - Ignored because not matching any filter: file [E:\Codes\Spring Projects\Adv SDC\group20\build\classes\java\main\CSCI5308\GroupFormationTool\Security\PasswordPolicyEnforcer\MinUpperCasePolicy.class]
2020-07-15 19:51:15.938 772  [restartedMain] TRACE o.s.c.a.ClassPathBeanDefinitionScanner - Scanning file [E:\Codes\Spring Projects\Adv SDC\group20\build\classes\java\main\CSCI5308\GroupFormationTool\Security\PasswordPolicyEnforcer\PasswordPolicyPersistence.class]
2020-07-15 19:51:15.938 772  [restartedMain] TRACE o.s.c.a.ClassPathBeanDefinitionScanner - Ignored because not matching any filter: file [E:\Codes\Spring Projects\Adv SDC\group20\build\classes\java\main\CSCI5308\GroupFormationTool\Security\PasswordPolicyEnforcer\PasswordPolicyPersistence.class]
2020-07-15 19:51:15.938 772  [restartedMain] TRACE o.s.c.a.ClassPathBeanDefinitionScanner - Scanning file [E:\Codes\Spring Projects\Adv SDC\group20\build\classes\java\main\CSCI5308\GroupFormationTool\Security\PasswordPolicyEnforcer\PasswordPolicyService.class]
2020-07-15 19:51:15.938 772  [restartedMain] TRACE o.s.c.a.ClassPathBeanDefinitionScanner - Ignored because not matching any filter: file [E:\Codes\Spring Projects\Adv SDC\group20\build\classes\java\main\CSCI5308\GroupFormationTool\Security\PasswordPolicyEnforcer\PasswordPolicyService.class]
2020-07-15 19:51:15.938 772  [restartedMain] TRACE o.s.c.a.ClassPathBeanDefinitionScanner - Scanning file [E:\Codes\Spring Projects\Adv SDC\group20\build\classes\java\main\CSCI5308\GroupFormationTool\Security\PasswordPolicyEnforcer\RememberedPasswordPolicy.class]
2020-07-15 19:51:15.939 773  [restartedMain] TRACE o.s.c.a.ClassPathBeanDefinitionScanner - Ignored because not matching any filter: file [E:\Codes\Spring Projects\Adv SDC\group20\build\classes\java\main\CSCI5308\GroupFormationTool\Security\PasswordPolicyEnforcer\RememberedPasswordPolicy.class]
2020-07-15 19:51:15.939 773  [restartedMain] TRACE o.s.c.a.ClassPathBeanDefinitionScanner - Scanning file [E:\Codes\Spring Projects\Adv SDC\group20\build\classes\java\main\CSCI5308\GroupFormationTool\Security\PasswordPolicyEnforcer\RestrictedSymbolCasePolicy.class]
2020-07-15 19:51:15.939 773  [restartedMain] TRACE o.s.c.a.ClassPathBeanDefinitionScanner - Ignored because not matching any filter: file [E:\Codes\Spring Projects\Adv SDC\group20\build\classes\java\main\CSCI5308\GroupFormationTool\Security\PasswordPolicyEnforcer\RestrictedSymbolCasePolicy.class]
2020-07-15 19:51:15.939 773  [restartedMain] TRACE o.s.c.a.ClassPathBeanDefinitionScanner - Scanning file [E:\Codes\Spring Projects\Adv SDC\group20\build\classes\java\main\CSCI5308\GroupFormationTool\Security\SecurityConfiguration.class]
2020-07-15 19:51:15.942 776  [restartedMain] DEBUG o.s.c.a.ClassPathBeanDefinitionScanner - Identified candidate component class: file [E:\Codes\Spring Projects\Adv SDC\group20\build\classes\java\main\CSCI5308\GroupFormationTool\Security\SecurityConfiguration.class]
2020-07-15 19:51:15.943 777  [restartedMain] TRACE o.s.c.a.ClassPathBeanDefinitionScanner - Scanning file [E:\Codes\Spring Projects\Adv SDC\group20\build\classes\java\main\CSCI5308\GroupFormationTool\Security\SignupController.class]
2020-07-15 19:51:15.943 777  [restartedMain] DEBUG o.s.c.a.ClassPathBeanDefinitionScanner - Identified candidate component class: file [E:\Codes\Spring Projects\Adv SDC\group20\build\classes\java\main\CSCI5308\GroupFormationTool\Security\SignupController.class]
2020-07-15 19:51:15.943 777  [restartedMain] TRACE o.s.c.a.ClassPathBeanDefinitionScanner - Scanning file [E:\Codes\Spring Projects\Adv SDC\group20\build\classes\java\main\CSCI5308\GroupFormationTool\SurveyManagement\ISurveyPersistence.class]
2020-07-15 19:51:15.943 777  [restartedMain] TRACE o.s.c.a.ClassPathBeanDefinitionScanner - Ignored because not matching any filter: file [E:\Codes\Spring Projects\Adv SDC\group20\build\classes\java\main\CSCI5308\GroupFormationTool\SurveyManagement\ISurveyPersistence.class]
2020-07-15 19:51:15.943 777  [restartedMain] TRACE o.s.c.a.ClassPathBeanDefinitionScanner - Scanning file [E:\Codes\Spring Projects\Adv SDC\group20\build\classes\java\main\CSCI5308\GroupFormationTool\SurveyManagement\ISurveyService.class]
2020-07-15 19:51:15.943 777  [restartedMain] TRACE o.s.c.a.ClassPathBeanDefinitionScanner - Ignored because not matching any filter: file [E:\Codes\Spring Projects\Adv SDC\group20\build\classes\java\main\CSCI5308\GroupFormationTool\SurveyManagement\ISurveyService.class]
2020-07-15 19:51:15.943 777  [restartedMain] TRACE o.s.c.a.ClassPathBeanDefinitionScanner - Scanning file [E:\Codes\Spring Projects\Adv SDC\group20\build\classes\java\main\CSCI5308\GroupFormationTool\SurveyManagement\Survey.class]
2020-07-15 19:51:15.944 778  [restartedMain] TRACE o.s.c.a.ClassPathBeanDefinitionScanner - Ignored because not matching any filter: file [E:\Codes\Spring Projects\Adv SDC\group20\build\classes\java\main\CSCI5308\GroupFormationTool\SurveyManagement\Survey.class]
2020-07-15 19:51:15.944 778  [restartedMain] TRACE o.s.c.a.ClassPathBeanDefinitionScanner - Scanning file [E:\Codes\Spring Projects\Adv SDC\group20\build\classes\java\main\CSCI5308\GroupFormationTool\SurveyManagement\SurveyAbstractFactory.class]
2020-07-15 19:51:15.944 778  [restartedMain] TRACE o.s.c.a.ClassPathBeanDefinitionScanner - Ignored because not matching any filter: file [E:\Codes\Spring Projects\Adv SDC\group20\build\classes\java\main\CSCI5308\GroupFormationTool\SurveyManagement\SurveyAbstractFactory.class]
2020-07-15 19:51:15.944 778  [restartedMain] TRACE o.s.c.a.ClassPathBeanDefinitionScanner - Scanning file [E:\Codes\Spring Projects\Adv SDC\group20\build\classes\java\main\CSCI5308\GroupFormationTool\SurveyManagement\SurveyConcreteFactory.class]
2020-07-15 19:51:15.944 778  [restartedMain] TRACE o.s.c.a.ClassPathBeanDefinitionScanner - Ignored because not matching any filter: file [E:\Codes\Spring Projects\Adv SDC\group20\build\classes\java\main\CSCI5308\GroupFormationTool\SurveyManagement\SurveyConcreteFactory.class]
2020-07-15 19:51:15.944 778  [restartedMain] TRACE o.s.c.a.ClassPathBeanDefinitionScanner - Scanning file [E:\Codes\Spring Projects\Adv SDC\group20\build\classes\java\main\CSCI5308\GroupFormationTool\SurveyManagement\SurveyController.class]
2020-07-15 19:51:15.945 779  [restartedMain] DEBUG o.s.c.a.ClassPathBeanDefinitionScanner - Identified candidate component class: file [E:\Codes\Spring Projects\Adv SDC\group20\build\classes\java\main\CSCI5308\GroupFormationTool\SurveyManagement\SurveyController.class]
2020-07-15 19:51:15.945 779  [restartedMain] TRACE o.s.c.a.ClassPathBeanDefinitionScanner - Scanning file [E:\Codes\Spring Projects\Adv SDC\group20\build\classes\java\main\CSCI5308\GroupFormationTool\SurveyManagement\SurveyPersistence.class]
2020-07-15 19:51:15.945 779  [restartedMain] TRACE o.s.c.a.ClassPathBeanDefinitionScanner - Ignored because not matching any filter: file [E:\Codes\Spring Projects\Adv SDC\group20\build\classes\java\main\CSCI5308\GroupFormationTool\SurveyManagement\SurveyPersistence.class]
2020-07-15 19:51:15.945 779  [restartedMain] TRACE o.s.c.a.ClassPathBeanDefinitionScanner - Scanning file [E:\Codes\Spring Projects\Adv SDC\group20\build\classes\java\main\CSCI5308\GroupFormationTool\SurveyManagement\SurveyService.class]
2020-07-15 19:51:15.945 779  [restartedMain] TRACE o.s.c.a.ClassPathBeanDefinitionScanner - Ignored because not matching any filter: file [E:\Codes\Spring Projects\Adv SDC\group20\build\classes\java\main\CSCI5308\GroupFormationTool\SurveyManagement\SurveyService.class]
2020-07-15 19:51:15.945 779  [restartedMain] TRACE o.s.c.a.ClassPathBeanDefinitionScanner - Scanning file [E:\Codes\Spring Projects\Adv SDC\group20\build\classes\java\main\CSCI5308\GroupFormationTool\SystemConfig.class]
2020-07-15 19:51:15.945 779  [restartedMain] TRACE o.s.c.a.ClassPathBeanDefinitionScanner - Ignored because not matching any filter: file [E:\Codes\Spring Projects\Adv SDC\group20\build\classes\java\main\CSCI5308\GroupFormationTool\SystemConfig.class]
2020-07-15 19:51:15.945 779  [restartedMain] TRACE o.s.c.a.ClassPathBeanDefinitionScanner - Scanning file [E:\Codes\Spring Projects\Adv SDC\group20\build\classes\java\main\CSCI5308\GroupFormationTool\WelcomePage\IndexController.class]
2020-07-15 19:51:15.946 780  [restartedMain] DEBUG o.s.c.a.ClassPathBeanDefinitionScanner - Identified candidate component class: file [E:\Codes\Spring Projects\Adv SDC\group20\build\classes\java\main\CSCI5308\GroupFormationTool\WelcomePage\IndexController.class]
2020-07-15 19:51:15.983 817  [restartedMain] TRACE o.s.c.e.PropertySourcesPropertyResolver - Searching for key 'spring.boot.enableautoconfiguration' in PropertySource 'configurationProperties'
2020-07-15 19:51:15.983 817  [restartedMain] TRACE o.s.c.e.PropertySourcesPropertyResolver - Searching for key 'spring.boot.enableautoconfiguration' in PropertySource 'servletConfigInitParams'
2020-07-15 19:51:15.983 817  [restartedMain] TRACE o.s.c.e.PropertySourcesPropertyResolver - Searching for key 'spring.boot.enableautoconfiguration' in PropertySource 'servletContextInitParams'
2020-07-15 19:51:15.983 817  [restartedMain] TRACE o.s.c.e.PropertySourcesPropertyResolver - Searching for key 'spring.boot.enableautoconfiguration' in PropertySource 'systemProperties'
2020-07-15 19:51:15.983 817  [restartedMain] TRACE o.s.c.e.PropertySourcesPropertyResolver - Searching for key 'spring.boot.enableautoconfiguration' in PropertySource 'systemEnvironment'
2020-07-15 19:51:15.983 817  [restartedMain] TRACE o.s.c.e.PropertySourcesPropertyResolver - Searching for key 'spring.boot.enableautoconfiguration' in PropertySource 'random'
2020-07-15 19:51:15.983 817  [restartedMain] TRACE o.s.c.e.PropertySourcesPropertyResolver - Searching for key 'spring.boot.enableautoconfiguration' in PropertySource 'devtools'
2020-07-15 19:51:15.983 817  [restartedMain] TRACE o.s.c.e.PropertySourcesPropertyResolver - Could not find key 'spring.boot.enableautoconfiguration' in any property source
2020-07-15 19:51:15.987 821  [restartedMain] TRACE o.s.c.i.s.SpringFactoriesLoader - Loaded [org.springframework.boot.autoconfigure.AutoConfigurationImportFilter] names: [org.springframework.boot.autoconfigure.condition.OnBeanCondition, org.springframework.boot.autoconfigure.condition.OnClassCondition, org.springframework.boot.autoconfigure.condition.OnWebApplicationCondition]
2020-07-15 19:51:15.991 825  [restartedMain] TRACE o.s.b.f.s.DefaultListableBeanFactory - Returning cached instance of singleton bean 'autoConfigurationReport'
2020-07-15 19:51:16.030 864  [restartedMain] TRACE o.s.b.a.condition.OnClassCondition - Condition OnClassCondition on org.springframework.boot.autoconfigure.amqp.RabbitAutoConfiguration did not match due to @ConditionalOnClass did not find required class 'com.rabbitmq.client.Channel'
2020-07-15 19:51:16.030 864  [restartedMain] TRACE o.s.b.a.condition.OnClassCondition - Condition OnClassCondition on org.springframework.boot.autoconfigure.batch.BatchAutoConfiguration did not match due to @ConditionalOnClass did not find required class 'org.springframework.batch.core.launch.JobLauncher'
2020-07-15 19:51:16.030 864  [restartedMain] TRACE o.s.b.a.condition.OnClassCondition - Condition OnClassCondition on org.springframework.boot.autoconfigure.cassandra.CassandraAutoConfiguration did not match due to @ConditionalOnClass did not find required class 'com.datastax.driver.core.Cluster'
2020-07-15 19:51:16.030 864  [restartedMain] TRACE o.s.b.a.condition.OnClassCondition - Condition OnClassCondition on org.springframework.boot.autoconfigure.cloud.CloudServiceConnectorsAutoConfiguration did not match due to @ConditionalOnClass did not find required class 'org.springframework.cloud.config.java.CloudScanConfiguration'
2020-07-15 19:51:16.030 864  [restartedMain] TRACE o.s.b.a.condition.OnClassCondition - Condition OnClassCondition on org.springframework.boot.autoconfigure.couchbase.CouchbaseAutoConfiguration did not match due to @ConditionalOnClass did not find required class 'com.couchbase.client.java.Cluster'
2020-07-15 19:51:16.030 864  [restartedMain] TRACE o.s.b.a.condition.OnClassCondition - Condition OnClassCondition on org.springframework.boot.autoconfigure.dao.PersistenceExceptionTranslationAutoConfiguration did not match due to @ConditionalOnClass did not find required class 'org.springframework.dao.annotation.PersistenceExceptionTranslationPostProcessor'
2020-07-15 19:51:16.030 864  [restartedMain] TRACE o.s.b.a.condition.OnClassCondition - Condition OnClassCondition on org.springframework.boot.autoconfigure.data.cassandra.CassandraDataAutoConfiguration did not match due to @ConditionalOnClass did not find required class 'com.datastax.driver.core.Cluster'
2020-07-15 19:51:16.030 864  [restartedMain] TRACE o.s.b.a.condition.OnClassCondition - Condition OnClassCondition on org.springframework.boot.autoconfigure.data.cassandra.CassandraReactiveDataAutoConfiguration did not match due to @ConditionalOnClass did not find required class 'com.datastax.driver.core.Cluster'
2020-07-15 19:51:16.030 864  [restartedMain] TRACE o.s.b.a.condition.OnClassCondition - Condition OnClassCondition on org.springframework.boot.autoconfigure.data.cassandra.CassandraReactiveRepositoriesAutoConfiguration did not match due to @ConditionalOnClass did not find required class 'org.springframework.data.cassandra.ReactiveSession'
2020-07-15 19:51:16.031 865  [restartedMain] TRACE o.s.b.a.condition.OnClassCondition - Condition OnClassCondition on org.springframework.boot.autoconfigure.data.cassandra.CassandraRepositoriesAutoConfiguration did not match due to @ConditionalOnClass did not find required class 'com.datastax.driver.core.Session'
2020-07-15 19:51:16.031 865  [restartedMain] TRACE o.s.b.a.condition.OnClassCondition - Condition OnClassCondition on org.springframework.boot.autoconfigure.data.couchbase.CouchbaseDataAutoConfiguration did not match due to @ConditionalOnClass did not find required class 'com.couchbase.client.java.Bucket'
2020-07-15 19:51:16.031 865  [restartedMain] TRACE o.s.b.a.condition.OnClassCondition - Condition OnClassCondition on org.springframework.boot.autoconfigure.data.couchbase.CouchbaseReactiveDataAutoConfiguration did not match due to @ConditionalOnClass did not find required class 'com.couchbase.client.java.Bucket'
2020-07-15 19:51:16.031 865  [restartedMain] TRACE o.s.b.a.condition.OnClassCondition - Condition OnClassCondition on org.springframework.boot.autoconfigure.data.couchbase.CouchbaseReactiveRepositoriesAutoConfiguration did not match due to @ConditionalOnClass did not find required class 'com.couchbase.client.java.Bucket'
2020-07-15 19:51:16.031 865  [restartedMain] TRACE o.s.b.a.condition.OnClassCondition - Condition OnClassCondition on org.springframework.boot.autoconfigure.data.couchbase.CouchbaseRepositoriesAutoConfiguration did not match due to @ConditionalOnClass did not find required class 'com.couchbase.client.java.Bucket'
2020-07-15 19:51:16.031 865  [restartedMain] TRACE o.s.b.a.condition.OnClassCondition - Condition OnClassCondition on org.springframework.boot.autoconfigure.data.elasticsearch.ElasticsearchAutoConfiguration did not match due to @ConditionalOnClass did not find required class 'org.elasticsearch.client.Client'
2020-07-15 19:51:16.031 865  [restartedMain] TRACE o.s.b.a.condition.OnClassCondition - Condition OnClassCondition on org.springframework.boot.autoconfigure.data.elasticsearch.ElasticsearchDataAutoConfiguration did not match due to @ConditionalOnClass did not find required class 'org.springframework.data.elasticsearch.core.ElasticsearchTemplate'
2020-07-15 19:51:16.031 865  [restartedMain] TRACE o.s.b.a.condition.OnClassCondition - Condition OnClassCondition on org.springframework.boot.autoconfigure.data.elasticsearch.ElasticsearchRepositoriesAutoConfiguration did not match due to @ConditionalOnClass did not find required class 'org.elasticsearch.client.Client'
2020-07-15 19:51:16.031 865  [restartedMain] TRACE o.s.b.a.condition.OnClassCondition - Condition OnClassCondition on org.springframework.boot.autoconfigure.data.elasticsearch.ReactiveElasticsearchRepositoriesAutoConfiguration did not match due to @ConditionalOnClass did not find required class 'org.springframework.data.elasticsearch.client.reactive.ReactiveElasticsearchClient'
2020-07-15 19:51:16.031 865  [restartedMain] TRACE o.s.b.a.condition.OnClassCondition - Condition OnClassCondition on org.springframework.boot.autoconfigure.data.elasticsearch.ReactiveRestClientAutoConfiguration did not match due to @ConditionalOnClass did not find required class 'reactor.netty.http.client.HttpClient'
2020-07-15 19:51:16.031 865  [restartedMain] TRACE o.s.b.a.condition.OnClassCondition - Condition OnClassCondition on org.springframework.boot.autoconfigure.data.jdbc.JdbcRepositoriesAutoConfiguration did not match due to @ConditionalOnClass did not find required class 'org.springframework.data.jdbc.repository.config.AbstractJdbcConfiguration'
2020-07-15 19:51:16.031 865  [restartedMain] TRACE o.s.b.a.condition.OnClassCondition - Condition OnClassCondition on org.springframework.boot.autoconfigure.data.jpa.JpaRepositoriesAutoConfiguration did not match due to @ConditionalOnClass did not find required class 'org.springframework.data.jpa.repository.JpaRepository'
2020-07-15 19:51:16.031 865  [restartedMain] TRACE o.s.b.a.condition.OnClassCondition - Condition OnClassCondition on org.springframework.boot.autoconfigure.data.ldap.LdapRepositoriesAutoConfiguration did not match due to @ConditionalOnClass did not find required class 'org.springframework.data.ldap.repository.LdapRepository'
2020-07-15 19:51:16.031 865  [restartedMain] TRACE o.s.b.a.condition.OnClassCondition - Condition OnClassCondition on org.springframework.boot.autoconfigure.data.mongo.MongoDataAutoConfiguration did not match due to @ConditionalOnClass did not find required class 'com.mongodb.client.MongoClient'
2020-07-15 19:51:16.031 865  [restartedMain] TRACE o.s.b.a.condition.OnClassCondition - Condition OnClassCondition on org.springframework.boot.autoconfigure.data.mongo.MongoReactiveDataAutoConfiguration did not match due to @ConditionalOnClass did not find required class 'com.mongodb.reactivestreams.client.MongoClient'
2020-07-15 19:51:16.031 865  [restartedMain] TRACE o.s.b.a.condition.OnClassCondition - Condition OnClassCondition on org.springframework.boot.autoconfigure.data.mongo.MongoReactiveRepositoriesAutoConfiguration did not match due to @ConditionalOnClass did not find required class 'com.mongodb.reactivestreams.client.MongoClient'
2020-07-15 19:51:16.031 865  [restartedMain] TRACE o.s.b.a.condition.OnClassCondition - Condition OnClassCondition on org.springframework.boot.autoconfigure.data.mongo.MongoRepositoriesAutoConfiguration did not match due to @ConditionalOnClass did not find required class 'com.mongodb.MongoClient'
2020-07-15 19:51:16.031 865  [restartedMain] TRACE o.s.b.a.condition.OnClassCondition - Condition OnClassCondition on org.springframework.boot.autoconfigure.data.neo4j.Neo4jDataAutoConfiguration did not match due to @ConditionalOnClass did not find required class 'org.neo4j.ogm.session.SessionFactory'
2020-07-15 19:51:16.031 865  [restartedMain] TRACE o.s.b.a.condition.OnClassCondition - Condition OnClassCondition on org.springframework.boot.autoconfigure.data.neo4j.Neo4jRepositoriesAutoConfiguration did not match due to @ConditionalOnClass did not find required class 'org.neo4j.ogm.session.Neo4jSession'
2020-07-15 19:51:16.031 865  [restartedMain] TRACE o.s.b.a.condition.OnClassCondition - Condition OnClassCondition on org.springframework.boot.autoconfigure.data.solr.SolrRepositoriesAutoConfiguration did not match due to @ConditionalOnClass did not find required class 'org.apache.solr.client.solrj.SolrClient'
2020-07-15 19:51:16.031 865  [restartedMain] TRACE o.s.b.a.condition.OnClassCondition - Condition OnClassCondition on org.springframework.boot.autoconfigure.data.redis.RedisAutoConfiguration did not match due to @ConditionalOnClass did not find required class 'org.springframework.data.redis.core.RedisOperations'
2020-07-15 19:51:16.031 865  [restartedMain] TRACE o.s.b.a.condition.OnClassCondition - Condition OnClassCondition on org.springframework.boot.autoconfigure.data.redis.RedisReactiveAutoConfiguration did not match due to @ConditionalOnClass did not find required class 'reactor.core.publisher.Flux'
2020-07-15 19:51:16.031 865  [restartedMain] TRACE o.s.b.a.condition.OnClassCondition - Condition OnClassCondition on org.springframework.boot.autoconfigure.data.redis.RedisRepositoriesAutoConfiguration did not match due to @ConditionalOnClass did not find required class 'org.springframework.data.redis.repository.configuration.EnableRedisRepositories'
2020-07-15 19:51:16.031 865  [restartedMain] TRACE o.s.b.a.condition.OnClassCondition - Condition OnClassCondition on org.springframework.boot.autoconfigure.data.rest.RepositoryRestMvcAutoConfiguration did not match due to @ConditionalOnClass did not find required class 'org.springframework.data.rest.webmvc.config.RepositoryRestMvcConfiguration'
2020-07-15 19:51:16.031 865  [restartedMain] TRACE o.s.b.a.condition.OnClassCondition - Condition OnClassCondition on org.springframework.boot.autoconfigure.data.web.SpringDataWebAutoConfiguration did not match due to @ConditionalOnClass did not find required class 'org.springframework.data.web.PageableHandlerMethodArgumentResolver'
2020-07-15 19:51:16.031 865  [restartedMain] TRACE o.s.b.a.condition.OnClassCondition - Condition OnClassCondition on org.springframework.boot.autoconfigure.elasticsearch.jest.JestAutoConfiguration did not match due to @ConditionalOnClass did not find required class 'io.searchbox.client.JestClient'
2020-07-15 19:51:16.032 866  [restartedMain] TRACE o.s.b.a.condition.OnClassCondition - Condition OnClassCondition on org.springframework.boot.autoconfigure.elasticsearch.rest.RestClientAutoConfiguration did not match due to @ConditionalOnClass did not find required class 'org.elasticsearch.client.RestClient'
2020-07-15 19:51:16.032 866  [restartedMain] TRACE o.s.b.a.condition.OnClassCondition - Condition OnClassCondition on org.springframework.boot.autoconfigure.flyway.FlywayAutoConfiguration did not match due to @ConditionalOnClass did not find required class 'org.flywaydb.core.Flyway'
2020-07-15 19:51:16.032 866  [restartedMain] TRACE o.s.b.a.condition.OnClassCondition - Condition OnClassCondition on org.springframework.boot.autoconfigure.freemarker.FreeMarkerAutoConfiguration did not match due to @ConditionalOnClass did not find required class 'freemarker.template.Configuration'
2020-07-15 19:51:16.032 866  [restartedMain] TRACE o.s.b.a.condition.OnClassCondition - Condition OnClassCondition on org.springframework.boot.autoconfigure.gson.GsonAutoConfiguration did not match due to @ConditionalOnClass did not find required class 'com.google.gson.Gson'
2020-07-15 19:51:16.032 866  [restartedMain] TRACE o.s.b.a.condition.OnClassCondition - Condition OnClassCondition on org.springframework.boot.autoconfigure.h2.H2ConsoleAutoConfiguration did not match due to @ConditionalOnClass did not find required class 'org.h2.server.web.WebServlet'
2020-07-15 19:51:16.032 866  [restartedMain] TRACE o.s.b.a.condition.OnClassCondition - Condition OnClassCondition on org.springframework.boot.autoconfigure.hateoas.HypermediaAutoConfiguration did not match due to @ConditionalOnClass did not find required class 'org.springframework.hateoas.EntityModel'
2020-07-15 19:51:16.032 866  [restartedMain] TRACE o.s.b.a.condition.OnClassCondition - Condition OnClassCondition on org.springframework.boot.autoconfigure.hazelcast.HazelcastAutoConfiguration did not match due to @ConditionalOnClass did not find required class 'com.hazelcast.core.HazelcastInstance'
2020-07-15 19:51:16.032 866  [restartedMain] TRACE o.s.b.a.condition.OnClassCondition - Condition OnClassCondition on org.springframework.boot.autoconfigure.hazelcast.HazelcastJpaDependencyAutoConfiguration did not match due to @ConditionalOnClass did not find required class 'com.hazelcast.core.HazelcastInstance'
2020-07-15 19:51:16.032 866  [restartedMain] TRACE o.s.b.a.condition.OnClassCondition - Condition OnClassCondition on org.springframework.boot.autoconfigure.http.codec.CodecsAutoConfiguration did not match due to @ConditionalOnClass did not find required class 'org.springframework.web.reactive.function.client.WebClient'
2020-07-15 19:51:16.032 866  [restartedMain] TRACE o.s.b.a.condition.OnClassCondition - Condition OnClassCondition on org.springframework.boot.autoconfigure.influx.InfluxDbAutoConfiguration did not match due to @ConditionalOnClass did not find required class 'org.influxdb.InfluxDB'
2020-07-15 19:51:16.032 866  [restartedMain] TRACE o.s.b.a.condition.OnClassCondition - Condition OnClassCondition on org.springframework.boot.autoconfigure.integration.IntegrationAutoConfiguration did not match due to @ConditionalOnClass did not find required class 'org.springframework.integration.config.EnableIntegration'
2020-07-15 19:51:16.032 866  [restartedMain] TRACE o.s.b.a.condition.OnClassCondition - Condition OnClassCondition on org.springframework.boot.autoconfigure.jdbc.DataSourceAutoConfiguration did not match due to @ConditionalOnClass did not find required class 'org.springframework.jdbc.datasource.embedded.EmbeddedDatabaseType'
2020-07-15 19:51:16.032 866  [restartedMain] TRACE o.s.b.a.condition.OnClassCondition - Condition OnClassCondition on org.springframework.boot.autoconfigure.jdbc.JdbcTemplateAutoConfiguration did not match due to @ConditionalOnClass did not find required class 'org.springframework.jdbc.core.JdbcTemplate'
2020-07-15 19:51:16.032 866  [restartedMain] TRACE o.s.b.a.condition.OnClassCondition - Condition OnClassCondition on org.springframework.boot.autoconfigure.jdbc.JndiDataSourceAutoConfiguration did not match due to @ConditionalOnClass did not find required class 'org.springframework.jdbc.datasource.embedded.EmbeddedDatabaseType'
2020-07-15 19:51:16.032 866  [restartedMain] TRACE o.s.b.a.condition.OnClassCondition - Condition OnClassCondition on org.springframework.boot.autoconfigure.jdbc.XADataSourceAutoConfiguration did not match due to @ConditionalOnClass did not find required class 'javax.transaction.TransactionManager'
2020-07-15 19:51:16.032 866  [restartedMain] TRACE o.s.b.a.condition.OnClassCondition - Condition OnClassCondition on org.springframework.boot.autoconfigure.jdbc.DataSourceTransactionManagerAutoConfiguration did not match due to @ConditionalOnClass did not find required class 'org.springframework.jdbc.core.JdbcTemplate'
2020-07-15 19:51:16.032 866  [restartedMain] TRACE o.s.b.a.condition.OnClassCondition - Condition OnClassCondition on org.springframework.boot.autoconfigure.jms.JmsAutoConfiguration did not match due to @ConditionalOnClass did not find required class 'javax.jms.Message'
2020-07-15 19:51:16.032 866  [restartedMain] TRACE o.s.b.a.condition.OnClassCondition - Condition OnClassCondition on org.springframework.boot.autoconfigure.jms.JndiConnectionFactoryAutoConfiguration did not match due to @ConditionalOnClass did not find required class 'org.springframework.jms.core.JmsTemplate'
2020-07-15 19:51:16.032 866  [restartedMain] TRACE o.s.b.a.condition.OnClassCondition - Condition OnClassCondition on org.springframework.boot.autoconfigure.jms.activemq.ActiveMQAutoConfiguration did not match due to @ConditionalOnClass did not find required class 'javax.jms.ConnectionFactory'
2020-07-15 19:51:16.032 866  [restartedMain] TRACE o.s.b.a.condition.OnClassCondition - Condition OnClassCondition on org.springframework.boot.autoconfigure.jms.artemis.ArtemisAutoConfiguration did not match due to @ConditionalOnClass did not find required class 'javax.jms.ConnectionFactory'
2020-07-15 19:51:16.032 866  [restartedMain] TRACE o.s.b.a.condition.OnClassCondition - Condition OnClassCondition on org.springframework.boot.autoconfigure.groovy.template.GroovyTemplateAutoConfiguration did not match due to @ConditionalOnClass did not find required class 'groovy.text.markup.MarkupTemplateEngine'
2020-07-15 19:51:16.032 866  [restartedMain] TRACE o.s.b.a.condition.OnClassCondition - Condition OnClassCondition on org.springframework.boot.autoconfigure.jersey.JerseyAutoConfiguration did not match due to @ConditionalOnClass did not find required class 'org.glassfish.jersey.server.spring.SpringComponentProvider'
2020-07-15 19:51:16.032 866  [restartedMain] TRACE o.s.b.a.condition.OnClassCondition - Condition OnClassCondition on org.springframework.boot.autoconfigure.jooq.JooqAutoConfiguration did not match due to @ConditionalOnClass did not find required class 'org.jooq.DSLContext'
2020-07-15 19:51:16.032 866  [restartedMain] TRACE o.s.b.a.condition.OnClassCondition - Condition OnClassCondition on org.springframework.boot.autoconfigure.jsonb.JsonbAutoConfiguration did not match due to @ConditionalOnClass did not find required class 'javax.json.bind.Jsonb'
2020-07-15 19:51:16.032 866  [restartedMain] TRACE o.s.b.a.condition.OnClassCondition - Condition OnClassCondition on org.springframework.boot.autoconfigure.kafka.KafkaAutoConfiguration did not match due to @ConditionalOnClass did not find required class 'org.springframework.kafka.core.KafkaTemplate'
2020-07-15 19:51:16.032 866  [restartedMain] TRACE o.s.b.a.condition.OnClassCondition - Condition OnClassCondition on org.springframework.boot.autoconfigure.ldap.embedded.EmbeddedLdapAutoConfiguration did not match due to @ConditionalOnClass did not find required class 'com.unboundid.ldap.listener.InMemoryDirectoryServer'
2020-07-15 19:51:16.032 866  [restartedMain] TRACE o.s.b.a.condition.OnClassCondition - Condition OnClassCondition on org.springframework.boot.autoconfigure.ldap.LdapAutoConfiguration did not match due to @ConditionalOnClass did not find required class 'org.springframework.ldap.core.ContextSource'
2020-07-15 19:51:16.032 866  [restartedMain] TRACE o.s.b.a.condition.OnClassCondition - Condition OnClassCondition on org.springframework.boot.autoconfigure.liquibase.LiquibaseAutoConfiguration did not match due to @ConditionalOnClass did not find required class 'liquibase.change.DatabaseChange'
2020-07-15 19:51:16.032 866  [restartedMain] TRACE o.s.b.a.condition.OnClassCondition - Condition OnClassCondition on org.springframework.boot.autoconfigure.mongo.embedded.EmbeddedMongoAutoConfiguration did not match due to @ConditionalOnClass did not find required class 'com.mongodb.MongoClient'
2020-07-15 19:51:16.032 866  [restartedMain] TRACE o.s.b.a.condition.OnClassCondition - Condition OnClassCondition on org.springframework.boot.autoconfigure.mongo.MongoAutoConfiguration did not match due to @ConditionalOnClass did not find required class 'com.mongodb.MongoClient'
2020-07-15 19:51:16.032 866  [restartedMain] TRACE o.s.b.a.condition.OnClassCondition - Condition OnClassCondition on org.springframework.boot.autoconfigure.mongo.MongoReactiveAutoConfiguration did not match due to @ConditionalOnClass did not find required class 'com.mongodb.reactivestreams.client.MongoClient'
2020-07-15 19:51:16.032 866  [restartedMain] TRACE o.s.b.a.condition.OnClassCondition - Condition OnClassCondition on org.springframework.boot.autoconfigure.mustache.MustacheAutoConfiguration did not match due to @ConditionalOnClass did not find required class 'com.samskivert.mustache.Mustache'
2020-07-15 19:51:16.033 867  [restartedMain] TRACE o.s.b.a.condition.OnClassCondition - Condition OnClassCondition on org.springframework.boot.autoconfigure.orm.jpa.HibernateJpaAutoConfiguration did not match due to @ConditionalOnClass did not find required class 'javax.persistence.EntityManager'
2020-07-15 19:51:16.033 867  [restartedMain] TRACE o.s.b.a.condition.OnClassCondition - Condition OnClassCondition on org.springframework.boot.autoconfigure.quartz.QuartzAutoConfiguration did not match due to @ConditionalOnClass did not find required class 'org.quartz.Scheduler'
2020-07-15 19:51:16.033 867  [restartedMain] TRACE o.s.b.a.condition.OnClassCondition - Condition OnClassCondition on org.springframework.boot.autoconfigure.rsocket.RSocketMessagingAutoConfiguration did not match due to @ConditionalOnClass did not find required class 'io.rsocket.RSocketFactory'
2020-07-15 19:51:16.033 867  [restartedMain] TRACE o.s.b.a.condition.OnClassCondition - Condition OnClassCondition on org.springframework.boot.autoconfigure.rsocket.RSocketRequesterAutoConfiguration did not match due to @ConditionalOnClass did not find required class 'io.rsocket.RSocketFactory'
2020-07-15 19:51:16.033 867  [restartedMain] TRACE o.s.b.a.condition.OnClassCondition - Condition OnClassCondition on org.springframework.boot.autoconfigure.rsocket.RSocketServerAutoConfiguration did not match due to @ConditionalOnClass did not find required class 'io.rsocket.RSocketFactory'
2020-07-15 19:51:16.033 867  [restartedMain] TRACE o.s.b.a.condition.OnClassCondition - Condition OnClassCondition on org.springframework.boot.autoconfigure.rsocket.RSocketStrategiesAutoConfiguration did not match due to @ConditionalOnClass did not find required class 'io.netty.buffer.PooledByteBufAllocator'
2020-07-15 19:51:16.033 867  [restartedMain] TRACE o.s.b.a.condition.OnClassCondition - Condition OnClassCondition on org.springframework.boot.autoconfigure.security.reactive.ReactiveSecurityAutoConfiguration did not match due to @ConditionalOnClass did not find required class 'reactor.core.publisher.Flux'
2020-07-15 19:51:16.033 867  [restartedMain] TRACE o.s.b.a.condition.OnClassCondition - Condition OnClassCondition on org.springframework.boot.autoconfigure.security.rsocket.RSocketSecurityAutoConfiguration did not match due to @ConditionalOnClass did not find required class 'org.springframework.security.rsocket.core.SecuritySocketAcceptorInterceptor'
2020-07-15 19:51:16.033 867  [restartedMain] TRACE o.s.b.a.condition.OnClassCondition - Condition OnClassCondition on org.springframework.boot.autoconfigure.security.saml2.Saml2RelyingPartyAutoConfiguration did not match due to @ConditionalOnClass did not find required class 'org.springframework.security.saml2.provider.service.registration.RelyingPartyRegistrationRepository'
2020-07-15 19:51:16.033 867  [restartedMain] TRACE o.s.b.a.condition.OnClassCondition - Condition OnClassCondition on org.springframework.boot.autoconfigure.sendgrid.SendGridAutoConfiguration did not match due to @ConditionalOnClass did not find required class 'com.sendgrid.SendGrid'
2020-07-15 19:51:16.033 867  [restartedMain] TRACE o.s.b.a.condition.OnClassCondition - Condition OnClassCondition on org.springframework.boot.autoconfigure.security.oauth2.client.servlet.OAuth2ClientAutoConfiguration did not match due to @ConditionalOnClass did not find required class 'org.springframework.security.oauth2.client.registration.ClientRegistration'
2020-07-15 19:51:16.033 867  [restartedMain] TRACE o.s.b.a.condition.OnClassCondition - Condition OnClassCondition on org.springframework.boot.autoconfigure.security.oauth2.client.reactive.ReactiveOAuth2ClientAutoConfiguration did not match due to @ConditionalOnClass did not find required class 'reactor.core.publisher.Flux'
2020-07-15 19:51:16.033 867  [restartedMain] TRACE o.s.b.a.condition.OnClassCondition - Condition OnClassCondition on org.springframework.boot.autoconfigure.solr.SolrAutoConfiguration did not match due to @ConditionalOnClass did not find required class 'org.apache.solr.client.solrj.impl.CloudSolrClient'
2020-07-15 19:51:16.033 867  [restartedMain] TRACE o.s.b.a.condition.OnClassCondition - Condition OnClassCondition on org.springframework.boot.autoconfigure.transaction.TransactionAutoConfiguration did not match due to @ConditionalOnClass did not find required class 'org.springframework.transaction.PlatformTransactionManager'
2020-07-15 19:51:16.033 867  [restartedMain] TRACE o.s.b.a.condition.OnClassCondition - Condition OnClassCondition on org.springframework.boot.autoconfigure.transaction.jta.JtaAutoConfiguration did not match due to @ConditionalOnClass did not find required class 'javax.transaction.Transaction'
2020-07-15 19:51:16.033 867  [restartedMain] TRACE o.s.b.a.condition.OnClassCondition - Condition OnClassCondition on org.springframework.boot.autoconfigure.web.reactive.HttpHandlerAutoConfiguration did not match due to @ConditionalOnClass did not find required class 'org.springframework.web.reactive.DispatcherHandler'
2020-07-15 19:51:16.033 867  [restartedMain] TRACE o.s.b.a.condition.OnClassCondition - Condition OnClassCondition on org.springframework.boot.autoconfigure.web.reactive.WebFluxAutoConfiguration did not match due to @ConditionalOnClass did not find required class 'org.springframework.web.reactive.config.WebFluxConfigurer'
2020-07-15 19:51:16.033 867  [restartedMain] TRACE o.s.b.a.condition.OnClassCondition - Condition OnClassCondition on org.springframework.boot.autoconfigure.web.reactive.error.ErrorWebFluxAutoConfiguration did not match due to @ConditionalOnClass did not find required class 'org.springframework.web.reactive.config.WebFluxConfigurer'
2020-07-15 19:51:16.033 867  [restartedMain] TRACE o.s.b.a.condition.OnClassCondition - Condition OnClassCondition on org.springframework.boot.autoconfigure.web.reactive.function.client.ClientHttpConnectorAutoConfiguration did not match due to @ConditionalOnClass did not find required class 'org.springframework.web.reactive.function.client.WebClient'
2020-07-15 19:51:16.033 867  [restartedMain] TRACE o.s.b.a.condition.OnClassCondition - Condition OnClassCondition on org.springframework.boot.autoconfigure.web.reactive.function.client.WebClientAutoConfiguration did not match due to @ConditionalOnClass did not find required class 'org.springframework.web.reactive.function.client.WebClient'
2020-07-15 19:51:16.033 867  [restartedMain] TRACE o.s.b.a.condition.OnClassCondition - Condition OnClassCondition on org.springframework.boot.autoconfigure.websocket.servlet.WebSocketMessagingAutoConfiguration did not match due to @ConditionalOnClass did not find required class 'org.springframework.web.socket.config.annotation.WebSocketMessageBrokerConfigurer'
2020-07-15 19:51:16.033 867  [restartedMain] TRACE o.s.b.a.condition.OnClassCondition - Condition OnClassCondition on org.springframework.boot.autoconfigure.webservices.WebServicesAutoConfiguration did not match due to @ConditionalOnClass did not find required class 'org.springframework.ws.transport.http.MessageDispatcherServlet'
2020-07-15 19:51:16.033 867  [restartedMain] TRACE o.s.b.a.condition.OnClassCondition - Condition OnClassCondition on org.springframework.boot.autoconfigure.webservices.client.WebServiceTemplateAutoConfiguration did not match due to @ConditionalOnClass did not find required class 'org.springframework.oxm.Marshaller'
2020-07-15 19:51:16.033 867  [restartedMain] TRACE o.s.b.f.s.DefaultListableBeanFactory - Returning cached instance of singleton bean 'autoConfigurationReport'
2020-07-15 19:51:16.035 869  [restartedMain] TRACE o.s.b.a.c.OnWebApplicationCondition - Condition OnWebApplicationCondition on org.springframework.boot.autoconfigure.security.oauth2.resource.reactive.ReactiveOAuth2ResourceServerAutoConfiguration did not match due to @ConditionalOnWebApplication did not find reactive web application classes
2020-07-15 19:51:16.035 869  [restartedMain] TRACE o.s.b.a.c.OnWebApplicationCondition - Condition OnWebApplicationCondition on org.springframework.boot.autoconfigure.web.reactive.ReactiveWebServerFactoryAutoConfiguration did not match due to @ConditionalOnWebApplication did not find reactive web application classes
2020-07-15 19:51:16.035 869  [restartedMain] TRACE o.s.b.a.c.OnWebApplicationCondition - Condition OnWebApplicationCondition on org.springframework.boot.autoconfigure.websocket.reactive.WebSocketReactiveAutoConfiguration did not match due to @ConditionalOnWebApplication did not find reactive web application classes
2020-07-15 19:51:16.035 869  [restartedMain] TRACE o.s.b.f.s.DefaultListableBeanFactory - Returning cached instance of singleton bean 'autoConfigurationReport'
2020-07-15 19:51:16.038 872  [restartedMain] TRACE o.s.b.a.AutoConfigurationImportSelector - Filtered 93 auto configuration class in 51 ms
2020-07-15 19:51:16.039 873  [restartedMain] TRACE o.s.c.i.s.SpringFactoriesLoader - Loaded [org.springframework.boot.autoconfigure.AutoConfigurationImportListener] names: [org.springframework.boot.autoconfigure.condition.ConditionEvaluationReportAutoConfigurationImportListener]
2020-07-15 19:51:16.039 873  [restartedMain] TRACE o.s.b.f.s.DefaultListableBeanFactory - Returning cached instance of singleton bean 'autoConfigurationReport'
2020-07-15 19:51:16.041 875  [restartedMain] TRACE o.s.b.f.s.DefaultListableBeanFactory - Returning cached instance of singleton bean 'org.springframework.boot.autoconfigure.internalCachingMetadataReaderFactory'
2020-07-15 19:51:16.061 895  [restartedMain] TRACE o.s.c.e.PropertySourcesPropertyResolver - Searching for key 'spring.messages.basename' in PropertySource 'configurationProperties'
2020-07-15 19:51:16.061 895  [restartedMain] TRACE o.s.c.e.PropertySourcesPropertyResolver - Searching for key 'spring.messages.basename' in PropertySource 'servletConfigInitParams'
2020-07-15 19:51:16.061 895  [restartedMain] TRACE o.s.c.e.PropertySourcesPropertyResolver - Searching for key 'spring.messages.basename' in PropertySource 'servletContextInitParams'
2020-07-15 19:51:16.061 895  [restartedMain] TRACE o.s.c.e.PropertySourcesPropertyResolver - Searching for key 'spring.messages.basename' in PropertySource 'systemProperties'
2020-07-15 19:51:16.061 895  [restartedMain] TRACE o.s.c.e.PropertySourcesPropertyResolver - Searching for key 'spring.messages.basename' in PropertySource 'systemEnvironment'
2020-07-15 19:51:16.061 895  [restartedMain] TRACE o.s.c.e.PropertySourcesPropertyResolver - Searching for key 'spring.messages.basename' in PropertySource 'random'
2020-07-15 19:51:16.061 895  [restartedMain] TRACE o.s.c.e.PropertySourcesPropertyResolver - Searching for key 'spring.messages.basename' in PropertySource 'devtools'
2020-07-15 19:51:16.061 895  [restartedMain] TRACE o.s.c.e.PropertySourcesPropertyResolver - Could not find key 'spring.messages.basename' in any property source
2020-07-15 19:51:16.062 896  [restartedMain] TRACE o.s.c.i.s.PathMatchingResourcePatternResolver - Resolved classpath location [messages.properties] to resources []
2020-07-15 19:51:16.062 896  [restartedMain] TRACE o.s.b.a.c.MessageSourceAutoConfiguration$ResourceBundleCondition - Condition MessageSourceAutoConfiguration.ResourceBundleCondition on org.springframework.boot.autoconfigure.context.MessageSourceAutoConfiguration did not match due to ResourceBundle did not find bundle with basename messages
2020-07-15 19:51:16.062 896  [restartedMain] TRACE o.s.b.f.s.DefaultListableBeanFactory - Returning cached instance of singleton bean 'autoConfigurationReport'
2020-07-15 19:51:16.066 900  [restartedMain] TRACE o.s.b.a.condition.OnClassCondition - Condition OnClassCondition on org.springframework.boot.autoconfigure.websocket.servlet.WebSocketServletAutoConfiguration matched due to @ConditionalOnClass found required classes 'javax.servlet.Servlet', 'javax.websocket.server.ServerContainer'
2020-07-15 19:51:16.066 900  [restartedMain] TRACE o.s.b.f.s.DefaultListableBeanFactory - Returning cached instance of singleton bean 'autoConfigurationReport'
2020-07-15 19:51:16.067 901  [restartedMain] TRACE o.s.b.a.c.OnWebApplicationCondition - Condition OnWebApplicationCondition on org.springframework.boot.autoconfigure.websocket.servlet.WebSocketServletAutoConfiguration matched due to found 'session' scope
2020-07-15 19:51:16.067 901  [restartedMain] TRACE o.s.b.f.s.DefaultListableBeanFactory - Returning cached instance of singleton bean 'autoConfigurationReport'
2020-07-15 19:51:16.069 903  [restartedMain] TRACE o.s.b.a.condition.OnClassCondition - Condition OnClassCondition on org.springframework.boot.autoconfigure.websocket.servlet.WebSocketServletAutoConfiguration$UndertowWebSocketConfiguration did not match due to @ConditionalOnClass did not find required class 'io.undertow.websockets.jsr.Bootstrap'
2020-07-15 19:51:16.070 904  [restartedMain] TRACE o.s.b.f.s.DefaultListableBeanFactory - Returning cached instance of singleton bean 'autoConfigurationReport'
2020-07-15 19:51:16.070 904  [restartedMain] TRACE o.s.b.a.condition.OnClassCondition - Condition OnClassCondition on org.springframework.boot.autoconfigure.websocket.servlet.WebSocketServletAutoConfiguration$JettyWebSocketConfiguration did not match due to @ConditionalOnClass did not find required class 'org.eclipse.jetty.websocket.jsr356.server.deploy.WebSocketServerContainerInitializer'
2020-07-15 19:51:16.070 904  [restartedMain] TRACE o.s.b.f.s.DefaultListableBeanFactory - Returning cached instance of singleton bean 'autoConfigurationReport'
2020-07-15 19:51:16.073 907  [restartedMain] TRACE o.s.b.a.condition.OnClassCondition - Condition OnClassCondition on org.springframework.boot.autoconfigure.websocket.servlet.WebSocketServletAutoConfiguration$TomcatWebSocketConfiguration matched due to @ConditionalOnClass found required classes 'org.apache.catalina.startup.Tomcat', 'org.apache.tomcat.websocket.server.WsSci'
2020-07-15 19:51:16.073 907  [restartedMain] TRACE o.s.b.f.s.DefaultListableBeanFactory - Returning cached instance of singleton bean 'autoConfigurationReport'
2020-07-15 19:51:16.082 916  [restartedMain] TRACE o.s.b.a.condition.OnClassCondition - Condition OnClassCondition on org.springframework.boot.autoconfigure.web.servlet.ServletWebServerFactoryAutoConfiguration matched due to @ConditionalOnClass found required class 'javax.servlet.ServletRequest'
2020-07-15 19:51:16.082 916  [restartedMain] TRACE o.s.b.f.s.DefaultListableBeanFactory - Returning cached instance of singleton bean 'autoConfigurationReport'
2020-07-15 19:51:16.082 916  [restartedMain] TRACE o.s.b.a.c.OnWebApplicationCondition - Condition OnWebApplicationCondition on org.springframework.boot.autoconfigure.web.servlet.ServletWebServerFactoryAutoConfiguration matched due to found 'session' scope
2020-07-15 19:51:16.082 916  [restartedMain] TRACE o.s.b.f.s.DefaultListableBeanFactory - Returning cached instance of singleton bean 'autoConfigurationReport'
2020-07-15 19:51:16.088 922  [restartedMain] TRACE o.s.b.a.condition.OnClassCondition - Condition OnClassCondition on org.springframework.boot.autoconfigure.web.servlet.ServletWebServerFactoryConfiguration$EmbeddedTomcat matched due to @ConditionalOnClass found required classes 'javax.servlet.Servlet', 'org.apache.catalina.startup.Tomcat', 'org.apache.coyote.UpgradeProtocol'
2020-07-15 19:51:16.088 922  [restartedMain] TRACE o.s.b.f.s.DefaultListableBeanFactory - Returning cached instance of singleton bean 'autoConfigurationReport'
2020-07-15 19:51:16.090 924  [restartedMain] TRACE o.s.b.a.condition.OnClassCondition - Condition OnClassCondition on org.springframework.boot.autoconfigure.web.servlet.ServletWebServerFactoryConfiguration$EmbeddedJetty did not match due to @ConditionalOnClass did not find required classes 'org.eclipse.jetty.server.Server', 'org.eclipse.jetty.util.Loader', 'org.eclipse.jetty.webapp.WebAppContext'
2020-07-15 19:51:16.090 924  [restartedMain] TRACE o.s.b.f.s.DefaultListableBeanFactory - Returning cached instance of singleton bean 'autoConfigurationReport'
2020-07-15 19:51:16.091 925  [restartedMain] TRACE o.s.b.a.condition.OnClassCondition - Condition OnClassCondition on org.springframework.boot.autoconfigure.web.servlet.ServletWebServerFactoryConfiguration$EmbeddedUndertow did not match due to @ConditionalOnClass did not find required classes 'io.undertow.Undertow', 'org.xnio.SslClientAuthMode'
2020-07-15 19:51:16.091 925  [restartedMain] TRACE o.s.b.f.s.DefaultListableBeanFactory - Returning cached instance of singleton bean 'autoConfigurationReport'
2020-07-15 19:51:16.093 927  [restartedMain] TRACE o.s.b.a.condition.OnClassCondition - Condition OnClassCondition on org.springframework.boot.autoconfigure.web.servlet.DispatcherServletAutoConfiguration matched due to @ConditionalOnClass found required class 'org.springframework.web.servlet.DispatcherServlet'
2020-07-15 19:51:16.093 927  [restartedMain] TRACE o.s.b.f.s.DefaultListableBeanFactory - Returning cached instance of singleton bean 'autoConfigurationReport'
2020-07-15 19:51:16.093 927  [restartedMain] TRACE o.s.b.a.c.OnWebApplicationCondition - Condition OnWebApplicationCondition on org.springframework.boot.autoconfigure.web.servlet.DispatcherServletAutoConfiguration matched due to found 'session' scope
2020-07-15 19:51:16.093 927  [restartedMain] TRACE o.s.b.f.s.DefaultListableBeanFactory - Returning cached instance of singleton bean 'autoConfigurationReport'
2020-07-15 19:51:16.098 932  [restartedMain] TRACE o.s.b.a.condition.OnClassCondition - Condition OnClassCondition on org.springframework.boot.autoconfigure.web.servlet.DispatcherServletAutoConfiguration$DispatcherServletRegistrationConfiguration matched due to @ConditionalOnClass found required class 'javax.servlet.ServletRegistration'
2020-07-15 19:51:16.098 932  [restartedMain] TRACE o.s.b.f.s.DefaultListableBeanFactory - Returning cached instance of singleton bean 'autoConfigurationReport'
2020-07-15 19:51:16.104 938  [restartedMain] TRACE o.s.b.a.w.s.DispatcherServletAutoConfiguration$DispatcherServletRegistrationCondition - Condition DispatcherServletAutoConfiguration.DispatcherServletRegistrationCondition on org.springframework.boot.autoconfigure.web.servlet.DispatcherServletAutoConfiguration$DispatcherServletRegistrationConfiguration matched due to DispatcherServlet Registration did not find servlet registration bean
2020-07-15 19:51:16.104 938  [restartedMain] TRACE o.s.b.f.s.DefaultListableBeanFactory - Returning cached instance of singleton bean 'autoConfigurationReport'
2020-07-15 19:51:16.105 939  [restartedMain] TRACE o.s.b.a.condition.OnClassCondition - Condition OnClassCondition on org.springframework.boot.autoconfigure.web.servlet.DispatcherServletAutoConfiguration$DispatcherServletConfiguration matched due to @ConditionalOnClass found required class 'javax.servlet.ServletRegistration'
2020-07-15 19:51:16.106 940  [restartedMain] TRACE o.s.b.f.s.DefaultListableBeanFactory - Returning cached instance of singleton bean 'autoConfigurationReport'
2020-07-15 19:51:16.106 940  [restartedMain] TRACE o.s.b.a.w.s.DispatcherServletAutoConfiguration$DefaultDispatcherServletCondition - Condition DispatcherServletAutoConfiguration.DefaultDispatcherServletCondition on org.springframework.boot.autoconfigure.web.servlet.DispatcherServletAutoConfiguration$DispatcherServletConfiguration matched due to Default DispatcherServlet did not find dispatcher servlet beans
2020-07-15 19:51:16.106 940  [restartedMain] TRACE o.s.b.f.s.DefaultListableBeanFactory - Returning cached instance of singleton bean 'autoConfigurationReport'
2020-07-15 19:51:16.107 941  [restartedMain] TRACE o.s.b.a.condition.OnClassCondition - Condition OnClassCondition on org.springframework.boot.autoconfigure.web.servlet.DispatcherServletAutoConfiguration$DispatcherServletConfiguration matched due to @ConditionalOnClass found required class 'javax.servlet.ServletRegistration'
2020-07-15 19:51:16.107 941  [restartedMain] TRACE o.s.b.f.s.DefaultListableBeanFactory - Returning cached instance of singleton bean 'autoConfigurationReport'
2020-07-15 19:51:16.107 941  [restartedMain] TRACE o.s.b.a.w.s.DispatcherServletAutoConfiguration$DefaultDispatcherServletCondition - Condition DispatcherServletAutoConfiguration.DefaultDispatcherServletCondition on org.springframework.boot.autoconfigure.web.servlet.DispatcherServletAutoConfiguration$DispatcherServletConfiguration matched due to Default DispatcherServlet did not find dispatcher servlet beans
2020-07-15 19:51:16.107 941  [restartedMain] TRACE o.s.b.f.s.DefaultListableBeanFactory - Returning cached instance of singleton bean 'autoConfigurationReport'
2020-07-15 19:51:16.109 943  [restartedMain] TRACE o.s.b.a.condition.OnClassCondition - Condition OnClassCondition on org.springframework.boot.autoconfigure.task.TaskExecutionAutoConfiguration matched due to @ConditionalOnClass found required class 'org.springframework.scheduling.concurrent.ThreadPoolTaskExecutor'
2020-07-15 19:51:16.109 943  [restartedMain] TRACE o.s.b.f.s.DefaultListableBeanFactory - Returning cached instance of singleton bean 'autoConfigurationReport'
2020-07-15 19:51:16.111 945  [restartedMain] TRACE o.s.b.a.condition.OnClassCondition - Condition OnClassCondition on org.springframework.boot.autoconfigure.validation.ValidationAutoConfiguration matched due to @ConditionalOnClass found required class 'javax.validation.executable.ExecutableValidator'
2020-07-15 19:51:16.111 945  [restartedMain] TRACE o.s.b.f.s.DefaultListableBeanFactory - Returning cached instance of singleton bean 'autoConfigurationReport'
2020-07-15 19:51:16.112 946  [restartedMain] TRACE o.s.b.a.c.OnResourceCondition - Condition OnResourceCondition on org.springframework.boot.autoconfigure.validation.ValidationAutoConfiguration matched due to @ConditionalOnResource found location classpath:META-INF/services/javax.validation.spi.ValidationProvider
2020-07-15 19:51:16.112 946  [restartedMain] TRACE o.s.b.f.s.DefaultListableBeanFactory - Returning cached instance of singleton bean 'autoConfigurationReport'
2020-07-15 19:51:16.115 949  [restartedMain] TRACE o.s.b.a.condition.OnClassCondition - Condition OnClassCondition on org.springframework.boot.autoconfigure.web.servlet.error.ErrorMvcAutoConfiguration matched due to @ConditionalOnClass found required classes 'javax.servlet.Servlet', 'org.springframework.web.servlet.DispatcherServlet'
2020-07-15 19:51:16.115 949  [restartedMain] TRACE o.s.b.f.s.DefaultListableBeanFactory - Returning cached instance of singleton bean 'autoConfigurationReport'
2020-07-15 19:51:16.115 949  [restartedMain] TRACE o.s.b.a.c.OnWebApplicationCondition - Condition OnWebApplicationCondition on org.springframework.boot.autoconfigure.web.servlet.error.ErrorMvcAutoConfiguration matched due to found 'session' scope
2020-07-15 19:51:16.115 949  [restartedMain] TRACE o.s.b.f.s.DefaultListableBeanFactory - Returning cached instance of singleton bean 'autoConfigurationReport'
2020-07-15 19:51:16.119 953  [restartedMain] TRACE o.s.b.a.c.OnPropertyCondition - Condition OnPropertyCondition on org.springframework.boot.autoconfigure.web.servlet.error.ErrorMvcAutoConfiguration$WhitelabelErrorViewConfiguration matched due to @ConditionalOnProperty (server.error.whitelabel.enabled) matched
2020-07-15 19:51:16.119 953  [restartedMain] TRACE o.s.b.f.s.DefaultListableBeanFactory - Returning cached instance of singleton bean 'autoConfigurationReport'
2020-07-15 19:51:16.120 954  [restartedMain] TRACE o.s.c.i.s.SpringFactoriesLoader - Loaded [org.springframework.boot.autoconfigure.template.TemplateAvailabilityProvider] names: [org.springframework.boot.autoconfigure.freemarker.FreeMarkerTemplateAvailabilityProvider, org.springframework.boot.autoconfigure.mustache.MustacheTemplateAvailabilityProvider, org.springframework.boot.autoconfigure.groovy.template.GroovyTemplateAvailabilityProvider, org.springframework.boot.autoconfigure.thymeleaf.ThymeleafTemplateAvailabilityProvider, org.springframework.boot.autoconfigure.web.servlet.JspTemplateAvailabilityProvider]
2020-07-15 19:51:16.122 956  [restartedMain] TRACE o.s.c.e.PropertySourcesPropertyResolver - Searching for key 'spring.template.provider.cache' in PropertySource 'configurationProperties'
2020-07-15 19:51:16.123 957  [restartedMain] DEBUG o.s.c.e.PropertySourcesPropertyResolver - Found key 'spring.template.provider.cache' in PropertySource 'configurationProperties' with value of type String
2020-07-15 19:51:16.124 958  [restartedMain] TRACE o.s.c.e.PropertySourcesPropertyResolver - Searching for key 'spring.thymeleaf.prefix' in PropertySource 'configurationProperties'
2020-07-15 19:51:16.125 959  [restartedMain] TRACE o.s.c.e.PropertySourcesPropertyResolver - Searching for key 'spring.thymeleaf.prefix' in PropertySource 'servletConfigInitParams'
2020-07-15 19:51:16.125 959  [restartedMain] TRACE o.s.c.e.PropertySourcesPropertyResolver - Searching for key 'spring.thymeleaf.prefix' in PropertySource 'servletContextInitParams'
2020-07-15 19:51:16.125 959  [restartedMain] TRACE o.s.c.e.PropertySourcesPropertyResolver - Searching for key 'spring.thymeleaf.prefix' in PropertySource 'systemProperties'
2020-07-15 19:51:16.125 959  [restartedMain] TRACE o.s.c.e.PropertySourcesPropertyResolver - Searching for key 'spring.thymeleaf.prefix' in PropertySource 'systemEnvironment'
2020-07-15 19:51:16.125 959  [restartedMain] TRACE o.s.c.e.PropertySourcesPropertyResolver - Searching for key 'spring.thymeleaf.prefix' in PropertySource 'random'
2020-07-15 19:51:16.125 959  [restartedMain] TRACE o.s.c.e.PropertySourcesPropertyResolver - Searching for key 'spring.thymeleaf.prefix' in PropertySource 'devtools'
2020-07-15 19:51:16.125 959  [restartedMain] TRACE o.s.c.e.PropertySourcesPropertyResolver - Could not find key 'spring.thymeleaf.prefix' in any property source
2020-07-15 19:51:16.125 959  [restartedMain] TRACE o.s.c.e.PropertySourcesPropertyResolver - Searching for key 'spring.thymeleaf.suffix' in PropertySource 'configurationProperties'
2020-07-15 19:51:16.125 959  [restartedMain] TRACE o.s.c.e.PropertySourcesPropertyResolver - Searching for key 'spring.thymeleaf.suffix' in PropertySource 'servletConfigInitParams'
2020-07-15 19:51:16.125 959  [restartedMain] TRACE o.s.c.e.PropertySourcesPropertyResolver - Searching for key 'spring.thymeleaf.suffix' in PropertySource 'servletContextInitParams'
2020-07-15 19:51:16.125 959  [restartedMain] TRACE o.s.c.e.PropertySourcesPropertyResolver - Searching for key 'spring.thymeleaf.suffix' in PropertySource 'systemProperties'
2020-07-15 19:51:16.125 959  [restartedMain] TRACE o.s.c.e.PropertySourcesPropertyResolver - Searching for key 'spring.thymeleaf.suffix' in PropertySource 'systemEnvironment'
2020-07-15 19:51:16.125 959  [restartedMain] TRACE o.s.c.e.PropertySourcesPropertyResolver - Searching for key 'spring.thymeleaf.suffix' in PropertySource 'random'
2020-07-15 19:51:16.125 959  [restartedMain] TRACE o.s.c.e.PropertySourcesPropertyResolver - Searching for key 'spring.thymeleaf.suffix' in PropertySource 'devtools'
2020-07-15 19:51:16.125 959  [restartedMain] TRACE o.s.c.e.PropertySourcesPropertyResolver - Could not find key 'spring.thymeleaf.suffix' in any property source
2020-07-15 19:51:16.125 959  [restartedMain] TRACE o.s.b.a.w.s.e.ErrorMvcAutoConfiguration$ErrorTemplateMissingCondition - Condition ErrorMvcAutoConfiguration.ErrorTemplateMissingCondition on org.springframework.boot.autoconfigure.web.servlet.error.ErrorMvcAutoConfiguration$WhitelabelErrorViewConfiguration did not match due to ErrorTemplate Missing found template from org.springframework.boot.autoconfigure.thymeleaf.ThymeleafTemplateAvailabilityProvider@437aab0e
2020-07-15 19:51:16.125 959  [restartedMain] TRACE o.s.b.f.s.DefaultListableBeanFactory - Returning cached instance of singleton bean 'autoConfigurationReport'
2020-07-15 19:51:16.127 961  [restartedMain] TRACE o.s.b.a.condition.OnClassCondition - Condition OnClassCondition on org.springframework.boot.autoconfigure.web.servlet.WebMvcAutoConfiguration matched due to @ConditionalOnClass found required classes 'javax.servlet.Servlet', 'org.springframework.web.servlet.DispatcherServlet', 'org.springframework.web.servlet.config.annotation.WebMvcConfigurer'
2020-07-15 19:51:16.127 961  [restartedMain] TRACE o.s.b.f.s.DefaultListableBeanFactory - Returning cached instance of singleton bean 'autoConfigurationReport'
2020-07-15 19:51:16.128 962  [restartedMain] TRACE o.s.b.a.c.OnWebApplicationCondition - Condition OnWebApplicationCondition on org.springframework.boot.autoconfigure.web.servlet.WebMvcAutoConfiguration matched due to found 'session' scope
2020-07-15 19:51:16.128 962  [restartedMain] TRACE o.s.b.f.s.DefaultListableBeanFactory - Returning cached instance of singleton bean 'autoConfigurationReport'
2020-07-15 19:51:16.134 968  [restartedMain] TRACE o.s.c.e.PropertySourcesPropertyResolver - Searching for key 'spring.resources.chain.strategy.fixed.enabled' in PropertySource 'configurationProperties'
2020-07-15 19:51:16.134 968  [restartedMain] TRACE o.s.c.e.PropertySourcesPropertyResolver - Searching for key 'spring.resources.chain.strategy.fixed.enabled' in PropertySource 'servletConfigInitParams'
2020-07-15 19:51:16.134 968  [restartedMain] TRACE o.s.c.e.PropertySourcesPropertyResolver - Searching for key 'spring.resources.chain.strategy.fixed.enabled' in PropertySource 'servletContextInitParams'
2020-07-15 19:51:16.135 969  [restartedMain] TRACE o.s.c.e.PropertySourcesPropertyResolver - Searching for key 'spring.resources.chain.strategy.fixed.enabled' in PropertySource 'systemProperties'
2020-07-15 19:51:16.135 969  [restartedMain] TRACE o.s.c.e.PropertySourcesPropertyResolver - Searching for key 'spring.resources.chain.strategy.fixed.enabled' in PropertySource 'systemEnvironment'
2020-07-15 19:51:16.135 969  [restartedMain] TRACE o.s.c.e.PropertySourcesPropertyResolver - Searching for key 'spring.resources.chain.strategy.fixed.enabled' in PropertySource 'random'
2020-07-15 19:51:16.135 969  [restartedMain] TRACE o.s.c.e.PropertySourcesPropertyResolver - Searching for key 'spring.resources.chain.strategy.fixed.enabled' in PropertySource 'devtools'
2020-07-15 19:51:16.135 969  [restartedMain] TRACE o.s.c.e.PropertySourcesPropertyResolver - Could not find key 'spring.resources.chain.strategy.fixed.enabled' in any property source
2020-07-15 19:51:16.135 969  [restartedMain] TRACE o.s.c.e.PropertySourcesPropertyResolver - Searching for key 'spring.resources.chain.strategy.content.enabled' in PropertySource 'configurationProperties'
2020-07-15 19:51:16.135 969  [restartedMain] TRACE o.s.c.e.PropertySourcesPropertyResolver - Searching for key 'spring.resources.chain.strategy.content.enabled' in PropertySource 'servletConfigInitParams'
2020-07-15 19:51:16.135 969  [restartedMain] TRACE o.s.c.e.PropertySourcesPropertyResolver - Searching for key 'spring.resources.chain.strategy.content.enabled' in PropertySource 'servletContextInitParams'
2020-07-15 19:51:16.135 969  [restartedMain] TRACE o.s.c.e.PropertySourcesPropertyResolver - Searching for key 'spring.resources.chain.strategy.content.enabled' in PropertySource 'systemProperties'
2020-07-15 19:51:16.135 969  [restartedMain] TRACE o.s.c.e.PropertySourcesPropertyResolver - Searching for key 'spring.resources.chain.strategy.content.enabled' in PropertySource 'systemEnvironment'
2020-07-15 19:51:16.135 969  [restartedMain] TRACE o.s.c.e.PropertySourcesPropertyResolver - Searching for key 'spring.resources.chain.strategy.content.enabled' in PropertySource 'random'
2020-07-15 19:51:16.135 969  [restartedMain] TRACE o.s.c.e.PropertySourcesPropertyResolver - Searching for key 'spring.resources.chain.strategy.content.enabled' in PropertySource 'devtools'
2020-07-15 19:51:16.135 969  [restartedMain] TRACE o.s.c.e.PropertySourcesPropertyResolver - Could not find key 'spring.resources.chain.strategy.content.enabled' in any property source
2020-07-15 19:51:16.135 969  [restartedMain] TRACE o.s.c.e.PropertySourcesPropertyResolver - Searching for key 'spring.resources.chain.enabled' in PropertySource 'configurationProperties'
2020-07-15 19:51:16.135 969  [restartedMain] TRACE o.s.c.e.PropertySourcesPropertyResolver - Searching for key 'spring.resources.chain.enabled' in PropertySource 'servletConfigInitParams'
2020-07-15 19:51:16.135 969  [restartedMain] TRACE o.s.c.e.PropertySourcesPropertyResolver - Searching for key 'spring.resources.chain.enabled' in PropertySource 'servletContextInitParams'
2020-07-15 19:51:16.135 969  [restartedMain] TRACE o.s.c.e.PropertySourcesPropertyResolver - Searching for key 'spring.resources.chain.enabled' in PropertySource 'systemProperties'
2020-07-15 19:51:16.135 969  [restartedMain] TRACE o.s.c.e.PropertySourcesPropertyResolver - Searching for key 'spring.resources.chain.enabled' in PropertySource 'systemEnvironment'
2020-07-15 19:51:16.135 969  [restartedMain] TRACE o.s.c.e.PropertySourcesPropertyResolver - Searching for key 'spring.resources.chain.enabled' in PropertySource 'random'
2020-07-15 19:51:16.135 969  [restartedMain] TRACE o.s.c.e.PropertySourcesPropertyResolver - Searching for key 'spring.resources.chain.enabled' in PropertySource 'devtools'
2020-07-15 19:51:16.135 969  [restartedMain] TRACE o.s.c.e.PropertySourcesPropertyResolver - Could not find key 'spring.resources.chain.enabled' in any property source
2020-07-15 19:51:16.136 970  [restartedMain] TRACE o.s.b.a.w.OnEnabledResourceChainCondition - Condition OnEnabledResourceChainCondition on org.springframework.boot.autoconfigure.web.servlet.WebMvcAutoConfiguration$ResourceChainCustomizerConfiguration did not match due to @ConditionalOnEnabledResourceChain did not find class org.webjars.WebJarAssetLocator
2020-07-15 19:51:16.136 970  [restartedMain] TRACE o.s.b.f.s.DefaultListableBeanFactory - Returning cached instance of singleton bean 'autoConfigurationReport'
2020-07-15 19:51:16.137 971  [restartedMain] TRACE o.s.b.a.condition.OnClassCondition - Condition OnClassCondition on org.springframework.boot.autoconfigure.jmx.JmxAutoConfiguration matched due to @ConditionalOnClass found required class 'org.springframework.jmx.export.MBeanExporter'
2020-07-15 19:51:16.137 971  [restartedMain] TRACE o.s.b.f.s.DefaultListableBeanFactory - Returning cached instance of singleton bean 'autoConfigurationReport'
2020-07-15 19:51:16.137 971  [restartedMain] TRACE o.s.b.a.c.OnPropertyCondition - Condition OnPropertyCondition on org.springframework.boot.autoconfigure.jmx.JmxAutoConfiguration did not match due to @ConditionalOnProperty (spring.jmx.enabled=true) did not find property 'enabled'
2020-07-15 19:51:16.137 971  [restartedMain] TRACE o.s.b.f.s.DefaultListableBeanFactory - Returning cached instance of singleton bean 'autoConfigurationReport'
2020-07-15 19:51:16.139 973  [restartedMain] TRACE o.s.b.a.c.OnPropertyCondition - Condition OnPropertyCondition on org.springframework.boot.autoconfigure.admin.SpringApplicationAdminJmxAutoConfiguration did not match due to @ConditionalOnProperty (spring.application.admin.enabled=true) did not find property 'enabled'
2020-07-15 19:51:16.139 973  [restartedMain] TRACE o.s.b.f.s.DefaultListableBeanFactory - Returning cached instance of singleton bean 'autoConfigurationReport'
2020-07-15 19:51:16.139 973  [restartedMain] TRACE o.s.b.a.c.OnPropertyCondition - Condition OnPropertyCondition on org.springframework.boot.autoconfigure.aop.AopAutoConfiguration matched due to @ConditionalOnProperty (spring.aop.auto=true) matched
2020-07-15 19:51:16.139 973  [restartedMain] TRACE o.s.b.f.s.DefaultListableBeanFactory - Returning cached instance of singleton bean 'autoConfigurationReport'
2020-07-15 19:51:16.141 975  [restartedMain] TRACE o.s.b.a.condition.OnClassCondition - Condition OnClassCondition on org.springframework.boot.autoconfigure.aop.AopAutoConfiguration$ClassProxyingConfiguration matched due to @ConditionalOnMissingClass did not find unwanted class 'org.aspectj.weaver.Advice'
2020-07-15 19:51:16.141 975  [restartedMain] TRACE o.s.b.f.s.DefaultListableBeanFactory - Returning cached instance of singleton bean 'autoConfigurationReport'
2020-07-15 19:51:16.142 976  [restartedMain] TRACE o.s.b.a.c.OnPropertyCondition - Condition OnPropertyCondition on org.springframework.boot.autoconfigure.aop.AopAutoConfiguration$ClassProxyingConfiguration matched due to @ConditionalOnProperty (spring.aop.proxy-target-class=true) matched
2020-07-15 19:51:16.142 976  [restartedMain] TRACE o.s.b.f.s.DefaultListableBeanFactory - Returning cached instance of singleton bean 'autoConfigurationReport'
2020-07-15 19:51:16.143 977  [restartedMain] TRACE o.s.b.a.condition.OnClassCondition - Condition OnClassCondition on org.springframework.boot.autoconfigure.aop.AopAutoConfiguration$AspectJAutoProxyingConfiguration did not match due to @ConditionalOnClass did not find required class 'org.aspectj.weaver.Advice'
2020-07-15 19:51:16.143 977  [restartedMain] TRACE o.s.b.f.s.DefaultListableBeanFactory - Returning cached instance of singleton bean 'autoConfigurationReport'
2020-07-15 19:51:16.144 978  [restartedMain] TRACE o.s.b.a.condition.OnClassCondition - Condition OnClassCondition on org.springframework.boot.autoconfigure.cache.CacheAutoConfiguration matched due to @ConditionalOnClass found required class 'org.springframework.cache.CacheManager'
2020-07-15 19:51:16.144 978  [restartedMain] TRACE o.s.b.f.s.DefaultListableBeanFactory - Returning cached instance of singleton bean 'autoConfigurationReport'
2020-07-15 19:51:16.156 990  [restartedMain] TRACE o.s.b.a.cache.CacheCondition - Condition CacheCondition on org.springframework.boot.autoconfigure.cache.GenericCacheConfiguration matched due to Cache org.springframework.boot.autoconfigure.cache.GenericCacheConfiguration automatic cache type
2020-07-15 19:51:16.156 990  [restartedMain] TRACE o.s.b.f.s.DefaultListableBeanFactory - Returning cached instance of singleton bean 'autoConfigurationReport'
2020-07-15 19:51:16.159 993  [restartedMain] TRACE o.s.b.a.condition.OnClassCondition - Condition OnClassCondition on org.springframework.boot.autoconfigure.cache.JCacheCacheConfiguration did not match due to @ConditionalOnClass did not find required class 'javax.cache.Caching'
2020-07-15 19:51:16.160 994  [restartedMain] TRACE o.s.b.f.s.DefaultListableBeanFactory - Returning cached instance of singleton bean 'autoConfigurationReport'
2020-07-15 19:51:16.162 996  [restartedMain] TRACE o.s.b.a.condition.OnClassCondition - Condition OnClassCondition on org.springframework.boot.autoconfigure.cache.EhCacheCacheConfiguration did not match due to @ConditionalOnClass did not find required class 'net.sf.ehcache.Cache'
2020-07-15 19:51:16.162 996  [restartedMain] TRACE o.s.b.f.s.DefaultListableBeanFactory - Returning cached instance of singleton bean 'autoConfigurationReport'
2020-07-15 19:51:16.163 997  [restartedMain] TRACE o.s.b.a.condition.OnClassCondition - Condition OnClassCondition on org.springframework.boot.autoconfigure.cache.HazelcastCacheConfiguration did not match due to @ConditionalOnClass did not find required classes 'com.hazelcast.core.HazelcastInstance', 'com.hazelcast.spring.cache.HazelcastCacheManager'
2020-07-15 19:51:16.163 997  [restartedMain] TRACE o.s.b.f.s.DefaultListableBeanFactory - Returning cached instance of singleton bean 'autoConfigurationReport'
2020-07-15 19:51:16.163 997  [restartedMain] TRACE o.s.b.a.condition.OnClassCondition - Condition OnClassCondition on org.springframework.boot.autoconfigure.cache.InfinispanCacheConfiguration did not match due to @ConditionalOnClass did not find required class 'org.infinispan.spring.embedded.provider.SpringEmbeddedCacheManager'
2020-07-15 19:51:16.163 997  [restartedMain] TRACE o.s.b.f.s.DefaultListableBeanFactory - Returning cached instance of singleton bean 'autoConfigurationReport'
2020-07-15 19:51:16.164 998  [restartedMain] TRACE o.s.b.a.condition.OnClassCondition - Condition OnClassCondition on org.springframework.boot.autoconfigure.cache.CouchbaseCacheConfiguration did not match due to @ConditionalOnClass did not find required classes 'com.couchbase.client.java.Bucket', 'com.couchbase.client.spring.cache.CouchbaseCacheManager'
2020-07-15 19:51:16.165 999  [restartedMain] TRACE o.s.b.f.s.DefaultListableBeanFactory - Returning cached instance of singleton bean 'autoConfigurationReport'
2020-07-15 19:51:16.165 999  [restartedMain] TRACE o.s.b.a.condition.OnClassCondition - Condition OnClassCondition on org.springframework.boot.autoconfigure.cache.RedisCacheConfiguration did not match due to @ConditionalOnClass did not find required class 'org.springframework.data.redis.connection.RedisConnectionFactory'
2020-07-15 19:51:16.165 999  [restartedMain] TRACE o.s.b.f.s.DefaultListableBeanFactory - Returning cached instance of singleton bean 'autoConfigurationReport'
2020-07-15 19:51:16.166 1000 [restartedMain] TRACE o.s.b.a.condition.OnClassCondition - Condition OnClassCondition on org.springframework.boot.autoconfigure.cache.CaffeineCacheConfiguration did not match due to @ConditionalOnClass did not find required class 'com.github.benmanes.caffeine.cache.Caffeine'
2020-07-15 19:51:16.166 1000 [restartedMain] TRACE o.s.b.f.s.DefaultListableBeanFactory - Returning cached instance of singleton bean 'autoConfigurationReport'
2020-07-15 19:51:16.167 1001 [restartedMain] TRACE o.s.b.a.cache.CacheCondition - Condition CacheCondition on org.springframework.boot.autoconfigure.cache.SimpleCacheConfiguration matched due to Cache org.springframework.boot.autoconfigure.cache.SimpleCacheConfiguration automatic cache type
2020-07-15 19:51:16.167 1001 [restartedMain] TRACE o.s.b.f.s.DefaultListableBeanFactory - Returning cached instance of singleton bean 'autoConfigurationReport'
2020-07-15 19:51:16.168 1002 [restartedMain] TRACE o.s.b.a.cache.CacheCondition - Condition CacheCondition on org.springframework.boot.autoconfigure.cache.NoOpCacheConfiguration matched due to Cache org.springframework.boot.autoconfigure.cache.NoOpCacheConfiguration automatic cache type
2020-07-15 19:51:16.168 1002 [restartedMain] TRACE o.s.b.f.s.DefaultListableBeanFactory - Returning cached instance of singleton bean 'autoConfigurationReport'
2020-07-15 19:51:16.170 1004 [restartedMain] TRACE o.s.b.a.condition.OnClassCondition - Condition OnClassCondition on org.springframework.boot.autoconfigure.cache.CacheAutoConfiguration$CacheManagerEntityManagerFactoryDependsOnPostProcessor did not match due to @ConditionalOnClass did not find required class 'org.springframework.orm.jpa.LocalContainerEntityManagerFactoryBean'
2020-07-15 19:51:16.170 1004 [restartedMain] TRACE o.s.b.f.s.DefaultListableBeanFactory - Returning cached instance of singleton bean 'autoConfigurationReport'
2020-07-15 19:51:16.171 1005 [restartedMain] TRACE o.s.b.a.condition.OnClassCondition - Condition OnClassCondition on org.springframework.boot.autoconfigure.jackson.JacksonAutoConfiguration matched due to @ConditionalOnClass found required class 'com.fasterxml.jackson.databind.ObjectMapper'
2020-07-15 19:51:16.171 1005 [restartedMain] TRACE o.s.b.f.s.DefaultListableBeanFactory - Returning cached instance of singleton bean 'autoConfigurationReport'
2020-07-15 19:51:16.174 1008 [restartedMain] TRACE o.s.b.a.condition.OnClassCondition - Condition OnClassCondition on org.springframework.boot.autoconfigure.jackson.JacksonAutoConfiguration$Jackson2ObjectMapperBuilderCustomizerConfiguration matched due to @ConditionalOnClass found required class 'org.springframework.http.converter.json.Jackson2ObjectMapperBuilder'
2020-07-15 19:51:16.174 1008 [restartedMain] TRACE o.s.b.f.s.DefaultListableBeanFactory - Returning cached instance of singleton bean 'autoConfigurationReport'
2020-07-15 19:51:16.175 1009 [restartedMain] TRACE o.s.b.a.condition.OnClassCondition - Condition OnClassCondition on org.springframework.boot.autoconfigure.jackson.JacksonAutoConfiguration$JacksonObjectMapperBuilderConfiguration matched due to @ConditionalOnClass found required class 'org.springframework.http.converter.json.Jackson2ObjectMapperBuilder'
2020-07-15 19:51:16.176 1010 [restartedMain] TRACE o.s.b.f.s.DefaultListableBeanFactory - Returning cached instance of singleton bean 'autoConfigurationReport'
2020-07-15 19:51:16.176 1010 [restartedMain] TRACE o.s.b.a.condition.OnClassCondition - Condition OnClassCondition on org.springframework.boot.autoconfigure.jackson.JacksonAutoConfiguration$ParameterNamesModuleConfiguration matched due to @ConditionalOnClass found required class 'com.fasterxml.jackson.module.paramnames.ParameterNamesModule'
2020-07-15 19:51:16.177 1011 [restartedMain] TRACE o.s.b.f.s.DefaultListableBeanFactory - Returning cached instance of singleton bean 'autoConfigurationReport'
2020-07-15 19:51:16.177 1011 [restartedMain] TRACE o.s.b.a.condition.OnClassCondition - Condition OnClassCondition on org.springframework.boot.autoconfigure.jackson.JacksonAutoConfiguration$JodaDateTimeJacksonConfiguration did not match due to @ConditionalOnClass did not find required classes 'org.joda.time.DateTime', 'com.fasterxml.jackson.datatype.joda.ser.DateTimeSerializer', 'com.fasterxml.jackson.datatype.joda.cfg.JacksonJodaDateFormat'
2020-07-15 19:51:16.177 1011 [restartedMain] TRACE o.s.b.f.s.DefaultListableBeanFactory - Returning cached instance of singleton bean 'autoConfigurationReport'
2020-07-15 19:51:16.178 1012 [restartedMain] TRACE o.s.b.a.condition.OnClassCondition - Condition OnClassCondition on org.springframework.boot.autoconfigure.jackson.JacksonAutoConfiguration$JacksonObjectMapperConfiguration matched due to @ConditionalOnClass found required class 'org.springframework.http.converter.json.Jackson2ObjectMapperBuilder'
2020-07-15 19:51:16.178 1012 [restartedMain] TRACE o.s.b.f.s.DefaultListableBeanFactory - Returning cached instance of singleton bean 'autoConfigurationReport'
2020-07-15 19:51:16.180 1014 [restartedMain] TRACE o.s.b.a.condition.OnClassCondition - Condition OnClassCondition on org.springframework.boot.autoconfigure.http.HttpMessageConvertersAutoConfiguration matched due to @ConditionalOnClass found required class 'org.springframework.http.converter.HttpMessageConverter'
2020-07-15 19:51:16.180 1014 [restartedMain] TRACE o.s.b.f.s.DefaultListableBeanFactory - Returning cached instance of singleton bean 'autoConfigurationReport'
2020-07-15 19:51:16.182 1016 [restartedMain] TRACE o.s.b.a.h.HttpMessageConvertersAutoConfiguration$NotReactiveWebApplicationCondition - Condition HttpMessageConvertersAutoConfiguration.NotReactiveWebApplicationCondition on org.springframework.boot.autoconfigure.http.HttpMessageConvertersAutoConfiguration matched due to NoneNestedConditions 0 matched 1 did not; NestedCondition on HttpMessageConvertersAutoConfiguration.NotReactiveWebApplicationCondition.ReactiveWebApplication did not find reactive web application classes
2020-07-15 19:51:16.182 1016 [restartedMain] TRACE o.s.b.f.s.DefaultListableBeanFactory - Returning cached instance of singleton bean 'autoConfigurationReport'
2020-07-15 19:51:16.183 1017 [restartedMain] TRACE o.s.b.a.condition.OnClassCondition - Condition OnClassCondition on org.springframework.boot.autoconfigure.http.HttpMessageConvertersAutoConfiguration$StringHttpMessageConverterConfiguration matched due to @ConditionalOnClass found required class 'org.springframework.http.converter.StringHttpMessageConverter'
2020-07-15 19:51:16.184 1018 [restartedMain] TRACE o.s.b.f.s.DefaultListableBeanFactory - Returning cached instance of singleton bean 'autoConfigurationReport'
2020-07-15 19:51:16.186 1020 [restartedMain] TRACE o.s.b.a.condition.OnClassCondition - Condition OnClassCondition on org.springframework.boot.autoconfigure.http.JacksonHttpMessageConvertersConfiguration$MappingJackson2XmlHttpMessageConverterConfiguration did not match due to @ConditionalOnClass did not find required class 'com.fasterxml.jackson.dataformat.xml.XmlMapper'
2020-07-15 19:51:16.186 1020 [restartedMain] TRACE o.s.b.f.s.DefaultListableBeanFactory - Returning cached instance of singleton bean 'autoConfigurationReport'
2020-07-15 19:51:16.186 1020 [restartedMain] TRACE o.s.b.a.condition.OnClassCondition - Condition OnClassCondition on org.springframework.boot.autoconfigure.http.JacksonHttpMessageConvertersConfiguration$MappingJackson2HttpMessageConverterConfiguration matched due to @ConditionalOnClass found required class 'com.fasterxml.jackson.databind.ObjectMapper'
2020-07-15 19:51:16.187 1021 [restartedMain] TRACE o.s.b.f.s.DefaultListableBeanFactory - Returning cached instance of singleton bean 'autoConfigurationReport'
2020-07-15 19:51:16.187 1021 [restartedMain] TRACE o.s.b.a.c.OnPropertyCondition - Condition OnPropertyCondition on org.springframework.boot.autoconfigure.http.JacksonHttpMessageConvertersConfiguration$MappingJackson2HttpMessageConverterConfiguration matched due to @ConditionalOnProperty (spring.http.converters.preferred-json-mapper=jackson) matched
2020-07-15 19:51:16.187 1021 [restartedMain] TRACE o.s.b.f.s.DefaultListableBeanFactory - Returning cached instance of singleton bean 'autoConfigurationReport'
2020-07-15 19:51:16.188 1022 [restartedMain] TRACE o.s.b.a.condition.OnClassCondition - Condition OnClassCondition on org.springframework.boot.autoconfigure.http.GsonHttpMessageConvertersConfiguration did not match due to @ConditionalOnClass did not find required class 'com.google.gson.Gson'
2020-07-15 19:51:16.188 1022 [restartedMain] TRACE o.s.b.f.s.DefaultListableBeanFactory - Returning cached instance of singleton bean 'autoConfigurationReport'
2020-07-15 19:51:16.188 1022 [restartedMain] TRACE o.s.b.a.condition.OnClassCondition - Condition OnClassCondition on org.springframework.boot.autoconfigure.http.JsonbHttpMessageConvertersConfiguration did not match due to @ConditionalOnClass did not find required class 'javax.json.bind.Jsonb'
2020-07-15 19:51:16.188 1022 [restartedMain] TRACE o.s.b.f.s.DefaultListableBeanFactory - Returning cached instance of singleton bean 'autoConfigurationReport'
2020-07-15 19:51:16.191 1025 [restartedMain] TRACE o.s.b.a.condition.OnClassCondition - Condition OnClassCondition on org.springframework.boot.autoconfigure.mail.MailSenderAutoConfiguration matched due to @ConditionalOnClass found required classes 'javax.mail.internet.MimeMessage', 'javax.activation.MimeType', 'org.springframework.mail.MailSender'
2020-07-15 19:51:16.191 1025 [restartedMain] TRACE o.s.b.f.s.DefaultListableBeanFactory - Returning cached instance of singleton bean 'autoConfigurationReport'
2020-07-15 19:51:16.194 1028 [restartedMain] TRACE o.s.b.a.m.MailSenderAutoConfiguration$MailSenderCondition - Condition MailSenderAutoConfiguration.MailSenderCondition on org.springframework.boot.autoconfigure.mail.MailSenderAutoConfiguration did not match due to AnyNestedCondition 0 matched 2 did not; NestedCondition on MailSenderAutoConfiguration.MailSenderCondition.JndiNameProperty @ConditionalOnProperty (spring.mail.jndi-name) did not find property 'jndi-name'; NestedCondition on MailSenderAutoConfiguration.MailSenderCondition.HostProperty @ConditionalOnProperty (spring.mail.host) did not find property 'host'
2020-07-15 19:51:16.194 1028 [restartedMain] TRACE o.s.b.f.s.DefaultListableBeanFactory - Returning cached instance of singleton bean 'autoConfigurationReport'
2020-07-15 19:51:16.196 1030 [restartedMain] TRACE o.s.b.a.c.OnPropertyCondition - Condition OnPropertyCondition on org.springframework.boot.autoconfigure.mail.MailSenderValidatorAutoConfiguration did not match due to @ConditionalOnProperty (spring.mail.test-connection) did not find property 'test-connection'
2020-07-15 19:51:16.196 1030 [restartedMain] TRACE o.s.b.f.s.DefaultListableBeanFactory - Returning cached instance of singleton bean 'autoConfigurationReport'
2020-07-15 19:51:16.197 1031 [restartedMain] TRACE o.s.b.a.c.OnWebApplicationCondition - Condition OnWebApplicationCondition on org.springframework.boot.autoconfigure.security.oauth2.resource.servlet.OAuth2ResourceServerAutoConfiguration matched due to found 'session' scope
2020-07-15 19:51:16.197 1031 [restartedMain] TRACE o.s.b.f.s.DefaultListableBeanFactory - Returning cached instance of singleton bean 'autoConfigurationReport'
2020-07-15 19:51:16.198 1032 [restartedMain] TRACE o.s.b.a.condition.OnClassCondition - Condition OnClassCondition on org.springframework.boot.autoconfigure.security.oauth2.resource.servlet.OAuth2ResourceServerAutoConfiguration$OpaqueTokenConfiguration did not match due to @ConditionalOnClass did not find required classes 'org.springframework.security.oauth2.server.resource.BearerTokenAuthenticationToken', 'org.springframework.security.oauth2.server.resource.introspection.OpaqueTokenIntrospector'
2020-07-15 19:51:16.198 1032 [restartedMain] TRACE o.s.b.f.s.DefaultListableBeanFactory - Returning cached instance of singleton bean 'autoConfigurationReport'
2020-07-15 19:51:16.199 1033 [restartedMain] TRACE o.s.b.a.condition.OnClassCondition - Condition OnClassCondition on org.springframework.boot.autoconfigure.security.oauth2.resource.servlet.OAuth2ResourceServerAutoConfiguration$JwtConfiguration did not match due to @ConditionalOnClass did not find required classes 'org.springframework.security.oauth2.server.resource.authentication.JwtAuthenticationToken', 'org.springframework.security.oauth2.jwt.JwtDecoder'
2020-07-15 19:51:16.199 1033 [restartedMain] TRACE o.s.b.f.s.DefaultListableBeanFactory - Returning cached instance of singleton bean 'autoConfigurationReport'
2020-07-15 19:51:16.201 1035 [restartedMain] TRACE o.s.b.a.condition.OnClassCondition - Condition OnClassCondition on org.springframework.boot.autoconfigure.security.reactive.ReactiveUserDetailsServiceAutoConfiguration matched due to @ConditionalOnClass found required class 'org.springframework.security.authentication.ReactiveAuthenticationManager'
2020-07-15 19:51:16.201 1035 [restartedMain] TRACE o.s.b.f.s.DefaultListableBeanFactory - Returning cached instance of singleton bean 'autoConfigurationReport'
2020-07-15 19:51:16.203 1037 [restartedMain] TRACE o.s.b.a.condition.OnClassCondition - Condition OnClassCondition on org.springframework.boot.autoconfigure.security.servlet.SecurityAutoConfiguration matched due to @ConditionalOnClass found required class 'org.springframework.security.authentication.DefaultAuthenticationEventPublisher'
2020-07-15 19:51:16.203 1037 [restartedMain] TRACE o.s.b.f.s.DefaultListableBeanFactory - Returning cached instance of singleton bean 'autoConfigurationReport'
2020-07-15 19:51:16.205 1039 [restartedMain] TRACE o.s.b.a.condition.OnClassCondition - Condition OnClassCondition on org.springframework.boot.autoconfigure.security.servlet.SpringBootWebSecurityConfiguration matched due to @ConditionalOnClass found required class 'org.springframework.security.config.annotation.web.configuration.WebSecurityConfigurerAdapter'
2020-07-15 19:51:16.205 1039 [restartedMain] TRACE o.s.b.f.s.DefaultListableBeanFactory - Returning cached instance of singleton bean 'autoConfigurationReport'
2020-07-15 19:51:16.205 1039 [restartedMain] TRACE o.s.b.a.c.OnWebApplicationCondition - Condition OnWebApplicationCondition on org.springframework.boot.autoconfigure.security.servlet.SpringBootWebSecurityConfiguration matched due to found 'session' scope
2020-07-15 19:51:16.205 1039 [restartedMain] TRACE o.s.b.f.s.DefaultListableBeanFactory - Returning cached instance of singleton bean 'autoConfigurationReport'
2020-07-15 19:51:16.206 1040 [restartedMain] TRACE o.s.b.a.c.OnWebApplicationCondition - Condition OnWebApplicationCondition on org.springframework.boot.autoconfigure.security.servlet.WebSecurityEnablerConfiguration matched due to found 'session' scope
2020-07-15 19:51:16.206 1040 [restartedMain] TRACE o.s.b.f.s.DefaultListableBeanFactory - Returning cached instance of singleton bean 'autoConfigurationReport'
2020-07-15 19:51:16.208 1042 [restartedMain] TRACE o.s.b.a.condition.OnClassCondition - Condition OnClassCondition on org.springframework.boot.autoconfigure.security.SecurityDataConfiguration did not match due to @ConditionalOnClass did not find required class 'org.springframework.security.data.repository.query.SecurityEvaluationContextExtension'
2020-07-15 19:51:16.208 1042 [restartedMain] TRACE o.s.b.f.s.DefaultListableBeanFactory - Returning cached instance of singleton bean 'autoConfigurationReport'
2020-07-15 19:51:16.209 1043 [restartedMain] TRACE o.s.b.a.condition.OnClassCondition - Condition OnClassCondition on org.springframework.boot.autoconfigure.security.servlet.SecurityFilterAutoConfiguration matched due to @ConditionalOnClass found required classes 'org.springframework.security.web.context.AbstractSecurityWebApplicationInitializer', 'org.springframework.security.config.http.SessionCreationPolicy'
2020-07-15 19:51:16.210 1044 [restartedMain] TRACE o.s.b.f.s.DefaultListableBeanFactory - Returning cached instance of singleton bean 'autoConfigurationReport'
2020-07-15 19:51:16.210 1044 [restartedMain] TRACE o.s.b.a.c.OnWebApplicationCondition - Condition OnWebApplicationCondition on org.springframework.boot.autoconfigure.security.servlet.SecurityFilterAutoConfiguration matched due to found 'session' scope
2020-07-15 19:51:16.210 1044 [restartedMain] TRACE o.s.b.f.s.DefaultListableBeanFactory - Returning cached instance of singleton bean 'autoConfigurationReport'
2020-07-15 19:51:16.211 1045 [restartedMain] TRACE o.s.b.a.condition.OnClassCondition - Condition OnClassCondition on org.springframework.boot.autoconfigure.security.servlet.UserDetailsServiceAutoConfiguration matched due to @ConditionalOnClass found required class 'org.springframework.security.authentication.AuthenticationManager'
2020-07-15 19:51:16.212 1046 [restartedMain] TRACE o.s.b.f.s.DefaultListableBeanFactory - Returning cached instance of singleton bean 'autoConfigurationReport'
2020-07-15 19:51:16.213 1047 [restartedMain] TRACE o.s.b.a.condition.OnClassCondition - Condition OnClassCondition on org.springframework.boot.autoconfigure.session.SessionAutoConfiguration matched due to @ConditionalOnClass found required class 'org.springframework.session.Session'
2020-07-15 19:51:16.213 1047 [restartedMain] TRACE o.s.b.f.s.DefaultListableBeanFactory - Returning cached instance of singleton bean 'autoConfigurationReport'
2020-07-15 19:51:16.213 1047 [restartedMain] TRACE o.s.b.a.c.OnWebApplicationCondition - Condition OnWebApplicationCondition on org.springframework.boot.autoconfigure.session.SessionAutoConfiguration matched due to @ConditionalOnWebApplication (required) found 'session' scope
2020-07-15 19:51:16.213 1047 [restartedMain] TRACE o.s.b.f.s.DefaultListableBeanFactory - Returning cached instance of singleton bean 'autoConfigurationReport'
2020-07-15 19:51:16.217 1051 [restartedMain] TRACE o.s.b.a.c.OnWebApplicationCondition - Condition OnWebApplicationCondition on org.springframework.boot.autoconfigure.session.SessionAutoConfiguration$ReactiveSessionConfiguration did not match due to did not find reactive web application classes
2020-07-15 19:51:16.217 1051 [restartedMain] TRACE o.s.b.f.s.DefaultListableBeanFactory - Returning cached instance of singleton bean 'autoConfigurationReport'
2020-07-15 19:51:16.217 1051 [restartedMain] TRACE o.s.b.a.c.OnWebApplicationCondition - Condition OnWebApplicationCondition on org.springframework.boot.autoconfigure.session.SessionAutoConfiguration$ServletSessionConfiguration matched due to found 'session' scope
2020-07-15 19:51:16.217 1051 [restartedMain] TRACE o.s.b.f.s.DefaultListableBeanFactory - Returning cached instance of singleton bean 'autoConfigurationReport'
2020-07-15 19:51:16.224 1058 [restartedMain] TRACE o.s.b.a.condition.OnClassCondition - Condition OnClassCondition on org.springframework.boot.autoconfigure.session.RedisSessionConfiguration did not match due to @ConditionalOnClass did not find required classes 'org.springframework.data.redis.core.RedisTemplate', 'org.springframework.session.data.redis.RedisIndexedSessionRepository'
2020-07-15 19:51:16.224 1058 [restartedMain] TRACE o.s.b.f.s.DefaultListableBeanFactory - Returning cached instance of singleton bean 'autoConfigurationReport'
2020-07-15 19:51:16.224 1058 [restartedMain] TRACE o.s.b.a.condition.OnClassCondition - Condition OnClassCondition on org.springframework.boot.autoconfigure.session.MongoSessionConfiguration did not match due to @ConditionalOnClass did not find required classes 'org.springframework.data.mongodb.core.MongoOperations', 'org.springframework.session.data.mongo.MongoIndexedSessionRepository'
2020-07-15 19:51:16.224 1058 [restartedMain] TRACE o.s.b.f.s.DefaultListableBeanFactory - Returning cached instance of singleton bean 'autoConfigurationReport'
2020-07-15 19:51:16.225 1059 [restartedMain] TRACE o.s.b.a.condition.OnClassCondition - Condition OnClassCondition on org.springframework.boot.autoconfigure.session.JdbcSessionConfiguration did not match due to @ConditionalOnClass did not find required classes 'org.springframework.jdbc.core.JdbcTemplate', 'org.springframework.session.jdbc.JdbcIndexedSessionRepository'
2020-07-15 19:51:16.225 1059 [restartedMain] TRACE o.s.b.f.s.DefaultListableBeanFactory - Returning cached instance of singleton bean 'autoConfigurationReport'
2020-07-15 19:51:16.225 1059 [restartedMain] TRACE o.s.b.a.condition.OnClassCondition - Condition OnClassCondition on org.springframework.boot.autoconfigure.session.HazelcastSessionConfiguration did not match due to @ConditionalOnClass did not find required class 'org.springframework.session.hazelcast.HazelcastIndexedSessionRepository'
2020-07-15 19:51:16.225 1059 [restartedMain] TRACE o.s.b.f.s.DefaultListableBeanFactory - Returning cached instance of singleton bean 'autoConfigurationReport'
2020-07-15 19:51:16.227 1061 [restartedMain] TRACE o.s.b.a.s.ServletSessionCondition - Condition ServletSessionCondition on org.springframework.boot.autoconfigure.session.NoOpSessionConfiguration matched due to Session Condition did not find property 'spring.session.store-type'
2020-07-15 19:51:16.227 1061 [restartedMain] TRACE o.s.b.f.s.DefaultListableBeanFactory - Returning cached instance of singleton bean 'autoConfigurationReport'
2020-07-15 19:51:16.230 1064 [restartedMain] TRACE o.s.b.a.condition.OnClassCondition - Condition OnClassCondition on org.springframework.boot.autoconfigure.task.TaskSchedulingAutoConfiguration matched due to @ConditionalOnClass found required class 'org.springframework.scheduling.concurrent.ThreadPoolTaskScheduler'
2020-07-15 19:51:16.230 1064 [restartedMain] TRACE o.s.b.f.s.DefaultListableBeanFactory - Returning cached instance of singleton bean 'autoConfigurationReport'
2020-07-15 19:51:16.231 1065 [restartedMain] TRACE o.s.b.a.condition.OnClassCondition - Condition OnClassCondition on org.springframework.boot.autoconfigure.thymeleaf.ThymeleafAutoConfiguration matched due to @ConditionalOnClass found required classes 'org.thymeleaf.templatemode.TemplateMode', 'org.thymeleaf.spring5.SpringTemplateEngine'
2020-07-15 19:51:16.231 1065 [restartedMain] TRACE o.s.b.f.s.DefaultListableBeanFactory - Returning cached instance of singleton bean 'autoConfigurationReport'
2020-07-15 19:51:16.235 1069 [restartedMain] TRACE o.s.b.a.condition.OnClassCondition - Condition OnClassCondition on org.springframework.boot.autoconfigure.thymeleaf.ThymeleafAutoConfiguration$ThymeleafJava8TimeDialect matched due to @ConditionalOnClass found required class 'org.thymeleaf.extras.java8time.dialect.Java8TimeDialect'
2020-07-15 19:51:16.235 1069 [restartedMain] TRACE o.s.b.f.s.DefaultListableBeanFactory - Returning cached instance of singleton bean 'autoConfigurationReport'
2020-07-15 19:51:16.236 1070 [restartedMain] TRACE o.s.b.a.condition.OnClassCondition - Condition OnClassCondition on org.springframework.boot.autoconfigure.thymeleaf.ThymeleafAutoConfiguration$ThymeleafSecurityDialectConfiguration matched due to @ConditionalOnClass found required class 'org.thymeleaf.extras.springsecurity5.dialect.SpringSecurityDialect'
2020-07-15 19:51:16.236 1070 [restartedMain] TRACE o.s.b.f.s.DefaultListableBeanFactory - Returning cached instance of singleton bean 'autoConfigurationReport'
2020-07-15 19:51:16.237 1071 [restartedMain] TRACE o.s.b.a.condition.OnClassCondition - Condition OnClassCondition on org.springframework.boot.autoconfigure.thymeleaf.ThymeleafAutoConfiguration$DataAttributeDialectConfiguration did not match due to @ConditionalOnClass did not find required class 'com.github.mxab.thymeleaf.extras.dataattribute.dialect.DataAttributeDialect'
2020-07-15 19:51:16.237 1071 [restartedMain] TRACE o.s.b.f.s.DefaultListableBeanFactory - Returning cached instance of singleton bean 'autoConfigurationReport'
2020-07-15 19:51:16.237 1071 [restartedMain] TRACE o.s.b.a.condition.OnClassCondition - Condition OnClassCondition on org.springframework.boot.autoconfigure.thymeleaf.ThymeleafAutoConfiguration$ThymeleafWebLayoutConfiguration did not match due to @ConditionalOnClass did not find required class 'nz.net.ultraq.thymeleaf.LayoutDialect'
2020-07-15 19:51:16.237 1071 [restartedMain] TRACE o.s.b.f.s.DefaultListableBeanFactory - Returning cached instance of singleton bean 'autoConfigurationReport'
2020-07-15 19:51:16.238 1072 [restartedMain] TRACE o.s.b.a.c.OnWebApplicationCondition - Condition OnWebApplicationCondition on org.springframework.boot.autoconfigure.thymeleaf.ThymeleafAutoConfiguration$ThymeleafWebFluxConfiguration did not match due to did not find reactive web application classes
2020-07-15 19:51:16.238 1072 [restartedMain] TRACE o.s.b.f.s.DefaultListableBeanFactory - Returning cached instance of singleton bean 'autoConfigurationReport'
2020-07-15 19:51:16.238 1072 [restartedMain] TRACE o.s.b.a.c.OnWebApplicationCondition - Condition OnWebApplicationCondition on org.springframework.boot.autoconfigure.thymeleaf.ThymeleafAutoConfiguration$ThymeleafReactiveConfiguration did not match due to did not find reactive web application classes
2020-07-15 19:51:16.238 1072 [restartedMain] TRACE o.s.b.f.s.DefaultListableBeanFactory - Returning cached instance of singleton bean 'autoConfigurationReport'
2020-07-15 19:51:16.238 1072 [restartedMain] TRACE o.s.b.a.c.OnWebApplicationCondition - Condition OnWebApplicationCondition on org.springframework.boot.autoconfigure.thymeleaf.ThymeleafAutoConfiguration$ThymeleafWebMvcConfiguration matched due to found 'session' scope
2020-07-15 19:51:16.238 1072 [restartedMain] TRACE o.s.b.f.s.DefaultListableBeanFactory - Returning cached instance of singleton bean 'autoConfigurationReport'
2020-07-15 19:51:16.239 1073 [restartedMain] TRACE o.s.b.a.c.OnPropertyCondition - Condition OnPropertyCondition on org.springframework.boot.autoconfigure.thymeleaf.ThymeleafAutoConfiguration$ThymeleafWebMvcConfiguration matched due to @ConditionalOnProperty (spring.thymeleaf.enabled) matched
2020-07-15 19:51:16.239 1073 [restartedMain] TRACE o.s.b.f.s.DefaultListableBeanFactory - Returning cached instance of singleton bean 'autoConfigurationReport'
2020-07-15 19:51:16.241 1075 [restartedMain] TRACE o.s.b.a.condition.OnClassCondition - Condition OnClassCondition on org.springframework.boot.autoconfigure.web.client.RestTemplateAutoConfiguration matched due to @ConditionalOnClass found required class 'org.springframework.web.client.RestTemplate'
2020-07-15 19:51:16.241 1075 [restartedMain] TRACE o.s.b.f.s.DefaultListableBeanFactory - Returning cached instance of singleton bean 'autoConfigurationReport'
2020-07-15 19:51:16.242 1076 [restartedMain] TRACE o.s.b.a.w.c.RestTemplateAutoConfiguration$NotReactiveWebApplicationCondition - Condition RestTemplateAutoConfiguration.NotReactiveWebApplicationCondition on org.springframework.boot.autoconfigure.web.client.RestTemplateAutoConfiguration matched due to NoneNestedConditions 0 matched 1 did not; NestedCondition on RestTemplateAutoConfiguration.NotReactiveWebApplicationCondition.ReactiveWebApplication did not find reactive web application classes
2020-07-15 19:51:16.242 1076 [restartedMain] TRACE o.s.b.f.s.DefaultListableBeanFactory - Returning cached instance of singleton bean 'autoConfigurationReport'
2020-07-15 19:51:16.243 1077 [restartedMain] TRACE o.s.b.a.c.OnWebApplicationCondition - Condition OnWebApplicationCondition on org.springframework.boot.autoconfigure.web.embedded.EmbeddedWebServerFactoryCustomizerAutoConfiguration matched due to @ConditionalOnWebApplication (required) found 'session' scope
2020-07-15 19:51:16.243 1077 [restartedMain] TRACE o.s.b.f.s.DefaultListableBeanFactory - Returning cached instance of singleton bean 'autoConfigurationReport'
2020-07-15 19:51:16.245 1079 [restartedMain] TRACE o.s.b.a.condition.OnClassCondition - Condition OnClassCondition on org.springframework.boot.autoconfigure.web.embedded.EmbeddedWebServerFactoryCustomizerAutoConfiguration$NettyWebServerFactoryCustomizerConfiguration did not match due to @ConditionalOnClass did not find required class 'reactor.netty.http.server.HttpServer'
2020-07-15 19:51:16.246 1080 [restartedMain] TRACE o.s.b.f.s.DefaultListableBeanFactory - Returning cached instance of singleton bean 'autoConfigurationReport'
2020-07-15 19:51:16.246 1080 [restartedMain] TRACE o.s.b.a.condition.OnClassCondition - Condition OnClassCondition on org.springframework.boot.autoconfigure.web.embedded.EmbeddedWebServerFactoryCustomizerAutoConfiguration$UndertowWebServerFactoryCustomizerConfiguration did not match due to @ConditionalOnClass did not find required classes 'io.undertow.Undertow', 'org.xnio.SslClientAuthMode'
2020-07-15 19:51:16.246 1080 [restartedMain] TRACE o.s.b.f.s.DefaultListableBeanFactory - Returning cached instance of singleton bean 'autoConfigurationReport'
2020-07-15 19:51:16.247 1081 [restartedMain] TRACE o.s.b.a.condition.OnClassCondition - Condition OnClassCondition on org.springframework.boot.autoconfigure.web.embedded.EmbeddedWebServerFactoryCustomizerAutoConfiguration$JettyWebServerFactoryCustomizerConfiguration did not match due to @ConditionalOnClass did not find required classes 'org.eclipse.jetty.server.Server', 'org.eclipse.jetty.util.Loader', 'org.eclipse.jetty.webapp.WebAppContext'
2020-07-15 19:51:16.247 1081 [restartedMain] TRACE o.s.b.f.s.DefaultListableBeanFactory - Returning cached instance of singleton bean 'autoConfigurationReport'
2020-07-15 19:51:16.247 1081 [restartedMain] TRACE o.s.b.a.condition.OnClassCondition - Condition OnClassCondition on org.springframework.boot.autoconfigure.web.embedded.EmbeddedWebServerFactoryCustomizerAutoConfiguration$TomcatWebServerFactoryCustomizerConfiguration matched due to @ConditionalOnClass found required classes 'org.apache.catalina.startup.Tomcat', 'org.apache.coyote.UpgradeProtocol'
2020-07-15 19:51:16.247 1081 [restartedMain] TRACE o.s.b.f.s.DefaultListableBeanFactory - Returning cached instance of singleton bean 'autoConfigurationReport'
2020-07-15 19:51:16.249 1083 [restartedMain] TRACE o.s.b.a.condition.OnClassCondition - Condition OnClassCondition on org.springframework.boot.autoconfigure.web.servlet.HttpEncodingAutoConfiguration matched due to @ConditionalOnClass found required class 'org.springframework.web.filter.CharacterEncodingFilter'
2020-07-15 19:51:16.249 1083 [restartedMain] TRACE o.s.b.f.s.DefaultListableBeanFactory - Returning cached instance of singleton bean 'autoConfigurationReport'
2020-07-15 19:51:16.249 1083 [restartedMain] TRACE o.s.b.a.c.OnWebApplicationCondition - Condition OnWebApplicationCondition on org.springframework.boot.autoconfigure.web.servlet.HttpEncodingAutoConfiguration matched due to found 'session' scope
2020-07-15 19:51:16.249 1083 [restartedMain] TRACE o.s.b.f.s.DefaultListableBeanFactory - Returning cached instance of singleton bean 'autoConfigurationReport'
2020-07-15 19:51:16.250 1084 [restartedMain] TRACE o.s.b.a.c.OnPropertyCondition - Condition OnPropertyCondition on org.springframework.boot.autoconfigure.web.servlet.HttpEncodingAutoConfiguration matched due to @ConditionalOnProperty (spring.http.encoding.enabled) matched
2020-07-15 19:51:16.250 1084 [restartedMain] TRACE o.s.b.f.s.DefaultListableBeanFactory - Returning cached instance of singleton bean 'autoConfigurationReport'
2020-07-15 19:51:16.252 1086 [restartedMain] TRACE o.s.b.a.condition.OnClassCondition - Condition OnClassCondition on org.springframework.boot.autoconfigure.web.servlet.MultipartAutoConfiguration matched due to @ConditionalOnClass found required classes 'javax.servlet.Servlet', 'org.springframework.web.multipart.support.StandardServletMultipartResolver', 'javax.servlet.MultipartConfigElement'
2020-07-15 19:51:16.252 1086 [restartedMain] TRACE o.s.b.f.s.DefaultListableBeanFactory - Returning cached instance of singleton bean 'autoConfigurationReport'
2020-07-15 19:51:16.252 1086 [restartedMain] TRACE o.s.b.a.c.OnWebApplicationCondition - Condition OnWebApplicationCondition on org.springframework.boot.autoconfigure.web.servlet.MultipartAutoConfiguration matched due to found 'session' scope
2020-07-15 19:51:16.252 1086 [restartedMain] TRACE o.s.b.f.s.DefaultListableBeanFactory - Returning cached instance of singleton bean 'autoConfigurationReport'
2020-07-15 19:51:16.253 1087 [restartedMain] TRACE o.s.b.a.c.OnPropertyCondition - Condition OnPropertyCondition on org.springframework.boot.autoconfigure.web.servlet.MultipartAutoConfiguration matched due to @ConditionalOnProperty (spring.servlet.multipart.enabled) matched
2020-07-15 19:51:16.253 1087 [restartedMain] TRACE o.s.b.f.s.DefaultListableBeanFactory - Returning cached instance of singleton bean 'autoConfigurationReport'
2020-07-15 19:51:16.255 1089 [restartedMain] TRACE o.s.b.d.a.OnEnabledDevToolsCondition - Condition OnEnabledDevToolsCondition on org.springframework.boot.devtools.autoconfigure.DevToolsDataSourceAutoConfiguration matched due to Devtools devtools enabled.
2020-07-15 19:51:16.255 1089 [restartedMain] TRACE o.s.b.f.s.DefaultListableBeanFactory - Returning cached instance of singleton bean 'autoConfigurationReport'
2020-07-15 19:51:16.257 1091 [restartedMain] TRACE o.s.b.a.condition.OnClassCondition - Condition OnClassCondition on org.springframework.boot.devtools.autoconfigure.DevToolsDataSourceAutoConfiguration$DatabaseShutdownExecutorEntityManagerFactoryDependsOnPostProcessor did not match due to @ConditionalOnClass did not find required class 'org.springframework.orm.jpa.LocalContainerEntityManagerFactoryBean'
2020-07-15 19:51:16.258 1092 [restartedMain] TRACE o.s.b.f.s.DefaultListableBeanFactory - Returning cached instance of singleton bean 'autoConfigurationReport'
2020-07-15 19:51:16.258 1092 [restartedMain] TRACE o.s.b.d.r.OnInitializedRestarterCondition - Condition OnInitializedRestarterCondition on org.springframework.boot.devtools.autoconfigure.LocalDevToolsAutoConfiguration matched due to Initialized Restarter Condition available and initialized
2020-07-15 19:51:16.258 1092 [restartedMain] TRACE o.s.b.f.s.DefaultListableBeanFactory - Returning cached instance of singleton bean 'autoConfigurationReport'
2020-07-15 19:51:16.262 1096 [restartedMain] TRACE o.s.b.a.c.OnPropertyCondition - Condition OnPropertyCondition on org.springframework.boot.devtools.autoconfigure.LocalDevToolsAutoConfiguration$RestartConfiguration matched due to @ConditionalOnProperty (spring.devtools.restart.enabled) matched
2020-07-15 19:51:16.262 1096 [restartedMain] TRACE o.s.b.f.s.DefaultListableBeanFactory - Returning cached instance of singleton bean 'autoConfigurationReport'
2020-07-15 19:51:16.264 1098 [restartedMain] TRACE o.s.b.a.c.OnPropertyCondition - Condition OnPropertyCondition on org.springframework.boot.devtools.autoconfigure.LocalDevToolsAutoConfiguration$LiveReloadConfiguration matched due to @ConditionalOnProperty (spring.devtools.livereload.enabled) matched
2020-07-15 19:51:16.264 1098 [restartedMain] TRACE o.s.b.f.s.DefaultListableBeanFactory - Returning cached instance of singleton bean 'autoConfigurationReport'
2020-07-15 19:51:16.266 1100 [restartedMain] TRACE o.s.b.a.condition.OnClassCondition - Condition OnClassCondition on org.springframework.boot.devtools.autoconfigure.RemoteDevToolsAutoConfiguration matched due to @ConditionalOnClass found required classes 'javax.servlet.Filter', 'org.springframework.http.server.ServerHttpRequest'
2020-07-15 19:51:16.266 1100 [restartedMain] TRACE o.s.b.f.s.DefaultListableBeanFactory - Returning cached instance of singleton bean 'autoConfigurationReport'
2020-07-15 19:51:16.266 1100 [restartedMain] TRACE o.s.b.a.c.OnPropertyCondition - Condition OnPropertyCondition on org.springframework.boot.devtools.autoconfigure.RemoteDevToolsAutoConfiguration did not match due to @ConditionalOnProperty (spring.devtools.remote.secret) did not find property 'secret'
2020-07-15 19:51:16.266 1100 [restartedMain] TRACE o.s.b.f.s.DefaultListableBeanFactory - Returning cached instance of singleton bean 'autoConfigurationReport'
2020-07-15 19:51:16.269 1103 [restartedMain] TRACE o.s.c.a.ConfigurationClassBeanDefinitionReader - Registered bean definition for imported class 'org.springframework.security.config.annotation.configuration.ObjectPostProcessorConfiguration'
2020-07-15 19:51:16.271 1105 [restartedMain] TRACE o.s.c.a.ConfigurationClassBeanDefinitionReader - Registering bean definition for @Bean method org.springframework.security.config.annotation.configuration.ObjectPostProcessorConfiguration.objectPostProcessor()
2020-07-15 19:51:16.272 1106 [restartedMain] TRACE o.s.c.a.ConfigurationClassBeanDefinitionReader - Registered bean definition for imported class 'org.springframework.security.config.annotation.authentication.configuration.AuthenticationConfiguration'
2020-07-15 19:51:16.272 1106 [restartedMain] TRACE o.s.c.a.ConfigurationClassBeanDefinitionReader - Registering bean definition for @Bean method org.springframework.security.config.annotation.authentication.configuration.AuthenticationConfiguration.authenticationManagerBuilder()
2020-07-15 19:51:16.272 1106 [restartedMain] TRACE o.s.c.a.ConfigurationClassBeanDefinitionReader - Registering bean definition for @Bean method org.springframework.security.config.annotation.authentication.configuration.AuthenticationConfiguration.enableGlobalAuthenticationAutowiredConfigurer()
2020-07-15 19:51:16.272 1106 [restartedMain] TRACE o.s.c.a.ConfigurationClassBeanDefinitionReader - Registering bean definition for @Bean method org.springframework.security.config.annotation.authentication.configuration.AuthenticationConfiguration.initializeUserDetailsBeanManagerConfigurer()
2020-07-15 19:51:16.273 1107 [restartedMain] TRACE o.s.c.a.ConfigurationClassBeanDefinitionReader - Registering bean definition for @Bean method org.springframework.security.config.annotation.authentication.configuration.AuthenticationConfiguration.initializeAuthenticationProviderBeanManagerConfigurer()
2020-07-15 19:51:16.273 1107 [restartedMain] TRACE o.s.c.a.ConfigurationClassBeanDefinitionReader - Registered bean definition for imported class 'org.springframework.security.config.annotation.web.configuration.WebSecurityConfiguration'
2020-07-15 19:51:16.273 1107 [restartedMain] TRACE o.s.c.a.ConfigurationClassBeanDefinitionReader - Registering bean definition for @Bean method org.springframework.security.config.annotation.web.configuration.WebSecurityConfiguration.delegatingApplicationListener()
2020-07-15 19:51:16.273 1107 [restartedMain] TRACE o.s.c.a.ConfigurationClassBeanDefinitionReader - Registering bean definition for @Bean method org.springframework.security.config.annotation.web.configuration.WebSecurityConfiguration.webSecurityExpressionHandler()
2020-07-15 19:51:16.273 1107 [restartedMain] TRACE o.s.c.a.ConfigurationClassBeanDefinitionReader - Registering bean definition for @Bean method org.springframework.security.config.annotation.web.configuration.WebSecurityConfiguration.springSecurityFilterChain()
2020-07-15 19:51:16.273 1107 [restartedMain] TRACE o.s.c.a.ConfigurationClassBeanDefinitionReader - Registering bean definition for @Bean method org.springframework.security.config.annotation.web.configuration.WebSecurityConfiguration.privilegeEvaluator()
2020-07-15 19:51:16.273 1107 [restartedMain] TRACE o.s.c.a.ConfigurationClassBeanDefinitionReader - Registering bean definition for @Bean method org.springframework.security.config.annotation.web.configuration.WebSecurityConfiguration.conversionServicePostProcessor()
2020-07-15 19:51:16.273 1107 [restartedMain] TRACE o.s.c.a.ConfigurationClassBeanDefinitionReader - Registering bean definition for @Bean method org.springframework.security.config.annotation.web.configuration.WebSecurityConfiguration.autowiredWebSecurityConfigurersIgnoreParents()
2020-07-15 19:51:16.273 1107 [restartedMain] TRACE o.s.c.a.ConfigurationClassBeanDefinitionReader - Registered bean definition for imported class 'org.springframework.security.config.annotation.web.configuration.WebMvcSecurityConfiguration'
2020-07-15 19:51:16.273 1107 [restartedMain] TRACE o.s.c.a.ConfigurationClassBeanDefinitionReader - Registering bean definition for @Bean method org.springframework.security.config.annotation.web.configuration.WebMvcSecurityConfiguration.requestDataValueProcessor()
2020-07-15 19:51:16.276 1110 [restartedMain] TRACE o.s.c.a.ConfigurationClassBeanDefinitionReader - Registered bean definition for imported class 'org.springframework.boot.autoconfigure.context.PropertyPlaceholderAutoConfiguration'
2020-07-15 19:51:16.297 1131 [restartedMain] TRACE o.s.b.a.condition.OnBeanCondition - Condition OnBeanCondition on org.springframework.boot.autoconfigure.context.PropertyPlaceholderAutoConfiguration#propertySourcesPlaceholderConfigurer matched due to @ConditionalOnBean (types: org.springframework.context.support.PropertySourcesPlaceholderConfigurer; SearchStrategy: current) did not find any beans
2020-07-15 19:51:16.297 1131 [restartedMain] TRACE o.s.b.f.s.DefaultListableBeanFactory - Returning cached instance of singleton bean 'autoConfigurationReport'
2020-07-15 19:51:16.298 1132 [restartedMain] TRACE o.s.c.a.ConfigurationClassBeanDefinitionReader - Registering bean definition for @Bean method org.springframework.boot.autoconfigure.context.PropertyPlaceholderAutoConfiguration.propertySourcesPlaceholderConfigurer()
2020-07-15 19:51:16.298 1132 [restartedMain] TRACE o.s.b.a.condition.OnClassCondition - Condition OnClassCondition on org.springframework.boot.autoconfigure.websocket.servlet.WebSocketServletAutoConfiguration matched due to @ConditionalOnClass found required classes 'javax.servlet.Servlet', 'javax.websocket.server.ServerContainer'
2020-07-15 19:51:16.298 1132 [restartedMain] TRACE o.s.b.f.s.DefaultListableBeanFactory - Returning cached instance of singleton bean 'autoConfigurationReport'
2020-07-15 19:51:16.298 1132 [restartedMain] TRACE o.s.b.a.c.OnWebApplicationCondition - Condition OnWebApplicationCondition on org.springframework.boot.autoconfigure.websocket.servlet.WebSocketServletAutoConfiguration matched due to found 'session' scope
2020-07-15 19:51:16.298 1132 [restartedMain] TRACE o.s.b.f.s.DefaultListableBeanFactory - Returning cached instance of singleton bean 'autoConfigurationReport'
2020-07-15 19:51:16.299 1133 [restartedMain] TRACE o.s.b.a.condition.OnClassCondition - Condition OnClassCondition on org.springframework.boot.autoconfigure.websocket.servlet.WebSocketServletAutoConfiguration$TomcatWebSocketConfiguration matched due to @ConditionalOnClass found required classes 'org.apache.catalina.startup.Tomcat', 'org.apache.tomcat.websocket.server.WsSci'
2020-07-15 19:51:16.299 1133 [restartedMain] TRACE o.s.b.f.s.DefaultListableBeanFactory - Returning cached instance of singleton bean 'autoConfigurationReport'
2020-07-15 19:51:16.299 1133 [restartedMain] TRACE o.s.c.a.ConfigurationClassBeanDefinitionReader - Registered bean definition for imported class 'org.springframework.boot.autoconfigure.websocket.servlet.WebSocketServletAutoConfiguration$TomcatWebSocketConfiguration'
2020-07-15 19:51:16.299 1133 [restartedMain] TRACE o.s.b.a.condition.OnBeanCondition - Condition OnBeanCondition on org.springframework.boot.autoconfigure.websocket.servlet.WebSocketServletAutoConfiguration$TomcatWebSocketConfiguration#websocketServletWebServerCustomizer matched due to @ConditionalOnBean (names: websocketServletWebServerCustomizer; SearchStrategy: all) did not find any beans
2020-07-15 19:51:16.299 1133 [restartedMain] TRACE o.s.b.f.s.DefaultListableBeanFactory - Returning cached instance of singleton bean 'autoConfigurationReport'
2020-07-15 19:51:16.299 1133 [restartedMain] TRACE o.s.c.a.ConfigurationClassBeanDefinitionReader - Registering bean definition for @Bean method org.springframework.boot.autoconfigure.websocket.servlet.WebSocketServletAutoConfiguration$TomcatWebSocketConfiguration.websocketServletWebServerCustomizer()
2020-07-15 19:51:16.300 1134 [restartedMain] TRACE o.s.c.a.ConfigurationClassBeanDefinitionReader - Registered bean definition for imported class 'org.springframework.boot.autoconfigure.websocket.servlet.WebSocketServletAutoConfiguration'
2020-07-15 19:51:16.300 1134 [restartedMain] TRACE o.s.b.a.condition.OnClassCondition - Condition OnClassCondition on org.springframework.boot.autoconfigure.web.servlet.ServletWebServerFactoryAutoConfiguration matched due to @ConditionalOnClass found required class 'javax.servlet.ServletRequest'
2020-07-15 19:51:16.300 1134 [restartedMain] TRACE o.s.b.f.s.DefaultListableBeanFactory - Returning cached instance of singleton bean 'autoConfigurationReport'
2020-07-15 19:51:16.300 1134 [restartedMain] TRACE o.s.b.a.c.OnWebApplicationCondition - Condition OnWebApplicationCondition on org.springframework.boot.autoconfigure.web.servlet.ServletWebServerFactoryAutoConfiguration matched due to found 'session' scope
2020-07-15 19:51:16.300 1134 [restartedMain] TRACE o.s.b.f.s.DefaultListableBeanFactory - Returning cached instance of singleton bean 'autoConfigurationReport'
2020-07-15 19:51:16.301 1135 [restartedMain] TRACE o.s.b.a.condition.OnClassCondition - Condition OnClassCondition on org.springframework.boot.autoconfigure.web.servlet.ServletWebServerFactoryConfiguration$EmbeddedTomcat matched due to @ConditionalOnClass found required classes 'javax.servlet.Servlet', 'org.apache.catalina.startup.Tomcat', 'org.apache.coyote.UpgradeProtocol'
2020-07-15 19:51:16.301 1135 [restartedMain] TRACE o.s.b.f.s.DefaultListableBeanFactory - Returning cached instance of singleton bean 'autoConfigurationReport'
2020-07-15 19:51:16.303 1137 [restartedMain] TRACE o.s.b.a.condition.OnBeanCondition - Condition OnBeanCondition on org.springframework.boot.autoconfigure.web.servlet.ServletWebServerFactoryConfiguration$EmbeddedTomcat matched due to @ConditionalOnBean (types: org.springframework.boot.web.servlet.server.ServletWebServerFactory; SearchStrategy: current) did not find any beans
2020-07-15 19:51:16.303 1137 [restartedMain] TRACE o.s.b.f.s.DefaultListableBeanFactory - Returning cached instance of singleton bean 'autoConfigurationReport'
2020-07-15 19:51:16.303 1137 [restartedMain] TRACE o.s.c.a.ConfigurationClassBeanDefinitionReader - Registered bean definition for imported class 'org.springframework.boot.autoconfigure.web.servlet.ServletWebServerFactoryConfiguration$EmbeddedTomcat'
2020-07-15 19:51:16.304 1138 [restartedMain] TRACE o.s.c.a.ConfigurationClassBeanDefinitionReader - Registering bean definition for @Bean method org.springframework.boot.autoconfigure.web.servlet.ServletWebServerFactoryConfiguration$EmbeddedTomcat.tomcatServletWebServerFactory()
2020-07-15 19:51:16.305 1139 [restartedMain] TRACE o.s.c.a.ConfigurationClassBeanDefinitionReader - Registered bean definition for imported class 'org.springframework.boot.autoconfigure.web.servlet.ServletWebServerFactoryAutoConfiguration'
2020-07-15 19:51:16.306 1140 [restartedMain] TRACE o.s.c.a.ConfigurationClassBeanDefinitionReader - Registering bean definition for @Bean method org.springframework.boot.autoconfigure.web.servlet.ServletWebServerFactoryAutoConfiguration.servletWebServerFactoryCustomizer()
2020-07-15 19:51:16.306 1140 [restartedMain] TRACE o.s.b.a.condition.OnClassCondition - Condition OnClassCondition on org.springframework.boot.autoconfigure.web.servlet.ServletWebServerFactoryAutoConfiguration#tomcatServletWebServerFactoryCustomizer matched due to @ConditionalOnClass found required class 'org.apache.catalina.startup.Tomcat'
2020-07-15 19:51:16.306 1140 [restartedMain] TRACE o.s.b.f.s.DefaultListableBeanFactory - Returning cached instance of singleton bean 'autoConfigurationReport'
2020-07-15 19:51:16.306 1140 [restartedMain] TRACE o.s.c.a.ConfigurationClassBeanDefinitionReader - Registering bean definition for @Bean method org.springframework.boot.autoconfigure.web.servlet.ServletWebServerFactoryAutoConfiguration.tomcatServletWebServerFactoryCustomizer()
2020-07-15 19:51:16.307 1141 [restartedMain] TRACE o.s.b.a.c.OnPropertyCondition - Condition OnPropertyCondition on org.springframework.boot.autoconfigure.web.servlet.ServletWebServerFactoryAutoConfiguration#forwardedHeaderFilter did not match due to @ConditionalOnProperty (server.forward-headers-strategy=framework) did not find property 'server.forward-headers-strategy'
2020-07-15 19:51:16.307 1141 [restartedMain] TRACE o.s.b.f.s.DefaultListableBeanFactory - Returning cached instance of singleton bean 'autoConfigurationReport'
2020-07-15 19:51:16.324 1158 [restartedMain] TRACE o.s.b.a.condition.OnClassCondition - Condition OnClassCondition on org.springframework.boot.autoconfigure.web.servlet.DispatcherServletAutoConfiguration matched due to @ConditionalOnClass found required class 'org.springframework.web.servlet.DispatcherServlet'
2020-07-15 19:51:16.324 1158 [restartedMain] TRACE o.s.b.f.s.DefaultListableBeanFactory - Returning cached instance of singleton bean 'autoConfigurationReport'
2020-07-15 19:51:16.325 1159 [restartedMain] TRACE o.s.b.a.c.OnWebApplicationCondition - Condition OnWebApplicationCondition on org.springframework.boot.autoconfigure.web.servlet.DispatcherServletAutoConfiguration matched due to found 'session' scope
2020-07-15 19:51:16.325 1159 [restartedMain] TRACE o.s.b.f.s.DefaultListableBeanFactory - Returning cached instance of singleton bean 'autoConfigurationReport'
2020-07-15 19:51:16.325 1159 [restartedMain] TRACE o.s.b.a.condition.OnClassCondition - Condition OnClassCondition on org.springframework.boot.autoconfigure.web.servlet.DispatcherServletAutoConfiguration$DispatcherServletRegistrationConfiguration matched due to @ConditionalOnClass found required class 'javax.servlet.ServletRegistration'
2020-07-15 19:51:16.325 1159 [restartedMain] TRACE o.s.b.f.s.DefaultListableBeanFactory - Returning cached instance of singleton bean 'autoConfigurationReport'
2020-07-15 19:51:16.326 1160 [restartedMain] TRACE o.s.b.a.w.s.DispatcherServletAutoConfiguration$DispatcherServletRegistrationCondition - Condition DispatcherServletAutoConfiguration.DispatcherServletRegistrationCondition on org.springframework.boot.autoconfigure.web.servlet.DispatcherServletAutoConfiguration$DispatcherServletRegistrationConfiguration matched due to DispatcherServlet Registration did not find servlet registration bean
2020-07-15 19:51:16.326 1160 [restartedMain] TRACE o.s.b.f.s.DefaultListableBeanFactory - Returning cached instance of singleton bean 'autoConfigurationReport'
2020-07-15 19:51:16.326 1160 [restartedMain] TRACE o.s.b.a.condition.OnClassCondition - Condition OnClassCondition on org.springframework.boot.autoconfigure.web.servlet.DispatcherServletAutoConfiguration$DispatcherServletConfiguration matched due to @ConditionalOnClass found required class 'javax.servlet.ServletRegistration'
2020-07-15 19:51:16.326 1160 [restartedMain] TRACE o.s.b.f.s.DefaultListableBeanFactory - Returning cached instance of singleton bean 'autoConfigurationReport'
2020-07-15 19:51:16.326 1160 [restartedMain] TRACE o.s.b.a.w.s.DispatcherServletAutoConfiguration$DefaultDispatcherServletCondition - Condition DispatcherServletAutoConfiguration.DefaultDispatcherServletCondition on org.springframework.boot.autoconfigure.web.servlet.DispatcherServletAutoConfiguration$DispatcherServletConfiguration matched due to Default DispatcherServlet did not find dispatcher servlet beans
2020-07-15 19:51:16.327 1161 [restartedMain] TRACE o.s.b.f.s.DefaultListableBeanFactory - Returning cached instance of singleton bean 'autoConfigurationReport'
2020-07-15 19:51:16.328 1162 [restartedMain] TRACE o.s.c.a.ConfigurationClassBeanDefinitionReader - Registered bean definition for imported class 'org.springframework.boot.autoconfigure.web.servlet.DispatcherServletAutoConfiguration$DispatcherServletConfiguration'
2020-07-15 19:51:16.328 1162 [restartedMain] TRACE o.s.c.a.ConfigurationClassBeanDefinitionReader - Registering bean definition for @Bean method org.springframework.boot.autoconfigure.web.servlet.DispatcherServletAutoConfiguration$DispatcherServletConfiguration.dispatcherServlet()
2020-07-15 19:51:16.330 1164 [restartedMain] TRACE o.s.b.a.condition.OnBeanCondition - Condition OnBeanCondition on org.springframework.boot.autoconfigure.web.servlet.DispatcherServletAutoConfiguration$DispatcherServletConfiguration#multipartResolver did not match due to @ConditionalOnBean (types: org.springframework.web.multipart.MultipartResolver; SearchStrategy: all) did not find any beans of type org.springframework.web.multipart.MultipartResolver
2020-07-15 19:51:16.330 1164 [restartedMain] TRACE o.s.b.f.s.DefaultListableBeanFactory - Returning cached instance of singleton bean 'autoConfigurationReport'
2020-07-15 19:51:16.331 1165 [restartedMain] TRACE o.s.c.a.ConfigurationClassBeanDefinitionReader - Registered bean definition for imported class 'org.springframework.boot.autoconfigure.web.servlet.DispatcherServletAutoConfiguration$DispatcherServletRegistrationConfiguration'
2020-07-15 19:51:16.332 1166 [restartedMain] TRACE o.s.b.a.condition.OnBeanCondition - Condition OnBeanCondition on org.springframework.boot.autoconfigure.web.servlet.DispatcherServletAutoConfiguration$DispatcherServletRegistrationConfiguration#dispatcherServletRegistration matched due to @ConditionalOnBean (names: dispatcherServlet types: org.springframework.web.servlet.DispatcherServlet; SearchStrategy: all) found bean 'dispatcherServlet'
2020-07-15 19:51:16.332 1166 [restartedMain] TRACE o.s.b.f.s.DefaultListableBeanFactory - Returning cached instance of singleton bean 'autoConfigurationReport'
2020-07-15 19:51:16.333 1167 [restartedMain] TRACE o.s.c.a.ConfigurationClassBeanDefinitionReader - Registering bean definition for @Bean method org.springframework.boot.autoconfigure.web.servlet.DispatcherServletAutoConfiguration$DispatcherServletRegistrationConfiguration.dispatcherServletRegistration()
2020-07-15 19:51:16.333 1167 [restartedMain] TRACE o.s.c.a.ConfigurationClassBeanDefinitionReader - Registered bean definition for imported class 'org.springframework.boot.autoconfigure.web.servlet.DispatcherServletAutoConfiguration'
2020-07-15 19:51:16.334 1168 [restartedMain] TRACE o.s.b.a.condition.OnClassCondition - Condition OnClassCondition on org.springframework.boot.autoconfigure.task.TaskExecutionAutoConfiguration matched due to @ConditionalOnClass found required class 'org.springframework.scheduling.concurrent.ThreadPoolTaskExecutor'
2020-07-15 19:51:16.334 1168 [restartedMain] TRACE o.s.b.f.s.DefaultListableBeanFactory - Returning cached instance of singleton bean 'autoConfigurationReport'
2020-07-15 19:51:16.334 1168 [restartedMain] TRACE o.s.c.a.ConfigurationClassBeanDefinitionReader - Registered bean definition for imported class 'org.springframework.boot.autoconfigure.task.TaskExecutionAutoConfiguration'
2020-07-15 19:51:16.339 1173 [restartedMain] TRACE o.s.b.a.condition.OnBeanCondition - Condition OnBeanCondition on org.springframework.boot.autoconfigure.task.TaskExecutionAutoConfiguration#taskExecutorBuilder matched due to @ConditionalOnBean (types: org.springframework.boot.task.TaskExecutorBuilder; SearchStrategy: all) did not find any beans
2020-07-15 19:51:16.339 1173 [restartedMain] TRACE o.s.b.f.s.DefaultListableBeanFactory - Returning cached instance of singleton bean 'autoConfigurationReport'
2020-07-15 19:51:16.339 1173 [restartedMain] TRACE o.s.c.a.ConfigurationClassBeanDefinitionReader - Registering bean definition for @Bean method org.springframework.boot.autoconfigure.task.TaskExecutionAutoConfiguration.taskExecutorBuilder()
2020-07-15 19:51:16.340 1174 [restartedMain] TRACE o.s.b.a.condition.OnBeanCondition - Condition OnBeanCondition on org.springframework.boot.autoconfigure.task.TaskExecutionAutoConfiguration#applicationTaskExecutor matched due to @ConditionalOnBean (types: java.util.concurrent.Executor; SearchStrategy: all) did not find any beans
2020-07-15 19:51:16.340 1174 [restartedMain] TRACE o.s.b.f.s.DefaultListableBeanFactory - Returning cached instance of singleton bean 'autoConfigurationReport'
2020-07-15 19:51:16.341 1175 [restartedMain] TRACE o.s.b.f.s.DefaultListableBeanFactory - Alias definition 'taskExecutor' registered for name 'applicationTaskExecutor'
2020-07-15 19:51:16.341 1175 [restartedMain] TRACE o.s.c.a.ConfigurationClassBeanDefinitionReader - Registering bean definition for @Bean method org.springframework.boot.autoconfigure.task.TaskExecutionAutoConfiguration.applicationTaskExecutor()
2020-07-15 19:51:16.342 1176 [restartedMain] TRACE o.s.b.a.condition.OnClassCondition - Condition OnClassCondition on org.springframework.boot.autoconfigure.validation.ValidationAutoConfiguration matched due to @ConditionalOnClass found required class 'javax.validation.executable.ExecutableValidator'
2020-07-15 19:51:16.342 1176 [restartedMain] TRACE o.s.b.f.s.DefaultListableBeanFactory - Returning cached instance of singleton bean 'autoConfigurationReport'
2020-07-15 19:51:16.342 1176 [restartedMain] TRACE o.s.b.a.c.OnResourceCondition - Condition OnResourceCondition on org.springframework.boot.autoconfigure.validation.ValidationAutoConfiguration matched due to @ConditionalOnResource found location classpath:META-INF/services/javax.validation.spi.ValidationProvider
2020-07-15 19:51:16.342 1176 [restartedMain] TRACE o.s.b.f.s.DefaultListableBeanFactory - Returning cached instance of singleton bean 'autoConfigurationReport'
2020-07-15 19:51:16.342 1176 [restartedMain] TRACE o.s.c.a.ConfigurationClassBeanDefinitionReader - Registered bean definition for imported class 'org.springframework.boot.autoconfigure.validation.ValidationAutoConfiguration'
2020-07-15 19:51:16.344 1178 [restartedMain] TRACE o.s.b.a.condition.OnBeanCondition - Condition OnBeanCondition on org.springframework.boot.autoconfigure.validation.ValidationAutoConfiguration#defaultValidator matched due to @ConditionalOnBean (types: javax.validation.Validator; SearchStrategy: all) did not find any beans
2020-07-15 19:51:16.345 1179 [restartedMain] TRACE o.s.b.f.s.DefaultListableBeanFactory - Returning cached instance of singleton bean 'autoConfigurationReport'
2020-07-15 19:51:16.345 1179 [restartedMain] TRACE o.s.c.a.ConfigurationClassBeanDefinitionReader - Registering bean definition for @Bean method org.springframework.boot.autoconfigure.validation.ValidationAutoConfiguration.defaultValidator()
2020-07-15 19:51:16.350 1184 [restartedMain] TRACE o.s.b.a.condition.OnBeanCondition - Condition OnBeanCondition on org.springframework.boot.autoconfigure.validation.ValidationAutoConfiguration#methodValidationPostProcessor matched due to @ConditionalOnBean (types: org.springframework.validation.beanvalidation.MethodValidationPostProcessor; SearchStrategy: all) did not find any beans
2020-07-15 19:51:16.350 1184 [restartedMain] TRACE o.s.b.f.s.DefaultListableBeanFactory - Returning cached instance of singleton bean 'autoConfigurationReport'
2020-07-15 19:51:16.350 1184 [restartedMain] TRACE o.s.c.a.ConfigurationClassBeanDefinitionReader - Registering bean definition for @Bean method org.springframework.boot.autoconfigure.validation.ValidationAutoConfiguration.methodValidationPostProcessor()
2020-07-15 19:51:16.351 1185 [restartedMain] TRACE o.s.b.a.condition.OnClassCondition - Condition OnClassCondition on org.springframework.boot.autoconfigure.web.servlet.error.ErrorMvcAutoConfiguration matched due to @ConditionalOnClass found required classes 'javax.servlet.Servlet', 'org.springframework.web.servlet.DispatcherServlet'
2020-07-15 19:51:16.351 1185 [restartedMain] TRACE o.s.b.f.s.DefaultListableBeanFactory - Returning cached instance of singleton bean 'autoConfigurationReport'
2020-07-15 19:51:16.351 1185 [restartedMain] TRACE o.s.b.a.c.OnWebApplicationCondition - Condition OnWebApplicationCondition on org.springframework.boot.autoconfigure.web.servlet.error.ErrorMvcAutoConfiguration matched due to found 'session' scope
2020-07-15 19:51:16.351 1185 [restartedMain] TRACE o.s.b.f.s.DefaultListableBeanFactory - Returning cached instance of singleton bean 'autoConfigurationReport'
2020-07-15 19:51:16.351 1185 [restartedMain] TRACE o.s.c.a.ConfigurationClassBeanDefinitionReader - Registered bean definition for imported class 'org.springframework.boot.autoconfigure.web.servlet.error.ErrorMvcAutoConfiguration$DefaultErrorViewResolverConfiguration'
2020-07-15 19:51:16.353 1187 [restartedMain] TRACE o.s.b.a.condition.OnBeanCondition - Condition OnBeanCondition on org.springframework.boot.autoconfigure.web.servlet.error.ErrorMvcAutoConfiguration$DefaultErrorViewResolverConfiguration#conventionErrorViewResolver matched due to @ConditionalOnBean (types: org.springframework.web.servlet.DispatcherServlet; SearchStrategy: all) found bean 'dispatcherServlet'; @ConditionalOnBean (types: org.springframework.boot.autoconfigure.web.servlet.error.ErrorViewResolver; SearchStrategy: all) did not find any beans
2020-07-15 19:51:16.353 1187 [restartedMain] TRACE o.s.b.f.s.DefaultListableBeanFactory - Returning cached instance of singleton bean 'autoConfigurationReport'
2020-07-15 19:51:16.354 1188 [restartedMain] TRACE o.s.b.a.condition.OnBeanCondition - Condition OnBeanCondition on org.springframework.boot.autoconfigure.web.servlet.error.ErrorMvcAutoConfiguration$DefaultErrorViewResolverConfiguration#conventionErrorViewResolver matched due to @ConditionalOnBean (types: org.springframework.web.servlet.DispatcherServlet; SearchStrategy: all) found bean 'dispatcherServlet'; @ConditionalOnBean (types: org.springframework.boot.autoconfigure.web.servlet.error.ErrorViewResolver; SearchStrategy: all) did not find any beans
2020-07-15 19:51:16.354 1188 [restartedMain] TRACE o.s.b.f.s.DefaultListableBeanFactory - Returning cached instance of singleton bean 'autoConfigurationReport'
2020-07-15 19:51:16.354 1188 [restartedMain] TRACE o.s.c.a.ConfigurationClassBeanDefinitionReader - Registering bean definition for @Bean method org.springframework.boot.autoconfigure.web.servlet.error.ErrorMvcAutoConfiguration$DefaultErrorViewResolverConfiguration.conventionErrorViewResolver()
2020-07-15 19:51:16.355 1189 [restartedMain] TRACE o.s.c.a.ConfigurationClassBeanDefinitionReader - Registered bean definition for imported class 'org.springframework.boot.autoconfigure.web.servlet.error.ErrorMvcAutoConfiguration'
2020-07-15 19:51:16.357 1191 [restartedMain] TRACE o.s.b.a.condition.OnBeanCondition - Condition OnBeanCondition on org.springframework.boot.autoconfigure.web.servlet.error.ErrorMvcAutoConfiguration#errorAttributes matched due to @ConditionalOnBean (types: org.springframework.boot.web.servlet.error.ErrorAttributes; SearchStrategy: current) did not find any beans
2020-07-15 19:51:16.357 1191 [restartedMain] TRACE o.s.b.f.s.DefaultListableBeanFactory - Returning cached instance of singleton bean 'autoConfigurationReport'
2020-07-15 19:51:16.357 1191 [restartedMain] TRACE o.s.c.a.ConfigurationClassBeanDefinitionReader - Registering bean definition for @Bean method org.springframework.boot.autoconfigure.web.servlet.error.ErrorMvcAutoConfiguration.errorAttributes()
2020-07-15 19:51:16.359 1193 [restartedMain] TRACE o.s.b.a.condition.OnBeanCondition - Condition OnBeanCondition on org.springframework.boot.autoconfigure.web.servlet.error.ErrorMvcAutoConfiguration#basicErrorController matched due to @ConditionalOnBean (types: org.springframework.boot.web.servlet.error.ErrorController; SearchStrategy: current) did not find any beans
2020-07-15 19:51:16.359 1193 [restartedMain] TRACE o.s.b.f.s.DefaultListableBeanFactory - Returning cached instance of singleton bean 'autoConfigurationReport'
2020-07-15 19:51:16.360 1194 [restartedMain] TRACE o.s.c.a.ConfigurationClassBeanDefinitionReader - Registering bean definition for @Bean method org.springframework.boot.autoconfigure.web.servlet.error.ErrorMvcAutoConfiguration.basicErrorController()
2020-07-15 19:51:16.360 1194 [restartedMain] TRACE o.s.c.a.ConfigurationClassBeanDefinitionReader - Registering bean definition for @Bean method org.springframework.boot.autoconfigure.web.servlet.error.ErrorMvcAutoConfiguration.errorPageCustomizer()
2020-07-15 19:51:16.360 1194 [restartedMain] TRACE o.s.c.a.ConfigurationClassBeanDefinitionReader - Registering bean definition for @Bean method org.springframework.boot.autoconfigure.web.servlet.error.ErrorMvcAutoConfiguration.preserveErrorControllerTargetClassPostProcessor()
2020-07-15 19:51:16.361 1195 [restartedMain] TRACE o.s.b.a.condition.OnClassCondition - Condition OnClassCondition on org.springframework.boot.autoconfigure.web.servlet.WebMvcAutoConfiguration matched due to @ConditionalOnClass found required classes 'javax.servlet.Servlet', 'org.springframework.web.servlet.DispatcherServlet', 'org.springframework.web.servlet.config.annotation.WebMvcConfigurer'
2020-07-15 19:51:16.361 1195 [restartedMain] TRACE o.s.b.f.s.DefaultListableBeanFactory - Returning cached instance of singleton bean 'autoConfigurationReport'
2020-07-15 19:51:16.361 1195 [restartedMain] TRACE o.s.b.a.c.OnWebApplicationCondition - Condition OnWebApplicationCondition on org.springframework.boot.autoconfigure.web.servlet.WebMvcAutoConfiguration matched due to found 'session' scope
2020-07-15 19:51:16.361 1195 [restartedMain] TRACE o.s.b.f.s.DefaultListableBeanFactory - Returning cached instance of singleton bean 'autoConfigurationReport'
2020-07-15 19:51:16.363 1197 [restartedMain] TRACE o.s.b.a.condition.OnBeanCondition - Condition OnBeanCondition on org.springframework.boot.autoconfigure.web.servlet.WebMvcAutoConfiguration matched due to @ConditionalOnBean (types: org.springframework.web.servlet.config.annotation.WebMvcConfigurationSupport; SearchStrategy: all) did not find any beans
2020-07-15 19:51:16.363 1197 [restartedMain] TRACE o.s.b.f.s.DefaultListableBeanFactory - Returning cached instance of singleton bean 'autoConfigurationReport'
2020-07-15 19:51:16.363 1197 [restartedMain] TRACE o.s.c.a.ConfigurationClassBeanDefinitionReader - Registered bean definition for imported class 'org.springframework.boot.autoconfigure.web.servlet.WebMvcAutoConfiguration$EnableWebMvcConfiguration'
2020-07-15 19:51:16.363 1197 [restartedMain] TRACE o.s.c.a.ConfigurationClassBeanDefinitionReader - Registering bean definition for @Bean method org.springframework.boot.autoconfigure.web.servlet.WebMvcAutoConfiguration$EnableWebMvcConfiguration.requestMappingHandlerAdapter()
2020-07-15 19:51:16.363 1197 [restartedMain] TRACE o.s.c.a.ConfigurationClassBeanDefinitionReader - Registering bean definition for @Bean method org.springframework.boot.autoconfigure.web.servlet.WebMvcAutoConfiguration$EnableWebMvcConfiguration.requestMappingHandlerMapping()
2020-07-15 19:51:16.363 1197 [restartedMain] TRACE o.s.c.a.ConfigurationClassBeanDefinitionReader - Registering bean definition for @Bean method org.springframework.boot.autoconfigure.web.servlet.WebMvcAutoConfiguration$EnableWebMvcConfiguration.welcomePageHandlerMapping()
2020-07-15 19:51:16.363 1197 [restartedMain] TRACE o.s.c.a.ConfigurationClassBeanDefinitionReader - Registering bean definition for @Bean method org.springframework.boot.autoconfigure.web.servlet.WebMvcAutoConfiguration$EnableWebMvcConfiguration.mvcConversionService()
2020-07-15 19:51:16.364 1198 [restartedMain] TRACE o.s.c.a.ConfigurationClassBeanDefinitionReader - Registering bean definition for @Bean method org.springframework.boot.autoconfigure.web.servlet.WebMvcAutoConfiguration$EnableWebMvcConfiguration.mvcValidator()
2020-07-15 19:51:16.364 1198 [restartedMain] TRACE o.s.c.a.ConfigurationClassBeanDefinitionReader - Registering bean definition for @Bean method org.springframework.boot.autoconfigure.web.servlet.WebMvcAutoConfiguration$EnableWebMvcConfiguration.mvcContentNegotiationManager()
2020-07-15 19:51:16.364 1198 [restartedMain] TRACE o.s.c.a.ConfigurationClassBeanDefinitionReader - Registering bean definition for @Bean method org.springframework.boot.autoconfigure.web.servlet.WebMvcAutoConfiguration$EnableWebMvcConfiguration.mvcPathMatcher()
2020-07-15 19:51:16.364 1198 [restartedMain] TRACE o.s.c.a.ConfigurationClassBeanDefinitionReader - Registering bean definition for @Bean method org.springframework.boot.autoconfigure.web.servlet.WebMvcAutoConfiguration$EnableWebMvcConfiguration.mvcUrlPathHelper()
2020-07-15 19:51:16.364 1198 [restartedMain] TRACE o.s.c.a.ConfigurationClassBeanDefinitionReader - Registering bean definition for @Bean method org.springframework.boot.autoconfigure.web.servlet.WebMvcAutoConfiguration$EnableWebMvcConfiguration.viewControllerHandlerMapping()
2020-07-15 19:51:16.364 1198 [restartedMain] TRACE o.s.c.a.ConfigurationClassBeanDefinitionReader - Registering bean definition for @Bean method org.springframework.boot.autoconfigure.web.servlet.WebMvcAutoConfiguration$EnableWebMvcConfiguration.beanNameHandlerMapping()
2020-07-15 19:51:16.364 1198 [restartedMain] TRACE o.s.c.a.ConfigurationClassBeanDefinitionReader - Registering bean definition for @Bean method org.springframework.boot.autoconfigure.web.servlet.WebMvcAutoConfiguration$EnableWebMvcConfiguration.routerFunctionMapping()
2020-07-15 19:51:16.364 1198 [restartedMain] TRACE o.s.c.a.ConfigurationClassBeanDefinitionReader - Registering bean definition for @Bean method org.springframework.boot.autoconfigure.web.servlet.WebMvcAutoConfiguration$EnableWebMvcConfiguration.resourceHandlerMapping()
2020-07-15 19:51:16.365 1199 [restartedMain] TRACE o.s.c.a.ConfigurationClassBeanDefinitionReader - Registering bean definition for @Bean method org.springframework.boot.autoconfigure.web.servlet.WebMvcAutoConfiguration$EnableWebMvcConfiguration.mvcResourceUrlProvider()
2020-07-15 19:51:16.365 1199 [restartedMain] TRACE o.s.c.a.ConfigurationClassBeanDefinitionReader - Registering bean definition for @Bean method org.springframework.boot.autoconfigure.web.servlet.WebMvcAutoConfiguration$EnableWebMvcConfiguration.defaultServletHandlerMapping()
2020-07-15 19:51:16.365 1199 [restartedMain] TRACE o.s.c.a.ConfigurationClassBeanDefinitionReader - Registering bean definition for @Bean method org.springframework.boot.autoconfigure.web.servlet.WebMvcAutoConfiguration$EnableWebMvcConfiguration.handlerFunctionAdapter()
2020-07-15 19:51:16.365 1199 [restartedMain] TRACE o.s.c.a.ConfigurationClassBeanDefinitionReader - Registering bean definition for @Bean method org.springframework.boot.autoconfigure.web.servlet.WebMvcAutoConfiguration$EnableWebMvcConfiguration.mvcUriComponentsContributor()
2020-07-15 19:51:16.365 1199 [restartedMain] TRACE o.s.c.a.ConfigurationClassBeanDefinitionReader - Registering bean definition for @Bean method org.springframework.boot.autoconfigure.web.servlet.WebMvcAutoConfiguration$EnableWebMvcConfiguration.httpRequestHandlerAdapter()
2020-07-15 19:51:16.365 1199 [restartedMain] TRACE o.s.c.a.ConfigurationClassBeanDefinitionReader - Registering bean definition for @Bean method org.springframework.boot.autoconfigure.web.servlet.WebMvcAutoConfiguration$EnableWebMvcConfiguration.simpleControllerHandlerAdapter()
2020-07-15 19:51:16.365 1199 [restartedMain] TRACE o.s.c.a.ConfigurationClassBeanDefinitionReader - Registering bean definition for @Bean method org.springframework.boot.autoconfigure.web.servlet.WebMvcAutoConfiguration$EnableWebMvcConfiguration.handlerExceptionResolver()
2020-07-15 19:51:16.365 1199 [restartedMain] TRACE o.s.c.a.ConfigurationClassBeanDefinitionReader - Registering bean definition for @Bean method org.springframework.boot.autoconfigure.web.servlet.WebMvcAutoConfiguration$EnableWebMvcConfiguration.mvcViewResolver()
2020-07-15 19:51:16.365 1199 [restartedMain] TRACE o.s.c.a.ConfigurationClassBeanDefinitionReader - Registering bean definition for @Bean method org.springframework.boot.autoconfigure.web.servlet.WebMvcAutoConfiguration$EnableWebMvcConfiguration.mvcHandlerMappingIntrospector()
2020-07-15 19:51:16.366 1200 [restartedMain] TRACE o.s.c.a.ConfigurationClassBeanDefinitionReader - Registered bean definition for imported class 'org.springframework.boot.autoconfigure.web.servlet.WebMvcAutoConfiguration$WebMvcAutoConfigurationAdapter'
2020-07-15 19:51:16.381 1215 [restartedMain] TRACE o.s.b.a.condition.OnBeanCondition - Condition OnBeanCondition on org.springframework.boot.autoconfigure.web.servlet.WebMvcAutoConfiguration$WebMvcAutoConfigurationAdapter#defaultViewResolver matched due to @ConditionalOnBean (types: org.springframework.web.servlet.view.InternalResourceViewResolver; SearchStrategy: all) did not find any beans
2020-07-15 19:51:16.381 1215 [restartedMain] TRACE o.s.b.f.s.DefaultListableBeanFactory - Returning cached instance of singleton bean 'autoConfigurationReport'
2020-07-15 19:51:16.382 1216 [restartedMain] TRACE o.s.c.a.ConfigurationClassBeanDefinitionReader - Registering bean definition for @Bean method org.springframework.boot.autoconfigure.web.servlet.WebMvcAutoConfiguration$WebMvcAutoConfigurationAdapter.defaultViewResolver()
2020-07-15 19:51:16.384 1218 [restartedMain] TRACE o.s.b.a.condition.OnBeanCondition - Condition OnBeanCondition on org.springframework.boot.autoconfigure.web.servlet.WebMvcAutoConfiguration$WebMvcAutoConfigurationAdapter#beanNameViewResolver did not match due to @ConditionalOnBean (types: org.springframework.web.servlet.View; SearchStrategy: all) did not find any beans of type org.springframework.web.servlet.View
2020-07-15 19:51:16.384 1218 [restartedMain] TRACE o.s.b.f.s.DefaultListableBeanFactory - Returning cached instance of singleton bean 'autoConfigurationReport'
2020-07-15 19:51:16.385 1219 [restartedMain] TRACE o.s.b.a.condition.OnBeanCondition - Condition OnBeanCondition on org.springframework.boot.autoconfigure.web.servlet.WebMvcAutoConfiguration$WebMvcAutoConfigurationAdapter#viewResolver matched due to @ConditionalOnBean (types: org.springframework.web.servlet.ViewResolver; SearchStrategy: all) found beans 'defaultViewResolver', 'mvcViewResolver'; @ConditionalOnBean (names: viewResolver types: org.springframework.web.servlet.view.ContentNegotiatingViewResolver; SearchStrategy: all) did not find any beans
2020-07-15 19:51:16.385 1219 [restartedMain] TRACE o.s.b.f.s.DefaultListableBeanFactory - Returning cached instance of singleton bean 'autoConfigurationReport'
2020-07-15 19:51:16.386 1220 [restartedMain] TRACE o.s.b.a.condition.OnBeanCondition - Condition OnBeanCondition on org.springframework.boot.autoconfigure.web.servlet.WebMvcAutoConfiguration$WebMvcAutoConfigurationAdapter#viewResolver matched due to @ConditionalOnBean (types: org.springframework.web.servlet.ViewResolver; SearchStrategy: all) found beans 'defaultViewResolver', 'mvcViewResolver'; @ConditionalOnBean (names: viewResolver types: org.springframework.web.servlet.view.ContentNegotiatingViewResolver; SearchStrategy: all) did not find any beans
2020-07-15 19:51:16.386 1220 [restartedMain] TRACE o.s.b.f.s.DefaultListableBeanFactory - Returning cached instance of singleton bean 'autoConfigurationReport'
2020-07-15 19:51:16.386 1220 [restartedMain] TRACE o.s.c.a.ConfigurationClassBeanDefinitionReader - Registering bean definition for @Bean method org.springframework.boot.autoconfigure.web.servlet.WebMvcAutoConfiguration$WebMvcAutoConfigurationAdapter.viewResolver()
2020-07-15 19:51:16.386 1220 [restartedMain] TRACE o.s.b.a.c.OnPropertyCondition - Condition OnPropertyCondition on org.springframework.boot.autoconfigure.web.servlet.WebMvcAutoConfiguration$WebMvcAutoConfigurationAdapter#localeResolver did not match due to @ConditionalOnProperty (spring.mvc.locale) did not find property 'locale'
2020-07-15 19:51:16.386 1220 [restartedMain] TRACE o.s.b.f.s.DefaultListableBeanFactory - Returning cached instance of singleton bean 'autoConfigurationReport'
2020-07-15 19:51:16.388 1222 [restartedMain] TRACE o.s.b.a.condition.OnBeanCondition - Condition OnBeanCondition on org.springframework.boot.autoconfigure.web.servlet.WebMvcAutoConfiguration$WebMvcAutoConfigurationAdapter#requestContextFilter matched due to @ConditionalOnBean (types: org.springframework.web.context.request.RequestContextListener,org.springframework.web.filter.RequestContextFilter; SearchStrategy: all) did not find any beans
2020-07-15 19:51:16.388 1222 [restartedMain] TRACE o.s.b.f.s.DefaultListableBeanFactory - Returning cached instance of singleton bean 'autoConfigurationReport'
2020-07-15 19:51:16.389 1223 [restartedMain] TRACE o.s.b.a.condition.OnBeanCondition - Condition OnBeanCondition on org.springframework.boot.autoconfigure.web.servlet.WebMvcAutoConfiguration$WebMvcAutoConfigurationAdapter#requestContextFilter matched due to @ConditionalOnBean (types: org.springframework.web.context.request.RequestContextListener,org.springframework.web.filter.RequestContextFilter; SearchStrategy: all) did not find any beans
2020-07-15 19:51:16.389 1223 [restartedMain] TRACE o.s.b.f.s.DefaultListableBeanFactory - Returning cached instance of singleton bean 'autoConfigurationReport'
2020-07-15 19:51:16.389 1223 [restartedMain] TRACE o.s.c.a.ConfigurationClassBeanDefinitionReader - Registering bean definition for @Bean method org.springframework.boot.autoconfigure.web.servlet.WebMvcAutoConfiguration$WebMvcAutoConfigurationAdapter.requestContextFilter()
2020-07-15 19:51:16.390 1224 [restartedMain] TRACE o.s.c.a.ConfigurationClassBeanDefinitionReader - Registered bean definition for imported class 'org.springframework.boot.autoconfigure.web.servlet.WebMvcAutoConfiguration'
2020-07-15 19:51:16.390 1224 [restartedMain] TRACE o.s.b.a.c.OnPropertyCondition - Condition OnPropertyCondition on org.springframework.boot.autoconfigure.web.servlet.WebMvcAutoConfiguration#hiddenHttpMethodFilter did not match due to @ConditionalOnProperty (spring.mvc.hiddenmethod.filter.enabled) did not find property 'enabled'
2020-07-15 19:51:16.390 1224 [restartedMain] TRACE o.s.b.f.s.DefaultListableBeanFactory - Returning cached instance of singleton bean 'autoConfigurationReport'
2020-07-15 19:51:16.391 1225 [restartedMain] TRACE o.s.b.a.c.OnPropertyCondition - Condition OnPropertyCondition on org.springframework.boot.autoconfigure.web.servlet.WebMvcAutoConfiguration#formContentFilter matched due to @ConditionalOnProperty (spring.mvc.formcontent.filter.enabled) matched
2020-07-15 19:51:16.391 1225 [restartedMain] TRACE o.s.b.f.s.DefaultListableBeanFactory - Returning cached instance of singleton bean 'autoConfigurationReport'
2020-07-15 19:51:16.393 1227 [restartedMain] TRACE o.s.b.a.condition.OnBeanCondition - Condition OnBeanCondition on org.springframework.boot.autoconfigure.web.servlet.WebMvcAutoConfiguration#formContentFilter matched due to @ConditionalOnBean (types: org.springframework.web.filter.FormContentFilter; SearchStrategy: all) did not find any beans
2020-07-15 19:51:16.393 1227 [restartedMain] TRACE o.s.b.f.s.DefaultListableBeanFactory - Returning cached instance of singleton bean 'autoConfigurationReport'
2020-07-15 19:51:16.393 1227 [restartedMain] TRACE o.s.c.a.ConfigurationClassBeanDefinitionReader - Registering bean definition for @Bean method org.springframework.boot.autoconfigure.web.servlet.WebMvcAutoConfiguration.formContentFilter()
2020-07-15 19:51:16.393 1227 [restartedMain] TRACE o.s.b.a.c.OnPropertyCondition - Condition OnPropertyCondition on org.springframework.boot.autoconfigure.aop.AopAutoConfiguration matched due to @ConditionalOnProperty (spring.aop.auto=true) matched
2020-07-15 19:51:16.393 1227 [restartedMain] TRACE o.s.b.f.s.DefaultListableBeanFactory - Returning cached instance of singleton bean 'autoConfigurationReport'
2020-07-15 19:51:16.394 1228 [restartedMain] TRACE o.s.b.a.condition.OnClassCondition - Condition OnClassCondition on org.springframework.boot.autoconfigure.aop.AopAutoConfiguration$ClassProxyingConfiguration matched due to @ConditionalOnMissingClass did not find unwanted class 'org.aspectj.weaver.Advice'
2020-07-15 19:51:16.394 1228 [restartedMain] TRACE o.s.b.f.s.DefaultListableBeanFactory - Returning cached instance of singleton bean 'autoConfigurationReport'
2020-07-15 19:51:16.394 1228 [restartedMain] TRACE o.s.b.a.c.OnPropertyCondition - Condition OnPropertyCondition on org.springframework.boot.autoconfigure.aop.AopAutoConfiguration$ClassProxyingConfiguration matched due to @ConditionalOnProperty (spring.aop.proxy-target-class=true) matched
2020-07-15 19:51:16.394 1228 [restartedMain] TRACE o.s.b.f.s.DefaultListableBeanFactory - Returning cached instance of singleton bean 'autoConfigurationReport'
2020-07-15 19:51:16.394 1228 [restartedMain] TRACE o.s.c.a.ConfigurationClassBeanDefinitionReader - Registered bean definition for imported class 'org.springframework.boot.autoconfigure.aop.AopAutoConfiguration$ClassProxyingConfiguration'
2020-07-15 19:51:16.395 1229 [restartedMain] TRACE o.s.c.a.ConfigurationClassBeanDefinitionReader - Registered bean definition for imported class 'org.springframework.boot.autoconfigure.aop.AopAutoConfiguration'
2020-07-15 19:51:16.395 1229 [restartedMain] TRACE o.s.b.a.condition.OnClassCondition - Condition OnClassCondition on org.springframework.boot.autoconfigure.cache.CacheAutoConfiguration matched due to @ConditionalOnClass found required class 'org.springframework.cache.CacheManager'
2020-07-15 19:51:16.395 1229 [restartedMain] TRACE o.s.b.f.s.DefaultListableBeanFactory - Returning cached instance of singleton bean 'autoConfigurationReport'
2020-07-15 19:51:16.400 1234 [restartedMain] TRACE o.s.b.a.condition.OnBeanCondition - Condition OnBeanCondition on org.springframework.boot.autoconfigure.cache.CacheAutoConfiguration did not match due to @ConditionalOnBean (types: org.springframework.cache.interceptor.CacheAspectSupport; SearchStrategy: all) did not find any beans of type org.springframework.cache.interceptor.CacheAspectSupport
2020-07-15 19:51:16.400 1234 [restartedMain] TRACE o.s.b.f.s.DefaultListableBeanFactory - Returning cached instance of singleton bean 'autoConfigurationReport'
2020-07-15 19:51:16.400 1234 [restartedMain] TRACE o.s.c.a.ConfigurationClassBeanDefinitionReader - Registered bean definition for imported class 'org.springframework.boot.autoconfigure.context.ConfigurationPropertiesAutoConfiguration'
2020-07-15 19:51:16.401 1235 [restartedMain] TRACE o.s.b.a.condition.OnClassCondition - Condition OnClassCondition on org.springframework.boot.autoconfigure.jackson.JacksonAutoConfiguration matched due to @ConditionalOnClass found required class 'com.fasterxml.jackson.databind.ObjectMapper'
2020-07-15 19:51:16.401 1235 [restartedMain] TRACE o.s.b.f.s.DefaultListableBeanFactory - Returning cached instance of singleton bean 'autoConfigurationReport'
2020-07-15 19:51:16.401 1235 [restartedMain] TRACE o.s.b.a.condition.OnClassCondition - Condition OnClassCondition on org.springframework.boot.autoconfigure.jackson.JacksonAutoConfiguration$Jackson2ObjectMapperBuilderCustomizerConfiguration matched due to @ConditionalOnClass found required class 'org.springframework.http.converter.json.Jackson2ObjectMapperBuilder'
2020-07-15 19:51:16.401 1235 [restartedMain] TRACE o.s.b.f.s.DefaultListableBeanFactory - Returning cached instance of singleton bean 'autoConfigurationReport'
2020-07-15 19:51:16.402 1236 [restartedMain] TRACE o.s.c.a.ConfigurationClassBeanDefinitionReader - Registered bean definition for imported class 'org.springframework.boot.autoconfigure.jackson.JacksonAutoConfiguration$Jackson2ObjectMapperBuilderCustomizerConfiguration'
2020-07-15 19:51:16.402 1236 [restartedMain] TRACE o.s.c.a.ConfigurationClassBeanDefinitionReader - Registering bean definition for @Bean method org.springframework.boot.autoconfigure.jackson.JacksonAutoConfiguration$Jackson2ObjectMapperBuilderCustomizerConfiguration.standardJacksonObjectMapperBuilderCustomizer()
2020-07-15 19:51:16.402 1236 [restartedMain] TRACE o.s.b.a.condition.OnClassCondition - Condition OnClassCondition on org.springframework.boot.autoconfigure.jackson.JacksonAutoConfiguration$JacksonObjectMapperBuilderConfiguration matched due to @ConditionalOnClass found required class 'org.springframework.http.converter.json.Jackson2ObjectMapperBuilder'
2020-07-15 19:51:16.403 1237 [restartedMain] TRACE o.s.b.f.s.DefaultListableBeanFactory - Returning cached instance of singleton bean 'autoConfigurationReport'
2020-07-15 19:51:16.403 1237 [restartedMain] TRACE o.s.c.a.ConfigurationClassBeanDefinitionReader - Registered bean definition for imported class 'org.springframework.boot.autoconfigure.jackson.JacksonAutoConfiguration$JacksonObjectMapperBuilderConfiguration'
2020-07-15 19:51:16.405 1239 [restartedMain] TRACE o.s.b.a.condition.OnBeanCondition - Condition OnBeanCondition on org.springframework.boot.autoconfigure.jackson.JacksonAutoConfiguration$JacksonObjectMapperBuilderConfiguration#jacksonObjectMapperBuilder matched due to @ConditionalOnBean (types: org.springframework.http.converter.json.Jackson2ObjectMapperBuilder; SearchStrategy: all) did not find any beans
2020-07-15 19:51:16.405 1239 [restartedMain] TRACE o.s.b.f.s.DefaultListableBeanFactory - Returning cached instance of singleton bean 'autoConfigurationReport'
2020-07-15 19:51:16.405 1239 [restartedMain] TRACE o.s.c.a.ConfigurationClassBeanDefinitionReader - Registering bean definition for @Bean method org.springframework.boot.autoconfigure.jackson.JacksonAutoConfiguration$JacksonObjectMapperBuilderConfiguration.jacksonObjectMapperBuilder()
2020-07-15 19:51:16.405 1239 [restartedMain] TRACE o.s.b.a.condition.OnClassCondition - Condition OnClassCondition on org.springframework.boot.autoconfigure.jackson.JacksonAutoConfiguration$ParameterNamesModuleConfiguration matched due to @ConditionalOnClass found required class 'com.fasterxml.jackson.module.paramnames.ParameterNamesModule'
2020-07-15 19:51:16.405 1239 [restartedMain] TRACE o.s.b.f.s.DefaultListableBeanFactory - Returning cached instance of singleton bean 'autoConfigurationReport'
2020-07-15 19:51:16.406 1240 [restartedMain] TRACE o.s.c.a.ConfigurationClassBeanDefinitionReader - Registered bean definition for imported class 'org.springframework.boot.autoconfigure.jackson.JacksonAutoConfiguration$ParameterNamesModuleConfiguration'
2020-07-15 19:51:16.406 1240 [restartedMain] TRACE o.s.b.a.condition.OnBeanCondition - Condition OnBeanCondition on org.springframework.boot.autoconfigure.jackson.JacksonAutoConfiguration$ParameterNamesModuleConfiguration#parameterNamesModule matched due to @ConditionalOnBean (types: com.fasterxml.jackson.module.paramnames.ParameterNamesModule; SearchStrategy: all) did not find any beans
2020-07-15 19:51:16.407 1241 [restartedMain] TRACE o.s.b.f.s.DefaultListableBeanFactory - Returning cached instance of singleton bean 'autoConfigurationReport'
2020-07-15 19:51:16.407 1241 [restartedMain] TRACE o.s.c.a.ConfigurationClassBeanDefinitionReader - Registering bean definition for @Bean method org.springframework.boot.autoconfigure.jackson.JacksonAutoConfiguration$ParameterNamesModuleConfiguration.parameterNamesModule()
2020-07-15 19:51:16.407 1241 [restartedMain] TRACE o.s.b.a.condition.OnClassCondition - Condition OnClassCondition on org.springframework.boot.autoconfigure.jackson.JacksonAutoConfiguration$JacksonObjectMapperConfiguration matched due to @ConditionalOnClass found required class 'org.springframework.http.converter.json.Jackson2ObjectMapperBuilder'
2020-07-15 19:51:16.407 1241 [restartedMain] TRACE o.s.b.f.s.DefaultListableBeanFactory - Returning cached instance of singleton bean 'autoConfigurationReport'
2020-07-15 19:51:16.407 1241 [restartedMain] TRACE o.s.c.a.ConfigurationClassBeanDefinitionReader - Registered bean definition for imported class 'org.springframework.boot.autoconfigure.jackson.JacksonAutoConfiguration$JacksonObjectMapperConfiguration'
2020-07-15 19:51:16.409 1243 [restartedMain] TRACE o.s.b.a.condition.OnBeanCondition - Condition OnBeanCondition on org.springframework.boot.autoconfigure.jackson.JacksonAutoConfiguration$JacksonObjectMapperConfiguration#jacksonObjectMapper matched due to @ConditionalOnBean (types: com.fasterxml.jackson.databind.ObjectMapper; SearchStrategy: all) did not find any beans
2020-07-15 19:51:16.409 1243 [restartedMain] TRACE o.s.b.f.s.DefaultListableBeanFactory - Returning cached instance of singleton bean 'autoConfigurationReport'
2020-07-15 19:51:16.409 1243 [restartedMain] TRACE o.s.c.a.ConfigurationClassBeanDefinitionReader - Registering bean definition for @Bean method org.springframework.boot.autoconfigure.jackson.JacksonAutoConfiguration$JacksonObjectMapperConfiguration.jacksonObjectMapper()
2020-07-15 19:51:16.410 1244 [restartedMain] TRACE o.s.c.a.ConfigurationClassBeanDefinitionReader - Registered bean definition for imported class 'org.springframework.boot.autoconfigure.jackson.JacksonAutoConfiguration'
2020-07-15 19:51:16.410 1244 [restartedMain] TRACE o.s.c.a.ConfigurationClassBeanDefinitionReader - Registering bean definition for @Bean method org.springframework.boot.autoconfigure.jackson.JacksonAutoConfiguration.jsonComponentModule()
2020-07-15 19:51:16.410 1244 [restartedMain] TRACE o.s.b.a.condition.OnClassCondition - Condition OnClassCondition on org.springframework.boot.autoconfigure.http.HttpMessageConvertersAutoConfiguration matched due to @ConditionalOnClass found required class 'org.springframework.http.converter.HttpMessageConverter'
2020-07-15 19:51:16.410 1244 [restartedMain] TRACE o.s.b.f.s.DefaultListableBeanFactory - Returning cached instance of singleton bean 'autoConfigurationReport'
2020-07-15 19:51:16.410 1244 [restartedMain] TRACE o.s.b.a.condition.OnClassCondition - Condition OnClassCondition on org.springframework.boot.autoconfigure.http.HttpMessageConvertersAutoConfiguration$StringHttpMessageConverterConfiguration matched due to @ConditionalOnClass found required class 'org.springframework.http.converter.StringHttpMessageConverter'
2020-07-15 19:51:16.410 1244 [restartedMain] TRACE o.s.b.f.s.DefaultListableBeanFactory - Returning cached instance of singleton bean 'autoConfigurationReport'
2020-07-15 19:51:16.411 1245 [restartedMain] TRACE o.s.c.a.ConfigurationClassBeanDefinitionReader - Registered bean definition for imported class 'org.springframework.boot.autoconfigure.http.HttpMessageConvertersAutoConfiguration$StringHttpMessageConverterConfiguration'
2020-07-15 19:51:16.412 1246 [restartedMain] TRACE o.s.b.a.condition.OnBeanCondition - Condition OnBeanCondition on org.springframework.boot.autoconfigure.http.HttpMessageConvertersAutoConfiguration$StringHttpMessageConverterConfiguration#stringHttpMessageConverter matched due to @ConditionalOnBean (types: org.springframework.http.converter.StringHttpMessageConverter; SearchStrategy: all) did not find any beans
2020-07-15 19:51:16.412 1246 [restartedMain] TRACE o.s.b.f.s.DefaultListableBeanFactory - Returning cached instance of singleton bean 'autoConfigurationReport'
2020-07-15 19:51:16.413 1247 [restartedMain] TRACE o.s.c.a.ConfigurationClassBeanDefinitionReader - Registering bean definition for @Bean method org.springframework.boot.autoconfigure.http.HttpMessageConvertersAutoConfiguration$StringHttpMessageConverterConfiguration.stringHttpMessageConverter()
2020-07-15 19:51:16.413 1247 [restartedMain] TRACE o.s.b.a.condition.OnClassCondition - Condition OnClassCondition on org.springframework.boot.autoconfigure.http.JacksonHttpMessageConvertersConfiguration$MappingJackson2HttpMessageConverterConfiguration matched due to @ConditionalOnClass found required class 'com.fasterxml.jackson.databind.ObjectMapper'
2020-07-15 19:51:16.413 1247 [restartedMain] TRACE o.s.b.f.s.DefaultListableBeanFactory - Returning cached instance of singleton bean 'autoConfigurationReport'
2020-07-15 19:51:16.413 1247 [restartedMain] TRACE o.s.b.a.c.OnPropertyCondition - Condition OnPropertyCondition on org.springframework.boot.autoconfigure.http.JacksonHttpMessageConvertersConfiguration$MappingJackson2HttpMessageConverterConfiguration matched due to @ConditionalOnProperty (spring.http.converters.preferred-json-mapper=jackson) matched
2020-07-15 19:51:16.413 1247 [restartedMain] TRACE o.s.b.f.s.DefaultListableBeanFactory - Returning cached instance of singleton bean 'autoConfigurationReport'
2020-07-15 19:51:16.414 1248 [restartedMain] TRACE o.s.b.a.condition.OnBeanCondition - Condition OnBeanCondition on org.springframework.boot.autoconfigure.http.JacksonHttpMessageConvertersConfiguration$MappingJackson2HttpMessageConverterConfiguration matched due to @ConditionalOnBean (types: com.fasterxml.jackson.databind.ObjectMapper; SearchStrategy: all) found bean 'jacksonObjectMapper'
2020-07-15 19:51:16.414 1248 [restartedMain] TRACE o.s.b.f.s.DefaultListableBeanFactory - Returning cached instance of singleton bean 'autoConfigurationReport'
2020-07-15 19:51:16.414 1248 [restartedMain] TRACE o.s.c.a.ConfigurationClassBeanDefinitionReader - Registered bean definition for imported class 'org.springframework.boot.autoconfigure.http.JacksonHttpMessageConvertersConfiguration$MappingJackson2HttpMessageConverterConfiguration'
2020-07-15 19:51:16.415 1249 [restartedMain] TRACE o.s.b.a.condition.OnBeanCondition - Condition OnBeanCondition on org.springframework.boot.autoconfigure.http.JacksonHttpMessageConvertersConfiguration$MappingJackson2HttpMessageConverterConfiguration#mappingJackson2HttpMessageConverter matched due to @ConditionalOnBean (types: org.springframework.http.converter.json.MappingJackson2HttpMessageConverter ignored: org.springframework.hateoas.server.mvc.TypeConstrainedMappingJackson2HttpMessageConverter,org.springframework.data.rest.webmvc.alps.AlpsJsonHttpMessageConverter; SearchStrategy: all) did not find any beans
2020-07-15 19:51:16.415 1249 [restartedMain] TRACE o.s.b.f.s.DefaultListableBeanFactory - Returning cached instance of singleton bean 'autoConfigurationReport'
2020-07-15 19:51:16.415 1249 [restartedMain] TRACE o.s.c.a.ConfigurationClassBeanDefinitionReader - Registering bean definition for @Bean method org.springframework.boot.autoconfigure.http.JacksonHttpMessageConvertersConfiguration$MappingJackson2HttpMessageConverterConfiguration.mappingJackson2HttpMessageConverter()
2020-07-15 19:51:16.415 1249 [restartedMain] TRACE o.s.c.a.ConfigurationClassBeanDefinitionReader - Registered bean definition for imported class 'org.springframework.boot.autoconfigure.http.JacksonHttpMessageConvertersConfiguration'
2020-07-15 19:51:16.416 1250 [restartedMain] TRACE o.s.c.a.ConfigurationClassBeanDefinitionReader - Registered bean definition for imported class 'org.springframework.boot.autoconfigure.http.HttpMessageConvertersAutoConfiguration'
2020-07-15 19:51:16.418 1252 [restartedMain] TRACE o.s.b.a.condition.OnBeanCondition - Condition OnBeanCondition on org.springframework.boot.autoconfigure.http.HttpMessageConvertersAutoConfiguration#messageConverters matched due to @ConditionalOnBean (types: org.springframework.boot.autoconfigure.http.HttpMessageConverters; SearchStrategy: all) did not find any beans
2020-07-15 19:51:16.418 1252 [restartedMain] TRACE o.s.b.f.s.DefaultListableBeanFactory - Returning cached instance of singleton bean 'autoConfigurationReport'
2020-07-15 19:51:16.418 1252 [restartedMain] TRACE o.s.c.a.ConfigurationClassBeanDefinitionReader - Registering bean definition for @Bean method org.springframework.boot.autoconfigure.http.HttpMessageConvertersAutoConfiguration.messageConverters()
2020-07-15 19:51:16.418 1252 [restartedMain] TRACE o.s.c.a.ConfigurationClassBeanDefinitionReader - Registered bean definition for imported class 'org.springframework.boot.autoconfigure.info.ProjectInfoAutoConfiguration'
2020-07-15 19:51:16.419 1253 [restartedMain] TRACE o.s.c.e.PropertySourcesPropertyResolver - Searching for key 'spring.info.git.location' in PropertySource 'configurationProperties'
2020-07-15 19:51:16.419 1253 [restartedMain] TRACE o.s.c.e.PropertySourcesPropertyResolver - Searching for key 'spring.info.git.location' in PropertySource 'servletConfigInitParams'
2020-07-15 19:51:16.419 1253 [restartedMain] TRACE o.s.c.e.PropertySourcesPropertyResolver - Searching for key 'spring.info.git.location' in PropertySource 'servletContextInitParams'
2020-07-15 19:51:16.419 1253 [restartedMain] TRACE o.s.c.e.PropertySourcesPropertyResolver - Searching for key 'spring.info.git.location' in PropertySource 'systemProperties'
2020-07-15 19:51:16.419 1253 [restartedMain] TRACE o.s.c.e.PropertySourcesPropertyResolver - Searching for key 'spring.info.git.location' in PropertySource 'systemEnvironment'
2020-07-15 19:51:16.419 1253 [restartedMain] TRACE o.s.c.e.PropertySourcesPropertyResolver - Searching for key 'spring.info.git.location' in PropertySource 'random'
2020-07-15 19:51:16.419 1253 [restartedMain] TRACE o.s.c.e.PropertySourcesPropertyResolver - Searching for key 'spring.info.git.location' in PropertySource 'devtools'
2020-07-15 19:51:16.419 1253 [restartedMain] TRACE o.s.c.e.PropertySourcesPropertyResolver - Could not find key 'spring.info.git.location' in any property source
2020-07-15 19:51:16.419 1253 [restartedMain] TRACE o.s.b.a.i.ProjectInfoAutoConfiguration$GitResourceAvailableCondition - Condition ProjectInfoAutoConfiguration.GitResourceAvailableCondition on org.springframework.boot.autoconfigure.info.ProjectInfoAutoConfiguration#gitProperties did not match due to GitResource did not find git info at classpath:git.properties
2020-07-15 19:51:16.419 1253 [restartedMain] TRACE o.s.b.f.s.DefaultListableBeanFactory - Returning cached instance of singleton bean 'autoConfigurationReport'
2020-07-15 19:51:16.419 1253 [restartedMain] TRACE o.s.c.e.PropertySourcesPropertyResolver - Searching for key 'spring.info.build.location:classpath:META-INF/build-info.properties' in PropertySource 'configurationProperties'
2020-07-15 19:51:16.420 1254 [restartedMain] TRACE o.s.c.e.PropertySourcesPropertyResolver - Searching for key 'spring.info.build.location:classpath:META-INF/build-info.properties' in PropertySource 'servletConfigInitParams'
2020-07-15 19:51:16.420 1254 [restartedMain] TRACE o.s.c.e.PropertySourcesPropertyResolver - Searching for key 'spring.info.build.location:classpath:META-INF/build-info.properties' in PropertySource 'servletContextInitParams'
2020-07-15 19:51:16.420 1254 [restartedMain] TRACE o.s.c.e.PropertySourcesPropertyResolver - Searching for key 'spring.info.build.location:classpath:META-INF/build-info.properties' in PropertySource 'systemProperties'
2020-07-15 19:51:16.420 1254 [restartedMain] TRACE o.s.c.e.PropertySourcesPropertyResolver - Searching for key 'spring.info.build.location:classpath:META-INF/build-info.properties' in PropertySource 'systemEnvironment'
2020-07-15 19:51:16.420 1254 [restartedMain] TRACE o.s.c.e.PropertySourcesPropertyResolver - Searching for key 'spring.info.build.location:classpath:META-INF/build-info.properties' in PropertySource 'random'
2020-07-15 19:51:16.420 1254 [restartedMain] TRACE o.s.c.e.PropertySourcesPropertyResolver - Searching for key 'spring.info.build.location:classpath:META-INF/build-info.properties' in PropertySource 'devtools'
2020-07-15 19:51:16.420 1254 [restartedMain] TRACE o.s.c.e.PropertySourcesPropertyResolver - Could not find key 'spring.info.build.location:classpath:META-INF/build-info.properties' in any property source
2020-07-15 19:51:16.420 1254 [restartedMain] TRACE o.s.c.e.PropertySourcesPropertyResolver - Searching for key 'spring.info.build.location' in PropertySource 'configurationProperties'
2020-07-15 19:51:16.420 1254 [restartedMain] TRACE o.s.c.e.PropertySourcesPropertyResolver - Searching for key 'spring.info.build.location' in PropertySource 'servletConfigInitParams'
2020-07-15 19:51:16.420 1254 [restartedMain] TRACE o.s.c.e.PropertySourcesPropertyResolver - Searching for key 'spring.info.build.location' in PropertySource 'servletContextInitParams'
2020-07-15 19:51:16.420 1254 [restartedMain] TRACE o.s.c.e.PropertySourcesPropertyResolver - Searching for key 'spring.info.build.location' in PropertySource 'systemProperties'
2020-07-15 19:51:16.420 1254 [restartedMain] TRACE o.s.c.e.PropertySourcesPropertyResolver - Searching for key 'spring.info.build.location' in PropertySource 'systemEnvironment'
2020-07-15 19:51:16.420 1254 [restartedMain] TRACE o.s.c.e.PropertySourcesPropertyResolver - Searching for key 'spring.info.build.location' in PropertySource 'random'
2020-07-15 19:51:16.420 1254 [restartedMain] TRACE o.s.c.e.PropertySourcesPropertyResolver - Searching for key 'spring.info.build.location' in PropertySource 'devtools'
2020-07-15 19:51:16.420 1254 [restartedMain] TRACE o.s.c.e.PropertySourcesPropertyResolver - Could not find key 'spring.info.build.location' in any property source
2020-07-15 19:51:16.420 1254 [restartedMain] TRACE o.s.util.PropertyPlaceholderHelper - Resolved placeholder 'spring.info.build.location:classpath:META-INF/build-info.properties'
2020-07-15 19:51:16.420 1254 [restartedMain] TRACE o.s.b.a.c.OnResourceCondition - Condition OnResourceCondition on org.springframework.boot.autoconfigure.info.ProjectInfoAutoConfiguration#buildProperties did not match due to @ConditionalOnResource did not find resource '${spring.info.build.location:classpath:META-INF/build-info.properties}'
2020-07-15 19:51:16.420 1254 [restartedMain] TRACE o.s.b.f.s.DefaultListableBeanFactory - Returning cached instance of singleton bean 'autoConfigurationReport'
2020-07-15 19:51:16.421 1255 [restartedMain] TRACE o.s.b.a.c.OnWebApplicationCondition - Condition OnWebApplicationCondition on org.springframework.boot.autoconfigure.security.oauth2.resource.servlet.OAuth2ResourceServerAutoConfiguration matched due to found 'session' scope
2020-07-15 19:51:16.421 1255 [restartedMain] TRACE o.s.b.f.s.DefaultListableBeanFactory - Returning cached instance of singleton bean 'autoConfigurationReport'
2020-07-15 19:51:16.422 1256 [restartedMain] TRACE o.s.c.a.ConfigurationClassBeanDefinitionReader - Registered bean definition for imported class 'org.springframework.boot.autoconfigure.security.oauth2.resource.servlet.OAuth2ResourceServerAutoConfiguration'
2020-07-15 19:51:16.422 1256 [restartedMain] TRACE o.s.b.a.condition.OnClassCondition - Condition OnClassCondition on org.springframework.boot.autoconfigure.security.reactive.ReactiveUserDetailsServiceAutoConfiguration matched due to @ConditionalOnClass found required class 'org.springframework.security.authentication.ReactiveAuthenticationManager'
2020-07-15 19:51:16.422 1256 [restartedMain] TRACE o.s.b.f.s.DefaultListableBeanFactory - Returning cached instance of singleton bean 'autoConfigurationReport'
2020-07-15 19:51:16.424 1258 [restartedMain] TRACE o.s.b.a.s.r.ReactiveUserDetailsServiceAutoConfiguration$ReactiveUserDetailsServiceCondition - Condition ReactiveUserDetailsServiceAutoConfiguration.ReactiveUserDetailsServiceCondition on org.springframework.boot.autoconfigure.security.reactive.ReactiveUserDetailsServiceAutoConfiguration did not match due to AnyNestedCondition 0 matched 2 did not; NestedCondition on ReactiveUserDetailsServiceAutoConfiguration.ReactiveUserDetailsServiceCondition.ReactiveWebApplicationCondition did not find reactive web application classes; NestedCondition on ReactiveUserDetailsServiceAutoConfiguration.ReactiveUserDetailsServiceCondition.RSocketSecurityEnabledCondition @ConditionalOnBean (types: org.springframework.messaging.rsocket.annotation.support.RSocketMessageHandler; SearchStrategy: all) did not find any beans of type org.springframework.messaging.rsocket.annotation.support.RSocketMessageHandler
2020-07-15 19:51:16.424 1258 [restartedMain] TRACE o.s.b.f.s.DefaultListableBeanFactory - Returning cached instance of singleton bean 'autoConfigurationReport'
2020-07-15 19:51:16.424 1258 [restartedMain] TRACE o.s.b.a.condition.OnClassCondition - Condition OnClassCondition on org.springframework.boot.autoconfigure.security.servlet.SecurityAutoConfiguration matched due to @ConditionalOnClass found required class 'org.springframework.security.authentication.DefaultAuthenticationEventPublisher'
2020-07-15 19:51:16.424 1258 [restartedMain] TRACE o.s.b.f.s.DefaultListableBeanFactory - Returning cached instance of singleton bean 'autoConfigurationReport'
2020-07-15 19:51:16.424 1258 [restartedMain] TRACE o.s.b.a.condition.OnClassCondition - Condition OnClassCondition on org.springframework.boot.autoconfigure.security.servlet.SpringBootWebSecurityConfiguration matched due to @ConditionalOnClass found required class 'org.springframework.security.config.annotation.web.configuration.WebSecurityConfigurerAdapter'
2020-07-15 19:51:16.424 1258 [restartedMain] TRACE o.s.b.f.s.DefaultListableBeanFactory - Returning cached instance of singleton bean 'autoConfigurationReport'
2020-07-15 19:51:16.424 1258 [restartedMain] TRACE o.s.b.a.c.OnWebApplicationCondition - Condition OnWebApplicationCondition on org.springframework.boot.autoconfigure.security.servlet.SpringBootWebSecurityConfiguration matched due to found 'session' scope
2020-07-15 19:51:16.424 1258 [restartedMain] TRACE o.s.b.f.s.DefaultListableBeanFactory - Returning cached instance of singleton bean 'autoConfigurationReport'
2020-07-15 19:51:16.426 1260 [restartedMain] TRACE o.s.b.a.condition.OnBeanCondition - Condition OnBeanCondition on org.springframework.boot.autoconfigure.security.servlet.SpringBootWebSecurityConfiguration did not match due to @ConditionalOnBean (types: org.springframework.security.config.annotation.web.configuration.WebSecurityConfigurerAdapter; SearchStrategy: all) found beans of type 'org.springframework.security.config.annotation.web.configuration.WebSecurityConfigurerAdapter' securityConfiguration
2020-07-15 19:51:16.426 1260 [restartedMain] TRACE o.s.b.f.s.DefaultListableBeanFactory - Returning cached instance of singleton bean 'autoConfigurationReport'
2020-07-15 19:51:16.426 1260 [restartedMain] TRACE o.s.b.a.c.OnWebApplicationCondition - Condition OnWebApplicationCondition on org.springframework.boot.autoconfigure.security.servlet.WebSecurityEnablerConfiguration matched due to found 'session' scope
2020-07-15 19:51:16.426 1260 [restartedMain] TRACE o.s.b.f.s.DefaultListableBeanFactory - Returning cached instance of singleton bean 'autoConfigurationReport'
2020-07-15 19:51:16.427 1261 [restartedMain] TRACE o.s.b.a.condition.OnBeanCondition - Condition OnBeanCondition on org.springframework.boot.autoconfigure.security.servlet.WebSecurityEnablerConfiguration did not match due to @ConditionalOnBean (names: springSecurityFilterChain; SearchStrategy: all) found beans named springSecurityFilterChain
2020-07-15 19:51:16.427 1261 [restartedMain] TRACE o.s.b.f.s.DefaultListableBeanFactory - Returning cached instance of singleton bean 'autoConfigurationReport'
2020-07-15 19:51:16.428 1262 [restartedMain] TRACE o.s.c.a.ConfigurationClassBeanDefinitionReader - Registered bean definition for imported class 'org.springframework.boot.autoconfigure.security.servlet.SecurityAutoConfiguration'
2020-07-15 19:51:16.429 1263 [restartedMain] TRACE o.s.b.a.condition.OnBeanCondition - Condition OnBeanCondition on org.springframework.boot.autoconfigure.security.servlet.SecurityAutoConfiguration#authenticationEventPublisher matched due to @ConditionalOnBean (types: org.springframework.security.authentication.AuthenticationEventPublisher; SearchStrategy: all) did not find any beans
2020-07-15 19:51:16.429 1263 [restartedMain] TRACE o.s.b.f.s.DefaultListableBeanFactory - Returning cached instance of singleton bean 'autoConfigurationReport'
2020-07-15 19:51:16.429 1263 [restartedMain] TRACE o.s.c.a.ConfigurationClassBeanDefinitionReader - Registering bean definition for @Bean method org.springframework.boot.autoconfigure.security.servlet.SecurityAutoConfiguration.authenticationEventPublisher()
2020-07-15 19:51:16.429 1263 [restartedMain] TRACE o.s.b.a.condition.OnClassCondition - Condition OnClassCondition on org.springframework.boot.autoconfigure.security.servlet.SecurityFilterAutoConfiguration matched due to @ConditionalOnClass found required classes 'org.springframework.security.web.context.AbstractSecurityWebApplicationInitializer', 'org.springframework.security.config.http.SessionCreationPolicy'
2020-07-15 19:51:16.429 1263 [restartedMain] TRACE o.s.b.f.s.DefaultListableBeanFactory - Returning cached instance of singleton bean 'autoConfigurationReport'
2020-07-15 19:51:16.430 1264 [restartedMain] TRACE o.s.b.a.c.OnWebApplicationCondition - Condition OnWebApplicationCondition on org.springframework.boot.autoconfigure.security.servlet.SecurityFilterAutoConfiguration matched due to found 'session' scope
2020-07-15 19:51:16.430 1264 [restartedMain] TRACE o.s.b.f.s.DefaultListableBeanFactory - Returning cached instance of singleton bean 'autoConfigurationReport'
2020-07-15 19:51:16.430 1264 [restartedMain] TRACE o.s.c.a.ConfigurationClassBeanDefinitionReader - Registered bean definition for imported class 'org.springframework.boot.autoconfigure.security.servlet.SecurityFilterAutoConfiguration'
2020-07-15 19:51:16.430 1264 [restartedMain] TRACE o.s.b.a.condition.OnBeanCondition - Condition OnBeanCondition on org.springframework.boot.autoconfigure.security.servlet.SecurityFilterAutoConfiguration#securityFilterChainRegistration matched due to @ConditionalOnBean (names: springSecurityFilterChain; SearchStrategy: all) found bean 'springSecurityFilterChain'
2020-07-15 19:51:16.430 1264 [restartedMain] TRACE o.s.b.f.s.DefaultListableBeanFactory - Returning cached instance of singleton bean 'autoConfigurationReport'
2020-07-15 19:51:16.430 1264 [restartedMain] TRACE o.s.c.a.ConfigurationClassBeanDefinitionReader - Registering bean definition for @Bean method org.springframework.boot.autoconfigure.security.servlet.SecurityFilterAutoConfiguration.securityFilterChainRegistration()
2020-07-15 19:51:16.430 1264 [restartedMain] TRACE o.s.b.a.condition.OnClassCondition - Condition OnClassCondition on org.springframework.boot.autoconfigure.security.servlet.UserDetailsServiceAutoConfiguration matched due to @ConditionalOnClass found required class 'org.springframework.security.authentication.AuthenticationManager'
2020-07-15 19:51:16.431 1265 [restartedMain] TRACE o.s.b.f.s.DefaultListableBeanFactory - Returning cached instance of singleton bean 'autoConfigurationReport'
2020-07-15 19:51:16.433 1267 [restartedMain] TRACE o.s.b.a.condition.OnBeanCondition - Condition OnBeanCondition on org.springframework.boot.autoconfigure.security.servlet.UserDetailsServiceAutoConfiguration matched due to @ConditionalOnBean (types: org.springframework.security.config.annotation.ObjectPostProcessor; SearchStrategy: all) found bean 'objectPostProcessor'; @ConditionalOnBean (types: org.springframework.security.authentication.AuthenticationManager,org.springframework.security.authentication.AuthenticationProvider,org.springframework.security.core.userdetails.UserDetailsService,org.springframework.security.oauth2.jwt.JwtDecoder,org.springframework.security.oauth2.server.resource.introspection.OpaqueTokenIntrospector; SearchStrategy: all) did not find any beans
2020-07-15 19:51:16.433 1267 [restartedMain] TRACE o.s.b.f.s.DefaultListableBeanFactory - Returning cached instance of singleton bean 'autoConfigurationReport'
2020-07-15 19:51:16.434 1268 [restartedMain] TRACE o.s.b.a.condition.OnBeanCondition - Condition OnBeanCondition on org.springframework.boot.autoconfigure.security.servlet.UserDetailsServiceAutoConfiguration matched due to @ConditionalOnBean (types: org.springframework.security.config.annotation.ObjectPostProcessor; SearchStrategy: all) found bean 'objectPostProcessor'; @ConditionalOnBean (types: org.springframework.security.authentication.AuthenticationManager,org.springframework.security.authentication.AuthenticationProvider,org.springframework.security.core.userdetails.UserDetailsService,org.springframework.security.oauth2.jwt.JwtDecoder,org.springframework.security.oauth2.server.resource.introspection.OpaqueTokenIntrospector; SearchStrategy: all) did not find any beans
2020-07-15 19:51:16.435 1269 [restartedMain] TRACE o.s.b.f.s.DefaultListableBeanFactory - Returning cached instance of singleton bean 'autoConfigurationReport'
2020-07-15 19:51:16.435 1269 [restartedMain] TRACE o.s.c.a.ConfigurationClassBeanDefinitionReader - Registered bean definition for imported class 'org.springframework.boot.autoconfigure.security.servlet.UserDetailsServiceAutoConfiguration'
2020-07-15 19:51:16.435 1269 [restartedMain] TRACE o.s.b.a.condition.OnBeanCondition - Condition OnBeanCondition on org.springframework.boot.autoconfigure.security.servlet.UserDetailsServiceAutoConfiguration#inMemoryUserDetailsManager matched due to @ConditionalOnBean (types: org.springframework.security.oauth2.client.registration.ClientRegistrationRepository; SearchStrategy: all) did not find any beans
2020-07-15 19:51:16.435 1269 [restartedMain] TRACE o.s.b.f.s.DefaultListableBeanFactory - Returning cached instance of singleton bean 'autoConfigurationReport'
2020-07-15 19:51:16.435 1269 [restartedMain] TRACE o.s.c.a.ConfigurationClassBeanDefinitionReader - Registering bean definition for @Bean method org.springframework.boot.autoconfigure.security.servlet.UserDetailsServiceAutoConfiguration.inMemoryUserDetailsManager()
2020-07-15 19:51:16.436 1270 [restartedMain] TRACE o.s.b.a.condition.OnClassCondition - Condition OnClassCondition on org.springframework.boot.autoconfigure.session.SessionAutoConfiguration matched due to @ConditionalOnClass found required class 'org.springframework.session.Session'
2020-07-15 19:51:16.436 1270 [restartedMain] TRACE o.s.b.f.s.DefaultListableBeanFactory - Returning cached instance of singleton bean 'autoConfigurationReport'
2020-07-15 19:51:16.436 1270 [restartedMain] TRACE o.s.b.a.c.OnWebApplicationCondition - Condition OnWebApplicationCondition on org.springframework.boot.autoconfigure.session.SessionAutoConfiguration matched due to @ConditionalOnWebApplication (required) found 'session' scope
2020-07-15 19:51:16.436 1270 [restartedMain] TRACE o.s.b.f.s.DefaultListableBeanFactory - Returning cached instance of singleton bean 'autoConfigurationReport'
2020-07-15 19:51:16.436 1270 [restartedMain] TRACE o.s.b.a.c.OnWebApplicationCondition - Condition OnWebApplicationCondition on org.springframework.boot.autoconfigure.session.SessionAutoConfiguration$ServletSessionConfiguration matched due to found 'session' scope
2020-07-15 19:51:16.436 1270 [restartedMain] TRACE o.s.b.f.s.DefaultListableBeanFactory - Returning cached instance of singleton bean 'autoConfigurationReport'
2020-07-15 19:51:16.438 1272 [restartedMain] TRACE o.s.b.a.condition.OnBeanCondition - Condition OnBeanCondition on org.springframework.boot.autoconfigure.session.SessionAutoConfiguration$ServletSessionConfiguration$ServletSessionRepositoryConfiguration matched due to @ConditionalOnBean (types: org.springframework.session.SessionRepository; SearchStrategy: all) did not find any beans
2020-07-15 19:51:16.438 1272 [restartedMain] TRACE o.s.b.f.s.DefaultListableBeanFactory - Returning cached instance of singleton bean 'autoConfigurationReport'
2020-07-15 19:51:16.438 1272 [restartedMain] TRACE o.s.c.a.ConfigurationClassBeanDefinitionReader - Registered bean definition for imported class 'org.springframework.boot.autoconfigure.session.SessionAutoConfiguration$ServletSessionRepositoryImplementationValidator'
2020-07-15 19:51:16.438 1272 [restartedMain] TRACE o.s.b.a.s.ServletSessionCondition - Condition ServletSessionCondition on org.springframework.boot.autoconfigure.session.NoOpSessionConfiguration matched due to Session Condition did not find property 'spring.session.store-type'
2020-07-15 19:51:16.438 1272 [restartedMain] TRACE o.s.b.f.s.DefaultListableBeanFactory - Returning cached instance of singleton bean 'autoConfigurationReport'
2020-07-15 19:51:16.439 1273 [restartedMain] TRACE o.s.b.a.condition.OnBeanCondition - Condition OnBeanCondition on org.springframework.boot.autoconfigure.session.NoOpSessionConfiguration matched due to @ConditionalOnBean (types: org.springframework.session.SessionRepository; SearchStrategy: all) did not find any beans
2020-07-15 19:51:16.439 1273 [restartedMain] TRACE o.s.b.f.s.DefaultListableBeanFactory - Returning cached instance of singleton bean 'autoConfigurationReport'
2020-07-15 19:51:16.439 1273 [restartedMain] TRACE o.s.c.a.ConfigurationClassBeanDefinitionReader - Registered bean definition for imported class 'org.springframework.boot.autoconfigure.session.NoOpSessionConfiguration'
2020-07-15 19:51:16.439 1273 [restartedMain] TRACE o.s.c.a.ConfigurationClassBeanDefinitionReader - Registered bean definition for imported class 'org.springframework.boot.autoconfigure.session.SessionAutoConfiguration$ServletSessionConfiguration$ServletSessionRepositoryConfiguration'
2020-07-15 19:51:16.439 1273 [restartedMain] TRACE o.s.c.a.ConfigurationClassBeanDefinitionReader - Registered bean definition for imported class 'org.springframework.boot.autoconfigure.session.SessionAutoConfiguration$ServletSessionRepositoryValidator'
2020-07-15 19:51:16.441 1275 [restartedMain] TRACE o.s.b.a.condition.OnBeanCondition - Condition OnBeanCondition on org.springframework.boot.autoconfigure.session.SessionRepositoryFilterConfiguration did not match due to @ConditionalOnBean (types: org.springframework.session.web.http.SessionRepositoryFilter; SearchStrategy: all) did not find any beans of type org.springframework.session.web.http.SessionRepositoryFilter
2020-07-15 19:51:16.441 1275 [restartedMain] TRACE o.s.b.f.s.DefaultListableBeanFactory - Returning cached instance of singleton bean 'autoConfigurationReport'
2020-07-15 19:51:16.441 1275 [restartedMain] TRACE o.s.c.a.ConfigurationClassBeanDefinitionReader - Registered bean definition for imported class 'org.springframework.boot.autoconfigure.session.SessionAutoConfiguration$ServletSessionConfiguration'
2020-07-15 19:51:16.444 1278 [restartedMain] TRACE o.s.b.a.s.SessionAutoConfiguration$DefaultCookieSerializerCondition - Condition SessionAutoConfiguration.DefaultCookieSerializerCondition on org.springframework.boot.autoconfigure.session.SessionAutoConfiguration$ServletSessionConfiguration#cookieSerializer matched due to AnyNestedCondition 1 matched 1 did not; NestedCondition on SessionAutoConfiguration.DefaultCookieSerializerCondition.CookieHttpSessionIdResolverAvailable found non-matching nested conditions @ConditionalOnBean (types: org.springframework.session.web.http.CookieHttpSessionIdResolver; SearchStrategy: all) did not find any beans of type org.springframework.session.web.http.CookieHttpSessionIdResolver, @ConditionalOnBean (types: org.springframework.session.web.http.CookieHttpSessionIdResolver; SearchStrategy: all) did not find any beans of type org.springframework.session.web.http.CookieHttpSessionIdResolver; NestedCondition on SessionAutoConfiguration.DefaultCookieSerializerCondition.NoComponentsAvailable @ConditionalOnBean (types: org.springframework.session.web.http.HttpSessionIdResolver,org.springframework.session.web.http.CookieSerializer; SearchStrategy: all) did not find any beans
2020-07-15 19:51:16.445 1279 [restartedMain] TRACE o.s.b.f.s.DefaultListableBeanFactory - Returning cached instance of singleton bean 'autoConfigurationReport'
2020-07-15 19:51:16.445 1279 [restartedMain] TRACE o.s.c.a.ConfigurationClassBeanDefinitionReader - Registering bean definition for @Bean method org.springframework.boot.autoconfigure.session.SessionAutoConfiguration$ServletSessionConfiguration.cookieSerializer()
2020-07-15 19:51:16.447 1281 [restartedMain] TRACE o.s.c.a.ConfigurationClassBeanDefinitionReader - Registered bean definition for imported class 'org.springframework.boot.autoconfigure.session.SessionAutoConfiguration'
2020-07-15 19:51:16.448 1282 [restartedMain] TRACE o.s.b.a.condition.OnClassCondition - Condition OnClassCondition on org.springframework.boot.autoconfigure.task.TaskSchedulingAutoConfiguration matched due to @ConditionalOnClass found required class 'org.springframework.scheduling.concurrent.ThreadPoolTaskScheduler'
2020-07-15 19:51:16.448 1282 [restartedMain] TRACE o.s.b.f.s.DefaultListableBeanFactory - Returning cached instance of singleton bean 'autoConfigurationReport'
2020-07-15 19:51:16.449 1283 [restartedMain] TRACE o.s.c.a.ConfigurationClassBeanDefinitionReader - Registered bean definition for imported class 'org.springframework.boot.autoconfigure.task.TaskSchedulingAutoConfiguration'
2020-07-15 19:51:16.449 1283 [restartedMain] TRACE o.s.b.a.condition.OnBeanCondition - Condition OnBeanCondition on org.springframework.boot.autoconfigure.task.TaskSchedulingAutoConfiguration#taskScheduler did not match due to @ConditionalOnBean (names: org.springframework.context.annotation.internalScheduledAnnotationProcessor; SearchStrategy: all) did not find any beans named org.springframework.context.annotation.internalScheduledAnnotationProcessor
2020-07-15 19:51:16.449 1283 [restartedMain] TRACE o.s.b.f.s.DefaultListableBeanFactory - Returning cached instance of singleton bean 'autoConfigurationReport'
2020-07-15 19:51:16.451 1285 [restartedMain] TRACE o.s.b.a.condition.OnBeanCondition - Condition OnBeanCondition on org.springframework.boot.autoconfigure.task.TaskSchedulingAutoConfiguration#taskSchedulerBuilder matched due to @ConditionalOnBean (types: org.springframework.boot.task.TaskSchedulerBuilder; SearchStrategy: all) did not find any beans
2020-07-15 19:51:16.451 1285 [restartedMain] TRACE o.s.b.f.s.DefaultListableBeanFactory - Returning cached instance of singleton bean 'autoConfigurationReport'
2020-07-15 19:51:16.451 1285 [restartedMain] TRACE o.s.c.a.ConfigurationClassBeanDefinitionReader - Registering bean definition for @Bean method org.springframework.boot.autoconfigure.task.TaskSchedulingAutoConfiguration.taskSchedulerBuilder()
2020-07-15 19:51:16.451 1285 [restartedMain] TRACE o.s.b.a.condition.OnClassCondition - Condition OnClassCondition on org.springframework.boot.autoconfigure.thymeleaf.ThymeleafAutoConfiguration matched due to @ConditionalOnClass found required classes 'org.thymeleaf.templatemode.TemplateMode', 'org.thymeleaf.spring5.SpringTemplateEngine'
2020-07-15 19:51:16.451 1285 [restartedMain] TRACE o.s.b.f.s.DefaultListableBeanFactory - Returning cached instance of singleton bean 'autoConfigurationReport'
2020-07-15 19:51:16.451 1285 [restartedMain] TRACE o.s.b.a.condition.OnClassCondition - Condition OnClassCondition on org.springframework.boot.autoconfigure.thymeleaf.ThymeleafAutoConfiguration$ThymeleafJava8TimeDialect matched due to @ConditionalOnClass found required class 'org.thymeleaf.extras.java8time.dialect.Java8TimeDialect'
2020-07-15 19:51:16.451 1285 [restartedMain] TRACE o.s.b.f.s.DefaultListableBeanFactory - Returning cached instance of singleton bean 'autoConfigurationReport'
2020-07-15 19:51:16.452 1286 [restartedMain] TRACE o.s.c.a.ConfigurationClassBeanDefinitionReader - Registered bean definition for imported class 'org.springframework.boot.autoconfigure.thymeleaf.ThymeleafAutoConfiguration$ThymeleafJava8TimeDialect'
2020-07-15 19:51:16.452 1286 [restartedMain] TRACE o.s.b.a.condition.OnBeanCondition - Condition OnBeanCondition on org.springframework.boot.autoconfigure.thymeleaf.ThymeleafAutoConfiguration$ThymeleafJava8TimeDialect#java8TimeDialect matched due to @ConditionalOnBean (types: org.thymeleaf.extras.java8time.dialect.Java8TimeDialect; SearchStrategy: all) did not find any beans
2020-07-15 19:51:16.452 1286 [restartedMain] TRACE o.s.b.f.s.DefaultListableBeanFactory - Returning cached instance of singleton bean 'autoConfigurationReport'
2020-07-15 19:51:16.453 1287 [restartedMain] TRACE o.s.c.a.ConfigurationClassBeanDefinitionReader - Registering bean definition for @Bean method org.springframework.boot.autoconfigure.thymeleaf.ThymeleafAutoConfiguration$ThymeleafJava8TimeDialect.java8TimeDialect()
2020-07-15 19:51:16.453 1287 [restartedMain] TRACE o.s.b.a.condition.OnClassCondition - Condition OnClassCondition on org.springframework.boot.autoconfigure.thymeleaf.ThymeleafAutoConfiguration$ThymeleafSecurityDialectConfiguration matched due to @ConditionalOnClass found required class 'org.thymeleaf.extras.springsecurity5.dialect.SpringSecurityDialect'
2020-07-15 19:51:16.453 1287 [restartedMain] TRACE o.s.b.f.s.DefaultListableBeanFactory - Returning cached instance of singleton bean 'autoConfigurationReport'
2020-07-15 19:51:16.453 1287 [restartedMain] TRACE o.s.c.a.ConfigurationClassBeanDefinitionReader - Registered bean definition for imported class 'org.springframework.boot.autoconfigure.thymeleaf.ThymeleafAutoConfiguration$ThymeleafSecurityDialectConfiguration'
2020-07-15 19:51:16.454 1288 [restartedMain] TRACE o.s.b.a.condition.OnBeanCondition - Condition OnBeanCondition on org.springframework.boot.autoconfigure.thymeleaf.ThymeleafAutoConfiguration$ThymeleafSecurityDialectConfiguration#securityDialect matched due to @ConditionalOnBean (types: org.thymeleaf.extras.springsecurity5.dialect.SpringSecurityDialect; SearchStrategy: all) did not find any beans
2020-07-15 19:51:16.454 1288 [restartedMain] TRACE o.s.b.f.s.DefaultListableBeanFactory - Returning cached instance of singleton bean 'autoConfigurationReport'
2020-07-15 19:51:16.454 1288 [restartedMain] TRACE o.s.c.a.ConfigurationClassBeanDefinitionReader - Registering bean definition for @Bean method org.springframework.boot.autoconfigure.thymeleaf.ThymeleafAutoConfiguration$ThymeleafSecurityDialectConfiguration.securityDialect()
2020-07-15 19:51:16.454 1288 [restartedMain] TRACE o.s.b.a.c.OnWebApplicationCondition - Condition OnWebApplicationCondition on org.springframework.boot.autoconfigure.thymeleaf.ThymeleafAutoConfiguration$ThymeleafWebMvcConfiguration matched due to found 'session' scope
2020-07-15 19:51:16.454 1288 [restartedMain] TRACE o.s.b.f.s.DefaultListableBeanFactory - Returning cached instance of singleton bean 'autoConfigurationReport'
2020-07-15 19:51:16.454 1288 [restartedMain] TRACE o.s.b.a.c.OnPropertyCondition - Condition OnPropertyCondition on org.springframework.boot.autoconfigure.thymeleaf.ThymeleafAutoConfiguration$ThymeleafWebMvcConfiguration matched due to @ConditionalOnProperty (spring.thymeleaf.enabled) matched
2020-07-15 19:51:16.455 1289 [restartedMain] TRACE o.s.b.f.s.DefaultListableBeanFactory - Returning cached instance of singleton bean 'autoConfigurationReport'
2020-07-15 19:51:16.455 1289 [restartedMain] TRACE o.s.c.a.ConfigurationClassBeanDefinitionReader - Registered bean definition for imported class 'org.springframework.boot.autoconfigure.thymeleaf.ThymeleafAutoConfiguration$ThymeleafWebMvcConfiguration$ThymeleafViewResolverConfiguration'
2020-07-15 19:51:16.455 1289 [restartedMain] TRACE o.s.b.a.condition.OnBeanCondition - Condition OnBeanCondition on org.springframework.boot.autoconfigure.thymeleaf.ThymeleafAutoConfiguration$ThymeleafWebMvcConfiguration$ThymeleafViewResolverConfiguration#thymeleafViewResolver matched due to @ConditionalOnBean (names: thymeleafViewResolver; SearchStrategy: all) did not find any beans
2020-07-15 19:51:16.455 1289 [restartedMain] TRACE o.s.b.f.s.DefaultListableBeanFactory - Returning cached instance of singleton bean 'autoConfigurationReport'
2020-07-15 19:51:16.455 1289 [restartedMain] TRACE o.s.c.a.ConfigurationClassBeanDefinitionReader - Registering bean definition for @Bean method org.springframework.boot.autoconfigure.thymeleaf.ThymeleafAutoConfiguration$ThymeleafWebMvcConfiguration$ThymeleafViewResolverConfiguration.thymeleafViewResolver()
2020-07-15 19:51:16.455 1289 [restartedMain] TRACE o.s.c.a.ConfigurationClassBeanDefinitionReader - Registered bean definition for imported class 'org.springframework.boot.autoconfigure.thymeleaf.ThymeleafAutoConfiguration$ThymeleafWebMvcConfiguration'
2020-07-15 19:51:16.455 1289 [restartedMain] TRACE o.s.c.e.PropertySourcesPropertyResolver - Searching for key 'spring.resources.chain.strategy.fixed.enabled' in PropertySource 'configurationProperties'
2020-07-15 19:51:16.455 1289 [restartedMain] TRACE o.s.c.e.PropertySourcesPropertyResolver - Searching for key 'spring.resources.chain.strategy.fixed.enabled' in PropertySource 'servletConfigInitParams'
2020-07-15 19:51:16.455 1289 [restartedMain] TRACE o.s.c.e.PropertySourcesPropertyResolver - Searching for key 'spring.resources.chain.strategy.fixed.enabled' in PropertySource 'servletContextInitParams'
2020-07-15 19:51:16.455 1289 [restartedMain] TRACE o.s.c.e.PropertySourcesPropertyResolver - Searching for key 'spring.resources.chain.strategy.fixed.enabled' in PropertySource 'systemProperties'
2020-07-15 19:51:16.455 1289 [restartedMain] TRACE o.s.c.e.PropertySourcesPropertyResolver - Searching for key 'spring.resources.chain.strategy.fixed.enabled' in PropertySource 'systemEnvironment'
2020-07-15 19:51:16.455 1289 [restartedMain] TRACE o.s.c.e.PropertySourcesPropertyResolver - Searching for key 'spring.resources.chain.strategy.fixed.enabled' in PropertySource 'random'
2020-07-15 19:51:16.455 1289 [restartedMain] TRACE o.s.c.e.PropertySourcesPropertyResolver - Searching for key 'spring.resources.chain.strategy.fixed.enabled' in PropertySource 'devtools'
2020-07-15 19:51:16.455 1289 [restartedMain] TRACE o.s.c.e.PropertySourcesPropertyResolver - Could not find key 'spring.resources.chain.strategy.fixed.enabled' in any property source
2020-07-15 19:51:16.455 1289 [restartedMain] TRACE o.s.c.e.PropertySourcesPropertyResolver - Searching for key 'spring.resources.chain.strategy.content.enabled' in PropertySource 'configurationProperties'
2020-07-15 19:51:16.455 1289 [restartedMain] TRACE o.s.c.e.PropertySourcesPropertyResolver - Searching for key 'spring.resources.chain.strategy.content.enabled' in PropertySource 'servletConfigInitParams'
2020-07-15 19:51:16.455 1289 [restartedMain] TRACE o.s.c.e.PropertySourcesPropertyResolver - Searching for key 'spring.resources.chain.strategy.content.enabled' in PropertySource 'servletContextInitParams'
2020-07-15 19:51:16.455 1289 [restartedMain] TRACE o.s.c.e.PropertySourcesPropertyResolver - Searching for key 'spring.resources.chain.strategy.content.enabled' in PropertySource 'systemProperties'
2020-07-15 19:51:16.455 1289 [restartedMain] TRACE o.s.c.e.PropertySourcesPropertyResolver - Searching for key 'spring.resources.chain.strategy.content.enabled' in PropertySource 'systemEnvironment'
2020-07-15 19:51:16.455 1289 [restartedMain] TRACE o.s.c.e.PropertySourcesPropertyResolver - Searching for key 'spring.resources.chain.strategy.content.enabled' in PropertySource 'random'
2020-07-15 19:51:16.455 1289 [restartedMain] TRACE o.s.c.e.PropertySourcesPropertyResolver - Searching for key 'spring.resources.chain.strategy.content.enabled' in PropertySource 'devtools'
2020-07-15 19:51:16.455 1289 [restartedMain] TRACE o.s.c.e.PropertySourcesPropertyResolver - Could not find key 'spring.resources.chain.strategy.content.enabled' in any property source
2020-07-15 19:51:16.455 1289 [restartedMain] TRACE o.s.c.e.PropertySourcesPropertyResolver - Searching for key 'spring.resources.chain.enabled' in PropertySource 'configurationProperties'
2020-07-15 19:51:16.455 1289 [restartedMain] TRACE o.s.c.e.PropertySourcesPropertyResolver - Searching for key 'spring.resources.chain.enabled' in PropertySource 'servletConfigInitParams'
2020-07-15 19:51:16.455 1289 [restartedMain] TRACE o.s.c.e.PropertySourcesPropertyResolver - Searching for key 'spring.resources.chain.enabled' in PropertySource 'servletContextInitParams'
2020-07-15 19:51:16.455 1289 [restartedMain] TRACE o.s.c.e.PropertySourcesPropertyResolver - Searching for key 'spring.resources.chain.enabled' in PropertySource 'systemProperties'
2020-07-15 19:51:16.455 1289 [restartedMain] TRACE o.s.c.e.PropertySourcesPropertyResolver - Searching for key 'spring.resources.chain.enabled' in PropertySource 'systemEnvironment'
2020-07-15 19:51:16.455 1289 [restartedMain] TRACE o.s.c.e.PropertySourcesPropertyResolver - Searching for key 'spring.resources.chain.enabled' in PropertySource 'random'
2020-07-15 19:51:16.455 1289 [restartedMain] TRACE o.s.c.e.PropertySourcesPropertyResolver - Searching for key 'spring.resources.chain.enabled' in PropertySource 'devtools'
2020-07-15 19:51:16.455 1289 [restartedMain] TRACE o.s.c.e.PropertySourcesPropertyResolver - Could not find key 'spring.resources.chain.enabled' in any property source
2020-07-15 19:51:16.456 1290 [restartedMain] TRACE o.s.b.a.w.OnEnabledResourceChainCondition - Condition OnEnabledResourceChainCondition on org.springframework.boot.autoconfigure.thymeleaf.ThymeleafAutoConfiguration$ThymeleafWebMvcConfiguration#resourceUrlEncodingFilter did not match due to @ConditionalOnEnabledResourceChain did not find class org.webjars.WebJarAssetLocator
2020-07-15 19:51:16.456 1290 [restartedMain] TRACE o.s.b.f.s.DefaultListableBeanFactory - Returning cached instance of singleton bean 'autoConfigurationReport'
2020-07-15 19:51:16.456 1290 [restartedMain] TRACE o.s.c.a.ConfigurationClassBeanDefinitionReader - Registered bean definition for imported class 'org.springframework.boot.autoconfigure.thymeleaf.ThymeleafAutoConfiguration$ThymeleafDefaultConfiguration'
2020-07-15 19:51:16.458 1292 [restartedMain] TRACE o.s.b.a.condition.OnBeanCondition - Condition OnBeanCondition on org.springframework.boot.autoconfigure.thymeleaf.ThymeleafAutoConfiguration$ThymeleafDefaultConfiguration#templateEngine matched due to @ConditionalOnBean (types: org.thymeleaf.spring5.ISpringTemplateEngine; SearchStrategy: all) did not find any beans
2020-07-15 19:51:16.458 1292 [restartedMain] TRACE o.s.b.f.s.DefaultListableBeanFactory - Returning cached instance of singleton bean 'autoConfigurationReport'
2020-07-15 19:51:16.458 1292 [restartedMain] TRACE o.s.c.a.ConfigurationClassBeanDefinitionReader - Registering bean definition for @Bean method org.springframework.boot.autoconfigure.thymeleaf.ThymeleafAutoConfiguration$ThymeleafDefaultConfiguration.templateEngine()
2020-07-15 19:51:16.458 1292 [restartedMain] TRACE o.s.b.a.condition.OnBeanCondition - Condition OnBeanCondition on org.springframework.boot.autoconfigure.thymeleaf.ThymeleafAutoConfiguration$DefaultTemplateResolverConfiguration matched due to @ConditionalOnBean (names: defaultTemplateResolver; SearchStrategy: all) did not find any beans
2020-07-15 19:51:16.458 1292 [restartedMain] TRACE o.s.b.f.s.DefaultListableBeanFactory - Returning cached instance of singleton bean 'autoConfigurationReport'
2020-07-15 19:51:16.459 1293 [restartedMain] TRACE o.s.c.a.ConfigurationClassBeanDefinitionReader - Registered bean definition for imported class 'org.springframework.boot.autoconfigure.thymeleaf.ThymeleafAutoConfiguration$DefaultTemplateResolverConfiguration'
2020-07-15 19:51:16.459 1293 [restartedMain] TRACE o.s.c.a.ConfigurationClassBeanDefinitionReader - Registering bean definition for @Bean method org.springframework.boot.autoconfigure.thymeleaf.ThymeleafAutoConfiguration$DefaultTemplateResolverConfiguration.defaultTemplateResolver()
2020-07-15 19:51:16.459 1293 [restartedMain] TRACE o.s.c.a.ConfigurationClassBeanDefinitionReader - Registered bean definition for imported class 'org.springframework.boot.autoconfigure.thymeleaf.ThymeleafAutoConfiguration'
2020-07-15 19:51:16.460 1294 [restartedMain] TRACE o.s.b.a.condition.OnClassCondition - Condition OnClassCondition on org.springframework.boot.autoconfigure.web.client.RestTemplateAutoConfiguration matched due to @ConditionalOnClass found required class 'org.springframework.web.client.RestTemplate'
2020-07-15 19:51:16.460 1294 [restartedMain] TRACE o.s.b.f.s.DefaultListableBeanFactory - Returning cached instance of singleton bean 'autoConfigurationReport'
2020-07-15 19:51:16.460 1294 [restartedMain] TRACE o.s.c.a.ConfigurationClassBeanDefinitionReader - Registered bean definition for imported class 'org.springframework.boot.autoconfigure.web.client.RestTemplateAutoConfiguration'
2020-07-15 19:51:16.463 1297 [restartedMain] TRACE o.s.b.a.condition.OnBeanCondition - Condition OnBeanCondition on org.springframework.boot.autoconfigure.web.client.RestTemplateAutoConfiguration#restTemplateBuilder matched due to @ConditionalOnBean (types: org.springframework.boot.web.client.RestTemplateBuilder; SearchStrategy: all) did not find any beans
2020-07-15 19:51:16.464 1298 [restartedMain] TRACE o.s.b.f.s.DefaultListableBeanFactory - Returning cached instance of singleton bean 'autoConfigurationReport'
2020-07-15 19:51:16.464 1298 [restartedMain] TRACE o.s.c.a.ConfigurationClassBeanDefinitionReader - Registering bean definition for @Bean method org.springframework.boot.autoconfigure.web.client.RestTemplateAutoConfiguration.restTemplateBuilder()
2020-07-15 19:51:16.464 1298 [restartedMain] TRACE o.s.b.a.c.OnWebApplicationCondition - Condition OnWebApplicationCondition on org.springframework.boot.autoconfigure.web.embedded.EmbeddedWebServerFactoryCustomizerAutoConfiguration matched due to @ConditionalOnWebApplication (required) found 'session' scope
2020-07-15 19:51:16.464 1298 [restartedMain] TRACE o.s.b.f.s.DefaultListableBeanFactory - Returning cached instance of singleton bean 'autoConfigurationReport'
2020-07-15 19:51:16.464 1298 [restartedMain] TRACE o.s.b.a.condition.OnClassCondition - Condition OnClassCondition on org.springframework.boot.autoconfigure.web.embedded.EmbeddedWebServerFactoryCustomizerAutoConfiguration$TomcatWebServerFactoryCustomizerConfiguration matched due to @ConditionalOnClass found required classes 'org.apache.catalina.startup.Tomcat', 'org.apache.coyote.UpgradeProtocol'
2020-07-15 19:51:16.464 1298 [restartedMain] TRACE o.s.b.f.s.DefaultListableBeanFactory - Returning cached instance of singleton bean 'autoConfigurationReport'
2020-07-15 19:51:16.465 1299 [restartedMain] TRACE o.s.c.a.ConfigurationClassBeanDefinitionReader - Registered bean definition for imported class 'org.springframework.boot.autoconfigure.web.embedded.EmbeddedWebServerFactoryCustomizerAutoConfiguration$TomcatWebServerFactoryCustomizerConfiguration'
2020-07-15 19:51:16.465 1299 [restartedMain] TRACE o.s.c.a.ConfigurationClassBeanDefinitionReader - Registering bean definition for @Bean method org.springframework.boot.autoconfigure.web.embedded.EmbeddedWebServerFactoryCustomizerAutoConfiguration$TomcatWebServerFactoryCustomizerConfiguration.tomcatWebServerFactoryCustomizer()
2020-07-15 19:51:16.465 1299 [restartedMain] TRACE o.s.c.a.ConfigurationClassBeanDefinitionReader - Registered bean definition for imported class 'org.springframework.boot.autoconfigure.web.embedded.EmbeddedWebServerFactoryCustomizerAutoConfiguration'
2020-07-15 19:51:16.465 1299 [restartedMain] TRACE o.s.b.a.condition.OnClassCondition - Condition OnClassCondition on org.springframework.boot.autoconfigure.web.servlet.HttpEncodingAutoConfiguration matched due to @ConditionalOnClass found required class 'org.springframework.web.filter.CharacterEncodingFilter'
2020-07-15 19:51:16.465 1299 [restartedMain] TRACE o.s.b.f.s.DefaultListableBeanFactory - Returning cached instance of singleton bean 'autoConfigurationReport'
2020-07-15 19:51:16.465 1299 [restartedMain] TRACE o.s.b.a.c.OnWebApplicationCondition - Condition OnWebApplicationCondition on org.springframework.boot.autoconfigure.web.servlet.HttpEncodingAutoConfiguration matched due to found 'session' scope
2020-07-15 19:51:16.465 1299 [restartedMain] TRACE o.s.b.f.s.DefaultListableBeanFactory - Returning cached instance of singleton bean 'autoConfigurationReport'
2020-07-15 19:51:16.466 1300 [restartedMain] TRACE o.s.b.a.c.OnPropertyCondition - Condition OnPropertyCondition on org.springframework.boot.autoconfigure.web.servlet.HttpEncodingAutoConfiguration matched due to @ConditionalOnProperty (spring.http.encoding.enabled) matched
2020-07-15 19:51:16.466 1300 [restartedMain] TRACE o.s.b.f.s.DefaultListableBeanFactory - Returning cached instance of singleton bean 'autoConfigurationReport'
2020-07-15 19:51:16.466 1300 [restartedMain] TRACE o.s.c.a.ConfigurationClassBeanDefinitionReader - Registered bean definition for imported class 'org.springframework.boot.autoconfigure.web.servlet.HttpEncodingAutoConfiguration'
2020-07-15 19:51:16.468 1302 [restartedMain] TRACE o.s.b.a.condition.OnBeanCondition - Condition OnBeanCondition on org.springframework.boot.autoconfigure.web.servlet.HttpEncodingAutoConfiguration#characterEncodingFilter matched due to @ConditionalOnBean (types: org.springframework.web.filter.CharacterEncodingFilter; SearchStrategy: all) did not find any beans
2020-07-15 19:51:16.468 1302 [restartedMain] TRACE o.s.b.f.s.DefaultListableBeanFactory - Returning cached instance of singleton bean 'autoConfigurationReport'
2020-07-15 19:51:16.468 1302 [restartedMain] TRACE o.s.c.a.ConfigurationClassBeanDefinitionReader - Registering bean definition for @Bean method org.springframework.boot.autoconfigure.web.servlet.HttpEncodingAutoConfiguration.characterEncodingFilter()
2020-07-15 19:51:16.469 1303 [restartedMain] TRACE o.s.c.a.ConfigurationClassBeanDefinitionReader - Registering bean definition for @Bean method org.springframework.boot.autoconfigure.web.servlet.HttpEncodingAutoConfiguration.localeCharsetMappingsCustomizer()
2020-07-15 19:51:16.469 1303 [restartedMain] TRACE o.s.b.a.condition.OnClassCondition - Condition OnClassCondition on org.springframework.boot.autoconfigure.web.servlet.MultipartAutoConfiguration matched due to @ConditionalOnClass found required classes 'javax.servlet.Servlet', 'org.springframework.web.multipart.support.StandardServletMultipartResolver', 'javax.servlet.MultipartConfigElement'
2020-07-15 19:51:16.469 1303 [restartedMain] TRACE o.s.b.f.s.DefaultListableBeanFactory - Returning cached instance of singleton bean 'autoConfigurationReport'
2020-07-15 19:51:16.469 1303 [restartedMain] TRACE o.s.b.a.c.OnWebApplicationCondition - Condition OnWebApplicationCondition on org.springframework.boot.autoconfigure.web.servlet.MultipartAutoConfiguration matched due to found 'session' scope
2020-07-15 19:51:16.469 1303 [restartedMain] TRACE o.s.b.f.s.DefaultListableBeanFactory - Returning cached instance of singleton bean 'autoConfigurationReport'
2020-07-15 19:51:16.469 1303 [restartedMain] TRACE o.s.b.a.c.OnPropertyCondition - Condition OnPropertyCondition on org.springframework.boot.autoconfigure.web.servlet.MultipartAutoConfiguration matched due to @ConditionalOnProperty (spring.servlet.multipart.enabled) matched
2020-07-15 19:51:16.469 1303 [restartedMain] TRACE o.s.b.f.s.DefaultListableBeanFactory - Returning cached instance of singleton bean 'autoConfigurationReport'
2020-07-15 19:51:16.470 1304 [restartedMain] TRACE o.s.c.a.ConfigurationClassBeanDefinitionReader - Registered bean definition for imported class 'org.springframework.boot.autoconfigure.web.servlet.MultipartAutoConfiguration'
2020-07-15 19:51:16.472 1306 [restartedMain] TRACE o.s.b.a.condition.OnBeanCondition - Condition OnBeanCondition on org.springframework.boot.autoconfigure.web.servlet.MultipartAutoConfiguration#multipartConfigElement matched due to @ConditionalOnBean (types: javax.servlet.MultipartConfigElement,org.springframework.web.multipart.commons.CommonsMultipartResolver; SearchStrategy: all) did not find any beans
2020-07-15 19:51:16.472 1306 [restartedMain] TRACE o.s.b.f.s.DefaultListableBeanFactory - Returning cached instance of singleton bean 'autoConfigurationReport'
2020-07-15 19:51:16.472 1306 [restartedMain] TRACE o.s.c.a.ConfigurationClassBeanDefinitionReader - Registering bean definition for @Bean method org.springframework.boot.autoconfigure.web.servlet.MultipartAutoConfiguration.multipartConfigElement()
2020-07-15 19:51:16.473 1307 [restartedMain] TRACE o.s.b.a.condition.OnBeanCondition - Condition OnBeanCondition on org.springframework.boot.autoconfigure.web.servlet.MultipartAutoConfiguration#multipartResolver matched due to @ConditionalOnBean (types: org.springframework.web.multipart.MultipartResolver; SearchStrategy: all) did not find any beans
2020-07-15 19:51:16.473 1307 [restartedMain] TRACE o.s.b.f.s.DefaultListableBeanFactory - Returning cached instance of singleton bean 'autoConfigurationReport'
2020-07-15 19:51:16.473 1307 [restartedMain] TRACE o.s.c.a.ConfigurationClassBeanDefinitionReader - Registering bean definition for @Bean method org.springframework.boot.autoconfigure.web.servlet.MultipartAutoConfiguration.multipartResolver()
2020-07-15 19:51:16.474 1308 [restartedMain] TRACE o.s.b.d.a.OnEnabledDevToolsCondition - Condition OnEnabledDevToolsCondition on org.springframework.boot.devtools.autoconfigure.DevToolsDataSourceAutoConfiguration matched due to Devtools devtools enabled.
2020-07-15 19:51:16.474 1308 [restartedMain] TRACE o.s.b.f.s.DefaultListableBeanFactory - Returning cached instance of singleton bean 'autoConfigurationReport'
2020-07-15 19:51:16.474 1308 [restartedMain] TRACE o.s.b.d.a.DevToolsDataSourceAutoConfiguration$DevToolsDataSourceCondition - Condition DevToolsDataSourceAutoConfiguration.DevToolsDataSourceCondition on org.springframework.boot.devtools.autoconfigure.DevToolsDataSourceAutoConfiguration did not match due to DevTools DataSource Condition did not find a single DataSource bean
2020-07-15 19:51:16.474 1308 [restartedMain] TRACE o.s.b.f.s.DefaultListableBeanFactory - Returning cached instance of singleton bean 'autoConfigurationReport'
2020-07-15 19:51:16.474 1308 [restartedMain] TRACE o.s.b.d.r.OnInitializedRestarterCondition - Condition OnInitializedRestarterCondition on org.springframework.boot.devtools.autoconfigure.LocalDevToolsAutoConfiguration matched due to Initialized Restarter Condition available and initialized
2020-07-15 19:51:16.474 1308 [restartedMain] TRACE o.s.b.f.s.DefaultListableBeanFactory - Returning cached instance of singleton bean 'autoConfigurationReport'
2020-07-15 19:51:16.474 1308 [restartedMain] TRACE o.s.b.a.c.OnPropertyCondition - Condition OnPropertyCondition on org.springframework.boot.devtools.autoconfigure.LocalDevToolsAutoConfiguration$RestartConfiguration matched due to @ConditionalOnProperty (spring.devtools.restart.enabled) matched
2020-07-15 19:51:16.474 1308 [restartedMain] TRACE o.s.b.f.s.DefaultListableBeanFactory - Returning cached instance of singleton bean 'autoConfigurationReport'
2020-07-15 19:51:16.475 1309 [restartedMain] TRACE o.s.c.a.ConfigurationClassBeanDefinitionReader - Registered bean definition for imported class 'org.springframework.boot.devtools.autoconfigure.LocalDevToolsAutoConfiguration$RestartConfiguration'
2020-07-15 19:51:16.475 1309 [restartedMain] TRACE o.s.c.a.ConfigurationClassBeanDefinitionReader - Registering bean definition for @Bean method org.springframework.boot.devtools.autoconfigure.LocalDevToolsAutoConfiguration$RestartConfiguration.restartingClassPathChangedEventListener()
2020-07-15 19:51:16.477 1311 [restartedMain] TRACE o.s.b.a.condition.OnBeanCondition - Condition OnBeanCondition on org.springframework.boot.devtools.autoconfigure.LocalDevToolsAutoConfiguration$RestartConfiguration#classPathFileSystemWatcher matched due to @ConditionalOnBean (types: org.springframework.boot.devtools.classpath.ClassPathFileSystemWatcher; SearchStrategy: all) did not find any beans
2020-07-15 19:51:16.477 1311 [restartedMain] TRACE o.s.b.f.s.DefaultListableBeanFactory - Returning cached instance of singleton bean 'autoConfigurationReport'
2020-07-15 19:51:16.477 1311 [restartedMain] TRACE o.s.c.a.ConfigurationClassBeanDefinitionReader - Registering bean definition for @Bean method org.springframework.boot.devtools.autoconfigure.LocalDevToolsAutoConfiguration$RestartConfiguration.classPathFileSystemWatcher()
2020-07-15 19:51:16.478 1312 [restartedMain] TRACE o.s.b.a.condition.OnBeanCondition - Condition OnBeanCondition on org.springframework.boot.devtools.autoconfigure.LocalDevToolsAutoConfiguration$RestartConfiguration#classPathRestartStrategy matched due to @ConditionalOnBean (types: org.springframework.boot.devtools.classpath.ClassPathRestartStrategy; SearchStrategy: all) did not find any beans
2020-07-15 19:51:16.478 1312 [restartedMain] TRACE o.s.b.f.s.DefaultListableBeanFactory - Returning cached instance of singleton bean 'autoConfigurationReport'
2020-07-15 19:51:16.478 1312 [restartedMain] TRACE o.s.c.a.ConfigurationClassBeanDefinitionReader - Registering bean definition for @Bean method org.springframework.boot.devtools.autoconfigure.LocalDevToolsAutoConfiguration$RestartConfiguration.classPathRestartStrategy()
2020-07-15 19:51:16.478 1312 [restartedMain] TRACE o.s.c.a.ConfigurationClassBeanDefinitionReader - Registering bean definition for @Bean method org.springframework.boot.devtools.autoconfigure.LocalDevToolsAutoConfiguration$RestartConfiguration.fileSystemWatcherFactory()
2020-07-15 19:51:16.479 1313 [restartedMain] TRACE o.s.b.a.c.OnPropertyCondition - Condition OnPropertyCondition on org.springframework.boot.devtools.autoconfigure.LocalDevToolsAutoConfiguration$RestartConfiguration#conditionEvaluationDeltaLoggingListener matched due to @ConditionalOnProperty (spring.devtools.restart.log-condition-evaluation-delta) matched
2020-07-15 19:51:16.479 1313 [restartedMain] TRACE o.s.b.f.s.DefaultListableBeanFactory - Returning cached instance of singleton bean 'autoConfigurationReport'
2020-07-15 19:51:16.479 1313 [restartedMain] TRACE o.s.c.a.ConfigurationClassBeanDefinitionReader - Registering bean definition for @Bean method org.springframework.boot.devtools.autoconfigure.LocalDevToolsAutoConfiguration$RestartConfiguration.conditionEvaluationDeltaLoggingListener()
2020-07-15 19:51:16.479 1313 [restartedMain] TRACE o.s.b.a.c.OnPropertyCondition - Condition OnPropertyCondition on org.springframework.boot.devtools.autoconfigure.LocalDevToolsAutoConfiguration$LiveReloadConfiguration matched due to @ConditionalOnProperty (spring.devtools.livereload.enabled) matched
2020-07-15 19:51:16.479 1313 [restartedMain] TRACE o.s.b.f.s.DefaultListableBeanFactory - Returning cached instance of singleton bean 'autoConfigurationReport'
2020-07-15 19:51:16.479 1313 [restartedMain] TRACE o.s.c.a.ConfigurationClassBeanDefinitionReader - Registered bean definition for imported class 'org.springframework.boot.devtools.autoconfigure.LocalDevToolsAutoConfiguration$LiveReloadConfiguration'
2020-07-15 19:51:16.481 1315 [restartedMain] TRACE o.s.b.a.condition.OnBeanCondition - Condition OnBeanCondition on org.springframework.boot.devtools.autoconfigure.LocalDevToolsAutoConfiguration$LiveReloadConfiguration#liveReloadServer matched due to @ConditionalOnBean (types: org.springframework.boot.devtools.livereload.LiveReloadServer; SearchStrategy: all) did not find any beans
2020-07-15 19:51:16.481 1315 [restartedMain] TRACE o.s.b.f.s.DefaultListableBeanFactory - Returning cached instance of singleton bean 'autoConfigurationReport'
2020-07-15 19:51:16.481 1315 [restartedMain] TRACE o.s.c.a.ConfigurationClassBeanDefinitionReader - Registering bean definition for @Bean method org.springframework.boot.devtools.autoconfigure.LocalDevToolsAutoConfiguration$LiveReloadConfiguration.liveReloadServer()
2020-07-15 19:51:16.481 1315 [restartedMain] TRACE o.s.c.a.ConfigurationClassBeanDefinitionReader - Registering bean definition for @Bean method org.springframework.boot.devtools.autoconfigure.LocalDevToolsAutoConfiguration$LiveReloadConfiguration.optionalLiveReloadServer()
2020-07-15 19:51:16.481 1315 [restartedMain] TRACE o.s.c.a.ConfigurationClassBeanDefinitionReader - Registering bean definition for @Bean method org.springframework.boot.devtools.autoconfigure.LocalDevToolsAutoConfiguration$LiveReloadConfiguration.liveReloadServerEventListener()
2020-07-15 19:51:16.481 1315 [restartedMain] TRACE o.s.c.a.ConfigurationClassBeanDefinitionReader - Registered bean definition for imported class 'org.springframework.boot.devtools.autoconfigure.LocalDevToolsAutoConfiguration'
2020-07-15 19:51:16.538 1372 [restartedMain] TRACE o.s.c.a.ConfigurationClassEnhancer - Successfully enhanced CSCI5308.GroupFormationTool.GroupFormationToolApplication; enhanced class name is: CSCI5308.GroupFormationTool.GroupFormationToolApplication$$EnhancerBySpringCGLIB$$f3ca0b3e
2020-07-15 19:51:16.538 1372 [restartedMain] TRACE o.s.c.a.ConfigurationClassPostProcessor - Replacing bean definition 'groupFormationToolApplication' existing class 'CSCI5308.GroupFormationTool.GroupFormationToolApplication' with enhanced class 'CSCI5308.GroupFormationTool.GroupFormationToolApplication$$EnhancerBySpringCGLIB$$f3ca0b3e'
2020-07-15 19:51:16.546 1380 [restartedMain] TRACE o.s.c.a.ConfigurationClassEnhancer - Successfully enhanced CSCI5308.GroupFormationTool.Security.SecurityConfiguration; enhanced class name is: CSCI5308.GroupFormationTool.Security.SecurityConfiguration$$EnhancerBySpringCGLIB$$b2ab14e4
2020-07-15 19:51:16.546 1380 [restartedMain] TRACE o.s.c.a.ConfigurationClassPostProcessor - Replacing bean definition 'securityConfiguration' existing class 'CSCI5308.GroupFormationTool.Security.SecurityConfiguration' with enhanced class 'CSCI5308.GroupFormationTool.Security.SecurityConfiguration$$EnhancerBySpringCGLIB$$b2ab14e4'
2020-07-15 19:51:16.547 1381 [restartedMain] DEBUG o.s.b.f.s.DefaultListableBeanFactory - Creating shared instance of singleton bean 'propertySourcesPlaceholderConfigurer'
2020-07-15 19:51:16.547 1381 [restartedMain] TRACE o.s.b.f.s.DefaultListableBeanFactory - Creating instance of bean 'propertySourcesPlaceholderConfigurer'
2020-07-15 19:51:16.549 1383 [restartedMain] TRACE o.s.b.f.s.DefaultListableBeanFactory - Eagerly caching bean 'propertySourcesPlaceholderConfigurer' to allow for resolving potential circular references
2020-07-15 19:51:16.549 1383 [restartedMain] TRACE o.s.b.f.s.DefaultListableBeanFactory - Finished creating instance of bean 'propertySourcesPlaceholderConfigurer'
2020-07-15 19:51:16.551 1385 [restartedMain] DEBUG o.s.b.f.s.DefaultListableBeanFactory - Creating shared instance of singleton bean 'org.springframework.boot.context.properties.ConfigurationPropertiesBeanDefinitionValidator'
2020-07-15 19:51:16.551 1385 [restartedMain] TRACE o.s.b.f.s.DefaultListableBeanFactory - Creating instance of bean 'org.springframework.boot.context.properties.ConfigurationPropertiesBeanDefinitionValidator'
2020-07-15 19:51:16.551 1385 [restartedMain] TRACE o.s.b.f.s.DefaultListableBeanFactory - Eagerly caching bean 'org.springframework.boot.context.properties.ConfigurationPropertiesBeanDefinitionValidator' to allow for resolving potential circular references
2020-07-15 19:51:16.551 1385 [restartedMain] TRACE o.s.b.f.s.DefaultListableBeanFactory - Finished creating instance of bean 'org.springframework.boot.context.properties.ConfigurationPropertiesBeanDefinitionValidator'
2020-07-15 19:51:16.600 1434 [restartedMain] DEBUG o.s.b.f.s.DefaultListableBeanFactory - Creating shared instance of singleton bean 'org.springframework.context.event.internalEventListenerProcessor'
2020-07-15 19:51:16.601 1435 [restartedMain] TRACE o.s.b.f.s.DefaultListableBeanFactory - Creating instance of bean 'org.springframework.context.event.internalEventListenerProcessor'
2020-07-15 19:51:16.601 1435 [restartedMain] TRACE o.s.b.f.s.DefaultListableBeanFactory - Eagerly caching bean 'org.springframework.context.event.internalEventListenerProcessor' to allow for resolving potential circular references
2020-07-15 19:51:16.601 1435 [restartedMain] TRACE o.s.b.f.s.DefaultListableBeanFactory - Finished creating instance of bean 'org.springframework.context.event.internalEventListenerProcessor'
2020-07-15 19:51:16.601 1435 [restartedMain] DEBUG o.s.b.f.s.DefaultListableBeanFactory - Creating shared instance of singleton bean 'conversionServicePostProcessor'
2020-07-15 19:51:16.601 1435 [restartedMain] TRACE o.s.b.f.s.DefaultListableBeanFactory - Creating instance of bean 'conversionServicePostProcessor'
2020-07-15 19:51:16.602 1436 [restartedMain] TRACE o.s.b.f.s.DefaultListableBeanFactory - Eagerly caching bean 'conversionServicePostProcessor' to allow for resolving potential circular references
2020-07-15 19:51:16.602 1436 [restartedMain] TRACE o.s.b.f.s.DefaultListableBeanFactory - Finished creating instance of bean 'conversionServicePostProcessor'
2020-07-15 19:51:16.602 1436 [restartedMain] DEBUG o.s.b.f.s.DefaultListableBeanFactory - Creating shared instance of singleton bean 'preserveErrorControllerTargetClassPostProcessor'
2020-07-15 19:51:16.602 1436 [restartedMain] TRACE o.s.b.f.s.DefaultListableBeanFactory - Creating instance of bean 'preserveErrorControllerTargetClassPostProcessor'
2020-07-15 19:51:16.602 1436 [restartedMain] TRACE o.s.b.f.s.DefaultListableBeanFactory - Eagerly caching bean 'preserveErrorControllerTargetClassPostProcessor' to allow for resolving potential circular references
2020-07-15 19:51:16.602 1436 [restartedMain] TRACE o.s.b.f.s.DefaultListableBeanFactory - Finished creating instance of bean 'preserveErrorControllerTargetClassPostProcessor'
2020-07-15 19:51:16.603 1437 [restartedMain] DEBUG o.s.b.f.s.DefaultListableBeanFactory - Creating shared instance of singleton bean 'org.springframework.context.event.internalEventListenerFactory'
2020-07-15 19:51:16.603 1437 [restartedMain] TRACE o.s.b.f.s.DefaultListableBeanFactory - Creating instance of bean 'org.springframework.context.event.internalEventListenerFactory'
2020-07-15 19:51:16.603 1437 [restartedMain] TRACE o.s.b.f.s.DefaultListableBeanFactory - Eagerly caching bean 'org.springframework.context.event.internalEventListenerFactory' to allow for resolving potential circular references
2020-07-15 19:51:16.603 1437 [restartedMain] TRACE o.s.b.f.s.DefaultListableBeanFactory - Finished creating instance of bean 'org.springframework.context.event.internalEventListenerFactory'
2020-07-15 19:51:16.613 1447 [restartedMain] DEBUG o.s.b.f.s.DefaultListableBeanFactory - Creating shared instance of singleton bean 'org.springframework.context.annotation.internalAutowiredAnnotationProcessor'
2020-07-15 19:51:16.613 1447 [restartedMain] TRACE o.s.b.f.s.DefaultListableBeanFactory - Creating instance of bean 'org.springframework.context.annotation.internalAutowiredAnnotationProcessor'
2020-07-15 19:51:16.614 1448 [restartedMain] TRACE o.s.b.f.s.DefaultListableBeanFactory - Eagerly caching bean 'org.springframework.context.annotation.internalAutowiredAnnotationProcessor' to allow for resolving potential circular references
2020-07-15 19:51:16.614 1448 [restartedMain] TRACE o.s.b.f.s.DefaultListableBeanFactory - Finished creating instance of bean 'org.springframework.context.annotation.internalAutowiredAnnotationProcessor'
2020-07-15 19:51:16.614 1448 [restartedMain] DEBUG o.s.b.f.s.DefaultListableBeanFactory - Creating shared instance of singleton bean 'org.springframework.context.annotation.internalCommonAnnotationProcessor'
2020-07-15 19:51:16.614 1448 [restartedMain] TRACE o.s.b.f.s.DefaultListableBeanFactory - Creating instance of bean 'org.springframework.context.annotation.internalCommonAnnotationProcessor'
2020-07-15 19:51:16.615 1449 [restartedMain] TRACE o.s.b.f.s.DefaultListableBeanFactory - Eagerly caching bean 'org.springframework.context.annotation.internalCommonAnnotationProcessor' to allow for resolving potential circular references
2020-07-15 19:51:16.616 1450 [restartedMain] TRACE o.s.b.f.s.DefaultListableBeanFactory - Finished creating instance of bean 'org.springframework.context.annotation.internalCommonAnnotationProcessor'
2020-07-15 19:51:16.616 1450 [restartedMain] DEBUG o.s.b.f.s.DefaultListableBeanFactory - Creating shared instance of singleton bean 'org.springframework.boot.context.properties.ConfigurationPropertiesBindingPostProcessor'
2020-07-15 19:51:16.616 1450 [restartedMain] TRACE o.s.b.f.s.DefaultListableBeanFactory - Creating instance of bean 'org.springframework.boot.context.properties.ConfigurationPropertiesBindingPostProcessor'
2020-07-15 19:51:16.616 1450 [restartedMain] TRACE o.s.b.f.s.DefaultListableBeanFactory - Eagerly caching bean 'org.springframework.boot.context.properties.ConfigurationPropertiesBindingPostProcessor' to allow for resolving potential circular references
2020-07-15 19:51:16.616 1450 [restartedMain] TRACE o.s.b.f.s.DefaultListableBeanFactory - Invoking afterPropertiesSet() on bean with name 'org.springframework.boot.context.properties.ConfigurationPropertiesBindingPostProcessor'
2020-07-15 19:51:16.616 1450 [restartedMain] DEBUG o.s.b.f.s.DefaultListableBeanFactory - Creating shared instance of singleton bean 'org.springframework.boot.context.internalConfigurationPropertiesBinder'
2020-07-15 19:51:16.616 1450 [restartedMain] TRACE o.s.b.f.s.DefaultListableBeanFactory - Creating instance of bean 'org.springframework.boot.context.internalConfigurationPropertiesBinder'
2020-07-15 19:51:16.616 1450 [restartedMain] DEBUG o.s.b.f.s.DefaultListableBeanFactory - Creating shared instance of singleton bean 'org.springframework.boot.context.internalConfigurationPropertiesBinderFactory'
2020-07-15 19:51:16.616 1450 [restartedMain] TRACE o.s.b.f.s.DefaultListableBeanFactory - Creating instance of bean 'org.springframework.boot.context.internalConfigurationPropertiesBinderFactory'
2020-07-15 19:51:16.616 1450 [restartedMain] TRACE o.s.b.f.s.DefaultListableBeanFactory - Eagerly caching bean 'org.springframework.boot.context.internalConfigurationPropertiesBinderFactory' to allow for resolving potential circular references
2020-07-15 19:51:16.616 1450 [restartedMain] TRACE o.s.b.f.s.DefaultListableBeanFactory - Finished creating instance of bean 'org.springframework.boot.context.internalConfigurationPropertiesBinderFactory'
2020-07-15 19:51:16.617 1451 [restartedMain] TRACE o.s.b.f.s.DefaultListableBeanFactory - Returning cached instance of singleton bean 'propertySourcesPlaceholderConfigurer'
2020-07-15 19:51:16.618 1452 [restartedMain] TRACE o.s.b.f.s.DefaultListableBeanFactory - Eagerly caching bean 'org.springframework.boot.context.internalConfigurationPropertiesBinder' to allow for resolving potential circular references
2020-07-15 19:51:16.618 1452 [restartedMain] TRACE o.s.b.f.s.DefaultListableBeanFactory - Finished creating instance of bean 'org.springframework.boot.context.internalConfigurationPropertiesBinder'
2020-07-15 19:51:16.618 1452 [restartedMain] TRACE o.s.b.f.s.DefaultListableBeanFactory - Finished creating instance of bean 'org.springframework.boot.context.properties.ConfigurationPropertiesBindingPostProcessor'
2020-07-15 19:51:16.618 1452 [restartedMain] DEBUG o.s.b.f.s.DefaultListableBeanFactory - Creating shared instance of singleton bean 'methodValidationPostProcessor'
2020-07-15 19:51:16.618 1452 [restartedMain] TRACE o.s.b.f.s.DefaultListableBeanFactory - Creating instance of bean 'methodValidationPostProcessor'
2020-07-15 19:51:16.621 1455 [restartedMain] TRACE o.s.b.f.s.DefaultListableBeanFactory - Returning cached instance of singleton bean 'environment'
2020-07-15 19:51:16.626 1460 [restartedMain] TRACE o.s.a.framework.JdkDynamicAopProxy - Creating JDK dynamic proxy: org.springframework.context.annotation.ContextAnnotationAutowireCandidateResolver$1@630ec96d
2020-07-15 19:51:16.630 1464 [restartedMain] DEBUG o.s.b.f.s.DefaultListableBeanFactory - Autowiring by type from bean name 'methodValidationPostProcessor' via factory method to bean named 'environment'
2020-07-15 19:51:16.630 1464 [restartedMain] TRACE o.s.c.e.PropertySourcesPropertyResolver - Searching for key 'spring.aop.proxy-target-class' in PropertySource 'configurationProperties'
2020-07-15 19:51:16.630 1464 [restartedMain] TRACE o.s.c.e.PropertySourcesPropertyResolver - Searching for key 'spring.aop.proxy-target-class' in PropertySource 'servletConfigInitParams'
2020-07-15 19:51:16.630 1464 [restartedMain] TRACE o.s.c.e.PropertySourcesPropertyResolver - Searching for key 'spring.aop.proxy-target-class' in PropertySource 'servletContextInitParams'
2020-07-15 19:51:16.630 1464 [restartedMain] TRACE o.s.c.e.PropertySourcesPropertyResolver - Searching for key 'spring.aop.proxy-target-class' in PropertySource 'systemProperties'
2020-07-15 19:51:16.630 1464 [restartedMain] TRACE o.s.c.e.PropertySourcesPropertyResolver - Searching for key 'spring.aop.proxy-target-class' in PropertySource 'systemEnvironment'
2020-07-15 19:51:16.630 1464 [restartedMain] TRACE o.s.c.e.PropertySourcesPropertyResolver - Searching for key 'spring.aop.proxy-target-class' in PropertySource 'random'
2020-07-15 19:51:16.630 1464 [restartedMain] TRACE o.s.c.e.PropertySourcesPropertyResolver - Searching for key 'spring.aop.proxy-target-class' in PropertySource 'devtools'
2020-07-15 19:51:16.630 1464 [restartedMain] TRACE o.s.c.e.PropertySourcesPropertyResolver - Could not find key 'spring.aop.proxy-target-class' in any property source
2020-07-15 19:51:16.633 1467 [restartedMain] TRACE o.s.b.f.s.DefaultListableBeanFactory - Eagerly caching bean 'methodValidationPostProcessor' to allow for resolving potential circular references
2020-07-15 19:51:16.634 1468 [restartedMain] TRACE o.s.b.f.s.DefaultListableBeanFactory - Invoking afterPropertiesSet() on bean with name 'methodValidationPostProcessor'
2020-07-15 19:51:16.637 1471 [restartedMain] TRACE o.s.b.f.s.DefaultListableBeanFactory - Finished creating instance of bean 'methodValidationPostProcessor'
2020-07-15 19:51:16.637 1471 [restartedMain] DEBUG o.s.b.f.s.DefaultListableBeanFactory - Creating shared instance of singleton bean 'webServerFactoryCustomizerBeanPostProcessor'
2020-07-15 19:51:16.637 1471 [restartedMain] TRACE o.s.b.f.s.DefaultListableBeanFactory - Creating instance of bean 'webServerFactoryCustomizerBeanPostProcessor'
2020-07-15 19:51:16.638 1472 [restartedMain] TRACE o.s.b.f.s.DefaultListableBeanFactory - Eagerly caching bean 'webServerFactoryCustomizerBeanPostProcessor' to allow for resolving potential circular references
2020-07-15 19:51:16.638 1472 [restartedMain] TRACE o.s.b.f.s.DefaultListableBeanFactory - Finished creating instance of bean 'webServerFactoryCustomizerBeanPostProcessor'
2020-07-15 19:51:16.638 1472 [restartedMain] DEBUG o.s.b.f.s.DefaultListableBeanFactory - Creating shared instance of singleton bean 'errorPageRegistrarBeanPostProcessor'
2020-07-15 19:51:16.638 1472 [restartedMain] TRACE o.s.b.f.s.DefaultListableBeanFactory - Creating instance of bean 'errorPageRegistrarBeanPostProcessor'
2020-07-15 19:51:16.638 1472 [restartedMain] TRACE o.s.b.f.s.DefaultListableBeanFactory - Eagerly caching bean 'errorPageRegistrarBeanPostProcessor' to allow for resolving potential circular references
2020-07-15 19:51:16.638 1472 [restartedMain] TRACE o.s.b.f.s.DefaultListableBeanFactory - Finished creating instance of bean 'errorPageRegistrarBeanPostProcessor'
2020-07-15 19:51:16.640 1474 [restartedMain] TRACE o.s.b.w.s.c.AnnotationConfigServletWebServerApplicationContext - No 'messageSource' bean, using [Empty MessageSource]
2020-07-15 19:51:16.640 1474 [restartedMain] TRACE o.s.b.w.s.c.AnnotationConfigServletWebServerApplicationContext - No 'applicationEventMulticaster' bean, using [SimpleApplicationEventMulticaster]
2020-07-15 19:51:16.641 1475 [restartedMain] DEBUG o.s.u.c.s.UiApplicationContextUtils - Unable to locate ThemeSource with name 'themeSource': using default [org.springframework.ui.context.support.ResourceBundleThemeSource@2663fbb8]
2020-07-15 19:51:16.643 1477 [restartedMain] DEBUG o.s.b.f.s.DefaultListableBeanFactory - Creating shared instance of singleton bean 'tomcatServletWebServerFactory'
2020-07-15 19:51:16.643 1477 [restartedMain] TRACE o.s.b.f.s.DefaultListableBeanFactory - Creating instance of bean 'tomcatServletWebServerFactory'
2020-07-15 19:51:16.643 1477 [restartedMain] DEBUG o.s.b.f.s.DefaultListableBeanFactory - Creating shared instance of singleton bean 'org.springframework.boot.autoconfigure.web.servlet.ServletWebServerFactoryConfiguration$EmbeddedTomcat'
2020-07-15 19:51:16.643 1477 [restartedMain] TRACE o.s.b.f.s.DefaultListableBeanFactory - Creating instance of bean 'org.springframework.boot.autoconfigure.web.servlet.ServletWebServerFactoryConfiguration$EmbeddedTomcat'
2020-07-15 19:51:16.643 1477 [restartedMain] TRACE o.s.b.f.s.DefaultListableBeanFactory - Eagerly caching bean 'org.springframework.boot.autoconfigure.web.servlet.ServletWebServerFactoryConfiguration$EmbeddedTomcat' to allow for resolving potential circular references
2020-07-15 19:51:16.645 1479 [restartedMain] TRACE o.s.b.f.s.DefaultListableBeanFactory - Finished creating instance of bean 'org.springframework.boot.autoconfigure.web.servlet.ServletWebServerFactoryConfiguration$EmbeddedTomcat'
2020-07-15 19:51:16.666 1500 [restartedMain] DEBUG o.a.c.core.AprLifecycleListener - The APR based Apache Tomcat Native library could not be found using names [tcnative-1, libtcnative-1] on the java.library.path [C:\Program Files (x86)\Java\jdk-11.0.2\bin;C:\Windows\Sun\Java\bin;C:\Windows\system32;C:\Windows;C:\Windows\system32;C:\Windows;C:\Windows\System32\Wbem;C:\Windows\System32\WindowsPowerShell\v1.0\;C:\Windows\System32\OpenSSH\;C:\Program Files\PuTTY\;C:\Program Files\Git\cmd;C:\Program Files\nodejs\;C:\Program Files (x86)\Java\java8\bin;C:\Users\tejas\AppData\Local\Microsoft\WindowsApps;;C:\Users\tejas\AppData\Local\Programs\Microsoft VS Code\bin;C:\Program Files\JetBrains\IntelliJ IDEA Community Edition 2020.1.1\bin;;C:\Users\tejas\AppData\Roaming\npm;C:\Program Files\Docker Toolbox;.]. The errors reported were [Can't load library: E:\Codes\Spring Projects\Adv SDC\group20\bin\tcnative-1.dll, Can't load library: E:\Codes\Spring Projects\Adv SDC\group20\bin\libtcnative-1.dll, no tcnative-1 in java.library.path: [C:\Program Files (x86)\Java\jdk-11.0.2\bin, C:\Windows\Sun\Java\bin, C:\Windows\system32, C:\Windows, C:\Windows\system32, C:\Windows, C:\Windows\System32\Wbem, C:\Windows\System32\WindowsPowerShell\v1.0\, C:\Windows\System32\OpenSSH\, C:\Program Files\PuTTY\, C:\Program Files\Git\cmd, C:\Program Files\nodejs\, C:\Program Files (x86)\Java\java8\bin, C:\Users\tejas\AppData\Local\Microsoft\WindowsApps, ., C:\Users\tejas\AppData\Local\Programs\Microsoft VS Code\bin, C:\Program Files\JetBrains\IntelliJ IDEA Community Edition 2020.1.1\bin, ., C:\Users\tejas\AppData\Roaming\npm, C:\Program Files\Docker Toolbox, .], no libtcnative-1 in java.library.path: [C:\Program Files (x86)\Java\jdk-11.0.2\bin, C:\Windows\Sun\Java\bin, C:\Windows\system32, C:\Windows, C:\Windows\system32, C:\Windows, C:\Windows\System32\Wbem, C:\Windows\System32\WindowsPowerShell\v1.0\, C:\Windows\System32\OpenSSH\, C:\Program Files\PuTTY\, C:\Program Files\Git\cmd, C:\Program Files\nodejs\, C:\Program Files (x86)\Java\java8\bin, C:\Users\tejas\AppData\Local\Microsoft\WindowsApps, ., C:\Users\tejas\AppData\Local\Programs\Microsoft VS Code\bin, C:\Program Files\JetBrains\IntelliJ IDEA Community Edition 2020.1.1\bin, ., C:\Users\tejas\AppData\Roaming\npm, C:\Program Files\Docker Toolbox, .]]
org.apache.tomcat.jni.LibraryNotFoundError: Can't load library: E:\Codes\Spring Projects\Adv SDC\group20\bin\tcnative-1.dll, Can't load library: E:\Codes\Spring Projects\Adv SDC\group20\bin\libtcnative-1.dll, no tcnative-1 in java.library.path: [C:\Program Files (x86)\Java\jdk-11.0.2\bin, C:\Windows\Sun\Java\bin, C:\Windows\system32, C:\Windows, C:\Windows\system32, C:\Windows, C:\Windows\System32\Wbem, C:\Windows\System32\WindowsPowerShell\v1.0\, C:\Windows\System32\OpenSSH\, C:\Program Files\PuTTY\, C:\Program Files\Git\cmd, C:\Program Files\nodejs\, C:\Program Files (x86)\Java\java8\bin, C:\Users\tejas\AppData\Local\Microsoft\WindowsApps, ., C:\Users\tejas\AppData\Local\Programs\Microsoft VS Code\bin, C:\Program Files\JetBrains\IntelliJ IDEA Community Edition 2020.1.1\bin, ., C:\Users\tejas\AppData\Roaming\npm, C:\Program Files\Docker Toolbox, .], no libtcnative-1 in java.library.path: [C:\Program Files (x86)\Java\jdk-11.0.2\bin, C:\Windows\Sun\Java\bin, C:\Windows\system32, C:\Windows, C:\Windows\system32, C:\Windows, C:\Windows\System32\Wbem, C:\Windows\System32\WindowsPowerShell\v1.0\, C:\Windows\System32\OpenSSH\, C:\Program Files\PuTTY\, C:\Program Files\Git\cmd, C:\Program Files\nodejs\, C:\Program Files (x86)\Java\java8\bin, C:\Users\tejas\AppData\Local\Microsoft\WindowsApps, ., C:\Users\tejas\AppData\Local\Programs\Microsoft VS Code\bin, C:\Program Files\JetBrains\IntelliJ IDEA Community Edition 2020.1.1\bin, ., C:\Users\tejas\AppData\Roaming\npm, C:\Program Files\Docker Toolbox, .]
	at org.apache.tomcat.jni.Library.<init>(Library.java:102)
	at org.apache.tomcat.jni.Library.initialize(Library.java:206)
	at org.apache.catalina.core.AprLifecycleListener.init(AprLifecycleListener.java:198)
	at org.apache.catalina.core.AprLifecycleListener.isAprAvailable(AprLifecycleListener.java:107)
	at org.springframework.boot.web.embedded.tomcat.TomcatServletWebServerFactory.getDefaultLifecycleListeners(TomcatServletWebServerFactory.java:168)
	at org.springframework.boot.web.embedded.tomcat.TomcatServletWebServerFactory.<init>(TomcatServletWebServerFactory.java:119)
	at org.springframework.boot.autoconfigure.web.servlet.ServletWebServerFactoryConfiguration$EmbeddedTomcat.tomcatServletWebServerFactory(ServletWebServerFactoryConfiguration.java:75)
	at java.base/jdk.internal.reflect.NativeMethodAccessorImpl.invoke0(Native Method)
	at java.base/jdk.internal.reflect.NativeMethodAccessorImpl.invoke(NativeMethodAccessorImpl.java:62)
	at java.base/jdk.internal.reflect.DelegatingMethodAccessorImpl.invoke(DelegatingMethodAccessorImpl.java:43)
	at java.base/java.lang.reflect.Method.invoke(Method.java:566)
	at org.springframework.beans.factory.support.SimpleInstantiationStrategy.instantiate(SimpleInstantiationStrategy.java:154)
	at org.springframework.beans.factory.support.ConstructorResolver.instantiate(ConstructorResolver.java:651)
	at org.springframework.beans.factory.support.ConstructorResolver.instantiateUsingFactoryMethod(ConstructorResolver.java:636)
	at org.springframework.beans.factory.support.AbstractAutowireCapableBeanFactory.instantiateUsingFactoryMethod(AbstractAutowireCapableBeanFactory.java:1338)
	at org.springframework.beans.factory.support.AbstractAutowireCapableBeanFactory.createBeanInstance(AbstractAutowireCapableBeanFactory.java:1177)
	at org.springframework.beans.factory.support.AbstractAutowireCapableBeanFactory.doCreateBean(AbstractAutowireCapableBeanFactory.java:557)
	at org.springframework.beans.factory.support.AbstractAutowireCapableBeanFactory.createBean(AbstractAutowireCapableBeanFactory.java:517)
	at org.springframework.beans.factory.support.AbstractBeanFactory.lambda$doGetBean$0(AbstractBeanFactory.java:323)
	at org.springframework.beans.factory.support.DefaultSingletonBeanRegistry.getSingleton(DefaultSingletonBeanRegistry.java:222)
	at org.springframework.beans.factory.support.AbstractBeanFactory.doGetBean(AbstractBeanFactory.java:321)
	at org.springframework.beans.factory.support.AbstractBeanFactory.getBean(AbstractBeanFactory.java:207)
	at org.springframework.boot.web.servlet.context.ServletWebServerApplicationContext.getWebServerFactory(ServletWebServerApplicationContext.java:210)
	at org.springframework.boot.web.servlet.context.ServletWebServerApplicationContext.createWebServer(ServletWebServerApplicationContext.java:179)
	at org.springframework.boot.web.servlet.context.ServletWebServerApplicationContext.onRefresh(ServletWebServerApplicationContext.java:153)
	at org.springframework.context.support.AbstractApplicationContext.refresh(AbstractApplicationContext.java:544)
	at org.springframework.boot.web.servlet.context.ServletWebServerApplicationContext.refresh(ServletWebServerApplicationContext.java:141)
	at org.springframework.boot.SpringApplication.refresh(SpringApplication.java:747)
	at org.springframework.boot.SpringApplication.refreshContext(SpringApplication.java:397)
	at org.springframework.boot.SpringApplication.run(SpringApplication.java:315)
	at org.springframework.boot.SpringApplication.run(SpringApplication.java:1226)
	at org.springframework.boot.SpringApplication.run(SpringApplication.java:1215)
	at CSCI5308.GroupFormationTool.GroupFormationToolApplication.main(GroupFormationToolApplication.java:13)
	at java.base/jdk.internal.reflect.NativeMethodAccessorImpl.invoke0(Native Method)
	at java.base/jdk.internal.reflect.NativeMethodAccessorImpl.invoke(NativeMethodAccessorImpl.java:62)
	at java.base/jdk.internal.reflect.DelegatingMethodAccessorImpl.invoke(DelegatingMethodAccessorImpl.java:43)
	at java.base/java.lang.reflect.Method.invoke(Method.java:566)
	at org.springframework.boot.devtools.restart.RestartLauncher.run(RestartLauncher.java:49)
2020-07-15 19:51:16.679 1513 [restartedMain] TRACE o.s.b.f.s.DefaultListableBeanFactory - Eagerly caching bean 'tomcatServletWebServerFactory' to allow for resolving potential circular references
2020-07-15 19:51:16.680 1514 [restartedMain] DEBUG o.s.b.f.s.DefaultListableBeanFactory - Creating shared instance of singleton bean 'websocketServletWebServerCustomizer'
2020-07-15 19:51:16.680 1514 [restartedMain] TRACE o.s.b.f.s.DefaultListableBeanFactory - Creating instance of bean 'websocketServletWebServerCustomizer'
2020-07-15 19:51:16.680 1514 [restartedMain] DEBUG o.s.b.f.s.DefaultListableBeanFactory - Creating shared instance of singleton bean 'org.springframework.boot.autoconfigure.websocket.servlet.WebSocketServletAutoConfiguration$TomcatWebSocketConfiguration'
2020-07-15 19:51:16.680 1514 [restartedMain] TRACE o.s.b.f.s.DefaultListableBeanFactory - Creating instance of bean 'org.springframework.boot.autoconfigure.websocket.servlet.WebSocketServletAutoConfiguration$TomcatWebSocketConfiguration'
2020-07-15 19:51:16.680 1514 [restartedMain] TRACE o.s.b.f.s.DefaultListableBeanFactory - Eagerly caching bean 'org.springframework.boot.autoconfigure.websocket.servlet.WebSocketServletAutoConfiguration$TomcatWebSocketConfiguration' to allow for resolving potential circular references
2020-07-15 19:51:16.680 1514 [restartedMain] TRACE o.s.b.f.s.DefaultListableBeanFactory - Finished creating instance of bean 'org.springframework.boot.autoconfigure.websocket.servlet.WebSocketServletAutoConfiguration$TomcatWebSocketConfiguration'
2020-07-15 19:51:16.680 1514 [restartedMain] TRACE o.s.b.f.s.DefaultListableBeanFactory - Eagerly caching bean 'websocketServletWebServerCustomizer' to allow for resolving potential circular references
2020-07-15 19:51:16.681 1515 [restartedMain] TRACE o.s.b.f.s.DefaultListableBeanFactory - Finished creating instance of bean 'websocketServletWebServerCustomizer'
2020-07-15 19:51:16.681 1515 [restartedMain] DEBUG o.s.b.f.s.DefaultListableBeanFactory - Creating shared instance of singleton bean 'servletWebServerFactoryCustomizer'
2020-07-15 19:51:16.681 1515 [restartedMain] TRACE o.s.b.f.s.DefaultListableBeanFactory - Creating instance of bean 'servletWebServerFactoryCustomizer'
2020-07-15 19:51:16.681 1515 [restartedMain] DEBUG o.s.b.f.s.DefaultListableBeanFactory - Creating shared instance of singleton bean 'org.springframework.boot.autoconfigure.web.servlet.ServletWebServerFactoryAutoConfiguration'
2020-07-15 19:51:16.681 1515 [restartedMain] TRACE o.s.b.f.s.DefaultListableBeanFactory - Creating instance of bean 'org.springframework.boot.autoconfigure.web.servlet.ServletWebServerFactoryAutoConfiguration'
2020-07-15 19:51:16.681 1515 [restartedMain] TRACE o.s.b.f.s.DefaultListableBeanFactory - Eagerly caching bean 'org.springframework.boot.autoconfigure.web.servlet.ServletWebServerFactoryAutoConfiguration' to allow for resolving potential circular references
2020-07-15 19:51:16.682 1516 [restartedMain] TRACE o.s.b.f.s.DefaultListableBeanFactory - Finished creating instance of bean 'org.springframework.boot.autoconfigure.web.servlet.ServletWebServerFactoryAutoConfiguration'
2020-07-15 19:51:16.682 1516 [restartedMain] DEBUG o.s.b.f.s.DefaultListableBeanFactory - Creating shared instance of singleton bean 'server-org.springframework.boot.autoconfigure.web.ServerProperties'
2020-07-15 19:51:16.682 1516 [restartedMain] TRACE o.s.b.f.s.DefaultListableBeanFactory - Creating instance of bean 'server-org.springframework.boot.autoconfigure.web.ServerProperties'
2020-07-15 19:51:16.686 1520 [restartedMain] TRACE o.s.b.f.s.DefaultListableBeanFactory - Eagerly caching bean 'server-org.springframework.boot.autoconfigure.web.ServerProperties' to allow for resolving potential circular references
2020-07-15 19:51:16.690 1524 [restartedMain] TRACE o.s.b.f.s.DefaultListableBeanFactory - No bean named 'conversionService' found in org.springframework.beans.factory.support.DefaultListableBeanFactory@46a2da97: defining beans [org.springframework.context.annotation.internalConfigurationAnnotationProcessor,org.springframework.context.annotation.internalAutowiredAnnotationProcessor,org.springframework.context.annotation.internalCommonAnnotationProcessor,org.springframework.context.event.internalEventListenerProcessor,org.springframework.context.event.internalEventListenerFactory,groupFormationToolApplication,org.springframework.boot.autoconfigure.internalCachingMetadataReaderFactory,adminConfigController,courseAdminController,courseController,instructorAdminController,errorController,questionController,loginController,securityConfiguration,signupController,surveyController,indexController,org.springframework.security.config.annotation.configuration.ObjectPostProcessorConfiguration,objectPostProcessor,org.springframework.security.config.annotation.authentication.configuration.AuthenticationConfiguration,authenticationManagerBuilder,enableGlobalAuthenticationAutowiredConfigurer,initializeUserDetailsBeanManagerConfigurer,initializeAuthenticationProviderBeanManagerConfigurer,org.springframework.security.config.annotation.web.configuration.WebSecurityConfiguration,delegatingApplicationListener,webSecurityExpressionHandler,springSecurityFilterChain,privilegeEvaluator,conversionServicePostProcessor,autowiredWebSecurityConfigurersIgnoreParents,org.springframework.security.config.annotation.web.configuration.WebMvcSecurityConfiguration,requestDataValueProcessor,org.springframework.boot.autoconfigure.AutoConfigurationPackages,org.springframework.boot.autoconfigure.context.PropertyPlaceholderAutoConfiguration,propertySourcesPlaceholderConfigurer,org.springframework.boot.autoconfigure.websocket.servlet.WebSocketServletAutoConfiguration$TomcatWebSocketConfiguration,websocketServletWebServerCustomizer,org.springframework.boot.autoconfigure.websocket.servlet.WebSocketServletAutoConfiguration,org.springframework.boot.autoconfigure.web.servlet.ServletWebServerFactoryConfiguration$EmbeddedTomcat,tomcatServletWebServerFactory,org.springframework.boot.autoconfigure.web.servlet.ServletWebServerFactoryAutoConfiguration,servletWebServerFactoryCustomizer,tomcatServletWebServerFactoryCustomizer,org.springframework.boot.context.properties.ConfigurationPropertiesBindingPostProcessor,org.springframework.boot.context.internalConfigurationPropertiesBinderFactory,org.springframework.boot.context.internalConfigurationPropertiesBinder,org.springframework.boot.context.properties.ConfigurationPropertiesBeanDefinitionValidator,org.springframework.boot.context.properties.ConfigurationBeanFactoryMetadata,server-org.springframework.boot.autoconfigure.web.ServerProperties,webServerFactoryCustomizerBeanPostProcessor,errorPageRegistrarBeanPostProcessor,org.springframework.boot.autoconfigure.web.servlet.DispatcherServletAutoConfiguration$DispatcherServletConfiguration,dispatcherServlet,spring.mvc-org.springframework.boot.autoconfigure.web.servlet.WebMvcProperties,spring.http-org.springframework.boot.autoconfigure.http.HttpProperties,org.springframework.boot.autoconfigure.web.servlet.DispatcherServletAutoConfiguration$DispatcherServletRegistrationConfiguration,dispatcherServletRegistration,org.springframework.boot.autoconfigure.web.servlet.DispatcherServletAutoConfiguration,org.springframework.boot.autoconfigure.task.TaskExecutionAutoConfiguration,taskExecutorBuilder,applicationTaskExecutor,spring.task.execution-org.springframework.boot.autoconfigure.task.TaskExecutionProperties,org.springframework.boot.autoconfigure.validation.ValidationAutoConfiguration,defaultValidator,methodValidationPostProcessor,org.springframework.boot.autoconfigure.web.servlet.error.ErrorMvcAutoConfiguration$DefaultErrorViewResolverConfiguration,conventionErrorViewResolver,org.springframework.boot.autoconfigure.web.servlet.error.ErrorMvcAutoConfiguration,errorAttributes,basicErrorController,errorPageCustomizer,preserveErrorControllerTargetClassPostProcessor,spring.resources-org.springframework.boot.autoconfigure.web.ResourceProperties,org.springframework.boot.autoconfigure.web.servlet.WebMvcAutoConfiguration$EnableWebMvcConfiguration,requestMappingHandlerAdapter,requestMappingHandlerMapping,welcomePageHandlerMapping,mvcConversionService,mvcValidator,mvcContentNegotiationManager,mvcPathMatcher,mvcUrlPathHelper,viewControllerHandlerMapping,beanNameHandlerMapping,routerFunctionMapping,resourceHandlerMapping,mvcResourceUrlProvider,defaultServletHandlerMapping,handlerFunctionAdapter,mvcUriComponentsContributor,httpRequestHandlerAdapter,simpleControllerHandlerAdapter,handlerExceptionResolver,mvcViewResolver,mvcHandlerMappingIntrospector,org.springframework.boot.autoconfigure.web.servlet.WebMvcAutoConfiguration$WebMvcAutoConfigurationAdapter,defaultViewResolver,viewResolver,requestContextFilter,org.springframework.boot.autoconfigure.web.servlet.WebMvcAutoConfiguration,formContentFilter,org.springframework.boot.autoconfigure.aop.AopAutoConfiguration$ClassProxyingConfiguration,org.springframework.boot.autoconfigure.aop.AopAutoConfiguration,org.springframework.boot.autoconfigure.context.ConfigurationPropertiesAutoConfiguration,org.springframework.boot.autoconfigure.jackson.JacksonAutoConfiguration$Jackson2ObjectMapperBuilderCustomizerConfiguration,standardJacksonObjectMapperBuilderCustomizer,spring.jackson-org.springframework.boot.autoconfigure.jackson.JacksonProperties,org.springframework.boot.autoconfigure.jackson.JacksonAutoConfiguration$JacksonObjectMapperBuilderConfiguration,jacksonObjectMapperBuilder,org.springframework.boot.autoconfigure.jackson.JacksonAutoConfiguration$ParameterNamesModuleConfiguration,parameterNamesModule,org.springframework.boot.autoconfigure.jackson.JacksonAutoConfiguration$JacksonObjectMapperConfiguration,jacksonObjectMapper,org.springframework.boot.autoconfigure.jackson.JacksonAutoConfiguration,jsonComponentModule,org.springframework.boot.autoconfigure.http.HttpMessageConvertersAutoConfiguration$StringHttpMessageConverterConfiguration,stringHttpMessageConverter,org.springframework.boot.autoconfigure.http.JacksonHttpMessageConvertersConfiguration$MappingJackson2HttpMessageConverterConfiguration,mappingJackson2HttpMessageConverter,org.springframework.boot.autoconfigure.http.JacksonHttpMessageConvertersConfiguration,org.springframework.boot.autoconfigure.http.HttpMessageConvertersAutoConfiguration,messageConverters,org.springframework.boot.autoconfigure.info.ProjectInfoAutoConfiguration,spring.info-org.springframework.boot.autoconfigure.info.ProjectInfoProperties,org.springframework.boot.autoconfigure.security.oauth2.resource.servlet.OAuth2ResourceServerAutoConfiguration,spring.security.oauth2.resourceserver-org.springframework.boot.autoconfigure.security.oauth2.resource.OAuth2ResourceServerProperties,org.springframework.boot.autoconfigure.security.servlet.SecurityAutoConfiguration,authenticationEventPublisher,spring.security-org.springframework.boot.autoconfigure.security.SecurityProperties,org.springframework.boot.autoconfigure.security.servlet.SecurityFilterAutoConfiguration,securityFilterChainRegistration,org.springframework.boot.autoconfigure.security.servlet.UserDetailsServiceAutoConfiguration,inMemoryUserDetailsManager,org.springframework.boot.autoconfigure.session.SessionAutoConfiguration$ServletSessionRepositoryImplementationValidator,org.springframework.boot.autoconfigure.session.NoOpSessionConfiguration,org.springframework.boot.autoconfigure.session.SessionAutoConfiguration$ServletSessionConfiguration$ServletSessionRepositoryConfiguration,org.springframework.boot.autoconfigure.session.SessionAutoConfiguration$ServletSessionRepositoryValidator,org.springframework.boot.autoconfigure.session.SessionAutoConfiguration$ServletSessionConfiguration,cookieSerializer,org.springframework.boot.autoconfigure.session.SessionAutoConfiguration,spring.session-org.springframework.boot.autoconfigure.session.SessionProperties,org.springframework.boot.autoconfigure.task.TaskSchedulingAutoConfiguration,taskSchedulerBuilder,spring.task.scheduling-org.springframework.boot.autoconfigure.task.TaskSchedulingProperties,org.springframework.boot.autoconfigure.thymeleaf.ThymeleafAutoConfiguration$ThymeleafJava8TimeDialect,java8TimeDialect,org.springframework.boot.autoconfigure.thymeleaf.ThymeleafAutoConfiguration$ThymeleafSecurityDialectConfiguration,securityDialect,org.springframework.boot.autoconfigure.thymeleaf.ThymeleafAutoConfiguration$ThymeleafWebMvcConfiguration$ThymeleafViewResolverConfiguration,thymeleafViewResolver,org.springframework.boot.autoconfigure.thymeleaf.ThymeleafAutoConfiguration$ThymeleafWebMvcConfiguration,org.springframework.boot.autoconfigure.thymeleaf.ThymeleafAutoConfiguration$ThymeleafDefaultConfiguration,templateEngine,org.springframework.boot.autoconfigure.thymeleaf.ThymeleafAutoConfiguration$DefaultTemplateResolverConfiguration,defaultTemplateResolver,org.springframework.boot.autoconfigure.thymeleaf.ThymeleafAutoConfiguration,spring.thymeleaf-org.springframework.boot.autoconfigure.thymeleaf.ThymeleafProperties,org.springframework.boot.autoconfigure.web.client.RestTemplateAutoConfiguration,restTemplateBuilder,org.springframework.boot.autoconfigure.web.embedded.EmbeddedWebServerFactoryCustomizerAutoConfiguration$TomcatWebServerFactoryCustomizerConfiguration,tomcatWebServerFactoryCustomizer,org.springframework.boot.autoconfigure.web.embedded.EmbeddedWebServerFactoryCustomizerAutoConfiguration,org.springframework.boot.autoconfigure.web.servlet.HttpEncodingAutoConfiguration,characterEncodingFilter,localeCharsetMappingsCustomizer,org.springframework.boot.autoconfigure.web.servlet.MultipartAutoConfiguration,multipartConfigElement,multipartResolver,spring.servlet.multipart-org.springframework.boot.autoconfigure.web.servlet.MultipartProperties,org.springframework.boot.devtools.autoconfigure.LocalDevToolsAutoConfiguration$RestartConfiguration,restartingClassPathChangedEventListener,classPathFileSystemWatcher,classPathRestartStrategy,fileSystemWatcherFactory,conditionEvaluationDeltaLoggingListener,org.springframework.boot.devtools.autoconfigure.LocalDevToolsAutoConfiguration$LiveReloadConfiguration,liveReloadServer,optionalLiveReloadServer,liveReloadServerEventListener,org.springframework.boot.devtools.autoconfigure.LocalDevToolsAutoConfiguration,spring.devtools-org.springframework.boot.devtools.autoconfigure.DevToolsProperties]; root of factory hierarchy
2020-07-15 19:51:16.702 1536 [restartedMain] TRACE org.springframework.beans.BeanUtils - No property editor [org.springframework.boot.autoconfigure.web.ErrorProperties$IncludeStacktraceEditor] found for type org.springframework.boot.autoconfigure.web.ErrorProperties$IncludeStacktrace according to 'Editor' suffix convention
2020-07-15 19:51:16.709 1543 [restartedMain] TRACE o.s.beans.TypeConverterDelegate - Converting String to [boolean] using property editor [org.springframework.beans.propertyeditors.CustomBooleanEditor@7e136b90]
2020-07-15 19:51:16.709 1543 [restartedMain] TRACE o.s.b.f.s.DefaultListableBeanFactory - Finished creating instance of bean 'server-org.springframework.boot.autoconfigure.web.ServerProperties'
2020-07-15 19:51:16.709 1543 [restartedMain] DEBUG o.s.b.f.s.DefaultListableBeanFactory - Autowiring by type from bean name 'servletWebServerFactoryCustomizer' via factory method to bean named 'server-org.springframework.boot.autoconfigure.web.ServerProperties'
2020-07-15 19:51:16.710 1544 [restartedMain] TRACE o.s.b.f.s.DefaultListableBeanFactory - Eagerly caching bean 'servletWebServerFactoryCustomizer' to allow for resolving potential circular references
2020-07-15 19:51:16.710 1544 [restartedMain] TRACE o.s.b.f.s.DefaultListableBeanFactory - Finished creating instance of bean 'servletWebServerFactoryCustomizer'
2020-07-15 19:51:16.710 1544 [restartedMain] DEBUG o.s.b.f.s.DefaultListableBeanFactory - Creating shared instance of singleton bean 'tomcatServletWebServerFactoryCustomizer'
2020-07-15 19:51:16.710 1544 [restartedMain] TRACE o.s.b.f.s.DefaultListableBeanFactory - Creating instance of bean 'tomcatServletWebServerFactoryCustomizer'
2020-07-15 19:51:16.710 1544 [restartedMain] TRACE o.s.b.f.s.DefaultListableBeanFactory - Returning cached instance of singleton bean 'org.springframework.boot.autoconfigure.web.servlet.ServletWebServerFactoryAutoConfiguration'
2020-07-15 19:51:16.711 1545 [restartedMain] TRACE o.s.b.f.s.DefaultListableBeanFactory - Returning cached instance of singleton bean 'server-org.springframework.boot.autoconfigure.web.ServerProperties'
2020-07-15 19:51:16.711 1545 [restartedMain] DEBUG o.s.b.f.s.DefaultListableBeanFactory - Autowiring by type from bean name 'tomcatServletWebServerFactoryCustomizer' via factory method to bean named 'server-org.springframework.boot.autoconfigure.web.ServerProperties'
2020-07-15 19:51:16.712 1546 [restartedMain] TRACE o.s.b.f.s.DefaultListableBeanFactory - Eagerly caching bean 'tomcatServletWebServerFactoryCustomizer' to allow for resolving potential circular references
2020-07-15 19:51:16.712 1546 [restartedMain] TRACE o.s.b.f.s.DefaultListableBeanFactory - Finished creating instance of bean 'tomcatServletWebServerFactoryCustomizer'
2020-07-15 19:51:16.712 1546 [restartedMain] DEBUG o.s.b.f.s.DefaultListableBeanFactory - Creating shared instance of singleton bean 'tomcatWebServerFactoryCustomizer'
2020-07-15 19:51:16.712 1546 [restartedMain] TRACE o.s.b.f.s.DefaultListableBeanFactory - Creating instance of bean 'tomcatWebServerFactoryCustomizer'
2020-07-15 19:51:16.712 1546 [restartedMain] DEBUG o.s.b.f.s.DefaultListableBeanFactory - Creating shared instance of singleton bean 'org.springframework.boot.autoconfigure.web.embedded.EmbeddedWebServerFactoryCustomizerAutoConfiguration$TomcatWebServerFactoryCustomizerConfiguration'
2020-07-15 19:51:16.712 1546 [restartedMain] TRACE o.s.b.f.s.DefaultListableBeanFactory - Creating instance of bean 'org.springframework.boot.autoconfigure.web.embedded.EmbeddedWebServerFactoryCustomizerAutoConfiguration$TomcatWebServerFactoryCustomizerConfiguration'
2020-07-15 19:51:16.712 1546 [restartedMain] TRACE o.s.b.f.s.DefaultListableBeanFactory - Eagerly caching bean 'org.springframework.boot.autoconfigure.web.embedded.EmbeddedWebServerFactoryCustomizerAutoConfiguration$TomcatWebServerFactoryCustomizerConfiguration' to allow for resolving potential circular references
2020-07-15 19:51:16.713 1547 [restartedMain] TRACE o.s.b.f.s.DefaultListableBeanFactory - Finished creating instance of bean 'org.springframework.boot.autoconfigure.web.embedded.EmbeddedWebServerFactoryCustomizerAutoConfiguration$TomcatWebServerFactoryCustomizerConfiguration'
2020-07-15 19:51:16.713 1547 [restartedMain] TRACE o.s.b.f.s.DefaultListableBeanFactory - Returning cached instance of singleton bean 'environment'
2020-07-15 19:51:16.714 1548 [restartedMain] TRACE o.s.b.f.s.DefaultListableBeanFactory - Returning cached instance of singleton bean 'server-org.springframework.boot.autoconfigure.web.ServerProperties'
2020-07-15 19:51:16.714 1548 [restartedMain] DEBUG o.s.b.f.s.DefaultListableBeanFactory - Autowiring by type from bean name 'tomcatWebServerFactoryCustomizer' via factory method to bean named 'environment'
2020-07-15 19:51:16.714 1548 [restartedMain] DEBUG o.s.b.f.s.DefaultListableBeanFactory - Autowiring by type from bean name 'tomcatWebServerFactoryCustomizer' via factory method to bean named 'server-org.springframework.boot.autoconfigure.web.ServerProperties'
2020-07-15 19:51:16.715 1549 [restartedMain] TRACE o.s.b.f.s.DefaultListableBeanFactory - Eagerly caching bean 'tomcatWebServerFactoryCustomizer' to allow for resolving potential circular references
2020-07-15 19:51:16.715 1549 [restartedMain] TRACE o.s.b.f.s.DefaultListableBeanFactory - Finished creating instance of bean 'tomcatWebServerFactoryCustomizer'
2020-07-15 19:51:16.715 1549 [restartedMain] DEBUG o.s.b.f.s.DefaultListableBeanFactory - Creating shared instance of singleton bean 'localeCharsetMappingsCustomizer'
2020-07-15 19:51:16.715 1549 [restartedMain] TRACE o.s.b.f.s.DefaultListableBeanFactory - Creating instance of bean 'localeCharsetMappingsCustomizer'
2020-07-15 19:51:16.715 1549 [restartedMain] DEBUG o.s.b.f.s.DefaultListableBeanFactory - Creating shared instance of singleton bean 'org.springframework.boot.autoconfigure.web.servlet.HttpEncodingAutoConfiguration'
2020-07-15 19:51:16.715 1549 [restartedMain] TRACE o.s.b.f.s.DefaultListableBeanFactory - Creating instance of bean 'org.springframework.boot.autoconfigure.web.servlet.HttpEncodingAutoConfiguration'
2020-07-15 19:51:16.718 1552 [restartedMain] DEBUG o.s.b.f.s.DefaultListableBeanFactory - Creating shared instance of singleton bean 'spring.http-org.springframework.boot.autoconfigure.http.HttpProperties'
2020-07-15 19:51:16.718 1552 [restartedMain] TRACE o.s.b.f.s.DefaultListableBeanFactory - Creating instance of bean 'spring.http-org.springframework.boot.autoconfigure.http.HttpProperties'
2020-07-15 19:51:16.719 1553 [restartedMain] TRACE o.s.b.f.s.DefaultListableBeanFactory - Eagerly caching bean 'spring.http-org.springframework.boot.autoconfigure.http.HttpProperties' to allow for resolving potential circular references
2020-07-15 19:51:16.720 1554 [restartedMain] TRACE o.s.b.f.s.DefaultListableBeanFactory - Finished creating instance of bean 'spring.http-org.springframework.boot.autoconfigure.http.HttpProperties'
2020-07-15 19:51:16.720 1554 [restartedMain] DEBUG o.s.b.f.s.DefaultListableBeanFactory - Autowiring by type from bean name 'org.springframework.boot.autoconfigure.web.servlet.HttpEncodingAutoConfiguration' via constructor to bean named 'spring.http-org.springframework.boot.autoconfigure.http.HttpProperties'
2020-07-15 19:51:16.721 1555 [restartedMain] TRACE o.s.b.f.s.DefaultListableBeanFactory - Eagerly caching bean 'org.springframework.boot.autoconfigure.web.servlet.HttpEncodingAutoConfiguration' to allow for resolving potential circular references
2020-07-15 19:51:16.722 1556 [restartedMain] TRACE o.s.b.f.s.DefaultListableBeanFactory - Finished creating instance of bean 'org.springframework.boot.autoconfigure.web.servlet.HttpEncodingAutoConfiguration'
2020-07-15 19:51:16.722 1556 [restartedMain] TRACE o.s.b.f.s.DefaultListableBeanFactory - Eagerly caching bean 'localeCharsetMappingsCustomizer' to allow for resolving potential circular references
2020-07-15 19:51:16.722 1556 [restartedMain] TRACE o.s.b.f.s.DefaultListableBeanFactory - Finished creating instance of bean 'localeCharsetMappingsCustomizer'
2020-07-15 19:51:16.745 1579 [restartedMain] DEBUG o.s.b.f.s.DefaultListableBeanFactory - Creating shared instance of singleton bean 'errorPageCustomizer'
2020-07-15 19:51:16.745 1579 [restartedMain] TRACE o.s.b.f.s.DefaultListableBeanFactory - Creating instance of bean 'errorPageCustomizer'
2020-07-15 19:51:16.745 1579 [restartedMain] DEBUG o.s.b.f.s.DefaultListableBeanFactory - Creating shared instance of singleton bean 'org.springframework.boot.autoconfigure.web.servlet.error.ErrorMvcAutoConfiguration'
2020-07-15 19:51:16.745 1579 [restartedMain] TRACE o.s.b.f.s.DefaultListableBeanFactory - Creating instance of bean 'org.springframework.boot.autoconfigure.web.servlet.error.ErrorMvcAutoConfiguration'
2020-07-15 19:51:16.745 1579 [restartedMain] TRACE o.s.b.f.s.DefaultListableBeanFactory - Returning cached instance of singleton bean 'server-org.springframework.boot.autoconfigure.web.ServerProperties'
2020-07-15 19:51:16.746 1580 [restartedMain] DEBUG o.s.b.f.s.DefaultListableBeanFactory - Autowiring by type from bean name 'org.springframework.boot.autoconfigure.web.servlet.error.ErrorMvcAutoConfiguration' via constructor to bean named 'server-org.springframework.boot.autoconfigure.web.ServerProperties'
2020-07-15 19:51:16.746 1580 [restartedMain] TRACE o.s.b.f.s.DefaultListableBeanFactory - Eagerly caching bean 'org.springframework.boot.autoconfigure.web.servlet.error.ErrorMvcAutoConfiguration' to allow for resolving potential circular references
2020-07-15 19:51:16.746 1580 [restartedMain] TRACE o.s.b.f.s.DefaultListableBeanFactory - Finished creating instance of bean 'org.springframework.boot.autoconfigure.web.servlet.error.ErrorMvcAutoConfiguration'
2020-07-15 19:51:16.746 1580 [restartedMain] DEBUG o.s.b.f.s.DefaultListableBeanFactory - Creating shared instance of singleton bean 'dispatcherServletRegistration'
2020-07-15 19:51:16.746 1580 [restartedMain] TRACE o.s.b.f.s.DefaultListableBeanFactory - Creating instance of bean 'dispatcherServletRegistration'
2020-07-15 19:51:16.747 1581 [restartedMain] DEBUG o.s.b.f.s.DefaultListableBeanFactory - Creating shared instance of singleton bean 'org.springframework.boot.autoconfigure.web.servlet.DispatcherServletAutoConfiguration$DispatcherServletRegistrationConfiguration'
2020-07-15 19:51:16.747 1581 [restartedMain] TRACE o.s.b.f.s.DefaultListableBeanFactory - Creating instance of bean 'org.springframework.boot.autoconfigure.web.servlet.DispatcherServletAutoConfiguration$DispatcherServletRegistrationConfiguration'
2020-07-15 19:51:16.747 1581 [restartedMain] TRACE o.s.b.f.s.DefaultListableBeanFactory - Eagerly caching bean 'org.springframework.boot.autoconfigure.web.servlet.DispatcherServletAutoConfiguration$DispatcherServletRegistrationConfiguration' to allow for resolving potential circular references
2020-07-15 19:51:16.747 1581 [restartedMain] TRACE o.s.b.f.s.DefaultListableBeanFactory - Finished creating instance of bean 'org.springframework.boot.autoconfigure.web.servlet.DispatcherServletAutoConfiguration$DispatcherServletRegistrationConfiguration'
2020-07-15 19:51:16.747 1581 [restartedMain] DEBUG o.s.b.f.s.DefaultListableBeanFactory - Creating shared instance of singleton bean 'dispatcherServlet'
2020-07-15 19:51:16.747 1581 [restartedMain] TRACE o.s.b.f.s.DefaultListableBeanFactory - Creating instance of bean 'dispatcherServlet'
2020-07-15 19:51:16.747 1581 [restartedMain] DEBUG o.s.b.f.s.DefaultListableBeanFactory - Creating shared instance of singleton bean 'org.springframework.boot.autoconfigure.web.servlet.DispatcherServletAutoConfiguration$DispatcherServletConfiguration'
2020-07-15 19:51:16.747 1581 [restartedMain] TRACE o.s.b.f.s.DefaultListableBeanFactory - Creating instance of bean 'org.springframework.boot.autoconfigure.web.servlet.DispatcherServletAutoConfiguration$DispatcherServletConfiguration'
2020-07-15 19:51:16.748 1582 [restartedMain] TRACE o.s.b.f.s.DefaultListableBeanFactory - Eagerly caching bean 'org.springframework.boot.autoconfigure.web.servlet.DispatcherServletAutoConfiguration$DispatcherServletConfiguration' to allow for resolving potential circular references
2020-07-15 19:51:16.748 1582 [restartedMain] TRACE o.s.b.f.s.DefaultListableBeanFactory - Finished creating instance of bean 'org.springframework.boot.autoconfigure.web.servlet.DispatcherServletAutoConfiguration$DispatcherServletConfiguration'
2020-07-15 19:51:16.748 1582 [restartedMain] TRACE o.s.b.f.s.DefaultListableBeanFactory - Returning cached instance of singleton bean 'spring.http-org.springframework.boot.autoconfigure.http.HttpProperties'
2020-07-15 19:51:16.749 1583 [restartedMain] DEBUG o.s.b.f.s.DefaultListableBeanFactory - Creating shared instance of singleton bean 'spring.mvc-org.springframework.boot.autoconfigure.web.servlet.WebMvcProperties'
2020-07-15 19:51:16.749 1583 [restartedMain] TRACE o.s.b.f.s.DefaultListableBeanFactory - Creating instance of bean 'spring.mvc-org.springframework.boot.autoconfigure.web.servlet.WebMvcProperties'
2020-07-15 19:51:16.749 1583 [restartedMain] TRACE o.s.b.f.s.DefaultListableBeanFactory - Eagerly caching bean 'spring.mvc-org.springframework.boot.autoconfigure.web.servlet.WebMvcProperties' to allow for resolving potential circular references
2020-07-15 19:51:16.752 1586 [restartedMain] TRACE o.s.beans.TypeConverterDelegate - Converting String to [boolean] using property editor [org.springframework.beans.propertyeditors.CustomBooleanEditor@5f0949a2]
2020-07-15 19:51:16.752 1586 [restartedMain] TRACE o.s.b.f.s.DefaultListableBeanFactory - Finished creating instance of bean 'spring.mvc-org.springframework.boot.autoconfigure.web.servlet.WebMvcProperties'
2020-07-15 19:51:16.753 1587 [restartedMain] DEBUG o.s.b.f.s.DefaultListableBeanFactory - Autowiring by type from bean name 'dispatcherServlet' via factory method to bean named 'spring.http-org.springframework.boot.autoconfigure.http.HttpProperties'
2020-07-15 19:51:16.753 1587 [restartedMain] DEBUG o.s.b.f.s.DefaultListableBeanFactory - Autowiring by type from bean name 'dispatcherServlet' via factory method to bean named 'spring.mvc-org.springframework.boot.autoconfigure.web.servlet.WebMvcProperties'
2020-07-15 19:51:16.761 1595 [restartedMain] TRACE o.s.b.f.s.DefaultListableBeanFactory - Eagerly caching bean 'dispatcherServlet' to allow for resolving potential circular references
2020-07-15 19:51:16.762 1596 [restartedMain] TRACE o.s.b.f.s.DefaultListableBeanFactory - Finished creating instance of bean 'dispatcherServlet'
2020-07-15 19:51:16.763 1597 [restartedMain] TRACE o.s.b.f.s.DefaultListableBeanFactory - Returning cached instance of singleton bean 'spring.mvc-org.springframework.boot.autoconfigure.web.servlet.WebMvcProperties'
2020-07-15 19:51:16.763 1597 [restartedMain] DEBUG o.s.b.f.s.DefaultListableBeanFactory - Autowiring by type from bean name 'dispatcherServletRegistration' via factory method to bean named 'dispatcherServlet'
2020-07-15 19:51:16.763 1597 [restartedMain] DEBUG o.s.b.f.s.DefaultListableBeanFactory - Autowiring by type from bean name 'dispatcherServletRegistration' via factory method to bean named 'spring.mvc-org.springframework.boot.autoconfigure.web.servlet.WebMvcProperties'
2020-07-15 19:51:16.764 1598 [restartedMain] DEBUG o.s.b.f.s.DefaultListableBeanFactory - Creating shared instance of singleton bean 'multipartConfigElement'
2020-07-15 19:51:16.764 1598 [restartedMain] TRACE o.s.b.f.s.DefaultListableBeanFactory - Creating instance of bean 'multipartConfigElement'
2020-07-15 19:51:16.764 1598 [restartedMain] DEBUG o.s.b.f.s.DefaultListableBeanFactory - Creating shared instance of singleton bean 'org.springframework.boot.autoconfigure.web.servlet.MultipartAutoConfiguration'
2020-07-15 19:51:16.764 1598 [restartedMain] TRACE o.s.b.f.s.DefaultListableBeanFactory - Creating instance of bean 'org.springframework.boot.autoconfigure.web.servlet.MultipartAutoConfiguration'
2020-07-15 19:51:16.765 1599 [restartedMain] DEBUG o.s.b.f.s.DefaultListableBeanFactory - Creating shared instance of singleton bean 'spring.servlet.multipart-org.springframework.boot.autoconfigure.web.servlet.MultipartProperties'
2020-07-15 19:51:16.765 1599 [restartedMain] TRACE o.s.b.f.s.DefaultListableBeanFactory - Creating instance of bean 'spring.servlet.multipart-org.springframework.boot.autoconfigure.web.servlet.MultipartProperties'
2020-07-15 19:51:16.765 1599 [restartedMain] TRACE o.s.b.f.s.DefaultListableBeanFactory - Eagerly caching bean 'spring.servlet.multipart-org.springframework.boot.autoconfigure.web.servlet.MultipartProperties' to allow for resolving potential circular references
2020-07-15 19:51:16.767 1601 [restartedMain] TRACE o.s.b.f.s.DefaultListableBeanFactory - Finished creating instance of bean 'spring.servlet.multipart-org.springframework.boot.autoconfigure.web.servlet.MultipartProperties'
2020-07-15 19:51:16.767 1601 [restartedMain] DEBUG o.s.b.f.s.DefaultListableBeanFactory - Autowiring by type from bean name 'org.springframework.boot.autoconfigure.web.servlet.MultipartAutoConfiguration' via constructor to bean named 'spring.servlet.multipart-org.springframework.boot.autoconfigure.web.servlet.MultipartProperties'
2020-07-15 19:51:16.768 1602 [restartedMain] TRACE o.s.b.f.s.DefaultListableBeanFactory - Eagerly caching bean 'org.springframework.boot.autoconfigure.web.servlet.MultipartAutoConfiguration' to allow for resolving potential circular references
2020-07-15 19:51:16.768 1602 [restartedMain] TRACE o.s.b.f.s.DefaultListableBeanFactory - Finished creating instance of bean 'org.springframework.boot.autoconfigure.web.servlet.MultipartAutoConfiguration'
2020-07-15 19:51:16.769 1603 [restartedMain] TRACE o.s.b.f.s.DefaultListableBeanFactory - Eagerly caching bean 'multipartConfigElement' to allow for resolving potential circular references
2020-07-15 19:51:16.769 1603 [restartedMain] TRACE o.s.b.f.s.DefaultListableBeanFactory - Finished creating instance of bean 'multipartConfigElement'
2020-07-15 19:51:16.770 1604 [restartedMain] TRACE o.s.b.f.s.DefaultListableBeanFactory - Eagerly caching bean 'dispatcherServletRegistration' to allow for resolving potential circular references
2020-07-15 19:51:16.770 1604 [restartedMain] TRACE o.s.b.f.s.DefaultListableBeanFactory - Finished creating instance of bean 'dispatcherServletRegistration'
2020-07-15 19:51:16.770 1604 [restartedMain] DEBUG o.s.b.f.s.DefaultListableBeanFactory - Autowiring by type from bean name 'errorPageCustomizer' via factory method to bean named 'dispatcherServletRegistration'
2020-07-15 19:51:16.770 1604 [restartedMain] TRACE o.s.b.f.s.DefaultListableBeanFactory - Eagerly caching bean 'errorPageCustomizer' to allow for resolving potential circular references
2020-07-15 19:51:16.771 1605 [restartedMain] TRACE o.s.b.f.s.DefaultListableBeanFactory - Finished creating instance of bean 'errorPageCustomizer'
2020-07-15 19:51:16.771 1605 [restartedMain] TRACE o.s.b.f.s.DefaultListableBeanFactory - Finished creating instance of bean 'tomcatServletWebServerFactory'
2020-07-15 19:51:17.016 1850 [restartedMain] DEBUG o.a.tomcat.util.IntrospectionUtils - IntrospectionUtils: setProperty(class org.apache.coyote.http11.Http11NioProtocol port=8080)
2020-07-15 19:51:17.022 1856 [restartedMain] DEBUG o.a.tomcat.util.IntrospectionUtils - IntrospectionUtils: setProperty(class org.apache.coyote.http11.Http11NioProtocol bindOnInit=false)
2020-07-15 19:51:17.023 1857 [restartedMain] DEBUG o.a.tomcat.util.net.NioEndpoint - Set [bindOnInit] to [false]
2020-07-15 19:51:17.023 1857 [restartedMain] DEBUG o.a.tomcat.util.IntrospectionUtils - IntrospectionUtils: setProperty(class org.apache.tomcat.util.net.NioEndpoint bindOnInit=false)
2020-07-15 19:51:17.025 1859 [restartedMain] DEBUG o.a.tomcat.util.IntrospectionUtils - IntrospectionUtils: setProperty(class org.apache.coyote.http11.Http11NioProtocol maxPostSize=2097152)
2020-07-15 19:51:17.025 1859 [restartedMain] DEBUG o.a.tomcat.util.net.NioEndpoint - Set [maxPostSize] to [2097152]
2020-07-15 19:51:17.025 1859 [restartedMain] DEBUG o.a.tomcat.util.IntrospectionUtils - IntrospectionUtils: setProperty(class org.apache.tomcat.util.net.NioEndpoint maxPostSize=2097152)
2020-07-15 19:51:17.036 1870 [restartedMain] DEBUG o.a.catalina.core.ContainerBase - Add child StandardHost[localhost] StandardEngine[Tomcat]
2020-07-15 19:51:17.036 1870 [restartedMain] DEBUG o.s.b.w.e.t.TomcatServletWebServerFactory - Code archive: C:\Users\tejas\.gradle\caches\modules-2\files-2.1\org.springframework.boot\spring-boot\2.2.4.RELEASE\225a4fd31156c254e3bb92adb42ee8c6de812714\spring-boot-2.2.4.RELEASE.jar
2020-07-15 19:51:17.036 1870 [restartedMain] DEBUG o.s.b.w.e.t.TomcatServletWebServerFactory - Code archive: C:\Users\tejas\.gradle\caches\modules-2\files-2.1\org.springframework.boot\spring-boot\2.2.4.RELEASE\225a4fd31156c254e3bb92adb42ee8c6de812714\spring-boot-2.2.4.RELEASE.jar
2020-07-15 19:51:17.036 1870 [restartedMain] DEBUG o.s.b.w.e.t.TomcatServletWebServerFactory - None of the document roots [src/main/webapp, public, static] point to a directory and will be ignored.
2020-07-15 19:51:17.053 1887 [restartedMain] DEBUG o.a.catalina.core.ContainerBase - Add child StandardWrapper[default] TomcatEmbeddedContext[]
2020-07-15 19:51:17.054 1888 [restartedMain] DEBUG o.a.catalina.core.ContainerBase - Add child TomcatEmbeddedContext[] StandardEngine[Tomcat].StandardHost[localhost]
2020-07-15 19:51:17.077 1911 [restartedMain] INFO  o.s.b.w.e.tomcat.TomcatWebServer - Tomcat initialized with port(s): 8080 (http)
2020-07-15 19:51:17.077 1911 [restartedMain] DEBUG o.a.catalina.util.LifecycleBase - Setting state for [StandardServer[-1]] to [INITIALIZING]
2020-07-15 19:51:17.082 1916 [restartedMain] DEBUG o.a.catalina.util.LifecycleBase - Setting state for [org.apache.catalina.deploy.NamingResourcesImpl@26024724] to [INITIALIZING]
2020-07-15 19:51:17.083 1917 [restartedMain] DEBUG o.a.catalina.util.LifecycleBase - Setting state for [org.apache.catalina.deploy.NamingResourcesImpl@26024724] to [INITIALIZED]
2020-07-15 19:51:17.083 1917 [restartedMain] DEBUG o.a.catalina.util.LifecycleBase - Setting state for [StandardService[Tomcat]] to [INITIALIZING]
2020-07-15 19:51:17.083 1917 [restartedMain] DEBUG o.a.catalina.util.LifecycleBase - Setting state for [StandardEngine[Tomcat]] to [INITIALIZING]
2020-07-15 19:51:17.084 1918 [restartedMain] DEBUG o.a.catalina.util.LifecycleBase - Setting state for [StandardEngine[Tomcat]] to [INITIALIZED]
2020-07-15 19:51:17.084 1918 [restartedMain] DEBUG o.a.catalina.util.LifecycleBase - Setting state for [org.apache.catalina.mapper.MapperListener@54142e43] to [INITIALIZING]
2020-07-15 19:51:17.084 1918 [restartedMain] DEBUG o.a.catalina.util.LifecycleBase - Setting state for [org.apache.catalina.mapper.MapperListener@54142e43] to [INITIALIZED]
2020-07-15 19:51:17.084 1918 [restartedMain] DEBUG o.a.catalina.util.LifecycleBase - Setting state for [Connector[HTTP/1.1-8080]] to [INITIALIZING]
2020-07-15 19:51:17.088 1922 [restartedMain] DEBUG o.a.tomcat.util.IntrospectionUtils - IntrospectionUtils: setProperty(class org.apache.coyote.http11.Http11NioProtocol parseBodyMethods=POST)
2020-07-15 19:51:17.088 1922 [restartedMain] DEBUG o.a.tomcat.util.net.NioEndpoint - Set [parseBodyMethods] to [POST]
2020-07-15 19:51:17.088 1922 [restartedMain] DEBUG o.a.tomcat.util.IntrospectionUtils - IntrospectionUtils: setProperty(class org.apache.tomcat.util.net.NioEndpoint parseBodyMethods=POST)
2020-07-15 19:51:17.088 1922 [restartedMain] INFO  o.a.coyote.http11.Http11NioProtocol - Initializing ProtocolHandler ["http-nio-8080"]
2020-07-15 19:51:17.088 1922 [restartedMain] DEBUG o.a.catalina.util.LifecycleBase - Setting state for [Connector[HTTP/1.1-8080]] to [INITIALIZED]
2020-07-15 19:51:17.088 1922 [restartedMain] DEBUG o.a.catalina.util.LifecycleBase - Setting state for [StandardService[Tomcat]] to [INITIALIZED]
2020-07-15 19:51:17.089 1923 [restartedMain] DEBUG o.a.catalina.util.LifecycleBase - Setting state for [StandardServer[-1]] to [INITIALIZED]
2020-07-15 19:51:17.089 1923 [restartedMain] DEBUG o.a.catalina.util.LifecycleBase - Setting state for [StandardServer[-1]] to [STARTING_PREP]
2020-07-15 19:51:17.089 1923 [restartedMain] DEBUG o.a.catalina.util.LifecycleBase - Setting state for [StandardServer[-1]] to [STARTING]
2020-07-15 19:51:17.089 1923 [restartedMain] DEBUG o.a.catalina.util.LifecycleBase - Setting state for [org.apache.catalina.deploy.NamingResourcesImpl@26024724] to [STARTING_PREP]
2020-07-15 19:51:17.089 1923 [restartedMain] DEBUG o.a.catalina.util.LifecycleBase - Setting state for [org.apache.catalina.deploy.NamingResourcesImpl@26024724] to [STARTING]
2020-07-15 19:51:17.089 1923 [restartedMain] DEBUG o.a.catalina.util.LifecycleBase - Setting state for [org.apache.catalina.deploy.NamingResourcesImpl@26024724] to [STARTED]
2020-07-15 19:51:17.089 1923 [restartedMain] DEBUG o.a.catalina.util.LifecycleBase - Setting state for [StandardService[Tomcat]] to [STARTING_PREP]
2020-07-15 19:51:17.089 1923 [restartedMain] INFO  o.a.catalina.core.StandardService - Starting service [Tomcat]
2020-07-15 19:51:17.089 1923 [restartedMain] DEBUG o.a.catalina.util.LifecycleBase - Setting state for [StandardService[Tomcat]] to [STARTING]
2020-07-15 19:51:17.090 1924 [restartedMain] DEBUG o.a.catalina.util.LifecycleBase - Setting state for [StandardEngine[Tomcat]] to [STARTING_PREP]
2020-07-15 19:51:17.090 1924 [restartedMain] INFO  o.a.catalina.core.StandardEngine - Starting Servlet engine: [Apache Tomcat/9.0.30]
2020-07-15 19:51:17.091 1925 [restartedMain] DEBUG o.a.catalina.util.LifecycleBase - Setting state for [SimpleRealm[StandardEngine[Tomcat]]] to [INITIALIZING]
2020-07-15 19:51:17.092 1926 [restartedMain] DEBUG o.a.catalina.util.LifecycleBase - Setting state for [SimpleRealm[StandardEngine[Tomcat]]] to [INITIALIZED]
2020-07-15 19:51:17.092 1926 [restartedMain] DEBUG o.a.catalina.util.LifecycleBase - Setting state for [SimpleRealm[StandardEngine[Tomcat]]] to [STARTING_PREP]
2020-07-15 19:51:17.092 1926 [restartedMain] DEBUG o.a.catalina.util.LifecycleBase - Setting state for [SimpleRealm[StandardEngine[Tomcat]]] to [STARTING]
2020-07-15 19:51:17.092 1926 [restartedMain] DEBUG o.a.catalina.util.LifecycleBase - Setting state for [SimpleRealm[StandardEngine[Tomcat]]] to [STARTED]
2020-07-15 19:51:17.093 1927 [restartedMain] DEBUG o.a.catalina.util.LifecycleBase - Setting state for [StandardEngine[Tomcat].StandardHost[localhost]] to [INITIALIZING]
2020-07-15 19:51:17.093 1927 [restartedMain] DEBUG o.a.catalina.util.LifecycleBase - Setting state for [StandardEngine[Tomcat].StandardHost[localhost]] to [INITIALIZED]
2020-07-15 19:51:17.093 1927 [restartedMain] DEBUG o.a.catalina.util.LifecycleBase - Setting state for [StandardEngine[Tomcat].StandardHost[localhost]] to [STARTING_PREP]
2020-07-15 19:51:17.094 1928 [restartedMain] DEBUG o.a.catalina.util.LifecycleBase - Setting state for [StandardEngine[Tomcat].StandardHost[localhost].TomcatEmbeddedContext[]] to [INITIALIZING]
2020-07-15 19:51:17.095 1929 [restartedMain] DEBUG o.a.catalina.util.LifecycleBase - Setting state for [StandardEngine[Tomcat].StandardHost[localhost].TomcatEmbeddedContext[]] to [INITIALIZED]
2020-07-15 19:51:17.095 1929 [restartedMain] DEBUG o.a.catalina.util.LifecycleBase - Setting state for [StandardEngine[Tomcat].StandardHost[localhost].TomcatEmbeddedContext[]] to [STARTING_PREP]
2020-07-15 19:51:17.096 1930 [restartedMain] DEBUG o.a.catalina.core.StandardContext - Starting ROOT
2020-07-15 19:51:17.102 1936 [restartedMain] DEBUG o.a.catalina.core.StandardContext - Configuring default Resources
2020-07-15 19:51:17.105 1939 [restartedMain] DEBUG o.a.catalina.util.LifecycleBase - Setting state for [org.apache.catalina.webresources.StandardRoot@658e87a3] to [INITIALIZING]
2020-07-15 19:51:17.107 1941 [restartedMain] DEBUG o.a.catalina.util.LifecycleBase - Setting state for [org.apache.catalina.webresources.StandardRoot@658e87a3] to [INITIALIZED]
2020-07-15 19:51:17.108 1942 [restartedMain] DEBUG o.a.catalina.util.LifecycleBase - Setting state for [org.apache.catalina.webresources.StandardRoot@658e87a3] to [STARTING_PREP]
2020-07-15 19:51:17.109 1943 [restartedMain] DEBUG o.a.catalina.util.LifecycleBase - Setting state for [org.apache.catalina.webresources.DirResourceSet@6bdb7b3] to [INITIALIZING]
2020-07-15 19:51:17.110 1944 [restartedMain] DEBUG o.a.catalina.util.LifecycleBase - Setting state for [org.apache.catalina.webresources.DirResourceSet@6bdb7b3] to [INITIALIZED]
2020-07-15 19:51:17.111 1945 [restartedMain] DEBUG o.a.catalina.util.LifecycleBase - Setting state for [org.apache.catalina.webresources.DirResourceSet@6bdb7b3] to [STARTING_PREP]
2020-07-15 19:51:17.111 1945 [restartedMain] DEBUG o.a.catalina.util.LifecycleBase - Setting state for [org.apache.catalina.webresources.DirResourceSet@6bdb7b3] to [STARTING]
2020-07-15 19:51:17.111 1945 [restartedMain] DEBUG o.a.catalina.util.LifecycleBase - Setting state for [org.apache.catalina.webresources.DirResourceSet@6bdb7b3] to [STARTED]
2020-07-15 19:51:17.111 1945 [restartedMain] DEBUG o.a.catalina.util.LifecycleBase - Setting state for [org.apache.catalina.webresources.StandardRoot@658e87a3] to [STARTING]
2020-07-15 19:51:17.111 1945 [restartedMain] DEBUG o.a.catalina.util.LifecycleBase - Setting state for [org.apache.catalina.webresources.StandardRoot@658e87a3] to [STARTED]
2020-07-15 19:51:17.134 1968 [restartedMain] DEBUG o.a.catalina.core.StandardContext - Processing standard container startup
2020-07-15 19:51:17.134 1968 [restartedMain] DEBUG o.a.catalina.util.LifecycleBase - Setting state for [WebappLoader[StandardEngine[Tomcat].StandardHost[localhost].TomcatEmbeddedContext[]]] to [INITIALIZING]
2020-07-15 19:51:17.134 1968 [restartedMain] DEBUG o.a.catalina.util.LifecycleBase - Setting state for [WebappLoader[StandardEngine[Tomcat].StandardHost[localhost].TomcatEmbeddedContext[]]] to [INITIALIZED]
2020-07-15 19:51:17.134 1968 [restartedMain] DEBUG o.a.catalina.util.LifecycleBase - Setting state for [WebappLoader[StandardEngine[Tomcat].StandardHost[localhost].TomcatEmbeddedContext[]]] to [STARTING_PREP]
2020-07-15 19:51:17.134 1968 [restartedMain] DEBUG o.a.catalina.loader.WebappLoader - Starting this Loader
2020-07-15 19:51:17.139 1973 [restartedMain] DEBUG o.a.catalina.util.LifecycleBase - Setting state for [WebappLoader[StandardEngine[Tomcat].StandardHost[localhost].TomcatEmbeddedContext[]]] to [STARTING]
2020-07-15 19:51:17.139 1973 [restartedMain] DEBUG o.a.catalina.util.LifecycleBase - Setting state for [WebappLoader[StandardEngine[Tomcat].StandardHost[localhost].TomcatEmbeddedContext[]]] to [STARTED]
2020-07-15 19:51:17.139 1973 [restartedMain] DEBUG o.a.tomcat.util.IntrospectionUtils - IntrospectionUtils: setProperty(class org.springframework.boot.web.embedded.tomcat.TomcatEmbeddedWebappClassLoader clearReferencesRmiTargets=false)
2020-07-15 19:51:17.140 1974 [restartedMain] DEBUG o.a.tomcat.util.IntrospectionUtils - IntrospectionUtils: setProperty(class org.springframework.boot.web.embedded.tomcat.TomcatEmbeddedWebappClassLoader clearReferencesStopThreads=false)
2020-07-15 19:51:17.140 1974 [restartedMain] DEBUG o.a.tomcat.util.IntrospectionUtils - IntrospectionUtils: setProperty(class org.springframework.boot.web.embedded.tomcat.TomcatEmbeddedWebappClassLoader clearReferencesStopTimerThreads=false)
2020-07-15 19:51:17.140 1974 [restartedMain] DEBUG o.a.tomcat.util.IntrospectionUtils - IntrospectionUtils: setProperty(class org.springframework.boot.web.embedded.tomcat.TomcatEmbeddedWebappClassLoader clearReferencesHttpClientKeepAliveThread=true)
2020-07-15 19:51:17.140 1974 [restartedMain] DEBUG o.a.tomcat.util.IntrospectionUtils - IntrospectionUtils: setProperty(class org.springframework.boot.web.embedded.tomcat.TomcatEmbeddedWebappClassLoader clearReferencesObjectStreamClassCaches=false)
2020-07-15 19:51:17.140 1974 [restartedMain] DEBUG o.a.tomcat.util.IntrospectionUtils - IntrospectionUtils: setProperty(class org.springframework.boot.web.embedded.tomcat.TomcatEmbeddedWebappClassLoader clearReferencesObjectStreamClassCaches=false)
2020-07-15 19:51:17.140 1974 [restartedMain] DEBUG o.a.tomcat.util.IntrospectionUtils - IntrospectionUtils: setProperty(class org.springframework.boot.web.embedded.tomcat.TomcatEmbeddedWebappClassLoader clearReferencesThreadLocals=false)
2020-07-15 19:51:17.171 2005 [restartedMain] DEBUG o.a.catalina.util.LifecycleBase - Setting state for [StandardEngine[Tomcat].StandardHost[localhost].TomcatEmbeddedContext[].StandardWrapper[default]] to [INITIALIZING]
2020-07-15 19:51:17.171 2005 [restartedMain] DEBUG o.a.catalina.util.LifecycleBase - Setting state for [StandardEngine[Tomcat].StandardHost[localhost].TomcatEmbeddedContext[].StandardWrapper[default]] to [INITIALIZED]
2020-07-15 19:51:17.171 2005 [restartedMain] DEBUG o.a.catalina.util.LifecycleBase - Setting state for [StandardEngine[Tomcat].StandardHost[localhost].TomcatEmbeddedContext[].StandardWrapper[default]] to [STARTING_PREP]
2020-07-15 19:51:17.172 2006 [restartedMain] DEBUG o.a.catalina.util.LifecycleBase - Setting state for [StandardPipeline[StandardEngine[Tomcat].StandardHost[localhost].TomcatEmbeddedContext[].StandardWrapper[default]]] to [INITIALIZING]
2020-07-15 19:51:17.172 2006 [restartedMain] DEBUG o.a.catalina.util.LifecycleBase - Setting state for [StandardPipeline[StandardEngine[Tomcat].StandardHost[localhost].TomcatEmbeddedContext[].StandardWrapper[default]]] to [INITIALIZED]
2020-07-15 19:51:17.172 2006 [restartedMain] DEBUG o.a.catalina.util.LifecycleBase - Setting state for [StandardPipeline[StandardEngine[Tomcat].StandardHost[localhost].TomcatEmbeddedContext[].StandardWrapper[default]]] to [STARTING_PREP]
2020-07-15 19:51:17.172 2006 [restartedMain] DEBUG o.a.catalina.util.LifecycleBase - Setting state for [StandardWrapperValve[StandardEngine[Tomcat].StandardHost[localhost].TomcatEmbeddedContext[].StandardWrapper[default]]] to [INITIALIZING]
2020-07-15 19:51:17.172 2006 [restartedMain] DEBUG o.a.catalina.util.LifecycleBase - Setting state for [StandardWrapperValve[StandardEngine[Tomcat].StandardHost[localhost].TomcatEmbeddedContext[].StandardWrapper[default]]] to [INITIALIZED]
2020-07-15 19:51:17.172 2006 [restartedMain] DEBUG o.a.catalina.util.LifecycleBase - Setting state for [StandardWrapperValve[StandardEngine[Tomcat].StandardHost[localhost].TomcatEmbeddedContext[].StandardWrapper[default]]] to [STARTING_PREP]
2020-07-15 19:51:17.172 2006 [restartedMain] DEBUG o.a.catalina.util.LifecycleBase - Setting state for [StandardWrapperValve[StandardEngine[Tomcat].StandardHost[localhost].TomcatEmbeddedContext[].StandardWrapper[default]]] to [STARTING]
2020-07-15 19:51:17.173 2007 [restartedMain] DEBUG o.a.catalina.util.LifecycleBase - Setting state for [StandardWrapperValve[StandardEngine[Tomcat].StandardHost[localhost].TomcatEmbeddedContext[].StandardWrapper[default]]] to [STARTED]
2020-07-15 19:51:17.173 2007 [restartedMain] DEBUG o.a.catalina.util.LifecycleBase - Setting state for [StandardPipeline[StandardEngine[Tomcat].StandardHost[localhost].TomcatEmbeddedContext[].StandardWrapper[default]]] to [STARTING]
2020-07-15 19:51:17.173 2007 [restartedMain] DEBUG o.a.catalina.util.LifecycleBase - Setting state for [StandardPipeline[StandardEngine[Tomcat].StandardHost[localhost].TomcatEmbeddedContext[].StandardWrapper[default]]] to [STARTED]
2020-07-15 19:51:17.173 2007 [restartedMain] DEBUG o.a.catalina.util.LifecycleBase - Setting state for [StandardEngine[Tomcat].StandardHost[localhost].TomcatEmbeddedContext[].StandardWrapper[default]] to [STARTING]
2020-07-15 19:51:17.173 2007 [restartedMain] DEBUG o.a.catalina.util.LifecycleBase - Setting state for [StandardEngine[Tomcat].StandardHost[localhost].TomcatEmbeddedContext[].StandardWrapper[default]] to [STARTED]
2020-07-15 19:51:17.173 2007 [restartedMain] DEBUG o.a.catalina.util.LifecycleBase - Setting state for [StandardPipeline[StandardEngine[Tomcat].StandardHost[localhost].TomcatEmbeddedContext[]]] to [INITIALIZING]
2020-07-15 19:51:17.173 2007 [restartedMain] DEBUG o.a.catalina.util.LifecycleBase - Setting state for [StandardPipeline[StandardEngine[Tomcat].StandardHost[localhost].TomcatEmbeddedContext[]]] to [INITIALIZED]
2020-07-15 19:51:17.174 2008 [restartedMain] DEBUG o.a.catalina.util.LifecycleBase - Setting state for [StandardPipeline[StandardEngine[Tomcat].StandardHost[localhost].TomcatEmbeddedContext[]]] to [STARTING_PREP]
2020-07-15 19:51:17.174 2008 [restartedMain] DEBUG o.a.catalina.util.LifecycleBase - Setting state for [NonLoginAuthenticator[StandardEngine[Tomcat].StandardHost[localhost].TomcatEmbeddedContext[]]] to [INITIALIZING]
2020-07-15 19:51:17.174 2008 [restartedMain] DEBUG o.a.catalina.util.LifecycleBase - Setting state for [NonLoginAuthenticator[StandardEngine[Tomcat].StandardHost[localhost].TomcatEmbeddedContext[]]] to [INITIALIZED]
2020-07-15 19:51:17.174 2008 [restartedMain] DEBUG o.a.catalina.util.LifecycleBase - Setting state for [NonLoginAuthenticator[StandardEngine[Tomcat].StandardHost[localhost].TomcatEmbeddedContext[]]] to [STARTING_PREP]
2020-07-15 19:51:17.175 2009 [restartedMain] DEBUG o.a.c.a.AuthenticatorBase - No SingleSignOn Valve is present
2020-07-15 19:51:17.175 2009 [restartedMain] DEBUG o.a.catalina.util.LifecycleBase - Setting state for [NonLoginAuthenticator[StandardEngine[Tomcat].StandardHost[localhost].TomcatEmbeddedContext[]]] to [STARTING]
2020-07-15 19:51:17.175 2009 [restartedMain] DEBUG o.a.catalina.util.LifecycleBase - Setting state for [NonLoginAuthenticator[StandardEngine[Tomcat].StandardHost[localhost].TomcatEmbeddedContext[]]] to [STARTED]
2020-07-15 19:51:17.175 2009 [restartedMain] DEBUG o.a.catalina.util.LifecycleBase - Setting state for [StandardContextValve[StandardEngine[Tomcat].StandardHost[localhost].TomcatEmbeddedContext[]]] to [INITIALIZING]
2020-07-15 19:51:17.176 2010 [restartedMain] DEBUG o.a.catalina.util.LifecycleBase - Setting state for [StandardContextValve[StandardEngine[Tomcat].StandardHost[localhost].TomcatEmbeddedContext[]]] to [INITIALIZED]
2020-07-15 19:51:17.176 2010 [restartedMain] DEBUG o.a.catalina.util.LifecycleBase - Setting state for [StandardContextValve[StandardEngine[Tomcat].StandardHost[localhost].TomcatEmbeddedContext[]]] to [STARTING_PREP]
2020-07-15 19:51:17.176 2010 [restartedMain] DEBUG o.a.catalina.util.LifecycleBase - Setting state for [StandardContextValve[StandardEngine[Tomcat].StandardHost[localhost].TomcatEmbeddedContext[]]] to [STARTING]
2020-07-15 19:51:17.176 2010 [restartedMain] DEBUG o.a.catalina.util.LifecycleBase - Setting state for [StandardContextValve[StandardEngine[Tomcat].StandardHost[localhost].TomcatEmbeddedContext[]]] to [STARTED]
2020-07-15 19:51:17.176 2010 [restartedMain] DEBUG o.a.catalina.util.LifecycleBase - Setting state for [StandardPipeline[StandardEngine[Tomcat].StandardHost[localhost].TomcatEmbeddedContext[]]] to [STARTING]
2020-07-15 19:51:17.176 2010 [restartedMain] DEBUG o.a.catalina.util.LifecycleBase - Setting state for [StandardPipeline[StandardEngine[Tomcat].StandardHost[localhost].TomcatEmbeddedContext[]]] to [STARTED]
2020-07-15 19:51:17.176 2010 [restartedMain] DEBUG o.a.catalina.util.LifecycleBase - Setting state for [org.apache.catalina.deploy.NamingResourcesImpl@7ffb0c51] to [INITIALIZING]
2020-07-15 19:51:17.176 2010 [restartedMain] DEBUG o.a.catalina.util.LifecycleBase - Setting state for [org.apache.catalina.deploy.NamingResourcesImpl@7ffb0c51] to [INITIALIZED]
2020-07-15 19:51:17.177 2011 [restartedMain] DEBUG o.a.catalina.util.LifecycleBase - Setting state for [org.apache.catalina.deploy.NamingResourcesImpl@7ffb0c51] to [STARTING_PREP]
2020-07-15 19:51:17.177 2011 [restartedMain] DEBUG o.a.catalina.util.LifecycleBase - Setting state for [org.apache.catalina.deploy.NamingResourcesImpl@7ffb0c51] to [STARTING]
2020-07-15 19:51:17.177 2011 [restartedMain] DEBUG o.a.catalina.util.LifecycleBase - Setting state for [org.apache.catalina.deploy.NamingResourcesImpl@7ffb0c51] to [STARTED]
2020-07-15 19:51:17.183 2017 [restartedMain] INFO  o.a.c.c.C.[Tomcat].[localhost].[/] - Initializing Spring embedded WebApplicationContext
2020-07-15 19:51:17.183 2017 [restartedMain] DEBUG o.s.web.context.ContextLoader - Published root WebApplicationContext as ServletContext attribute with name [org.springframework.web.context.WebApplicationContext.ROOT]
2020-07-15 19:51:17.183 2017 [restartedMain] INFO  o.s.web.context.ContextLoader - Root WebApplicationContext: initialization completed in 1352 ms
2020-07-15 19:51:17.183 2017 [restartedMain] TRACE o.s.b.f.s.DefaultListableBeanFactory - Registering scope 'application' with implementation [org.springframework.web.context.support.ServletContextScope@416af7bc]
2020-07-15 19:51:17.185 2019 [restartedMain] TRACE o.s.b.f.s.DefaultListableBeanFactory - Returning cached instance of singleton bean 'dispatcherServletRegistration'
2020-07-15 19:51:17.185 2019 [restartedMain] DEBUG o.s.b.f.s.DefaultListableBeanFactory - Creating shared instance of singleton bean 'securityFilterChainRegistration'
2020-07-15 19:51:17.185 2019 [restartedMain] TRACE o.s.b.f.s.DefaultListableBeanFactory - Creating instance of bean 'securityFilterChainRegistration'
2020-07-15 19:51:17.185 2019 [restartedMain] DEBUG o.s.b.f.s.DefaultListableBeanFactory - Creating shared instance of singleton bean 'org.springframework.boot.autoconfigure.security.servlet.SecurityFilterAutoConfiguration'
2020-07-15 19:51:17.185 2019 [restartedMain] TRACE o.s.b.f.s.DefaultListableBeanFactory - Creating instance of bean 'org.springframework.boot.autoconfigure.security.servlet.SecurityFilterAutoConfiguration'
2020-07-15 19:51:17.185 2019 [restartedMain] TRACE o.s.b.f.s.DefaultListableBeanFactory - Eagerly caching bean 'org.springframework.boot.autoconfigure.security.servlet.SecurityFilterAutoConfiguration' to allow for resolving potential circular references
2020-07-15 19:51:17.186 2020 [restartedMain] TRACE o.s.b.f.s.DefaultListableBeanFactory - Finished creating instance of bean 'org.springframework.boot.autoconfigure.security.servlet.SecurityFilterAutoConfiguration'
2020-07-15 19:51:17.186 2020 [restartedMain] DEBUG o.s.b.f.s.DefaultListableBeanFactory - Creating shared instance of singleton bean 'spring.security-org.springframework.boot.autoconfigure.security.SecurityProperties'
2020-07-15 19:51:17.186 2020 [restartedMain] TRACE o.s.b.f.s.DefaultListableBeanFactory - Creating instance of bean 'spring.security-org.springframework.boot.autoconfigure.security.SecurityProperties'
2020-07-15 19:51:17.187 2021 [restartedMain] TRACE o.s.b.f.s.DefaultListableBeanFactory - Eagerly caching bean 'spring.security-org.springframework.boot.autoconfigure.security.SecurityProperties' to allow for resolving potential circular references
2020-07-15 19:51:17.188 2022 [restartedMain] TRACE o.s.b.f.s.DefaultListableBeanFactory - Finished creating instance of bean 'spring.security-org.springframework.boot.autoconfigure.security.SecurityProperties'
2020-07-15 19:51:17.188 2022 [restartedMain] DEBUG o.s.b.f.s.DefaultListableBeanFactory - Autowiring by type from bean name 'securityFilterChainRegistration' via factory method to bean named 'spring.security-org.springframework.boot.autoconfigure.security.SecurityProperties'
2020-07-15 19:51:17.190 2024 [restartedMain] TRACE o.s.b.f.s.DefaultListableBeanFactory - Eagerly caching bean 'securityFilterChainRegistration' to allow for resolving potential circular references
2020-07-15 19:51:17.190 2024 [restartedMain] TRACE o.s.b.f.s.DefaultListableBeanFactory - Finished creating instance of bean 'securityFilterChainRegistration'
2020-07-15 19:51:17.192 2026 [restartedMain] TRACE o.s.b.w.s.ServletContextInitializerBeans - Added existing Filter initializer bean 'securityFilterChainRegistration'; order=-100, resource=class path resource [org/springframework/boot/autoconfigure/security/servlet/SecurityFilterAutoConfiguration.class]
2020-07-15 19:51:17.193 2027 [restartedMain] TRACE o.s.b.w.s.ServletContextInitializerBeans - Added existing Servlet initializer bean 'dispatcherServletRegistration'; order=2147483647, resource=class path resource [org/springframework/boot/autoconfigure/web/servlet/DispatcherServletAutoConfiguration$DispatcherServletRegistrationConfiguration.class]
2020-07-15 19:51:17.193 2027 [restartedMain] TRACE o.s.b.f.s.DefaultListableBeanFactory - Returning cached instance of singleton bean 'multipartConfigElement'
2020-07-15 19:51:17.193 2027 [restartedMain] TRACE o.s.b.f.s.DefaultListableBeanFactory - Returning cached instance of singleton bean 'dispatcherServlet'
2020-07-15 19:51:17.194 2028 [restartedMain] DEBUG o.s.b.f.s.DefaultListableBeanFactory - Creating shared instance of singleton bean 'requestContextFilter'
2020-07-15 19:51:17.194 2028 [restartedMain] TRACE o.s.b.f.s.DefaultListableBeanFactory - Creating instance of bean 'requestContextFilter'
2020-07-15 19:51:17.195 2029 [restartedMain] TRACE o.s.b.f.s.DefaultListableBeanFactory - Eagerly caching bean 'requestContextFilter' to allow for resolving potential circular references
2020-07-15 19:51:17.195 2029 [restartedMain] TRACE o.s.b.f.s.DefaultListableBeanFactory - Invoking afterPropertiesSet() on bean with name 'requestContextFilter'
2020-07-15 19:51:17.196 2030 [restartedMain] TRACE o.s.b.f.s.DefaultListableBeanFactory - Finished creating instance of bean 'requestContextFilter'
2020-07-15 19:51:17.196 2030 [restartedMain] DEBUG o.s.b.f.s.DefaultListableBeanFactory - Creating shared instance of singleton bean 'formContentFilter'
2020-07-15 19:51:17.196 2030 [restartedMain] TRACE o.s.b.f.s.DefaultListableBeanFactory - Creating instance of bean 'formContentFilter'
2020-07-15 19:51:17.196 2030 [restartedMain] DEBUG o.s.b.f.s.DefaultListableBeanFactory - Creating shared instance of singleton bean 'org.springframework.boot.autoconfigure.web.servlet.WebMvcAutoConfiguration'
2020-07-15 19:51:17.196 2030 [restartedMain] TRACE o.s.b.f.s.DefaultListableBeanFactory - Creating instance of bean 'org.springframework.boot.autoconfigure.web.servlet.WebMvcAutoConfiguration'
2020-07-15 19:51:17.196 2030 [restartedMain] TRACE o.s.b.f.s.DefaultListableBeanFactory - Eagerly caching bean 'org.springframework.boot.autoconfigure.web.servlet.WebMvcAutoConfiguration' to allow for resolving potential circular references
2020-07-15 19:51:17.197 2031 [restartedMain] TRACE o.s.b.f.s.DefaultListableBeanFactory - Finished creating instance of bean 'org.springframework.boot.autoconfigure.web.servlet.WebMvcAutoConfiguration'
2020-07-15 19:51:17.199 2033 [restartedMain] TRACE o.s.b.f.s.DefaultListableBeanFactory - Eagerly caching bean 'formContentFilter' to allow for resolving potential circular references
2020-07-15 19:51:17.199 2033 [restartedMain] TRACE o.s.b.f.s.DefaultListableBeanFactory - Invoking afterPropertiesSet() on bean with name 'formContentFilter'
2020-07-15 19:51:17.199 2033 [restartedMain] TRACE o.s.b.f.s.DefaultListableBeanFactory - Finished creating instance of bean 'formContentFilter'
2020-07-15 19:51:17.199 2033 [restartedMain] DEBUG o.s.b.f.s.DefaultListableBeanFactory - Creating shared instance of singleton bean 'characterEncodingFilter'
2020-07-15 19:51:17.199 2033 [restartedMain] TRACE o.s.b.f.s.DefaultListableBeanFactory - Creating instance of bean 'characterEncodingFilter'
2020-07-15 19:51:17.199 2033 [restartedMain] TRACE o.s.b.f.s.DefaultListableBeanFactory - Returning cached instance of singleton bean 'org.springframework.boot.autoconfigure.web.servlet.HttpEncodingAutoConfiguration'
2020-07-15 19:51:17.200 2034 [restartedMain] TRACE o.s.b.f.s.DefaultListableBeanFactory - Eagerly caching bean 'characterEncodingFilter' to allow for resolving potential circular references
2020-07-15 19:51:17.200 2034 [restartedMain] TRACE o.s.b.f.s.DefaultListableBeanFactory - Invoking afterPropertiesSet() on bean with name 'characterEncodingFilter'
2020-07-15 19:51:17.200 2034 [restartedMain] TRACE o.s.b.f.s.DefaultListableBeanFactory - Finished creating instance of bean 'characterEncodingFilter'
2020-07-15 19:51:17.200 2034 [restartedMain] TRACE o.s.b.w.s.ServletContextInitializerBeans - Created Filter initializer for bean 'characterEncodingFilter'; order=-2147483648, resource=class path resource [org/springframework/boot/autoconfigure/web/servlet/HttpEncodingAutoConfiguration.class]
2020-07-15 19:51:17.200 2034 [restartedMain] TRACE o.s.b.w.s.ServletContextInitializerBeans - Created Filter initializer for bean 'formContentFilter'; order=-9900, resource=class path resource [org/springframework/boot/autoconfigure/web/servlet/WebMvcAutoConfiguration.class]
2020-07-15 19:51:17.200 2034 [restartedMain] TRACE o.s.b.w.s.ServletContextInitializerBeans - Created Filter initializer for bean 'requestContextFilter'; order=-105, resource=class path resource [org/springframework/boot/autoconfigure/web/servlet/WebMvcAutoConfiguration$WebMvcAutoConfigurationAdapter.class]
2020-07-15 19:51:17.203 2037 [restartedMain] DEBUG o.s.b.w.s.ServletContextInitializerBeans - Mapping filters: springSecurityFilterChain urls=[/*] order=-100, characterEncodingFilter urls=[/*] order=-2147483648, formContentFilter urls=[/*] order=-9900, requestContextFilter urls=[/*] order=-105
2020-07-15 19:51:17.204 2038 [restartedMain] DEBUG o.s.b.w.s.ServletContextInitializerBeans - Mapping servlets: dispatcherServlet urls=[/]
2020-07-15 19:51:17.206 2040 [restartedMain] DEBUG o.a.catalina.core.ContainerBase - Add child StandardWrapper[dispatcherServlet] StandardEngine[Tomcat].StandardHost[localhost].TomcatEmbeddedContext[]
2020-07-15 19:51:17.206 2040 [restartedMain] DEBUG o.a.catalina.util.LifecycleBase - Setting state for [StandardEngine[Tomcat].StandardHost[localhost].TomcatEmbeddedContext[].StandardWrapper[dispatcherServlet]] to [INITIALIZING]
2020-07-15 19:51:17.206 2040 [restartedMain] DEBUG o.a.catalina.util.LifecycleBase - Setting state for [StandardEngine[Tomcat].StandardHost[localhost].TomcatEmbeddedContext[].StandardWrapper[dispatcherServlet]] to [INITIALIZED]
2020-07-15 19:51:17.206 2040 [restartedMain] DEBUG o.a.catalina.util.LifecycleBase - Setting state for [StandardEngine[Tomcat].StandardHost[localhost].TomcatEmbeddedContext[].StandardWrapper[dispatcherServlet]] to [STARTING_PREP]
2020-07-15 19:51:17.206 2040 [restartedMain] DEBUG o.a.catalina.util.LifecycleBase - Setting state for [StandardPipeline[StandardEngine[Tomcat].StandardHost[localhost].TomcatEmbeddedContext[].StandardWrapper[dispatcherServlet]]] to [INITIALIZING]
2020-07-15 19:51:17.206 2040 [restartedMain] DEBUG o.a.catalina.util.LifecycleBase - Setting state for [StandardPipeline[StandardEngine[Tomcat].StandardHost[localhost].TomcatEmbeddedContext[].StandardWrapper[dispatcherServlet]]] to [INITIALIZED]
2020-07-15 19:51:17.207 2041 [restartedMain] DEBUG o.a.catalina.util.LifecycleBase - Setting state for [StandardPipeline[StandardEngine[Tomcat].StandardHost[localhost].TomcatEmbeddedContext[].StandardWrapper[dispatcherServlet]]] to [STARTING_PREP]
2020-07-15 19:51:17.207 2041 [restartedMain] DEBUG o.a.catalina.util.LifecycleBase - Setting state for [StandardWrapperValve[StandardEngine[Tomcat].StandardHost[localhost].TomcatEmbeddedContext[].StandardWrapper[dispatcherServlet]]] to [INITIALIZING]
2020-07-15 19:51:17.207 2041 [restartedMain] DEBUG o.a.catalina.util.LifecycleBase - Setting state for [StandardWrapperValve[StandardEngine[Tomcat].StandardHost[localhost].TomcatEmbeddedContext[].StandardWrapper[dispatcherServlet]]] to [INITIALIZED]
2020-07-15 19:51:17.207 2041 [restartedMain] DEBUG o.a.catalina.util.LifecycleBase - Setting state for [StandardWrapperValve[StandardEngine[Tomcat].StandardHost[localhost].TomcatEmbeddedContext[].StandardWrapper[dispatcherServlet]]] to [STARTING_PREP]
2020-07-15 19:51:17.207 2041 [restartedMain] DEBUG o.a.catalina.util.LifecycleBase - Setting state for [StandardWrapperValve[StandardEngine[Tomcat].StandardHost[localhost].TomcatEmbeddedContext[].StandardWrapper[dispatcherServlet]]] to [STARTING]
2020-07-15 19:51:17.207 2041 [restartedMain] DEBUG o.a.catalina.util.LifecycleBase - Setting state for [StandardWrapperValve[StandardEngine[Tomcat].StandardHost[localhost].TomcatEmbeddedContext[].StandardWrapper[dispatcherServlet]]] to [STARTED]
2020-07-15 19:51:17.207 2041 [restartedMain] DEBUG o.a.catalina.util.LifecycleBase - Setting state for [StandardPipeline[StandardEngine[Tomcat].StandardHost[localhost].TomcatEmbeddedContext[].StandardWrapper[dispatcherServlet]]] to [STARTING]
2020-07-15 19:51:17.207 2041 [restartedMain] DEBUG o.a.catalina.util.LifecycleBase - Setting state for [StandardPipeline[StandardEngine[Tomcat].StandardHost[localhost].TomcatEmbeddedContext[].StandardWrapper[dispatcherServlet]]] to [STARTED]
2020-07-15 19:51:17.208 2042 [restartedMain] DEBUG o.a.catalina.util.LifecycleBase - Setting state for [StandardEngine[Tomcat].StandardHost[localhost].TomcatEmbeddedContext[].StandardWrapper[dispatcherServlet]] to [STARTING]
2020-07-15 19:51:17.208 2042 [restartedMain] DEBUG o.a.catalina.util.LifecycleBase - Setting state for [StandardEngine[Tomcat].StandardHost[localhost].TomcatEmbeddedContext[].StandardWrapper[dispatcherServlet]] to [STARTED]
2020-07-15 19:51:17.209 2043 [restartedMain] DEBUG o.a.catalina.core.StandardContext - Configuring application event listeners
2020-07-15 19:51:17.209 2043 [restartedMain] DEBUG o.a.c.c.C.[Tomcat].[localhost].[/] -  Configuring event listener class 'org.apache.tomcat.websocket.server.WsContextListener'
2020-07-15 19:51:17.210 2044 [restartedMain] DEBUG o.a.c.c.C.[Tomcat].[localhost].[/] - Sending application start events
2020-07-15 19:51:17.222 2056 [restartedMain] DEBUG o.a.catalina.util.LifecycleBase - Setting state for [StandardManager[StandardEngine[Tomcat].StandardHost[localhost].TomcatEmbeddedContext[]]] to [INITIALIZING]
2020-07-15 19:51:17.223 2057 [restartedMain] DEBUG o.a.catalina.util.LifecycleBase - Setting state for [StandardManager[StandardEngine[Tomcat].StandardHost[localhost].TomcatEmbeddedContext[]]] to [INITIALIZED]
2020-07-15 19:51:17.223 2057 [restartedMain] DEBUG o.a.catalina.util.LifecycleBase - Setting state for [StandardManager[StandardEngine[Tomcat].StandardHost[localhost].TomcatEmbeddedContext[]]] to [STARTING_PREP]
2020-07-15 19:51:17.223 2057 [restartedMain] DEBUG o.a.catalina.util.LifecycleBase - Setting state for [org.springframework.boot.web.embedded.tomcat.LazySessionIdGenerator@5089c512] to [INITIALIZING]
2020-07-15 19:51:17.223 2057 [restartedMain] DEBUG o.a.catalina.util.LifecycleBase - Setting state for [org.springframework.boot.web.embedded.tomcat.LazySessionIdGenerator@5089c512] to [INITIALIZED]
2020-07-15 19:51:17.223 2057 [restartedMain] DEBUG o.a.catalina.util.LifecycleBase - Setting state for [org.springframework.boot.web.embedded.tomcat.LazySessionIdGenerator@5089c512] to [STARTING_PREP]
2020-07-15 19:51:17.223 2057 [restartedMain] DEBUG o.a.catalina.util.LifecycleBase - Setting state for [org.springframework.boot.web.embedded.tomcat.LazySessionIdGenerator@5089c512] to [STARTING]
2020-07-15 19:51:17.223 2057 [restartedMain] DEBUG o.a.catalina.util.LifecycleBase - Setting state for [org.springframework.boot.web.embedded.tomcat.LazySessionIdGenerator@5089c512] to [STARTED]
2020-07-15 19:51:17.224 2058 [restartedMain] DEBUG o.a.c.session.StandardManager - Start: Loading persisted sessions
2020-07-15 19:51:17.224 2058 [restartedMain] DEBUG o.a.c.session.StandardManager - Loading persisted sessions from [C:\Users\tejas\AppData\Local\Temp\A3FC56CA8AB7BA86BC00476C2734ED1DF341E837\servlet-sessions\SESSIONS.ser]
2020-07-15 19:51:17.224 2058 [restartedMain] DEBUG o.a.c.session.StandardManager - No persisted data file found
2020-07-15 19:51:17.224 2058 [restartedMain] DEBUG o.a.catalina.util.LifecycleBase - Setting state for [StandardManager[StandardEngine[Tomcat].StandardHost[localhost].TomcatEmbeddedContext[]]] to [STARTING]
2020-07-15 19:51:17.224 2058 [restartedMain] DEBUG o.a.catalina.util.LifecycleBase - Setting state for [StandardManager[StandardEngine[Tomcat].StandardHost[localhost].TomcatEmbeddedContext[]]] to [STARTED]
2020-07-15 19:51:17.224 2058 [restartedMain] DEBUG o.a.c.c.C.[Tomcat].[localhost].[/] - Starting filters
2020-07-15 19:51:17.224 2058 [restartedMain] DEBUG o.a.c.c.C.[Tomcat].[localhost].[/] -  Starting filter 'requestContextFilter'
2020-07-15 19:51:17.226 2060 [restartedMain] DEBUG o.s.b.w.s.f.OrderedRequestContextFilter - Filter 'requestContextFilter' configured for use
2020-07-15 19:51:17.227 2061 [restartedMain] DEBUG o.a.c.c.C.[Tomcat].[localhost].[/] -  Starting filter 'Tomcat WebSocket (JSR356) Filter'
2020-07-15 19:51:17.227 2061 [restartedMain] DEBUG o.a.c.c.C.[Tomcat].[localhost].[/] -  Starting filter 'characterEncodingFilter'
2020-07-15 19:51:17.227 2061 [restartedMain] DEBUG o.s.b.w.s.f.OrderedCharacterEncodingFilter - Filter 'characterEncodingFilter' configured for use
2020-07-15 19:51:17.227 2061 [restartedMain] DEBUG o.a.c.c.C.[Tomcat].[localhost].[/] -  Starting filter 'springSecurityFilterChain'
2020-07-15 19:51:17.227 2061 [restartedMain] DEBUG o.s.b.w.s.DelegatingFilterProxyRegistrationBean$1 - Filter 'springSecurityFilterChain' configured for use
2020-07-15 19:51:17.227 2061 [restartedMain] DEBUG o.a.c.c.C.[Tomcat].[localhost].[/] -  Starting filter 'formContentFilter'
2020-07-15 19:51:17.228 2062 [restartedMain] DEBUG o.s.b.w.s.f.OrderedFormContentFilter - Filter 'formContentFilter' configured for use
2020-07-15 19:51:17.228 2062 [restartedMain] DEBUG o.a.catalina.core.StandardContext - Starting completed
2020-07-15 19:51:17.228 2062 [restartedMain] DEBUG o.a.catalina.util.LifecycleBase - Setting state for [StandardEngine[Tomcat].StandardHost[localhost].TomcatEmbeddedContext[]] to [STARTING]
2020-07-15 19:51:17.228 2062 [restartedMain] DEBUG o.a.catalina.util.LifecycleBase - Setting state for [StandardEngine[Tomcat].StandardHost[localhost].TomcatEmbeddedContext[]] to [STARTED]
2020-07-15 19:51:17.228 2062 [restartedMain] DEBUG o.a.catalina.util.LifecycleBase - Setting state for [StandardPipeline[StandardEngine[Tomcat].StandardHost[localhost]]] to [INITIALIZING]
2020-07-15 19:51:17.229 2063 [restartedMain] DEBUG o.a.catalina.util.LifecycleBase - Setting state for [StandardPipeline[StandardEngine[Tomcat].StandardHost[localhost]]] to [INITIALIZED]
2020-07-15 19:51:17.229 2063 [restartedMain] DEBUG o.a.catalina.util.LifecycleBase - Setting state for [StandardPipeline[StandardEngine[Tomcat].StandardHost[localhost]]] to [STARTING_PREP]
2020-07-15 19:51:17.229 2063 [restartedMain] DEBUG o.a.catalina.util.LifecycleBase - Setting state for [ErrorReportValve[StandardEngine[Tomcat].StandardHost[localhost]]] to [INITIALIZING]
2020-07-15 19:51:17.229 2063 [restartedMain] DEBUG o.a.catalina.util.LifecycleBase - Setting state for [ErrorReportValve[StandardEngine[Tomcat].StandardHost[localhost]]] to [INITIALIZED]
2020-07-15 19:51:17.229 2063 [restartedMain] DEBUG o.a.catalina.util.LifecycleBase - Setting state for [ErrorReportValve[StandardEngine[Tomcat].StandardHost[localhost]]] to [STARTING_PREP]
2020-07-15 19:51:17.230 2064 [restartedMain] DEBUG o.a.catalina.util.LifecycleBase - Setting state for [ErrorReportValve[StandardEngine[Tomcat].StandardHost[localhost]]] to [STARTING]
2020-07-15 19:51:17.230 2064 [restartedMain] DEBUG o.a.catalina.util.LifecycleBase - Setting state for [ErrorReportValve[StandardEngine[Tomcat].StandardHost[localhost]]] to [STARTED]
2020-07-15 19:51:17.230 2064 [restartedMain] DEBUG o.a.catalina.util.LifecycleBase - Setting state for [StandardHostValve[StandardEngine[Tomcat].StandardHost[localhost]]] to [INITIALIZING]
2020-07-15 19:51:17.230 2064 [restartedMain] DEBUG o.a.catalina.util.LifecycleBase - Setting state for [StandardHostValve[StandardEngine[Tomcat].StandardHost[localhost]]] to [INITIALIZED]
2020-07-15 19:51:17.230 2064 [restartedMain] DEBUG o.a.catalina.util.LifecycleBase - Setting state for [StandardHostValve[StandardEngine[Tomcat].StandardHost[localhost]]] to [STARTING_PREP]
2020-07-15 19:51:17.230 2064 [restartedMain] DEBUG o.a.catalina.util.LifecycleBase - Setting state for [StandardHostValve[StandardEngine[Tomcat].StandardHost[localhost]]] to [STARTING]
2020-07-15 19:51:17.231 2065 [restartedMain] DEBUG o.a.catalina.util.LifecycleBase - Setting state for [StandardHostValve[StandardEngine[Tomcat].StandardHost[localhost]]] to [STARTED]
2020-07-15 19:51:17.231 2065 [restartedMain] DEBUG o.a.catalina.util.LifecycleBase - Setting state for [StandardPipeline[StandardEngine[Tomcat].StandardHost[localhost]]] to [STARTING]
2020-07-15 19:51:17.231 2065 [restartedMain] DEBUG o.a.catalina.util.LifecycleBase - Setting state for [StandardPipeline[StandardEngine[Tomcat].StandardHost[localhost]]] to [STARTED]
2020-07-15 19:51:17.231 2065 [restartedMain] DEBUG o.a.catalina.util.LifecycleBase - Setting state for [StandardEngine[Tomcat].StandardHost[localhost]] to [STARTING]
2020-07-15 19:51:17.231 2065 [restartedMain] DEBUG o.a.catalina.util.LifecycleBase - Setting state for [StandardEngine[Tomcat].StandardHost[localhost]] to [STARTED]
2020-07-15 19:51:17.232 2066 [restartedMain] DEBUG o.a.catalina.util.LifecycleBase - Setting state for [StandardPipeline[StandardEngine[Tomcat]]] to [INITIALIZING]
2020-07-15 19:51:17.232 2066 [restartedMain] DEBUG o.a.catalina.util.LifecycleBase - Setting state for [StandardPipeline[StandardEngine[Tomcat]]] to [INITIALIZED]
2020-07-15 19:51:17.232 2066 [restartedMain] DEBUG o.a.catalina.util.LifecycleBase - Setting state for [StandardPipeline[StandardEngine[Tomcat]]] to [STARTING_PREP]
2020-07-15 19:51:17.232 2066 [restartedMain] DEBUG o.a.catalina.util.LifecycleBase - Setting state for [StandardEngineValve[StandardEngine[Tomcat]]] to [INITIALIZING]
2020-07-15 19:51:17.232 2066 [restartedMain] DEBUG o.a.catalina.util.LifecycleBase - Setting state for [StandardEngineValve[StandardEngine[Tomcat]]] to [INITIALIZED]
2020-07-15 19:51:17.232 2066 [restartedMain] DEBUG o.a.catalina.util.LifecycleBase - Setting state for [StandardEngineValve[StandardEngine[Tomcat]]] to [STARTING_PREP]
2020-07-15 19:51:17.232 2066 [restartedMain] DEBUG o.a.catalina.util.LifecycleBase - Setting state for [StandardEngineValve[StandardEngine[Tomcat]]] to [STARTING]
2020-07-15 19:51:17.233 2067 [restartedMain] DEBUG o.a.catalina.util.LifecycleBase - Setting state for [StandardEngineValve[StandardEngine[Tomcat]]] to [STARTED]
2020-07-15 19:51:17.233 2067 [restartedMain] DEBUG o.a.catalina.util.LifecycleBase - Setting state for [StandardPipeline[StandardEngine[Tomcat]]] to [STARTING]
2020-07-15 19:51:17.233 2067 [restartedMain] DEBUG o.a.catalina.util.LifecycleBase - Setting state for [StandardPipeline[StandardEngine[Tomcat]]] to [STARTED]
2020-07-15 19:51:17.233 2067 [restartedMain] DEBUG o.a.catalina.util.LifecycleBase - Setting state for [StandardEngine[Tomcat]] to [STARTING]
2020-07-15 19:51:17.235 2069 [restartedMain] DEBUG o.a.catalina.util.LifecycleBase - Setting state for [StandardEngine[Tomcat]] to [STARTED]
2020-07-15 19:51:17.235 2069 [restartedMain] DEBUG o.a.catalina.util.LifecycleBase - Setting state for [org.apache.catalina.mapper.MapperListener@54142e43] to [STARTING_PREP]
2020-07-15 19:51:17.236 2070 [restartedMain] DEBUG o.a.catalina.util.LifecycleBase - Setting state for [org.apache.catalina.mapper.MapperListener@54142e43] to [STARTING]
2020-07-15 19:51:17.236 2070 [restartedMain] DEBUG org.apache.catalina.mapper.Mapper - Registered host [localhost]
2020-07-15 19:51:17.237 2071 [restartedMain] DEBUG o.a.catalina.mapper.MapperListener - Register Wrapper [default] in Context [] for service [StandardService[Tomcat]]
2020-07-15 19:51:17.237 2071 [restartedMain] DEBUG o.a.catalina.mapper.MapperListener - Register Wrapper [dispatcherServlet] in Context [] for service [StandardService[Tomcat]]
2020-07-15 19:51:17.238 2072 [restartedMain] DEBUG o.a.catalina.mapper.MapperListener - Register Context [] for service [StandardService[Tomcat]]
2020-07-15 19:51:17.238 2072 [restartedMain] DEBUG o.a.catalina.mapper.MapperListener - Register host [localhost] at domain [null] for service [StandardService[Tomcat]]
2020-07-15 19:51:17.238 2072 [restartedMain] DEBUG o.a.catalina.util.LifecycleBase - Setting state for [org.apache.catalina.mapper.MapperListener@54142e43] to [STARTED]
2020-07-15 19:51:17.238 2072 [restartedMain] DEBUG o.a.catalina.util.LifecycleBase - Setting state for [StandardService[Tomcat]] to [STARTED]
2020-07-15 19:51:17.238 2072 [restartedMain] DEBUG o.a.catalina.util.LifecycleBase - Setting state for [StandardServer[-1]] to [STARTED]
2020-07-15 19:51:17.241 2075 [restartedMain] TRACE o.s.b.f.s.DefaultListableBeanFactory - Pre-instantiating singletons in org.springframework.beans.factory.support.DefaultListableBeanFactory@46a2da97: defining beans [org.springframework.context.annotation.internalConfigurationAnnotationProcessor,org.springframework.context.annotation.internalAutowiredAnnotationProcessor,org.springframework.context.annotation.internalCommonAnnotationProcessor,org.springframework.context.event.internalEventListenerProcessor,org.springframework.context.event.internalEventListenerFactory,groupFormationToolApplication,org.springframework.boot.autoconfigure.internalCachingMetadataReaderFactory,adminConfigController,courseAdminController,courseController,instructorAdminController,errorController,questionController,loginController,securityConfiguration,signupController,surveyController,indexController,org.springframework.security.config.annotation.configuration.ObjectPostProcessorConfiguration,objectPostProcessor,org.springframework.security.config.annotation.authentication.configuration.AuthenticationConfiguration,authenticationManagerBuilder,enableGlobalAuthenticationAutowiredConfigurer,initializeUserDetailsBeanManagerConfigurer,initializeAuthenticationProviderBeanManagerConfigurer,org.springframework.security.config.annotation.web.configuration.WebSecurityConfiguration,delegatingApplicationListener,webSecurityExpressionHandler,springSecurityFilterChain,privilegeEvaluator,conversionServicePostProcessor,autowiredWebSecurityConfigurersIgnoreParents,org.springframework.security.config.annotation.web.configuration.WebMvcSecurityConfiguration,requestDataValueProcessor,org.springframework.boot.autoconfigure.AutoConfigurationPackages,org.springframework.boot.autoconfigure.context.PropertyPlaceholderAutoConfiguration,propertySourcesPlaceholderConfigurer,org.springframework.boot.autoconfigure.websocket.servlet.WebSocketServletAutoConfiguration$TomcatWebSocketConfiguration,websocketServletWebServerCustomizer,org.springframework.boot.autoconfigure.websocket.servlet.WebSocketServletAutoConfiguration,org.springframework.boot.autoconfigure.web.servlet.ServletWebServerFactoryConfiguration$EmbeddedTomcat,tomcatServletWebServerFactory,org.springframework.boot.autoconfigure.web.servlet.ServletWebServerFactoryAutoConfiguration,servletWebServerFactoryCustomizer,tomcatServletWebServerFactoryCustomizer,org.springframework.boot.context.properties.ConfigurationPropertiesBindingPostProcessor,org.springframework.boot.context.internalConfigurationPropertiesBinderFactory,org.springframework.boot.context.internalConfigurationPropertiesBinder,org.springframework.boot.context.properties.ConfigurationPropertiesBeanDefinitionValidator,org.springframework.boot.context.properties.ConfigurationBeanFactoryMetadata,server-org.springframework.boot.autoconfigure.web.ServerProperties,webServerFactoryCustomizerBeanPostProcessor,errorPageRegistrarBeanPostProcessor,org.springframework.boot.autoconfigure.web.servlet.DispatcherServletAutoConfiguration$DispatcherServletConfiguration,dispatcherServlet,spring.mvc-org.springframework.boot.autoconfigure.web.servlet.WebMvcProperties,spring.http-org.springframework.boot.autoconfigure.http.HttpProperties,org.springframework.boot.autoconfigure.web.servlet.DispatcherServletAutoConfiguration$DispatcherServletRegistrationConfiguration,dispatcherServletRegistration,org.springframework.boot.autoconfigure.web.servlet.DispatcherServletAutoConfiguration,org.springframework.boot.autoconfigure.task.TaskExecutionAutoConfiguration,taskExecutorBuilder,applicationTaskExecutor,spring.task.execution-org.springframework.boot.autoconfigure.task.TaskExecutionProperties,org.springframework.boot.autoconfigure.validation.ValidationAutoConfiguration,defaultValidator,methodValidationPostProcessor,org.springframework.boot.autoconfigure.web.servlet.error.ErrorMvcAutoConfiguration$DefaultErrorViewResolverConfiguration,conventionErrorViewResolver,org.springframework.boot.autoconfigure.web.servlet.error.ErrorMvcAutoConfiguration,errorAttributes,basicErrorController,errorPageCustomizer,preserveErrorControllerTargetClassPostProcessor,spring.resources-org.springframework.boot.autoconfigure.web.ResourceProperties,org.springframework.boot.autoconfigure.web.servlet.WebMvcAutoConfiguration$EnableWebMvcConfiguration,requestMappingHandlerAdapter,requestMappingHandlerMapping,welcomePageHandlerMapping,mvcConversionService,mvcValidator,mvcContentNegotiationManager,mvcPathMatcher,mvcUrlPathHelper,viewControllerHandlerMapping,beanNameHandlerMapping,routerFunctionMapping,resourceHandlerMapping,mvcResourceUrlProvider,defaultServletHandlerMapping,handlerFunctionAdapter,mvcUriComponentsContributor,httpRequestHandlerAdapter,simpleControllerHandlerAdapter,handlerExceptionResolver,mvcViewResolver,mvcHandlerMappingIntrospector,org.springframework.boot.autoconfigure.web.servlet.WebMvcAutoConfiguration$WebMvcAutoConfigurationAdapter,defaultViewResolver,viewResolver,requestContextFilter,org.springframework.boot.autoconfigure.web.servlet.WebMvcAutoConfiguration,formContentFilter,org.springframework.boot.autoconfigure.aop.AopAutoConfiguration$ClassProxyingConfiguration,org.springframework.boot.autoconfigure.aop.AopAutoConfiguration,org.springframework.boot.autoconfigure.context.ConfigurationPropertiesAutoConfiguration,org.springframework.boot.autoconfigure.jackson.JacksonAutoConfiguration$Jackson2ObjectMapperBuilderCustomizerConfiguration,standardJacksonObjectMapperBuilderCustomizer,spring.jackson-org.springframework.boot.autoconfigure.jackson.JacksonProperties,org.springframework.boot.autoconfigure.jackson.JacksonAutoConfiguration$JacksonObjectMapperBuilderConfiguration,jacksonObjectMapperBuilder,org.springframework.boot.autoconfigure.jackson.JacksonAutoConfiguration$ParameterNamesModuleConfiguration,parameterNamesModule,org.springframework.boot.autoconfigure.jackson.JacksonAutoConfiguration$JacksonObjectMapperConfiguration,jacksonObjectMapper,org.springframework.boot.autoconfigure.jackson.JacksonAutoConfiguration,jsonComponentModule,org.springframework.boot.autoconfigure.http.HttpMessageConvertersAutoConfiguration$StringHttpMessageConverterConfiguration,stringHttpMessageConverter,org.springframework.boot.autoconfigure.http.JacksonHttpMessageConvertersConfiguration$MappingJackson2HttpMessageConverterConfiguration,mappingJackson2HttpMessageConverter,org.springframework.boot.autoconfigure.http.JacksonHttpMessageConvertersConfiguration,org.springframework.boot.autoconfigure.http.HttpMessageConvertersAutoConfiguration,messageConverters,org.springframework.boot.autoconfigure.info.ProjectInfoAutoConfiguration,spring.info-org.springframework.boot.autoconfigure.info.ProjectInfoProperties,org.springframework.boot.autoconfigure.security.oauth2.resource.servlet.OAuth2ResourceServerAutoConfiguration,spring.security.oauth2.resourceserver-org.springframework.boot.autoconfigure.security.oauth2.resource.OAuth2ResourceServerProperties,org.springframework.boot.autoconfigure.security.servlet.SecurityAutoConfiguration,authenticationEventPublisher,spring.security-org.springframework.boot.autoconfigure.security.SecurityProperties,org.springframework.boot.autoconfigure.security.servlet.SecurityFilterAutoConfiguration,securityFilterChainRegistration,org.springframework.boot.autoconfigure.security.servlet.UserDetailsServiceAutoConfiguration,inMemoryUserDetailsManager,org.springframework.boot.autoconfigure.session.SessionAutoConfiguration$ServletSessionRepositoryImplementationValidator,org.springframework.boot.autoconfigure.session.NoOpSessionConfiguration,org.springframework.boot.autoconfigure.session.SessionAutoConfiguration$ServletSessionConfiguration$ServletSessionRepositoryConfiguration,org.springframework.boot.autoconfigure.session.SessionAutoConfiguration$ServletSessionRepositoryValidator,org.springframework.boot.autoconfigure.session.SessionAutoConfiguration$ServletSessionConfiguration,cookieSerializer,org.springframework.boot.autoconfigure.session.SessionAutoConfiguration,spring.session-org.springframework.boot.autoconfigure.session.SessionProperties,org.springframework.boot.autoconfigure.task.TaskSchedulingAutoConfiguration,taskSchedulerBuilder,spring.task.scheduling-org.springframework.boot.autoconfigure.task.TaskSchedulingProperties,org.springframework.boot.autoconfigure.thymeleaf.ThymeleafAutoConfiguration$ThymeleafJava8TimeDialect,java8TimeDialect,org.springframework.boot.autoconfigure.thymeleaf.ThymeleafAutoConfiguration$ThymeleafSecurityDialectConfiguration,securityDialect,org.springframework.boot.autoconfigure.thymeleaf.ThymeleafAutoConfiguration$ThymeleafWebMvcConfiguration$ThymeleafViewResolverConfiguration,thymeleafViewResolver,org.springframework.boot.autoconfigure.thymeleaf.ThymeleafAutoConfiguration$ThymeleafWebMvcConfiguration,org.springframework.boot.autoconfigure.thymeleaf.ThymeleafAutoConfiguration$ThymeleafDefaultConfiguration,templateEngine,org.springframework.boot.autoconfigure.thymeleaf.ThymeleafAutoConfiguration$DefaultTemplateResolverConfiguration,defaultTemplateResolver,org.springframework.boot.autoconfigure.thymeleaf.ThymeleafAutoConfiguration,spring.thymeleaf-org.springframework.boot.autoconfigure.thymeleaf.ThymeleafProperties,org.springframework.boot.autoconfigure.web.client.RestTemplateAutoConfiguration,restTemplateBuilder,org.springframework.boot.autoconfigure.web.embedded.EmbeddedWebServerFactoryCustomizerAutoConfiguration$TomcatWebServerFactoryCustomizerConfiguration,tomcatWebServerFactoryCustomizer,org.springframework.boot.autoconfigure.web.embedded.EmbeddedWebServerFactoryCustomizerAutoConfiguration,org.springframework.boot.autoconfigure.web.servlet.HttpEncodingAutoConfiguration,characterEncodingFilter,localeCharsetMappingsCustomizer,org.springframework.boot.autoconfigure.web.servlet.MultipartAutoConfiguration,multipartConfigElement,multipartResolver,spring.servlet.multipart-org.springframework.boot.autoconfigure.web.servlet.MultipartProperties,org.springframework.boot.devtools.autoconfigure.LocalDevToolsAutoConfiguration$RestartConfiguration,restartingClassPathChangedEventListener,classPathFileSystemWatcher,classPathRestartStrategy,fileSystemWatcherFactory,conditionEvaluationDeltaLoggingListener,org.springframework.boot.devtools.autoconfigure.LocalDevToolsAutoConfiguration$LiveReloadConfiguration,liveReloadServer,optionalLiveReloadServer,liveReloadServerEventListener,org.springframework.boot.devtools.autoconfigure.LocalDevToolsAutoConfiguration,spring.devtools-org.springframework.boot.devtools.autoconfigure.DevToolsProperties]; root of factory hierarchy
2020-07-15 19:51:17.242 2076 [restartedMain] TRACE o.s.b.f.s.DefaultListableBeanFactory - Returning cached instance of singleton bean 'org.springframework.context.annotation.internalConfigurationAnnotationProcessor'
2020-07-15 19:51:17.242 2076 [restartedMain] TRACE o.s.b.f.s.DefaultListableBeanFactory - Returning cached instance of singleton bean 'org.springframework.context.annotation.internalAutowiredAnnotationProcessor'
2020-07-15 19:51:17.242 2076 [restartedMain] TRACE o.s.b.f.s.DefaultListableBeanFactory - Returning cached instance of singleton bean 'org.springframework.context.annotation.internalCommonAnnotationProcessor'
2020-07-15 19:51:17.242 2076 [restartedMain] TRACE o.s.b.f.s.DefaultListableBeanFactory - Returning cached instance of singleton bean 'org.springframework.context.event.internalEventListenerProcessor'
2020-07-15 19:51:17.242 2076 [restartedMain] TRACE o.s.b.f.s.DefaultListableBeanFactory - Returning cached instance of singleton bean 'org.springframework.context.event.internalEventListenerFactory'
2020-07-15 19:51:17.242 2076 [restartedMain] DEBUG o.s.b.f.s.DefaultListableBeanFactory - Creating shared instance of singleton bean 'groupFormationToolApplication'
2020-07-15 19:51:17.242 2076 [restartedMain] TRACE o.s.b.f.s.DefaultListableBeanFactory - Creating instance of bean 'groupFormationToolApplication'
2020-07-15 19:51:17.242 2076 [restartedMain] TRACE o.s.b.f.s.DefaultListableBeanFactory - Eagerly caching bean 'groupFormationToolApplication' to allow for resolving potential circular references
2020-07-15 19:51:17.242 2076 [restartedMain] TRACE o.s.b.f.s.DefaultListableBeanFactory - Finished creating instance of bean 'groupFormationToolApplication'
2020-07-15 19:51:17.242 2076 [restartedMain] TRACE o.s.b.f.s.DefaultListableBeanFactory - Returning cached instance of singleton bean 'org.springframework.boot.autoconfigure.internalCachingMetadataReaderFactory'
2020-07-15 19:51:17.243 2077 [restartedMain] DEBUG o.s.b.f.s.DefaultListableBeanFactory - Creating shared instance of singleton bean 'adminConfigController'
2020-07-15 19:51:17.243 2077 [restartedMain] TRACE o.s.b.f.s.DefaultListableBeanFactory - Creating instance of bean 'adminConfigController'
2020-07-15 19:51:17.244 2078 [restartedMain] TRACE o.s.b.f.s.DefaultListableBeanFactory - Eagerly caching bean 'adminConfigController' to allow for resolving potential circular references
2020-07-15 19:51:17.245 2079 [restartedMain] TRACE o.s.b.f.s.DefaultListableBeanFactory - Finished creating instance of bean 'adminConfigController'
2020-07-15 19:51:17.245 2079 [restartedMain] DEBUG o.s.b.f.s.DefaultListableBeanFactory - Creating shared instance of singleton bean 'courseAdminController'
2020-07-15 19:51:17.245 2079 [restartedMain] TRACE o.s.b.f.s.DefaultListableBeanFactory - Creating instance of bean 'courseAdminController'
2020-07-15 19:51:17.245 2079 [restartedMain] TRACE o.s.b.f.s.DefaultListableBeanFactory - Eagerly caching bean 'courseAdminController' to allow for resolving potential circular references
2020-07-15 19:51:17.245 2079 [restartedMain] TRACE o.s.b.f.s.DefaultListableBeanFactory - Finished creating instance of bean 'courseAdminController'
2020-07-15 19:51:17.245 2079 [restartedMain] DEBUG o.s.b.f.s.DefaultListableBeanFactory - Creating shared instance of singleton bean 'courseController'
2020-07-15 19:51:17.245 2079 [restartedMain] TRACE o.s.b.f.s.DefaultListableBeanFactory - Creating instance of bean 'courseController'
2020-07-15 19:51:17.246 2080 [restartedMain] TRACE o.s.b.f.s.DefaultListableBeanFactory - Eagerly caching bean 'courseController' to allow for resolving potential circular references
2020-07-15 19:51:17.246 2080 [restartedMain] TRACE o.s.b.f.s.DefaultListableBeanFactory - Finished creating instance of bean 'courseController'
2020-07-15 19:51:17.246 2080 [restartedMain] DEBUG o.s.b.f.s.DefaultListableBeanFactory - Creating shared instance of singleton bean 'instructorAdminController'
2020-07-15 19:51:17.246 2080 [restartedMain] TRACE o.s.b.f.s.DefaultListableBeanFactory - Creating instance of bean 'instructorAdminController'
2020-07-15 19:51:17.247 2081 [restartedMain] TRACE o.s.b.f.s.DefaultListableBeanFactory - Eagerly caching bean 'instructorAdminController' to allow for resolving potential circular references
2020-07-15 19:51:17.248 2082 [restartedMain] TRACE o.s.b.f.s.DefaultListableBeanFactory - Finished creating instance of bean 'instructorAdminController'
2020-07-15 19:51:17.248 2082 [restartedMain] DEBUG o.s.b.f.s.DefaultListableBeanFactory - Creating shared instance of singleton bean 'errorController'
2020-07-15 19:51:17.248 2082 [restartedMain] TRACE o.s.b.f.s.DefaultListableBeanFactory - Creating instance of bean 'errorController'
2020-07-15 19:51:17.248 2082 [restartedMain] TRACE o.s.b.f.s.DefaultListableBeanFactory - Eagerly caching bean 'errorController' to allow for resolving potential circular references
2020-07-15 19:51:17.248 2082 [restartedMain] TRACE o.s.b.f.s.DefaultListableBeanFactory - Finished creating instance of bean 'errorController'
2020-07-15 19:51:17.248 2082 [restartedMain] DEBUG o.s.b.f.s.DefaultListableBeanFactory - Creating shared instance of singleton bean 'questionController'
2020-07-15 19:51:17.248 2082 [restartedMain] TRACE o.s.b.f.s.DefaultListableBeanFactory - Creating instance of bean 'questionController'
2020-07-15 19:51:17.251 2085 [restartedMain] TRACE o.s.b.f.s.DefaultListableBeanFactory - Eagerly caching bean 'questionController' to allow for resolving potential circular references
2020-07-15 19:51:17.251 2085 [restartedMain] TRACE o.s.b.f.s.DefaultListableBeanFactory - Finished creating instance of bean 'questionController'
2020-07-15 19:51:17.251 2085 [restartedMain] DEBUG o.s.b.f.s.DefaultListableBeanFactory - Creating shared instance of singleton bean 'loginController'
2020-07-15 19:51:17.251 2085 [restartedMain] TRACE o.s.b.f.s.DefaultListableBeanFactory - Creating instance of bean 'loginController'
2020-07-15 19:51:17.252 2086 [restartedMain] TRACE o.s.b.f.s.DefaultListableBeanFactory - Eagerly caching bean 'loginController' to allow for resolving potential circular references
2020-07-15 19:51:17.252 2086 [restartedMain] TRACE o.s.b.f.s.DefaultListableBeanFactory - Finished creating instance of bean 'loginController'
2020-07-15 19:51:17.252 2086 [restartedMain] DEBUG o.s.b.f.s.DefaultListableBeanFactory - Creating shared instance of singleton bean 'securityConfiguration'
2020-07-15 19:51:17.252 2086 [restartedMain] TRACE o.s.b.f.s.DefaultListableBeanFactory - Creating instance of bean 'securityConfiguration'
2020-07-15 19:51:17.255 2089 [restartedMain] TRACE o.s.b.CachedIntrospectionResults - Getting BeanInfo for class [CSCI5308.GroupFormationTool.Security.SecurityConfiguration$$EnhancerBySpringCGLIB$$b2ab14e4]
2020-07-15 19:51:17.259 2093 [restartedMain] TRACE o.s.b.CachedIntrospectionResults - Caching PropertyDescriptors for class [CSCI5308.GroupFormationTool.Security.SecurityConfiguration$$EnhancerBySpringCGLIB$$b2ab14e4]
2020-07-15 19:51:17.259 2093 [restartedMain] TRACE o.s.b.CachedIntrospectionResults - Found bean property 'applicationContext' of type [org.springframework.context.ApplicationContext]
2020-07-15 19:51:17.259 2093 [restartedMain] TRACE o.s.b.CachedIntrospectionResults - Found bean property 'authenticationConfiguration' of type [org.springframework.security.config.annotation.authentication.configuration.AuthenticationConfiguration]
2020-07-15 19:51:17.259 2093 [restartedMain] TRACE o.s.b.CachedIntrospectionResults - Found bean property 'beanFactory' of type [org.springframework.beans.factory.BeanFactory]
2020-07-15 19:51:17.259 2093 [restartedMain] TRACE o.s.b.CachedIntrospectionResults - Found bean property 'class' of type [java.lang.Class]
2020-07-15 19:51:17.259 2093 [restartedMain] TRACE o.s.b.CachedIntrospectionResults - Found bean property 'contentNegotationStrategy' of type [org.springframework.web.accept.ContentNegotiationStrategy]
2020-07-15 19:51:17.259 2093 [restartedMain] TRACE o.s.b.CachedIntrospectionResults - Found bean property 'objectPostProcessor' of type [org.springframework.security.config.annotation.ObjectPostProcessor]
2020-07-15 19:51:17.259 2093 [restartedMain] TRACE o.s.b.CachedIntrospectionResults - Found bean property 'trustResolver' of type [org.springframework.security.authentication.AuthenticationTrustResolver]
2020-07-15 19:51:17.261 2095 [restartedMain] DEBUG o.s.b.CachedIntrospectionResults - Not strongly caching class [CSCI5308.GroupFormationTool.Security.SecurityConfiguration$$EnhancerBySpringCGLIB$$b2ab14e4] because it is not cache-safe
2020-07-15 19:51:17.263 2097 [restartedMain] TRACE o.s.b.f.a.InjectionMetadata - Registered injected element on class [CSCI5308.GroupFormationTool.Security.SecurityConfiguration$$EnhancerBySpringCGLIB$$b2ab14e4]: AutowiredMethodElement for public void org.springframework.security.config.annotation.web.configuration.WebSecurityConfigurerAdapter.setApplicationContext(org.springframework.context.ApplicationContext)
2020-07-15 19:51:17.263 2097 [restartedMain] TRACE o.s.b.f.a.InjectionMetadata - Registered injected element on class [CSCI5308.GroupFormationTool.Security.SecurityConfiguration$$EnhancerBySpringCGLIB$$b2ab14e4]: AutowiredMethodElement for public void org.springframework.security.config.annotation.web.configuration.WebSecurityConfigurerAdapter.setAuthenticationConfiguration(org.springframework.security.config.annotation.authentication.configuration.AuthenticationConfiguration)
2020-07-15 19:51:17.263 2097 [restartedMain] TRACE o.s.b.f.a.InjectionMetadata - Registered injected element on class [CSCI5308.GroupFormationTool.Security.SecurityConfiguration$$EnhancerBySpringCGLIB$$b2ab14e4]: AutowiredMethodElement for public void org.springframework.security.config.annotation.web.configuration.WebSecurityConfigurerAdapter.setContentNegotationStrategy(org.springframework.web.accept.ContentNegotiationStrategy)
2020-07-15 19:51:17.263 2097 [restartedMain] TRACE o.s.b.f.a.InjectionMetadata - Registered injected element on class [CSCI5308.GroupFormationTool.Security.SecurityConfiguration$$EnhancerBySpringCGLIB$$b2ab14e4]: AutowiredMethodElement for public void org.springframework.security.config.annotation.web.configuration.WebSecurityConfigurerAdapter.setObjectPostProcessor(org.springframework.security.config.annotation.ObjectPostProcessor)
2020-07-15 19:51:17.263 2097 [restartedMain] TRACE o.s.b.f.a.InjectionMetadata - Registered injected element on class [CSCI5308.GroupFormationTool.Security.SecurityConfiguration$$EnhancerBySpringCGLIB$$b2ab14e4]: AutowiredMethodElement for public void org.springframework.security.config.annotation.web.configuration.WebSecurityConfigurerAdapter.setTrustResolver(org.springframework.security.authentication.AuthenticationTrustResolver)
2020-07-15 19:51:17.263 2097 [restartedMain] TRACE o.s.b.f.s.DefaultListableBeanFactory - Eagerly caching bean 'securityConfiguration' to allow for resolving potential circular references
2020-07-15 19:51:17.263 2097 [restartedMain] TRACE o.s.b.f.a.InjectionMetadata - Processing injected element of bean 'securityConfiguration': AutowiredMethodElement for public void org.springframework.security.config.annotation.web.configuration.WebSecurityConfigurerAdapter.setApplicationContext(org.springframework.context.ApplicationContext)
2020-07-15 19:51:17.264 2098 [restartedMain] TRACE o.s.b.f.a.AutowiredAnnotationBeanPostProcessor - Autowiring by type from bean name 'securityConfiguration' to bean named 'org.springframework.boot.web.servlet.context.AnnotationConfigServletWebServerApplicationContext@b7288ce'
2020-07-15 19:51:17.265 2099 [restartedMain] DEBUG o.s.b.f.s.DefaultListableBeanFactory - Creating shared instance of singleton bean 'objectPostProcessor'
2020-07-15 19:51:17.265 2099 [restartedMain] TRACE o.s.b.f.s.DefaultListableBeanFactory - Creating instance of bean 'objectPostProcessor'
2020-07-15 19:51:17.265 2099 [restartedMain] DEBUG o.s.b.f.s.DefaultListableBeanFactory - Creating shared instance of singleton bean 'org.springframework.security.config.annotation.configuration.ObjectPostProcessorConfiguration'
2020-07-15 19:51:17.265 2099 [restartedMain] TRACE o.s.b.f.s.DefaultListableBeanFactory - Creating instance of bean 'org.springframework.security.config.annotation.configuration.ObjectPostProcessorConfiguration'
2020-07-15 19:51:17.265 2099 [restartedMain] TRACE o.s.b.f.s.DefaultListableBeanFactory - Eagerly caching bean 'org.springframework.security.config.annotation.configuration.ObjectPostProcessorConfiguration' to allow for resolving potential circular references
2020-07-15 19:51:17.265 2099 [restartedMain] TRACE o.s.b.f.s.DefaultListableBeanFactory - Finished creating instance of bean 'org.springframework.security.config.annotation.configuration.ObjectPostProcessorConfiguration'
2020-07-15 19:51:17.266 2100 [restartedMain] DEBUG o.s.b.f.s.DefaultListableBeanFactory - Autowiring by type from bean name 'objectPostProcessor' via factory method to bean named 'org.springframework.beans.factory.support.DefaultListableBeanFactory@46a2da97'
2020-07-15 19:51:17.267 2101 [restartedMain] TRACE o.s.b.f.s.DefaultListableBeanFactory - Eagerly caching bean 'objectPostProcessor' to allow for resolving potential circular references
2020-07-15 19:51:17.267 2101 [restartedMain] TRACE o.s.b.f.s.DefaultListableBeanFactory - Finished creating instance of bean 'objectPostProcessor'
2020-07-15 19:51:17.268 2102 [restartedMain] TRACE o.s.b.f.a.InjectionMetadata - Processing injected element of bean 'securityConfiguration': AutowiredMethodElement for public void org.springframework.security.config.annotation.web.configuration.WebSecurityConfigurerAdapter.setAuthenticationConfiguration(org.springframework.security.config.annotation.authentication.configuration.AuthenticationConfiguration)
2020-07-15 19:51:17.268 2102 [restartedMain] DEBUG o.s.b.f.s.DefaultListableBeanFactory - Creating shared instance of singleton bean 'org.springframework.security.config.annotation.authentication.configuration.AuthenticationConfiguration'
2020-07-15 19:51:17.269 2103 [restartedMain] TRACE o.s.b.f.s.DefaultListableBeanFactory - Creating instance of bean 'org.springframework.security.config.annotation.authentication.configuration.AuthenticationConfiguration'
2020-07-15 19:51:17.269 2103 [restartedMain] TRACE o.s.b.CachedIntrospectionResults - Getting BeanInfo for class [org.springframework.security.config.annotation.authentication.configuration.AuthenticationConfiguration]
2020-07-15 19:51:17.270 2104 [restartedMain] TRACE o.s.b.CachedIntrospectionResults - Caching PropertyDescriptors for class [org.springframework.security.config.annotation.authentication.configuration.AuthenticationConfiguration]
2020-07-15 19:51:17.270 2104 [restartedMain] TRACE o.s.b.CachedIntrospectionResults - Found bean property 'applicationContext' of type [org.springframework.context.ApplicationContext]
2020-07-15 19:51:17.270 2104 [restartedMain] TRACE o.s.b.CachedIntrospectionResults - Found bean property 'authenticationManager' of type [org.springframework.security.authentication.AuthenticationManager]
2020-07-15 19:51:17.270 2104 [restartedMain] TRACE o.s.b.CachedIntrospectionResults - Found bean property 'class' of type [java.lang.Class]
2020-07-15 19:51:17.270 2104 [restartedMain] TRACE o.s.b.CachedIntrospectionResults - Found bean property 'globalAuthenticationConfigurers' of type [java.util.List]
2020-07-15 19:51:17.270 2104 [restartedMain] TRACE o.s.b.CachedIntrospectionResults - Found bean property 'objectPostProcessor' of type [org.springframework.security.config.annotation.ObjectPostProcessor]
2020-07-15 19:51:17.271 2105 [restartedMain] TRACE o.s.b.f.a.InjectionMetadata - Registered injected element on class [org.springframework.security.config.annotation.authentication.configuration.AuthenticationConfiguration]: AutowiredMethodElement for public void org.springframework.security.config.annotation.authentication.configuration.AuthenticationConfiguration.setApplicationContext(org.springframework.context.ApplicationContext)
2020-07-15 19:51:17.271 2105 [restartedMain] TRACE o.s.b.f.a.InjectionMetadata - Registered injected element on class [org.springframework.security.config.annotation.authentication.configuration.AuthenticationConfiguration]: AutowiredMethodElement for public void org.springframework.security.config.annotation.authentication.configuration.AuthenticationConfiguration.setObjectPostProcessor(org.springframework.security.config.annotation.ObjectPostProcessor)
2020-07-15 19:51:17.271 2105 [restartedMain] TRACE o.s.b.f.a.InjectionMetadata - Registered injected element on class [org.springframework.security.config.annotation.authentication.configuration.AuthenticationConfiguration]: AutowiredMethodElement for public void org.springframework.security.config.annotation.authentication.configuration.AuthenticationConfiguration.setGlobalAuthenticationConfigurers(java.util.List)
2020-07-15 19:51:17.271 2105 [restartedMain] TRACE o.s.b.f.s.DefaultListableBeanFactory - Eagerly caching bean 'org.springframework.security.config.annotation.authentication.configuration.AuthenticationConfiguration' to allow for resolving potential circular references
2020-07-15 19:51:17.271 2105 [restartedMain] TRACE o.s.b.f.a.InjectionMetadata - Processing injected element of bean 'org.springframework.security.config.annotation.authentication.configuration.AuthenticationConfiguration': AutowiredMethodElement for public void org.springframework.security.config.annotation.authentication.configuration.AuthenticationConfiguration.setApplicationContext(org.springframework.context.ApplicationContext)
2020-07-15 19:51:17.271 2105 [restartedMain] TRACE o.s.b.f.a.AutowiredAnnotationBeanPostProcessor - Autowiring by type from bean name 'org.springframework.security.config.annotation.authentication.configuration.AuthenticationConfiguration' to bean named 'org.springframework.boot.web.servlet.context.AnnotationConfigServletWebServerApplicationContext@b7288ce'
2020-07-15 19:51:17.271 2105 [restartedMain] TRACE o.s.b.f.a.InjectionMetadata - Processing injected element of bean 'org.springframework.security.config.annotation.authentication.configuration.AuthenticationConfiguration': AutowiredMethodElement for public void org.springframework.security.config.annotation.authentication.configuration.AuthenticationConfiguration.setObjectPostProcessor(org.springframework.security.config.annotation.ObjectPostProcessor)
2020-07-15 19:51:17.271 2105 [restartedMain] TRACE o.s.b.f.s.DefaultListableBeanFactory - Returning cached instance of singleton bean 'objectPostProcessor'
2020-07-15 19:51:17.271 2105 [restartedMain] TRACE o.s.b.f.a.AutowiredAnnotationBeanPostProcessor - Autowiring by type from bean name 'org.springframework.security.config.annotation.authentication.configuration.AuthenticationConfiguration' to bean named 'objectPostProcessor'
2020-07-15 19:51:17.271 2105 [restartedMain] TRACE o.s.b.f.a.InjectionMetadata - Processing injected element of bean 'org.springframework.security.config.annotation.authentication.configuration.AuthenticationConfiguration': AutowiredMethodElement for public void org.springframework.security.config.annotation.authentication.configuration.AuthenticationConfiguration.setGlobalAuthenticationConfigurers(java.util.List)
2020-07-15 19:51:17.272 2106 [restartedMain] DEBUG o.s.b.f.s.DefaultListableBeanFactory - Creating shared instance of singleton bean 'enableGlobalAuthenticationAutowiredConfigurer'
2020-07-15 19:51:17.272 2106 [restartedMain] TRACE o.s.b.f.s.DefaultListableBeanFactory - Creating instance of bean 'enableGlobalAuthenticationAutowiredConfigurer'
2020-07-15 19:51:17.273 2107 [restartedMain] DEBUG o.s.b.f.s.DefaultListableBeanFactory - Autowiring by type from bean name 'enableGlobalAuthenticationAutowiredConfigurer' via factory method to bean named 'org.springframework.boot.web.servlet.context.AnnotationConfigServletWebServerApplicationContext@b7288ce'
2020-07-15 19:51:17.274 2108 [restartedMain] TRACE o.s.b.f.s.DefaultListableBeanFactory - Eagerly caching bean 'enableGlobalAuthenticationAutowiredConfigurer' to allow for resolving potential circular references
2020-07-15 19:51:17.274 2108 [restartedMain] TRACE o.s.b.f.s.DefaultListableBeanFactory - Finished creating instance of bean 'enableGlobalAuthenticationAutowiredConfigurer'
2020-07-15 19:51:17.274 2108 [restartedMain] DEBUG o.s.b.f.s.DefaultListableBeanFactory - Creating shared instance of singleton bean 'initializeUserDetailsBeanManagerConfigurer'
2020-07-15 19:51:17.274 2108 [restartedMain] TRACE o.s.b.f.s.DefaultListableBeanFactory - Creating instance of bean 'initializeUserDetailsBeanManagerConfigurer'
2020-07-15 19:51:17.274 2108 [restartedMain] DEBUG o.s.b.f.s.DefaultListableBeanFactory - Autowiring by type from bean name 'initializeUserDetailsBeanManagerConfigurer' via factory method to bean named 'org.springframework.boot.web.servlet.context.AnnotationConfigServletWebServerApplicationContext@b7288ce'
2020-07-15 19:51:17.274 2108 [restartedMain] TRACE o.s.b.f.s.DefaultListableBeanFactory - Eagerly caching bean 'initializeUserDetailsBeanManagerConfigurer' to allow for resolving potential circular references
2020-07-15 19:51:17.275 2109 [restartedMain] TRACE o.s.b.f.s.DefaultListableBeanFactory - Finished creating instance of bean 'initializeUserDetailsBeanManagerConfigurer'
2020-07-15 19:51:17.275 2109 [restartedMain] DEBUG o.s.b.f.s.DefaultListableBeanFactory - Creating shared instance of singleton bean 'initializeAuthenticationProviderBeanManagerConfigurer'
2020-07-15 19:51:17.275 2109 [restartedMain] TRACE o.s.b.f.s.DefaultListableBeanFactory - Creating instance of bean 'initializeAuthenticationProviderBeanManagerConfigurer'
2020-07-15 19:51:17.275 2109 [restartedMain] DEBUG o.s.b.f.s.DefaultListableBeanFactory - Autowiring by type from bean name 'initializeAuthenticationProviderBeanManagerConfigurer' via factory method to bean named 'org.springframework.boot.web.servlet.context.AnnotationConfigServletWebServerApplicationContext@b7288ce'
2020-07-15 19:51:17.275 2109 [restartedMain] TRACE o.s.b.f.s.DefaultListableBeanFactory - Eagerly caching bean 'initializeAuthenticationProviderBeanManagerConfigurer' to allow for resolving potential circular references
2020-07-15 19:51:17.275 2109 [restartedMain] TRACE o.s.b.f.s.DefaultListableBeanFactory - Finished creating instance of bean 'initializeAuthenticationProviderBeanManagerConfigurer'
2020-07-15 19:51:17.275 2109 [restartedMain] TRACE o.s.b.f.a.AutowiredAnnotationBeanPostProcessor - Autowiring by type from bean name 'org.springframework.security.config.annotation.authentication.configuration.AuthenticationConfiguration' to bean named 'enableGlobalAuthenticationAutowiredConfigurer'
2020-07-15 19:51:17.275 2109 [restartedMain] TRACE o.s.b.f.a.AutowiredAnnotationBeanPostProcessor - Autowiring by type from bean name 'org.springframework.security.config.annotation.authentication.configuration.AuthenticationConfiguration' to bean named 'initializeUserDetailsBeanManagerConfigurer'
2020-07-15 19:51:17.275 2109 [restartedMain] TRACE o.s.b.f.a.AutowiredAnnotationBeanPostProcessor - Autowiring by type from bean name 'org.springframework.security.config.annotation.authentication.configuration.AuthenticationConfiguration' to bean named 'initializeAuthenticationProviderBeanManagerConfigurer'
2020-07-15 19:51:17.276 2110 [restartedMain] TRACE o.s.b.f.s.DefaultListableBeanFactory - Finished creating instance of bean 'org.springframework.security.config.annotation.authentication.configuration.AuthenticationConfiguration'
2020-07-15 19:51:17.276 2110 [restartedMain] TRACE o.s.b.f.a.AutowiredAnnotationBeanPostProcessor - Autowiring by type from bean name 'securityConfiguration' to bean named 'org.springframework.security.config.annotation.authentication.configuration.AuthenticationConfiguration'
2020-07-15 19:51:17.276 2110 [restartedMain] TRACE o.s.b.f.a.InjectionMetadata - Processing injected element of bean 'securityConfiguration': AutowiredMethodElement for public void org.springframework.security.config.annotation.web.configuration.WebSecurityConfigurerAdapter.setContentNegotationStrategy(org.springframework.web.accept.ContentNegotiationStrategy)
2020-07-15 19:51:17.276 2110 [restartedMain] DEBUG o.s.b.f.s.DefaultListableBeanFactory - Creating shared instance of singleton bean 'mvcContentNegotiationManager'
2020-07-15 19:51:17.276 2110 [restartedMain] TRACE o.s.b.f.s.DefaultListableBeanFactory - Creating instance of bean 'mvcContentNegotiationManager'
2020-07-15 19:51:17.276 2110 [restartedMain] DEBUG o.s.b.f.s.DefaultListableBeanFactory - Creating shared instance of singleton bean 'org.springframework.boot.autoconfigure.web.servlet.WebMvcAutoConfiguration$EnableWebMvcConfiguration'
2020-07-15 19:51:17.276 2110 [restartedMain] TRACE o.s.b.f.s.DefaultListableBeanFactory - Creating instance of bean 'org.springframework.boot.autoconfigure.web.servlet.WebMvcAutoConfiguration$EnableWebMvcConfiguration'
2020-07-15 19:51:17.277 2111 [restartedMain] DEBUG o.s.b.f.s.DefaultListableBeanFactory - Creating shared instance of singleton bean 'spring.resources-org.springframework.boot.autoconfigure.web.ResourceProperties'
2020-07-15 19:51:17.277 2111 [restartedMain] TRACE o.s.b.f.s.DefaultListableBeanFactory - Creating instance of bean 'spring.resources-org.springframework.boot.autoconfigure.web.ResourceProperties'
2020-07-15 19:51:17.279 2113 [restartedMain] TRACE o.s.b.f.s.DefaultListableBeanFactory - Eagerly caching bean 'spring.resources-org.springframework.boot.autoconfigure.web.ResourceProperties' to allow for resolving potential circular references
2020-07-15 19:51:17.281 2115 [restartedMain] TRACE org.springframework.beans.BeanUtils - No property editor [java.time.DurationEditor] found for type java.time.Duration according to 'Editor' suffix convention
2020-07-15 19:51:17.285 2119 [restartedMain] TRACE o.s.beans.TypeConverterDelegate - Converting String to [boolean] using property editor [org.springframework.beans.propertyeditors.CustomBooleanEditor@20d06c73]
2020-07-15 19:51:17.286 2120 [restartedMain] TRACE o.s.b.f.s.DefaultListableBeanFactory - Finished creating instance of bean 'spring.resources-org.springframework.boot.autoconfigure.web.ResourceProperties'
2020-07-15 19:51:17.286 2120 [restartedMain] DEBUG o.s.b.f.s.DefaultListableBeanFactory - Autowiring by type from bean name 'org.springframework.boot.autoconfigure.web.servlet.WebMvcAutoConfiguration$EnableWebMvcConfiguration' via constructor to bean named 'spring.resources-org.springframework.boot.autoconfigure.web.ResourceProperties'
2020-07-15 19:51:17.286 2120 [restartedMain] DEBUG o.s.b.f.s.DefaultListableBeanFactory - Autowiring by type from bean name 'org.springframework.boot.autoconfigure.web.servlet.WebMvcAutoConfiguration$EnableWebMvcConfiguration' via constructor to bean named 'org.springframework.beans.factory.support.DefaultListableBeanFactory@46a2da97'
2020-07-15 19:51:17.288 2122 [restartedMain] TRACE o.s.b.f.s.DefaultListableBeanFactory - Returning cached instance of singleton bean 'spring.mvc-org.springframework.boot.autoconfigure.web.servlet.WebMvcProperties'
2020-07-15 19:51:17.289 2123 [restartedMain] TRACE o.s.b.CachedIntrospectionResults - Getting BeanInfo for class [org.springframework.boot.autoconfigure.web.servlet.WebMvcAutoConfiguration$EnableWebMvcConfiguration]
2020-07-15 19:51:17.291 2125 [restartedMain] TRACE o.s.b.CachedIntrospectionResults - Caching PropertyDescriptors for class [org.springframework.boot.autoconfigure.web.servlet.WebMvcAutoConfiguration$EnableWebMvcConfiguration]
2020-07-15 19:51:17.291 2125 [restartedMain] TRACE o.s.b.CachedIntrospectionResults - Found bean property 'applicationContext' of type [org.springframework.context.ApplicationContext]
2020-07-15 19:51:17.291 2125 [restartedMain] TRACE o.s.b.CachedIntrospectionResults - Found bean property 'class' of type [java.lang.Class]
2020-07-15 19:51:17.291 2125 [restartedMain] TRACE o.s.b.CachedIntrospectionResults - Found bean property 'configurers' of type [java.util.List]
2020-07-15 19:51:17.291 2125 [restartedMain] TRACE o.s.b.CachedIntrospectionResults - Found bean property 'resourceLoader' of type [org.springframework.core.io.ResourceLoader]
2020-07-15 19:51:17.291 2125 [restartedMain] TRACE o.s.b.CachedIntrospectionResults - Found bean property 'servletContext' of type [javax.servlet.ServletContext]
2020-07-15 19:51:17.294 2128 [restartedMain] TRACE o.s.b.f.a.InjectionMetadata - Registered injected element on class [org.springframework.boot.autoconfigure.web.servlet.WebMvcAutoConfiguration$EnableWebMvcConfiguration]: AutowiredMethodElement for public void org.springframework.web.servlet.config.annotation.DelegatingWebMvcConfiguration.setConfigurers(java.util.List)
2020-07-15 19:51:17.294 2128 [restartedMain] TRACE o.s.b.f.s.DefaultListableBeanFactory - Eagerly caching bean 'org.springframework.boot.autoconfigure.web.servlet.WebMvcAutoConfiguration$EnableWebMvcConfiguration' to allow for resolving potential circular references
2020-07-15 19:51:17.294 2128 [restartedMain] TRACE o.s.b.f.a.InjectionMetadata - Processing injected element of bean 'org.springframework.boot.autoconfigure.web.servlet.WebMvcAutoConfiguration$EnableWebMvcConfiguration': AutowiredMethodElement for public void org.springframework.web.servlet.config.annotation.DelegatingWebMvcConfiguration.setConfigurers(java.util.List)
2020-07-15 19:51:17.295 2129 [restartedMain] DEBUG o.s.b.f.s.DefaultListableBeanFactory - Creating shared instance of singleton bean 'org.springframework.security.config.annotation.web.configuration.WebMvcSecurityConfiguration'
2020-07-15 19:51:17.295 2129 [restartedMain] TRACE o.s.b.f.s.DefaultListableBeanFactory - Creating instance of bean 'org.springframework.security.config.annotation.web.configuration.WebMvcSecurityConfiguration'
2020-07-15 19:51:17.295 2129 [restartedMain] TRACE o.s.b.f.s.DefaultListableBeanFactory - Eagerly caching bean 'org.springframework.security.config.annotation.web.configuration.WebMvcSecurityConfiguration' to allow for resolving potential circular references
2020-07-15 19:51:17.295 2129 [restartedMain] TRACE o.s.b.f.s.DefaultListableBeanFactory - Finished creating instance of bean 'org.springframework.security.config.annotation.web.configuration.WebMvcSecurityConfiguration'
2020-07-15 19:51:17.295 2129 [restartedMain] DEBUG o.s.b.f.s.DefaultListableBeanFactory - Creating shared instance of singleton bean 'org.springframework.boot.autoconfigure.web.servlet.WebMvcAutoConfiguration$WebMvcAutoConfigurationAdapter'
2020-07-15 19:51:17.295 2129 [restartedMain] TRACE o.s.b.f.s.DefaultListableBeanFactory - Creating instance of bean 'org.springframework.boot.autoconfigure.web.servlet.WebMvcAutoConfiguration$WebMvcAutoConfigurationAdapter'
2020-07-15 19:51:17.296 2130 [restartedMain] TRACE o.s.b.f.s.DefaultListableBeanFactory - Returning cached instance of singleton bean 'spring.resources-org.springframework.boot.autoconfigure.web.ResourceProperties'
2020-07-15 19:51:17.296 2130 [restartedMain] TRACE o.s.b.f.s.DefaultListableBeanFactory - Returning cached instance of singleton bean 'spring.mvc-org.springframework.boot.autoconfigure.web.servlet.WebMvcProperties'
2020-07-15 19:51:17.296 2130 [restartedMain] DEBUG o.s.b.f.s.DefaultListableBeanFactory - Autowiring by type from bean name 'org.springframework.boot.autoconfigure.web.servlet.WebMvcAutoConfiguration$WebMvcAutoConfigurationAdapter' via constructor to bean named 'spring.resources-org.springframework.boot.autoconfigure.web.ResourceProperties'
2020-07-15 19:51:17.296 2130 [restartedMain] DEBUG o.s.b.f.s.DefaultListableBeanFactory - Autowiring by type from bean name 'org.springframework.boot.autoconfigure.web.servlet.WebMvcAutoConfiguration$WebMvcAutoConfigurationAdapter' via constructor to bean named 'spring.mvc-org.springframework.boot.autoconfigure.web.servlet.WebMvcProperties'
2020-07-15 19:51:17.296 2130 [restartedMain] DEBUG o.s.b.f.s.DefaultListableBeanFactory - Autowiring by type from bean name 'org.springframework.boot.autoconfigure.web.servlet.WebMvcAutoConfiguration$WebMvcAutoConfigurationAdapter' via constructor to bean named 'org.springframework.beans.factory.support.DefaultListableBeanFactory@46a2da97'
2020-07-15 19:51:17.297 2131 [restartedMain] TRACE o.s.b.f.s.DefaultListableBeanFactory - Eagerly caching bean 'org.springframework.boot.autoconfigure.web.servlet.WebMvcAutoConfiguration$WebMvcAutoConfigurationAdapter' to allow for resolving potential circular references
2020-07-15 19:51:17.298 2132 [restartedMain] TRACE o.s.b.f.s.DefaultListableBeanFactory - Finished creating instance of bean 'org.springframework.boot.autoconfigure.web.servlet.WebMvcAutoConfiguration$WebMvcAutoConfigurationAdapter'
2020-07-15 19:51:17.298 2132 [restartedMain] TRACE o.s.b.f.a.AutowiredAnnotationBeanPostProcessor - Autowiring by type from bean name 'org.springframework.boot.autoconfigure.web.servlet.WebMvcAutoConfiguration$EnableWebMvcConfiguration' to bean named 'org.springframework.security.config.annotation.web.configuration.WebMvcSecurityConfiguration'
2020-07-15 19:51:17.298 2132 [restartedMain] TRACE o.s.b.f.a.AutowiredAnnotationBeanPostProcessor - Autowiring by type from bean name 'org.springframework.boot.autoconfigure.web.servlet.WebMvcAutoConfiguration$EnableWebMvcConfiguration' to bean named 'org.springframework.boot.autoconfigure.web.servlet.WebMvcAutoConfiguration$WebMvcAutoConfigurationAdapter'
2020-07-15 19:51:17.298 2132 [restartedMain] TRACE o.s.b.f.s.DefaultListableBeanFactory - Finished creating instance of bean 'org.springframework.boot.autoconfigure.web.servlet.WebMvcAutoConfiguration$EnableWebMvcConfiguration'
2020-07-15 19:51:17.302 2136 [restartedMain] TRACE o.s.b.f.s.DefaultListableBeanFactory - Eagerly caching bean 'mvcContentNegotiationManager' to allow for resolving potential circular references
2020-07-15 19:51:17.303 2137 [restartedMain] TRACE o.s.b.f.s.DefaultListableBeanFactory - Finished creating instance of bean 'mvcContentNegotiationManager'
2020-07-15 19:51:17.303 2137 [restartedMain] TRACE o.s.b.f.a.AutowiredAnnotationBeanPostProcessor - Autowiring by type from bean name 'securityConfiguration' to bean named 'mvcContentNegotiationManager'
2020-07-15 19:51:17.303 2137 [restartedMain] TRACE o.s.b.f.a.InjectionMetadata - Processing injected element of bean 'securityConfiguration': AutowiredMethodElement for public void org.springframework.security.config.annotation.web.configuration.WebSecurityConfigurerAdapter.setObjectPostProcessor(org.springframework.security.config.annotation.ObjectPostProcessor)
2020-07-15 19:51:17.303 2137 [restartedMain] TRACE o.s.b.f.s.DefaultListableBeanFactory - Returning cached instance of singleton bean 'objectPostProcessor'
2020-07-15 19:51:17.303 2137 [restartedMain] TRACE o.s.b.f.a.AutowiredAnnotationBeanPostProcessor - Autowiring by type from bean name 'securityConfiguration' to bean named 'objectPostProcessor'
2020-07-15 19:51:17.303 2137 [restartedMain] TRACE o.s.b.f.a.InjectionMetadata - Processing injected element of bean 'securityConfiguration': AutowiredMethodElement for public void org.springframework.security.config.annotation.web.configuration.WebSecurityConfigurerAdapter.setTrustResolver(org.springframework.security.authentication.AuthenticationTrustResolver)
2020-07-15 19:51:17.304 2138 [restartedMain] TRACE o.s.b.f.s.DefaultListableBeanFactory - Finished creating instance of bean 'securityConfiguration'
2020-07-15 19:51:17.304 2138 [restartedMain] DEBUG o.s.b.f.s.DefaultListableBeanFactory - Creating shared instance of singleton bean 'signupController'
2020-07-15 19:51:17.304 2138 [restartedMain] TRACE o.s.b.f.s.DefaultListableBeanFactory - Creating instance of bean 'signupController'
2020-07-15 19:51:17.304 2138 [restartedMain] TRACE o.s.b.f.s.DefaultListableBeanFactory - Eagerly caching bean 'signupController' to allow for resolving potential circular references
2020-07-15 19:51:17.304 2138 [restartedMain] TRACE o.s.b.f.s.DefaultListableBeanFactory - Finished creating instance of bean 'signupController'
2020-07-15 19:51:17.305 2139 [restartedMain] DEBUG o.s.b.f.s.DefaultListableBeanFactory - Creating shared instance of singleton bean 'surveyController'
2020-07-15 19:51:17.305 2139 [restartedMain] TRACE o.s.b.f.s.DefaultListableBeanFactory - Creating instance of bean 'surveyController'
2020-07-15 19:51:17.306 2140 [restartedMain] TRACE o.s.b.f.s.DefaultListableBeanFactory - Eagerly caching bean 'surveyController' to allow for resolving potential circular references
2020-07-15 19:51:17.306 2140 [restartedMain] TRACE o.s.b.f.s.DefaultListableBeanFactory - Finished creating instance of bean 'surveyController'
2020-07-15 19:51:17.306 2140 [restartedMain] DEBUG o.s.b.f.s.DefaultListableBeanFactory - Creating shared instance of singleton bean 'indexController'
2020-07-15 19:51:17.306 2140 [restartedMain] TRACE o.s.b.f.s.DefaultListableBeanFactory - Creating instance of bean 'indexController'
2020-07-15 19:51:17.307 2141 [restartedMain] TRACE o.s.b.f.s.DefaultListableBeanFactory - Eagerly caching bean 'indexController' to allow for resolving potential circular references
2020-07-15 19:51:17.307 2141 [restartedMain] TRACE o.s.b.f.s.DefaultListableBeanFactory - Finished creating instance of bean 'indexController'
2020-07-15 19:51:17.307 2141 [restartedMain] TRACE o.s.b.f.s.DefaultListableBeanFactory - Returning cached instance of singleton bean 'org.springframework.security.config.annotation.configuration.ObjectPostProcessorConfiguration'
2020-07-15 19:51:17.307 2141 [restartedMain] TRACE o.s.b.f.s.DefaultListableBeanFactory - Returning cached instance of singleton bean 'objectPostProcessor'
2020-07-15 19:51:17.307 2141 [restartedMain] TRACE o.s.b.f.s.DefaultListableBeanFactory - Returning cached instance of singleton bean 'org.springframework.security.config.annotation.authentication.configuration.AuthenticationConfiguration'
2020-07-15 19:51:17.307 2141 [restartedMain] DEBUG o.s.b.f.s.DefaultListableBeanFactory - Creating shared instance of singleton bean 'authenticationManagerBuilder'
2020-07-15 19:51:17.307 2141 [restartedMain] TRACE o.s.b.f.s.DefaultListableBeanFactory - Creating instance of bean 'authenticationManagerBuilder'
2020-07-15 19:51:17.307 2141 [restartedMain] TRACE o.s.b.f.s.DefaultListableBeanFactory - Returning cached instance of singleton bean 'org.springframework.security.config.annotation.authentication.configuration.AuthenticationConfiguration'
2020-07-15 19:51:17.307 2141 [restartedMain] TRACE o.s.b.f.s.DefaultListableBeanFactory - Returning cached instance of singleton bean 'objectPostProcessor'
2020-07-15 19:51:17.307 2141 [restartedMain] DEBUG o.s.b.f.s.DefaultListableBeanFactory - Autowiring by type from bean name 'authenticationManagerBuilder' via factory method to bean named 'objectPostProcessor'
2020-07-15 19:51:17.307 2141 [restartedMain] DEBUG o.s.b.f.s.DefaultListableBeanFactory - Autowiring by type from bean name 'authenticationManagerBuilder' via factory method to bean named 'org.springframework.boot.web.servlet.context.AnnotationConfigServletWebServerApplicationContext@b7288ce'
2020-07-15 19:51:17.308 2142 [restartedMain] DEBUG o.s.b.f.s.DefaultListableBeanFactory - Creating shared instance of singleton bean 'authenticationEventPublisher'
2020-07-15 19:51:17.308 2142 [restartedMain] TRACE o.s.b.f.s.DefaultListableBeanFactory - Creating instance of bean 'authenticationEventPublisher'
2020-07-15 19:51:17.308 2142 [restartedMain] DEBUG o.s.b.f.s.DefaultListableBeanFactory - Creating shared instance of singleton bean 'org.springframework.boot.autoconfigure.security.servlet.SecurityAutoConfiguration'
2020-07-15 19:51:17.308 2142 [restartedMain] TRACE o.s.b.f.s.DefaultListableBeanFactory - Creating instance of bean 'org.springframework.boot.autoconfigure.security.servlet.SecurityAutoConfiguration'
2020-07-15 19:51:17.308 2142 [restartedMain] TRACE o.s.b.f.s.DefaultListableBeanFactory - Eagerly caching bean 'org.springframework.boot.autoconfigure.security.servlet.SecurityAutoConfiguration' to allow for resolving potential circular references
2020-07-15 19:51:17.308 2142 [restartedMain] TRACE o.s.b.f.s.DefaultListableBeanFactory - Finished creating instance of bean 'org.springframework.boot.autoconfigure.security.servlet.SecurityAutoConfiguration'
2020-07-15 19:51:17.309 2143 [restartedMain] DEBUG o.s.b.f.s.DefaultListableBeanFactory - Autowiring by type from bean name 'authenticationEventPublisher' via factory method to bean named 'org.springframework.boot.web.servlet.context.AnnotationConfigServletWebServerApplicationContext@b7288ce'
2020-07-15 19:51:17.311 2145 [restartedMain] TRACE o.s.b.f.s.DefaultListableBeanFactory - Eagerly caching bean 'authenticationEventPublisher' to allow for resolving potential circular references
2020-07-15 19:51:17.311 2145 [restartedMain] TRACE o.s.b.f.s.DefaultListableBeanFactory - Finished creating instance of bean 'authenticationEventPublisher'
2020-07-15 19:51:17.313 2147 [restartedMain] TRACE o.s.b.f.s.DefaultListableBeanFactory - Eagerly caching bean 'authenticationManagerBuilder' to allow for resolving potential circular references
2020-07-15 19:51:17.313 2147 [restartedMain] TRACE o.s.b.f.s.DefaultListableBeanFactory - Finished creating instance of bean 'authenticationManagerBuilder'
2020-07-15 19:51:17.313 2147 [restartedMain] TRACE o.s.b.f.s.DefaultListableBeanFactory - Returning cached instance of singleton bean 'enableGlobalAuthenticationAutowiredConfigurer'
2020-07-15 19:51:17.313 2147 [restartedMain] TRACE o.s.b.f.s.DefaultListableBeanFactory - Returning cached instance of singleton bean 'initializeUserDetailsBeanManagerConfigurer'
2020-07-15 19:51:17.313 2147 [restartedMain] TRACE o.s.b.f.s.DefaultListableBeanFactory - Returning cached instance of singleton bean 'initializeAuthenticationProviderBeanManagerConfigurer'
2020-07-15 19:51:17.313 2147 [restartedMain] DEBUG o.s.b.f.s.DefaultListableBeanFactory - Creating shared instance of singleton bean 'org.springframework.security.config.annotation.web.configuration.WebSecurityConfiguration'
2020-07-15 19:51:17.313 2147 [restartedMain] TRACE o.s.b.f.s.DefaultListableBeanFactory - Creating instance of bean 'org.springframework.security.config.annotation.web.configuration.WebSecurityConfiguration'
2020-07-15 19:51:17.314 2148 [restartedMain] TRACE o.s.b.CachedIntrospectionResults - Getting BeanInfo for class [org.springframework.security.config.annotation.web.configuration.WebSecurityConfiguration]
2020-07-15 19:51:17.315 2149 [restartedMain] TRACE o.s.b.CachedIntrospectionResults - Caching PropertyDescriptors for class [org.springframework.security.config.annotation.web.configuration.WebSecurityConfiguration]
2020-07-15 19:51:17.315 2149 [restartedMain] TRACE o.s.b.CachedIntrospectionResults - Found bean property 'beanClassLoader' of type [java.lang.ClassLoader]
2020-07-15 19:51:17.315 2149 [restartedMain] TRACE o.s.b.CachedIntrospectionResults - Found bean property 'class' of type [java.lang.Class]
2020-07-15 19:51:17.315 2149 [restartedMain] TRACE o.s.b.CachedIntrospectionResults - Found bean property 'importMetadata' of type [org.springframework.core.type.AnnotationMetadata]
2020-07-15 19:51:17.316 2150 [restartedMain] TRACE o.s.b.f.a.InjectionMetadata - Registered injected element on class [org.springframework.security.config.annotation.web.configuration.WebSecurityConfiguration]: AutowiredFieldElement for private org.springframework.security.config.annotation.ObjectPostProcessor org.springframework.security.config.annotation.web.configuration.WebSecurityConfiguration.objectObjectPostProcessor
2020-07-15 19:51:17.316 2150 [restartedMain] TRACE o.s.b.f.a.InjectionMetadata - Registered injected element on class [org.springframework.security.config.annotation.web.configuration.WebSecurityConfiguration]: AutowiredMethodElement for public void org.springframework.security.config.annotation.web.configuration.WebSecurityConfiguration.setFilterChainProxySecurityConfigurer(org.springframework.security.config.annotation.ObjectPostProcessor,java.util.List) throws java.lang.Exception
2020-07-15 19:51:17.317 2151 [restartedMain] TRACE o.s.b.f.s.DefaultListableBeanFactory - Eagerly caching bean 'org.springframework.security.config.annotation.web.configuration.WebSecurityConfiguration' to allow for resolving potential circular references
2020-07-15 19:51:17.317 2151 [restartedMain] TRACE o.s.b.f.a.InjectionMetadata - Processing injected element of bean 'org.springframework.security.config.annotation.web.configuration.WebSecurityConfiguration': AutowiredFieldElement for private org.springframework.security.config.annotation.ObjectPostProcessor org.springframework.security.config.annotation.web.configuration.WebSecurityConfiguration.objectObjectPostProcessor
2020-07-15 19:51:17.318 2152 [restartedMain] TRACE o.s.b.f.s.DefaultListableBeanFactory - Returning cached instance of singleton bean 'objectPostProcessor'
2020-07-15 19:51:17.318 2152 [restartedMain] TRACE o.s.b.f.a.AutowiredAnnotationBeanPostProcessor - Autowiring by type from bean name 'org.springframework.security.config.annotation.web.configuration.WebSecurityConfiguration' to bean named 'objectPostProcessor'
2020-07-15 19:51:17.318 2152 [restartedMain] TRACE o.s.b.f.a.InjectionMetadata - Processing injected element of bean 'org.springframework.security.config.annotation.web.configuration.WebSecurityConfiguration': AutowiredMethodElement for public void org.springframework.security.config.annotation.web.configuration.WebSecurityConfiguration.setFilterChainProxySecurityConfigurer(org.springframework.security.config.annotation.ObjectPostProcessor,java.util.List) throws java.lang.Exception
2020-07-15 19:51:17.318 2152 [restartedMain] TRACE o.s.b.f.s.DefaultListableBeanFactory - Returning cached instance of singleton bean 'objectPostProcessor'
2020-07-15 19:51:17.332 2166 [restartedMain] DEBUG o.s.b.f.s.DefaultListableBeanFactory - Creating shared instance of singleton bean 'autowiredWebSecurityConfigurersIgnoreParents'
2020-07-15 19:51:17.333 2167 [restartedMain] TRACE o.s.b.f.s.DefaultListableBeanFactory - Creating instance of bean 'autowiredWebSecurityConfigurersIgnoreParents'
2020-07-15 19:51:17.333 2167 [restartedMain] DEBUG o.s.b.f.s.DefaultListableBeanFactory - Autowiring by type from bean name 'autowiredWebSecurityConfigurersIgnoreParents' via factory method to bean named 'org.springframework.beans.factory.support.DefaultListableBeanFactory@46a2da97'
2020-07-15 19:51:17.334 2168 [restartedMain] TRACE o.s.b.f.s.DefaultListableBeanFactory - Eagerly caching bean 'autowiredWebSecurityConfigurersIgnoreParents' to allow for resolving potential circular references
2020-07-15 19:51:17.334 2168 [restartedMain] TRACE o.s.b.f.s.DefaultListableBeanFactory - Finished creating instance of bean 'autowiredWebSecurityConfigurersIgnoreParents'
2020-07-15 19:51:17.338 2172 [restartedMain] TRACE o.s.b.f.s.DefaultListableBeanFactory - Returning cached instance of singleton bean 'securityConfiguration'
2020-07-15 19:51:17.339 2173 [restartedMain] TRACE o.s.b.f.a.AutowiredAnnotationBeanPostProcessor - Autowiring by type from bean name 'org.springframework.security.config.annotation.web.configuration.WebSecurityConfiguration' to bean named 'objectPostProcessor'
2020-07-15 19:51:17.347 2181 [restartedMain] TRACE o.s.b.f.s.DefaultListableBeanFactory - Returning cached instance of singleton bean 'org.springframework.context.annotation.ConfigurationClassPostProcessor.importRegistry'
2020-07-15 19:51:17.348 2182 [restartedMain] TRACE o.s.b.f.s.DefaultListableBeanFactory - Finished creating instance of bean 'org.springframework.security.config.annotation.web.configuration.WebSecurityConfiguration'
2020-07-15 19:51:17.348 2182 [restartedMain] DEBUG o.s.b.f.s.DefaultListableBeanFactory - Creating shared instance of singleton bean 'delegatingApplicationListener'
2020-07-15 19:51:17.348 2182 [restartedMain] TRACE o.s.b.f.s.DefaultListableBeanFactory - Creating instance of bean 'delegatingApplicationListener'
2020-07-15 19:51:17.348 2182 [restartedMain] TRACE o.s.b.f.s.DefaultListableBeanFactory - Eagerly caching bean 'delegatingApplicationListener' to allow for resolving potential circular references
2020-07-15 19:51:17.348 2182 [restartedMain] TRACE o.s.b.f.s.DefaultListableBeanFactory - Finished creating instance of bean 'delegatingApplicationListener'
2020-07-15 19:51:17.348 2182 [restartedMain] DEBUG o.s.b.f.s.DefaultListableBeanFactory - Creating shared instance of singleton bean 'springSecurityFilterChain'
2020-07-15 19:51:17.348 2182 [restartedMain] TRACE o.s.b.f.s.DefaultListableBeanFactory - Creating instance of bean 'springSecurityFilterChain'
2020-07-15 19:51:17.348 2182 [restartedMain] TRACE o.s.b.f.s.DefaultListableBeanFactory - Returning cached instance of singleton bean 'org.springframework.security.config.annotation.web.configuration.WebSecurityConfiguration'
2020-07-15 19:51:17.350 2184 [restartedMain] TRACE o.s.b.f.s.DefaultListableBeanFactory - Returning cached instance of singleton bean 'authenticationManagerBuilder'
2020-07-15 19:51:17.391 2225 [restartedMain] TRACE o.s.c.i.s.SpringFactoriesLoader - Loaded [org.springframework.security.config.annotation.web.configurers.AbstractHttpConfigurer] names: []
2020-07-15 19:51:17.407 2241 [restartedMain] INFO  o.s.s.w.DefaultSecurityFilterChain - Creating filter chain: Ant [pattern='/resources/**'], []
2020-07-15 19:51:17.415 2249 [restartedMain] TRACE o.s.b.f.s.DefaultListableBeanFactory - Invoking afterPropertiesSet() on bean with name 'org.springframework.security.web.authentication.LoginUrlAuthenticationEntryPoint@48a4ad94'
2020-07-15 19:51:17.415 2249 [restartedMain] TRACE o.s.b.f.s.DefaultListableBeanFactory - Invoking afterPropertiesSet() on bean with name 'org.springframework.security.web.authentication.DelegatingAuthenticationEntryPoint@40babe81'
2020-07-15 19:51:17.417 2251 [restartedMain] TRACE o.s.b.f.s.DefaultListableBeanFactory - Invoking afterPropertiesSet() on bean with name 'org.springframework.security.authentication.ProviderManager@7f9290b3'
2020-07-15 19:51:17.419 2253 [restartedMain] TRACE o.s.b.f.s.DefaultListableBeanFactory - Invoking afterPropertiesSet() on bean with name 'org.springframework.security.web.access.ExceptionTranslationFilter@3306f34'
2020-07-15 19:51:17.419 2253 [restartedMain] TRACE o.s.b.f.s.DefaultListableBeanFactory - Invoking afterPropertiesSet() on bean with name 'org.springframework.security.web.header.HeaderWriterFilter@770a4221'
2020-07-15 19:51:17.420 2254 [restartedMain] TRACE o.s.b.f.s.DefaultListableBeanFactory - Invoking afterPropertiesSet() on bean with name 'org.springframework.security.web.session.SessionManagementFilter@5b7ad74b'
2020-07-15 19:51:17.420 2254 [restartedMain] TRACE o.s.b.f.s.DefaultListableBeanFactory - Invoking afterPropertiesSet() on bean with name 'org.springframework.security.web.context.SecurityContextPersistenceFilter@2b5f5ff2'
2020-07-15 19:51:17.420 2254 [restartedMain] TRACE o.s.b.f.s.DefaultListableBeanFactory - Invoking afterPropertiesSet() on bean with name 'org.springframework.security.web.savedrequest.RequestCacheAwareFilter@67b6873e'
2020-07-15 19:51:17.421 2255 [restartedMain] TRACE o.s.b.f.s.DefaultListableBeanFactory - Invoking afterPropertiesSet() on bean with name 'org.springframework.security.web.servletapi.SecurityContextHolderAwareRequestFilter@39794621'
2020-07-15 19:51:17.423 2257 [restartedMain] TRACE o.s.b.f.s.DefaultListableBeanFactory - Invoking afterPropertiesSet() on bean with name 'org.springframework.security.web.authentication.logout.LogoutFilter@75a7625e'
2020-07-15 19:51:17.426 2260 [restartedMain] DEBUG o.s.s.w.a.e.ExpressionBasedFilterInvocationSecurityMetadataSource - Adding web access control expression 'permitAll', for ExactUrl [processUrl='/login?error']
2020-07-15 19:51:17.426 2260 [restartedMain] DEBUG o.s.s.w.a.e.ExpressionBasedFilterInvocationSecurityMetadataSource - Adding web access control expression 'permitAll', for ExactUrl [processUrl='/login']
2020-07-15 19:51:17.427 2261 [restartedMain] DEBUG o.s.s.w.a.e.ExpressionBasedFilterInvocationSecurityMetadataSource - Adding web access control expression 'permitAll', for ExactUrl [processUrl='/login']
2020-07-15 19:51:17.427 2261 [restartedMain] DEBUG o.s.s.w.a.e.ExpressionBasedFilterInvocationSecurityMetadataSource - Adding web access control expression 'permitAll', for OrRequestMatcher [requestMatchers=[Ant [pattern='/logout', GET], Ant [pattern='/logout', POST], Ant [pattern='/logout', PUT], Ant [pattern='/logout', DELETE]]]
2020-07-15 19:51:17.427 2261 [restartedMain] DEBUG o.s.s.w.a.e.ExpressionBasedFilterInvocationSecurityMetadataSource - Adding web access control expression 'permitAll', for ExactUrl [processUrl='/login?logout']
2020-07-15 19:51:17.427 2261 [restartedMain] DEBUG o.s.s.w.a.e.ExpressionBasedFilterInvocationSecurityMetadataSource - Adding web access control expression 'hasAuthority('ADMIN')', for Ant [pattern='/admin/**']
2020-07-15 19:51:17.427 2261 [restartedMain] DEBUG o.s.s.w.a.e.ExpressionBasedFilterInvocationSecurityMetadataSource - Adding web access control expression 'permitAll', for Ant [pattern='/public/**']
2020-07-15 19:51:17.427 2261 [restartedMain] DEBUG o.s.s.w.a.e.ExpressionBasedFilterInvocationSecurityMetadataSource - Adding web access control expression 'permitAll', for Ant [pattern='/**']
2020-07-15 19:51:17.427 2261 [restartedMain] DEBUG o.s.s.w.a.e.ExpressionBasedFilterInvocationSecurityMetadataSource - Adding web access control expression 'authenticated', for any request
2020-07-15 19:51:17.431 2265 [restartedMain] TRACE o.s.b.f.s.DefaultListableBeanFactory - Invoking afterPropertiesSet() on bean with name 'org.springframework.security.access.vote.AffirmativeBased@3c4e8160'
2020-07-15 19:51:17.432 2266 [restartedMain] DEBUG o.s.s.w.a.i.FilterSecurityInterceptor - Validated configuration attributes
2020-07-15 19:51:17.432 2266 [restartedMain] TRACE o.s.b.f.s.DefaultListableBeanFactory - Invoking afterPropertiesSet() on bean with name 'org.springframework.security.web.access.intercept.FilterSecurityInterceptor@7e41147'
2020-07-15 19:51:17.432 2266 [restartedMain] DEBUG o.s.s.w.a.i.FilterSecurityInterceptor - Validated configuration attributes
2020-07-15 19:51:17.433 2267 [restartedMain] TRACE o.s.b.f.s.DefaultListableBeanFactory - Invoking afterPropertiesSet() on bean with name 'org.springframework.security.web.authentication.UsernamePasswordAuthenticationFilter@7e20587b'
2020-07-15 19:51:17.434 2268 [restartedMain] TRACE o.s.b.f.s.DefaultListableBeanFactory - Invoking afterPropertiesSet() on bean with name 'org.springframework.security.web.authentication.www.BasicAuthenticationFilter@7e12ce91'
2020-07-15 19:51:17.435 2269 [restartedMain] INFO  o.s.s.w.DefaultSecurityFilterChain - Creating filter chain: any request, [org.springframework.security.web.context.request.async.WebAsyncManagerIntegrationFilter@75d461a2, org.springframework.security.web.context.SecurityContextPersistenceFilter@2b5f5ff2, org.springframework.security.web.header.HeaderWriterFilter@770a4221, org.springframework.security.web.authentication.logout.LogoutFilter@75a7625e, org.springframework.security.web.authentication.UsernamePasswordAuthenticationFilter@7e20587b, org.springframework.security.web.authentication.www.BasicAuthenticationFilter@7e12ce91, org.springframework.security.web.savedrequest.RequestCacheAwareFilter@67b6873e, org.springframework.security.web.servletapi.SecurityContextHolderAwareRequestFilter@39794621, org.springframework.security.web.authentication.AnonymousAuthenticationFilter@53eca781, org.springframework.security.web.session.SessionManagementFilter@5b7ad74b, org.springframework.security.web.access.ExceptionTranslationFilter@3306f34, org.springframework.security.web.access.intercept.FilterSecurityInterceptor@7e41147]
2020-07-15 19:51:17.438 2272 [restartedMain] TRACE o.s.b.f.s.DefaultListableBeanFactory - Eagerly caching bean 'springSecurityFilterChain' to allow for resolving potential circular references
2020-07-15 19:51:17.438 2272 [restartedMain] TRACE o.s.b.f.s.DefaultListableBeanFactory - Invoking afterPropertiesSet() on bean with name 'springSecurityFilterChain'
2020-07-15 19:51:17.438 2272 [restartedMain] TRACE o.s.b.f.s.DefaultListableBeanFactory - Finished creating instance of bean 'springSecurityFilterChain'
2020-07-15 19:51:17.438 2272 [restartedMain] DEBUG o.s.b.f.s.DefaultListableBeanFactory - Creating shared instance of singleton bean 'webSecurityExpressionHandler'
2020-07-15 19:51:17.438 2272 [restartedMain] TRACE o.s.b.f.s.DefaultListableBeanFactory - Creating instance of bean 'webSecurityExpressionHandler'
2020-07-15 19:51:17.438 2272 [restartedMain] TRACE o.s.b.f.s.DefaultListableBeanFactory - Returning cached instance of singleton bean 'org.springframework.security.config.annotation.web.configuration.WebSecurityConfiguration'
2020-07-15 19:51:17.439 2273 [restartedMain] TRACE o.s.b.f.s.DefaultListableBeanFactory - Eagerly caching bean 'webSecurityExpressionHandler' to allow for resolving potential circular references
2020-07-15 19:51:17.439 2273 [restartedMain] TRACE o.s.b.f.s.DefaultListableBeanFactory - Finished creating instance of bean 'webSecurityExpressionHandler'
2020-07-15 19:51:17.439 2273 [restartedMain] TRACE o.s.b.f.s.DefaultListableBeanFactory - Returning cached instance of singleton bean 'springSecurityFilterChain'
2020-07-15 19:51:17.439 2273 [restartedMain] TRACE o.s.b.f.s.DefaultListableBeanFactory - Returning cached instance of singleton bean 'springSecurityFilterChain'
2020-07-15 19:51:17.439 2273 [restartedMain] DEBUG o.s.b.f.s.DefaultListableBeanFactory - Creating shared instance of singleton bean 'privilegeEvaluator'
2020-07-15 19:51:17.439 2273 [restartedMain] TRACE o.s.b.f.s.DefaultListableBeanFactory - Creating instance of bean 'privilegeEvaluator'
2020-07-15 19:51:17.439 2273 [restartedMain] TRACE o.s.b.f.s.DefaultListableBeanFactory - Returning cached instance of singleton bean 'org.springframework.security.config.annotation.web.configuration.WebSecurityConfiguration'
2020-07-15 19:51:17.439 2273 [restartedMain] TRACE o.s.b.f.s.DefaultListableBeanFactory - Eagerly caching bean 'privilegeEvaluator' to allow for resolving potential circular references
2020-07-15 19:51:17.439 2273 [restartedMain] TRACE o.s.b.f.s.DefaultListableBeanFactory - Finished creating instance of bean 'privilegeEvaluator'
2020-07-15 19:51:17.439 2273 [restartedMain] TRACE o.s.b.f.s.DefaultListableBeanFactory - Returning cached instance of singleton bean 'conversionServicePostProcessor'
2020-07-15 19:51:17.439 2273 [restartedMain] TRACE o.s.b.f.s.DefaultListableBeanFactory - Returning cached instance of singleton bean 'autowiredWebSecurityConfigurersIgnoreParents'
2020-07-15 19:51:17.439 2273 [restartedMain] TRACE o.s.b.f.s.DefaultListableBeanFactory - Returning cached instance of singleton bean 'org.springframework.security.config.annotation.web.configuration.WebMvcSecurityConfiguration'
2020-07-15 19:51:17.439 2273 [restartedMain] DEBUG o.s.b.f.s.DefaultListableBeanFactory - Creating shared instance of singleton bean 'requestDataValueProcessor'
2020-07-15 19:51:17.439 2273 [restartedMain] TRACE o.s.b.f.s.DefaultListableBeanFactory - Creating instance of bean 'requestDataValueProcessor'
2020-07-15 19:51:17.439 2273 [restartedMain] TRACE o.s.b.f.s.DefaultListableBeanFactory - Returning cached instance of singleton bean 'org.springframework.security.config.annotation.web.configuration.WebMvcSecurityConfiguration'
2020-07-15 19:51:17.440 2274 [restartedMain] TRACE o.s.b.f.s.DefaultListableBeanFactory - Eagerly caching bean 'requestDataValueProcessor' to allow for resolving potential circular references
2020-07-15 19:51:17.440 2274 [restartedMain] TRACE o.s.b.f.s.DefaultListableBeanFactory - Finished creating instance of bean 'requestDataValueProcessor'
2020-07-15 19:51:17.440 2274 [restartedMain] DEBUG o.s.b.f.s.DefaultListableBeanFactory - Creating shared instance of singleton bean 'org.springframework.boot.autoconfigure.AutoConfigurationPackages'
2020-07-15 19:51:17.440 2274 [restartedMain] TRACE o.s.b.f.s.DefaultListableBeanFactory - Creating instance of bean 'org.springframework.boot.autoconfigure.AutoConfigurationPackages'
2020-07-15 19:51:17.443 2277 [restartedMain] TRACE o.s.b.f.s.DefaultListableBeanFactory - Eagerly caching bean 'org.springframework.boot.autoconfigure.AutoConfigurationPackages' to allow for resolving potential circular references
2020-07-15 19:51:17.443 2277 [restartedMain] TRACE o.s.b.f.s.DefaultListableBeanFactory - Finished creating instance of bean 'org.springframework.boot.autoconfigure.AutoConfigurationPackages'
2020-07-15 19:51:17.443 2277 [restartedMain] DEBUG o.s.b.f.s.DefaultListableBeanFactory - Creating shared instance of singleton bean 'org.springframework.boot.autoconfigure.context.PropertyPlaceholderAutoConfiguration'
2020-07-15 19:51:17.443 2277 [restartedMain] TRACE o.s.b.f.s.DefaultListableBeanFactory - Creating instance of bean 'org.springframework.boot.autoconfigure.context.PropertyPlaceholderAutoConfiguration'
2020-07-15 19:51:17.444 2278 [restartedMain] TRACE o.s.b.f.s.DefaultListableBeanFactory - Eagerly caching bean 'org.springframework.boot.autoconfigure.context.PropertyPlaceholderAutoConfiguration' to allow for resolving potential circular references
2020-07-15 19:51:17.444 2278 [restartedMain] TRACE o.s.b.f.s.DefaultListableBeanFactory - Finished creating instance of bean 'org.springframework.boot.autoconfigure.context.PropertyPlaceholderAutoConfiguration'
2020-07-15 19:51:17.444 2278 [restartedMain] TRACE o.s.b.f.s.DefaultListableBeanFactory - Returning cached instance of singleton bean 'propertySourcesPlaceholderConfigurer'
2020-07-15 19:51:17.444 2278 [restartedMain] TRACE o.s.b.f.s.DefaultListableBeanFactory - Returning cached instance of singleton bean 'org.springframework.boot.autoconfigure.websocket.servlet.WebSocketServletAutoConfiguration$TomcatWebSocketConfiguration'
2020-07-15 19:51:17.444 2278 [restartedMain] TRACE o.s.b.f.s.DefaultListableBeanFactory - Returning cached instance of singleton bean 'websocketServletWebServerCustomizer'
2020-07-15 19:51:17.444 2278 [restartedMain] DEBUG o.s.b.f.s.DefaultListableBeanFactory - Creating shared instance of singleton bean 'org.springframework.boot.autoconfigure.websocket.servlet.WebSocketServletAutoConfiguration'
2020-07-15 19:51:17.444 2278 [restartedMain] TRACE o.s.b.f.s.DefaultListableBeanFactory - Creating instance of bean 'org.springframework.boot.autoconfigure.websocket.servlet.WebSocketServletAutoConfiguration'
2020-07-15 19:51:17.444 2278 [restartedMain] TRACE o.s.b.f.s.DefaultListableBeanFactory - Eagerly caching bean 'org.springframework.boot.autoconfigure.websocket.servlet.WebSocketServletAutoConfiguration' to allow for resolving potential circular references
2020-07-15 19:51:17.444 2278 [restartedMain] TRACE o.s.b.f.s.DefaultListableBeanFactory - Finished creating instance of bean 'org.springframework.boot.autoconfigure.websocket.servlet.WebSocketServletAutoConfiguration'
2020-07-15 19:51:17.444 2278 [restartedMain] TRACE o.s.b.f.s.DefaultListableBeanFactory - Returning cached instance of singleton bean 'org.springframework.boot.autoconfigure.web.servlet.ServletWebServerFactoryConfiguration$EmbeddedTomcat'
2020-07-15 19:51:17.444 2278 [restartedMain] TRACE o.s.b.f.s.DefaultListableBeanFactory - Returning cached instance of singleton bean 'tomcatServletWebServerFactory'
2020-07-15 19:51:17.444 2278 [restartedMain] TRACE o.s.b.f.s.DefaultListableBeanFactory - Returning cached instance of singleton bean 'org.springframework.boot.autoconfigure.web.servlet.ServletWebServerFactoryAutoConfiguration'
2020-07-15 19:51:17.444 2278 [restartedMain] TRACE o.s.b.f.s.DefaultListableBeanFactory - Returning cached instance of singleton bean 'servletWebServerFactoryCustomizer'
2020-07-15 19:51:17.444 2278 [restartedMain] TRACE o.s.b.f.s.DefaultListableBeanFactory - Returning cached instance of singleton bean 'tomcatServletWebServerFactoryCustomizer'
2020-07-15 19:51:17.444 2278 [restartedMain] TRACE o.s.b.f.s.DefaultListableBeanFactory - Returning cached instance of singleton bean 'org.springframework.boot.context.properties.ConfigurationPropertiesBindingPostProcessor'
2020-07-15 19:51:17.444 2278 [restartedMain] TRACE o.s.b.f.s.DefaultListableBeanFactory - Returning cached instance of singleton bean 'org.springframework.boot.context.internalConfigurationPropertiesBinderFactory'
2020-07-15 19:51:17.444 2278 [restartedMain] TRACE o.s.b.f.s.DefaultListableBeanFactory - Returning cached instance of singleton bean 'org.springframework.boot.context.internalConfigurationPropertiesBinder'
2020-07-15 19:51:17.444 2278 [restartedMain] TRACE o.s.b.f.s.DefaultListableBeanFactory - Returning cached instance of singleton bean 'org.springframework.boot.context.properties.ConfigurationPropertiesBeanDefinitionValidator'
2020-07-15 19:51:17.444 2278 [restartedMain] DEBUG o.s.b.f.s.DefaultListableBeanFactory - Creating shared instance of singleton bean 'org.springframework.boot.context.properties.ConfigurationBeanFactoryMetadata'
2020-07-15 19:51:17.444 2278 [restartedMain] TRACE o.s.b.f.s.DefaultListableBeanFactory - Creating instance of bean 'org.springframework.boot.context.properties.ConfigurationBeanFactoryMetadata'
2020-07-15 19:51:17.444 2278 [restartedMain] TRACE o.s.b.f.s.DefaultListableBeanFactory - Eagerly caching bean 'org.springframework.boot.context.properties.ConfigurationBeanFactoryMetadata' to allow for resolving potential circular references
2020-07-15 19:51:17.444 2278 [restartedMain] TRACE o.s.b.f.s.DefaultListableBeanFactory - Finished creating instance of bean 'org.springframework.boot.context.properties.ConfigurationBeanFactoryMetadata'
2020-07-15 19:51:17.444 2278 [restartedMain] TRACE o.s.b.f.s.DefaultListableBeanFactory - Returning cached instance of singleton bean 'server-org.springframework.boot.autoconfigure.web.ServerProperties'
2020-07-15 19:51:17.444 2278 [restartedMain] TRACE o.s.b.f.s.DefaultListableBeanFactory - Returning cached instance of singleton bean 'webServerFactoryCustomizerBeanPostProcessor'
2020-07-15 19:51:17.444 2278 [restartedMain] TRACE o.s.b.f.s.DefaultListableBeanFactory - Returning cached instance of singleton bean 'errorPageRegistrarBeanPostProcessor'
2020-07-15 19:51:17.444 2278 [restartedMain] TRACE o.s.b.f.s.DefaultListableBeanFactory - Returning cached instance of singleton bean 'org.springframework.boot.autoconfigure.web.servlet.DispatcherServletAutoConfiguration$DispatcherServletConfiguration'
2020-07-15 19:51:17.444 2278 [restartedMain] TRACE o.s.b.f.s.DefaultListableBeanFactory - Returning cached instance of singleton bean 'dispatcherServlet'
2020-07-15 19:51:17.444 2278 [restartedMain] TRACE o.s.b.f.s.DefaultListableBeanFactory - Returning cached instance of singleton bean 'spring.mvc-org.springframework.boot.autoconfigure.web.servlet.WebMvcProperties'
2020-07-15 19:51:17.444 2278 [restartedMain] TRACE o.s.b.f.s.DefaultListableBeanFactory - Returning cached instance of singleton bean 'spring.http-org.springframework.boot.autoconfigure.http.HttpProperties'
2020-07-15 19:51:17.444 2278 [restartedMain] TRACE o.s.b.f.s.DefaultListableBeanFactory - Returning cached instance of singleton bean 'org.springframework.boot.autoconfigure.web.servlet.DispatcherServletAutoConfiguration$DispatcherServletRegistrationConfiguration'
2020-07-15 19:51:17.444 2278 [restartedMain] TRACE o.s.b.f.s.DefaultListableBeanFactory - Returning cached instance of singleton bean 'dispatcherServletRegistration'
2020-07-15 19:51:17.444 2278 [restartedMain] DEBUG o.s.b.f.s.DefaultListableBeanFactory - Creating shared instance of singleton bean 'org.springframework.boot.autoconfigure.web.servlet.DispatcherServletAutoConfiguration'
2020-07-15 19:51:17.444 2278 [restartedMain] TRACE o.s.b.f.s.DefaultListableBeanFactory - Creating instance of bean 'org.springframework.boot.autoconfigure.web.servlet.DispatcherServletAutoConfiguration'
2020-07-15 19:51:17.444 2278 [restartedMain] TRACE o.s.b.f.s.DefaultListableBeanFactory - Eagerly caching bean 'org.springframework.boot.autoconfigure.web.servlet.DispatcherServletAutoConfiguration' to allow for resolving potential circular references
2020-07-15 19:51:17.445 2279 [restartedMain] TRACE o.s.b.f.s.DefaultListableBeanFactory - Finished creating instance of bean 'org.springframework.boot.autoconfigure.web.servlet.DispatcherServletAutoConfiguration'
2020-07-15 19:51:17.445 2279 [restartedMain] DEBUG o.s.b.f.s.DefaultListableBeanFactory - Creating shared instance of singleton bean 'org.springframework.boot.autoconfigure.task.TaskExecutionAutoConfiguration'
2020-07-15 19:51:17.445 2279 [restartedMain] TRACE o.s.b.f.s.DefaultListableBeanFactory - Creating instance of bean 'org.springframework.boot.autoconfigure.task.TaskExecutionAutoConfiguration'
2020-07-15 19:51:17.445 2279 [restartedMain] TRACE o.s.b.f.s.DefaultListableBeanFactory - Eagerly caching bean 'org.springframework.boot.autoconfigure.task.TaskExecutionAutoConfiguration' to allow for resolving potential circular references
2020-07-15 19:51:17.445 2279 [restartedMain] TRACE o.s.b.f.s.DefaultListableBeanFactory - Finished creating instance of bean 'org.springframework.boot.autoconfigure.task.TaskExecutionAutoConfiguration'
2020-07-15 19:51:17.445 2279 [restartedMain] DEBUG o.s.b.f.s.DefaultListableBeanFactory - Creating shared instance of singleton bean 'taskExecutorBuilder'
2020-07-15 19:51:17.445 2279 [restartedMain] TRACE o.s.b.f.s.DefaultListableBeanFactory - Creating instance of bean 'taskExecutorBuilder'
2020-07-15 19:51:17.445 2279 [restartedMain] TRACE o.s.b.f.s.DefaultListableBeanFactory - Returning cached instance of singleton bean 'org.springframework.boot.autoconfigure.task.TaskExecutionAutoConfiguration'
2020-07-15 19:51:17.446 2280 [restartedMain] DEBUG o.s.b.f.s.DefaultListableBeanFactory - Creating shared instance of singleton bean 'spring.task.execution-org.springframework.boot.autoconfigure.task.TaskExecutionProperties'
2020-07-15 19:51:17.446 2280 [restartedMain] TRACE o.s.b.f.s.DefaultListableBeanFactory - Creating instance of bean 'spring.task.execution-org.springframework.boot.autoconfigure.task.TaskExecutionProperties'
2020-07-15 19:51:17.446 2280 [restartedMain] TRACE o.s.b.f.s.DefaultListableBeanFactory - Eagerly caching bean 'spring.task.execution-org.springframework.boot.autoconfigure.task.TaskExecutionProperties' to allow for resolving potential circular references
2020-07-15 19:51:17.447 2281 [restartedMain] TRACE o.s.b.f.s.DefaultListableBeanFactory - Finished creating instance of bean 'spring.task.execution-org.springframework.boot.autoconfigure.task.TaskExecutionProperties'
2020-07-15 19:51:17.447 2281 [restartedMain] DEBUG o.s.b.f.s.DefaultListableBeanFactory - Autowiring by type from bean name 'taskExecutorBuilder' via factory method to bean named 'spring.task.execution-org.springframework.boot.autoconfigure.task.TaskExecutionProperties'
2020-07-15 19:51:17.448 2282 [restartedMain] TRACE o.s.b.f.s.DefaultListableBeanFactory - Eagerly caching bean 'taskExecutorBuilder' to allow for resolving potential circular references
2020-07-15 19:51:17.449 2283 [restartedMain] TRACE o.s.b.f.s.DefaultListableBeanFactory - Finished creating instance of bean 'taskExecutorBuilder'
2020-07-15 19:51:17.449 2283 [restartedMain] TRACE o.s.b.f.s.DefaultListableBeanFactory - Returning cached instance of singleton bean 'spring.task.execution-org.springframework.boot.autoconfigure.task.TaskExecutionProperties'
2020-07-15 19:51:17.449 2283 [restartedMain] DEBUG o.s.b.f.s.DefaultListableBeanFactory - Creating shared instance of singleton bean 'org.springframework.boot.autoconfigure.validation.ValidationAutoConfiguration'
2020-07-15 19:51:17.449 2283 [restartedMain] TRACE o.s.b.f.s.DefaultListableBeanFactory - Creating instance of bean 'org.springframework.boot.autoconfigure.validation.ValidationAutoConfiguration'
2020-07-15 19:51:17.449 2283 [restartedMain] TRACE o.s.b.f.s.DefaultListableBeanFactory - Eagerly caching bean 'org.springframework.boot.autoconfigure.validation.ValidationAutoConfiguration' to allow for resolving potential circular references
2020-07-15 19:51:17.449 2283 [restartedMain] TRACE o.s.b.f.s.DefaultListableBeanFactory - Finished creating instance of bean 'org.springframework.boot.autoconfigure.validation.ValidationAutoConfiguration'
2020-07-15 19:51:17.449 2283 [restartedMain] DEBUG o.s.b.f.s.DefaultListableBeanFactory - Creating shared instance of singleton bean 'defaultValidator'
2020-07-15 19:51:17.449 2283 [restartedMain] TRACE o.s.b.f.s.DefaultListableBeanFactory - Creating instance of bean 'defaultValidator'
2020-07-15 19:51:17.450 2284 [restartedMain] DEBUG o.h.v.i.e.r.TraversableResolvers - Cannot find javax.persistence.Persistence on classpath. Assuming non JPA 2 environment. All properties will per default be traversable.
2020-07-15 19:51:17.451 2285 [restartedMain] DEBUG o.h.v.m.ResourceBundleMessageInterpolator - Loaded expression factory via original TCCL
2020-07-15 19:51:17.452 2286 [restartedMain] TRACE o.s.b.f.s.DefaultListableBeanFactory - Eagerly caching bean 'defaultValidator' to allow for resolving potential circular references
2020-07-15 19:51:17.452 2286 [restartedMain] TRACE o.s.b.f.s.DefaultListableBeanFactory - Invoking afterPropertiesSet() on bean with name 'defaultValidator'
2020-07-15 19:51:17.453 2287 [restartedMain] DEBUG o.h.v.i.e.r.TraversableResolvers - Cannot find javax.persistence.Persistence on classpath. Assuming non JPA 2 environment. All properties will per default be traversable.
2020-07-15 19:51:17.453 2287 [restartedMain] DEBUG o.h.v.i.engine.ConfigurationImpl - Setting custom MessageInterpolator of type org.springframework.validation.beanvalidation.LocaleContextMessageInterpolator
2020-07-15 19:51:17.453 2287 [restartedMain] DEBUG o.h.v.i.engine.ConfigurationImpl - Setting custom ConstraintValidatorFactory of type org.springframework.validation.beanvalidation.SpringConstraintValidatorFactory
2020-07-15 19:51:17.454 2288 [restartedMain] DEBUG o.h.v.i.engine.ConfigurationImpl - Setting custom ParameterNameProvider of type org.springframework.validation.beanvalidation.LocalValidatorFactoryBean$1
2020-07-15 19:51:17.454 2288 [restartedMain] DEBUG o.h.v.i.x.c.ValidationXmlParser - Trying to load META-INF/validation.xml for XML based Validator configuration.
2020-07-15 19:51:17.454 2288 [restartedMain] DEBUG o.h.v.i.x.c.ResourceLoaderHelper - Trying to load META-INF/validation.xml via user class loader
2020-07-15 19:51:17.455 2289 [restartedMain] DEBUG o.h.v.i.x.c.ResourceLoaderHelper - Trying to load META-INF/validation.xml via TCCL
2020-07-15 19:51:17.455 2289 [restartedMain] DEBUG o.h.v.i.x.c.ResourceLoaderHelper - Trying to load META-INF/validation.xml via Hibernate Validator's class loader
2020-07-15 19:51:17.455 2289 [restartedMain] DEBUG o.h.v.i.x.c.ValidationXmlParser - No META-INF/validation.xml found. Using annotation based configuration only.
2020-07-15 19:51:17.457 2291 [restartedMain] DEBUG o.h.v.i.engine.ValidatorFactoryImpl - HV000234: Using org.springframework.validation.beanvalidation.LocaleContextMessageInterpolator as ValidatorFactory-scoped message interpolator.
2020-07-15 19:51:17.458 2292 [restartedMain] DEBUG o.h.v.i.engine.ValidatorFactoryImpl - HV000234: Using org.hibernate.validator.internal.engine.resolver.TraverseAllTraversableResolver as ValidatorFactory-scoped traversable resolver.
2020-07-15 19:51:17.458 2292 [restartedMain] DEBUG o.h.v.i.engine.ValidatorFactoryImpl - HV000234: Using org.hibernate.validator.internal.util.ExecutableParameterNameProvider as ValidatorFactory-scoped parameter name provider.
2020-07-15 19:51:17.458 2292 [restartedMain] DEBUG o.h.v.i.engine.ValidatorFactoryImpl - HV000234: Using org.hibernate.validator.internal.engine.DefaultClockProvider as ValidatorFactory-scoped clock provider.
2020-07-15 19:51:17.458 2292 [restartedMain] DEBUG o.h.v.i.engine.ValidatorFactoryImpl - HV000234: Using org.hibernate.validator.internal.engine.scripting.DefaultScriptEvaluatorFactory as ValidatorFactory-scoped script evaluator factory.
2020-07-15 19:51:17.458 2292 [restartedMain] TRACE o.s.b.f.s.DefaultListableBeanFactory - Finished creating instance of bean 'defaultValidator'
2020-07-15 19:51:17.458 2292 [restartedMain] TRACE o.s.b.f.s.DefaultListableBeanFactory - Returning cached instance of singleton bean 'methodValidationPostProcessor'
2020-07-15 19:51:17.459 2293 [restartedMain] DEBUG o.s.b.f.s.DefaultListableBeanFactory - Creating shared instance of singleton bean 'org.springframework.boot.autoconfigure.web.servlet.error.ErrorMvcAutoConfiguration$DefaultErrorViewResolverConfiguration'
2020-07-15 19:51:17.459 2293 [restartedMain] TRACE o.s.b.f.s.DefaultListableBeanFactory - Creating instance of bean 'org.springframework.boot.autoconfigure.web.servlet.error.ErrorMvcAutoConfiguration$DefaultErrorViewResolverConfiguration'
2020-07-15 19:51:17.459 2293 [restartedMain] TRACE o.s.b.f.s.DefaultListableBeanFactory - Returning cached instance of singleton bean 'spring.resources-org.springframework.boot.autoconfigure.web.ResourceProperties'
2020-07-15 19:51:17.459 2293 [restartedMain] DEBUG o.s.b.f.s.DefaultListableBeanFactory - Autowiring by type from bean name 'org.springframework.boot.autoconfigure.web.servlet.error.ErrorMvcAutoConfiguration$DefaultErrorViewResolverConfiguration' via constructor to bean named 'org.springframework.boot.web.servlet.context.AnnotationConfigServletWebServerApplicationContext@b7288ce'
2020-07-15 19:51:17.459 2293 [restartedMain] DEBUG o.s.b.f.s.DefaultListableBeanFactory - Autowiring by type from bean name 'org.springframework.boot.autoconfigure.web.servlet.error.ErrorMvcAutoConfiguration$DefaultErrorViewResolverConfiguration' via constructor to bean named 'spring.resources-org.springframework.boot.autoconfigure.web.ResourceProperties'
2020-07-15 19:51:17.459 2293 [restartedMain] TRACE o.s.b.f.s.DefaultListableBeanFactory - Eagerly caching bean 'org.springframework.boot.autoconfigure.web.servlet.error.ErrorMvcAutoConfiguration$DefaultErrorViewResolverConfiguration' to allow for resolving potential circular references
2020-07-15 19:51:17.459 2293 [restartedMain] TRACE o.s.b.f.s.DefaultListableBeanFactory - Finished creating instance of bean 'org.springframework.boot.autoconfigure.web.servlet.error.ErrorMvcAutoConfiguration$DefaultErrorViewResolverConfiguration'
2020-07-15 19:51:17.459 2293 [restartedMain] DEBUG o.s.b.f.s.DefaultListableBeanFactory - Creating shared instance of singleton bean 'conventionErrorViewResolver'
2020-07-15 19:51:17.459 2293 [restartedMain] TRACE o.s.b.f.s.DefaultListableBeanFactory - Creating instance of bean 'conventionErrorViewResolver'
2020-07-15 19:51:17.459 2293 [restartedMain] TRACE o.s.b.f.s.DefaultListableBeanFactory - Returning cached instance of singleton bean 'org.springframework.boot.autoconfigure.web.servlet.error.ErrorMvcAutoConfiguration$DefaultErrorViewResolverConfiguration'
2020-07-15 19:51:17.460 2294 [restartedMain] TRACE o.s.c.i.s.SpringFactoriesLoader - Loaded [org.springframework.boot.autoconfigure.template.TemplateAvailabilityProvider] names: [org.springframework.boot.autoconfigure.freemarker.FreeMarkerTemplateAvailabilityProvider, org.springframework.boot.autoconfigure.mustache.MustacheTemplateAvailabilityProvider, org.springframework.boot.autoconfigure.groovy.template.GroovyTemplateAvailabilityProvider, org.springframework.boot.autoconfigure.thymeleaf.ThymeleafTemplateAvailabilityProvider, org.springframework.boot.autoconfigure.web.servlet.JspTemplateAvailabilityProvider]
2020-07-15 19:51:17.460 2294 [restartedMain] TRACE o.s.b.f.s.DefaultListableBeanFactory - Eagerly caching bean 'conventionErrorViewResolver' to allow for resolving potential circular references
2020-07-15 19:51:17.460 2294 [restartedMain] TRACE o.s.b.f.s.DefaultListableBeanFactory - Finished creating instance of bean 'conventionErrorViewResolver'
2020-07-15 19:51:17.460 2294 [restartedMain] TRACE o.s.b.f.s.DefaultListableBeanFactory - Returning cached instance of singleton bean 'org.springframework.boot.autoconfigure.web.servlet.error.ErrorMvcAutoConfiguration'
2020-07-15 19:51:17.460 2294 [restartedMain] DEBUG o.s.b.f.s.DefaultListableBeanFactory - Creating shared instance of singleton bean 'errorAttributes'
2020-07-15 19:51:17.460 2294 [restartedMain] TRACE o.s.b.f.s.DefaultListableBeanFactory - Creating instance of bean 'errorAttributes'
2020-07-15 19:51:17.460 2294 [restartedMain] TRACE o.s.b.f.s.DefaultListableBeanFactory - Returning cached instance of singleton bean 'org.springframework.boot.autoconfigure.web.servlet.error.ErrorMvcAutoConfiguration'
2020-07-15 19:51:17.460 2294 [restartedMain] TRACE o.s.b.f.s.DefaultListableBeanFactory - Eagerly caching bean 'errorAttributes' to allow for resolving potential circular references
2020-07-15 19:51:17.460 2294 [restartedMain] TRACE o.s.b.f.s.DefaultListableBeanFactory - Finished creating instance of bean 'errorAttributes'
2020-07-15 19:51:17.460 2294 [restartedMain] DEBUG o.s.b.f.s.DefaultListableBeanFactory - Creating shared instance of singleton bean 'basicErrorController'
2020-07-15 19:51:17.460 2294 [restartedMain] TRACE o.s.b.f.s.DefaultListableBeanFactory - Creating instance of bean 'basicErrorController'
2020-07-15 19:51:17.460 2294 [restartedMain] TRACE o.s.b.f.s.DefaultListableBeanFactory - Returning cached instance of singleton bean 'org.springframework.boot.autoconfigure.web.servlet.error.ErrorMvcAutoConfiguration'
2020-07-15 19:51:17.461 2295 [restartedMain] TRACE o.s.b.f.s.DefaultListableBeanFactory - Returning cached instance of singleton bean 'errorAttributes'
2020-07-15 19:51:17.461 2295 [restartedMain] DEBUG o.s.b.f.s.DefaultListableBeanFactory - Autowiring by type from bean name 'basicErrorController' via factory method to bean named 'errorAttributes'
2020-07-15 19:51:17.461 2295 [restartedMain] TRACE o.s.b.f.s.DefaultListableBeanFactory - Returning cached instance of singleton bean 'conventionErrorViewResolver'
2020-07-15 19:51:17.461 2295 [restartedMain] TRACE o.s.b.f.s.DefaultListableBeanFactory - Returning cached instance of singleton bean 'conventionErrorViewResolver'
2020-07-15 19:51:17.464 2298 [restartedMain] TRACE o.s.b.f.s.DefaultListableBeanFactory - Eagerly caching bean 'basicErrorController' to allow for resolving potential circular references
2020-07-15 19:51:17.464 2298 [restartedMain] TRACE o.s.b.f.s.DefaultListableBeanFactory - Finished creating instance of bean 'basicErrorController'
2020-07-15 19:51:17.464 2298 [restartedMain] TRACE o.s.b.f.s.DefaultListableBeanFactory - Returning cached instance of singleton bean 'errorPageCustomizer'
2020-07-15 19:51:17.464 2298 [restartedMain] TRACE o.s.b.f.s.DefaultListableBeanFactory - Returning cached instance of singleton bean 'preserveErrorControllerTargetClassPostProcessor'
2020-07-15 19:51:17.464 2298 [restartedMain] TRACE o.s.b.f.s.DefaultListableBeanFactory - Returning cached instance of singleton bean 'spring.resources-org.springframework.boot.autoconfigure.web.ResourceProperties'
2020-07-15 19:51:17.464 2298 [restartedMain] TRACE o.s.b.f.s.DefaultListableBeanFactory - Returning cached instance of singleton bean 'org.springframework.boot.autoconfigure.web.servlet.WebMvcAutoConfiguration$EnableWebMvcConfiguration'
2020-07-15 19:51:17.464 2298 [restartedMain] DEBUG o.s.b.f.s.DefaultListableBeanFactory - Creating shared instance of singleton bean 'requestMappingHandlerAdapter'
2020-07-15 19:51:17.464 2298 [restartedMain] TRACE o.s.b.f.s.DefaultListableBeanFactory - Creating instance of bean 'requestMappingHandlerAdapter'
2020-07-15 19:51:17.464 2298 [restartedMain] TRACE o.s.b.f.s.DefaultListableBeanFactory - Returning cached instance of singleton bean 'org.springframework.boot.autoconfigure.web.servlet.WebMvcAutoConfiguration$EnableWebMvcConfiguration'
2020-07-15 19:51:17.466 2300 [restartedMain] TRACE o.s.b.f.s.DefaultListableBeanFactory - Returning cached instance of singleton bean 'mvcContentNegotiationManager'
2020-07-15 19:51:17.467 2301 [restartedMain] DEBUG o.s.b.f.s.DefaultListableBeanFactory - Creating shared instance of singleton bean 'mvcConversionService'
2020-07-15 19:51:17.467 2301 [restartedMain] TRACE o.s.b.f.s.DefaultListableBeanFactory - Creating instance of bean 'mvcConversionService'
2020-07-15 19:51:17.467 2301 [restartedMain] TRACE o.s.b.f.s.DefaultListableBeanFactory - Returning cached instance of singleton bean 'org.springframework.boot.autoconfigure.web.servlet.WebMvcAutoConfiguration$EnableWebMvcConfiguration'
2020-07-15 19:51:17.469 2303 [restartedMain] TRACE o.s.b.f.s.DefaultListableBeanFactory - Eagerly caching bean 'mvcConversionService' to allow for resolving potential circular references
2020-07-15 19:51:17.470 2304 [restartedMain] TRACE o.s.b.f.s.DefaultListableBeanFactory - Finished creating instance of bean 'mvcConversionService'
2020-07-15 19:51:17.470 2304 [restartedMain] DEBUG o.s.b.f.s.DefaultListableBeanFactory - Creating shared instance of singleton bean 'mvcValidator'
2020-07-15 19:51:17.470 2304 [restartedMain] TRACE o.s.b.f.s.DefaultListableBeanFactory - Creating instance of bean 'mvcValidator'
2020-07-15 19:51:17.470 2304 [restartedMain] TRACE o.s.b.f.s.DefaultListableBeanFactory - Returning cached instance of singleton bean 'org.springframework.boot.autoconfigure.web.servlet.WebMvcAutoConfiguration$EnableWebMvcConfiguration'
2020-07-15 19:51:17.471 2305 [restartedMain] TRACE o.s.b.f.s.DefaultListableBeanFactory - Returning cached instance of singleton bean 'defaultValidator'
2020-07-15 19:51:17.471 2305 [restartedMain] TRACE o.s.b.f.s.DefaultListableBeanFactory - Eagerly caching bean 'mvcValidator' to allow for resolving potential circular references
2020-07-15 19:51:17.471 2305 [restartedMain] TRACE o.s.b.f.s.DefaultListableBeanFactory - Invoking afterPropertiesSet() on bean with name 'mvcValidator'
2020-07-15 19:51:17.471 2305 [restartedMain] TRACE o.s.b.f.s.DefaultListableBeanFactory - Finished creating instance of bean 'mvcValidator'
2020-07-15 19:51:17.471 2305 [restartedMain] DEBUG o.s.b.f.s.DefaultListableBeanFactory - Autowiring by type from bean name 'requestMappingHandlerAdapter' via factory method to bean named 'mvcContentNegotiationManager'
2020-07-15 19:51:17.471 2305 [restartedMain] DEBUG o.s.b.f.s.DefaultListableBeanFactory - Autowiring by type from bean name 'requestMappingHandlerAdapter' via factory method to bean named 'mvcConversionService'
2020-07-15 19:51:17.471 2305 [restartedMain] DEBUG o.s.b.f.s.DefaultListableBeanFactory - Autowiring by type from bean name 'requestMappingHandlerAdapter' via factory method to bean named 'mvcValidator'
2020-07-15 19:51:17.473 2307 [restartedMain] TRACE o.s.b.f.s.DefaultListableBeanFactory - Returning cached instance of singleton bean 'mvcContentNegotiationManager'
2020-07-15 19:51:17.473 2307 [restartedMain] TRACE o.s.b.f.s.DefaultListableBeanFactory - Returning cached instance of singleton bean 'mvcConversionService'
2020-07-15 19:51:17.474 2308 [restartedMain] TRACE o.s.b.f.s.DefaultListableBeanFactory - Returning cached instance of singleton bean 'mvcValidator'
2020-07-15 19:51:17.474 2308 [restartedMain] DEBUG o.s.b.f.s.DefaultListableBeanFactory - Autowiring by type from bean name 'requestMappingHandlerAdapter' via factory method to bean named 'mvcContentNegotiationManager'
2020-07-15 19:51:17.474 2308 [restartedMain] DEBUG o.s.b.f.s.DefaultListableBeanFactory - Autowiring by type from bean name 'requestMappingHandlerAdapter' via factory method to bean named 'mvcConversionService'
2020-07-15 19:51:17.474 2308 [restartedMain] DEBUG o.s.b.f.s.DefaultListableBeanFactory - Autowiring by type from bean name 'requestMappingHandlerAdapter' via factory method to bean named 'mvcValidator'
2020-07-15 19:51:17.479 2313 [restartedMain] DEBUG o.s.b.f.s.DefaultListableBeanFactory - Creating shared instance of singleton bean 'messageConverters'
2020-07-15 19:51:17.479 2313 [restartedMain] TRACE o.s.b.f.s.DefaultListableBeanFactory - Creating instance of bean 'messageConverters'
2020-07-15 19:51:17.479 2313 [restartedMain] DEBUG o.s.b.f.s.DefaultListableBeanFactory - Creating shared instance of singleton bean 'org.springframework.boot.autoconfigure.http.HttpMessageConvertersAutoConfiguration'
2020-07-15 19:51:17.479 2313 [restartedMain] TRACE o.s.b.f.s.DefaultListableBeanFactory - Creating instance of bean 'org.springframework.boot.autoconfigure.http.HttpMessageConvertersAutoConfiguration'
2020-07-15 19:51:17.479 2313 [restartedMain] TRACE o.s.b.f.s.DefaultListableBeanFactory - Eagerly caching bean 'org.springframework.boot.autoconfigure.http.HttpMessageConvertersAutoConfiguration' to allow for resolving potential circular references
2020-07-15 19:51:17.479 2313 [restartedMain] TRACE o.s.b.f.s.DefaultListableBeanFactory - Finished creating instance of bean 'org.springframework.boot.autoconfigure.http.HttpMessageConvertersAutoConfiguration'
2020-07-15 19:51:17.481 2315 [restartedMain] DEBUG o.s.b.f.s.DefaultListableBeanFactory - Creating shared instance of singleton bean 'stringHttpMessageConverter'
2020-07-15 19:51:17.481 2315 [restartedMain] TRACE o.s.b.f.s.DefaultListableBeanFactory - Creating instance of bean 'stringHttpMessageConverter'
2020-07-15 19:51:17.481 2315 [restartedMain] DEBUG o.s.b.f.s.DefaultListableBeanFactory - Creating shared instance of singleton bean 'org.springframework.boot.autoconfigure.http.HttpMessageConvertersAutoConfiguration$StringHttpMessageConverterConfiguration'
2020-07-15 19:51:17.481 2315 [restartedMain] TRACE o.s.b.f.s.DefaultListableBeanFactory - Creating instance of bean 'org.springframework.boot.autoconfigure.http.HttpMessageConvertersAutoConfiguration$StringHttpMessageConverterConfiguration'
2020-07-15 19:51:17.481 2315 [restartedMain] TRACE o.s.b.f.s.DefaultListableBeanFactory - Eagerly caching bean 'org.springframework.boot.autoconfigure.http.HttpMessageConvertersAutoConfiguration$StringHttpMessageConverterConfiguration' to allow for resolving potential circular references
2020-07-15 19:51:17.481 2315 [restartedMain] TRACE o.s.b.f.s.DefaultListableBeanFactory - Finished creating instance of bean 'org.springframework.boot.autoconfigure.http.HttpMessageConvertersAutoConfiguration$StringHttpMessageConverterConfiguration'
2020-07-15 19:51:17.482 2316 [restartedMain] TRACE o.s.b.f.s.DefaultListableBeanFactory - Returning cached instance of singleton bean 'spring.http-org.springframework.boot.autoconfigure.http.HttpProperties'
2020-07-15 19:51:17.482 2316 [restartedMain] DEBUG o.s.b.f.s.DefaultListableBeanFactory - Autowiring by type from bean name 'stringHttpMessageConverter' via factory method to bean named 'spring.http-org.springframework.boot.autoconfigure.http.HttpProperties'
2020-07-15 19:51:17.484 2318 [restartedMain] TRACE o.s.b.f.s.DefaultListableBeanFactory - Eagerly caching bean 'stringHttpMessageConverter' to allow for resolving potential circular references
2020-07-15 19:51:17.484 2318 [restartedMain] TRACE o.s.b.f.s.DefaultListableBeanFactory - Finished creating instance of bean 'stringHttpMessageConverter'
2020-07-15 19:51:17.484 2318 [restartedMain] DEBUG o.s.b.f.s.DefaultListableBeanFactory - Creating shared instance of singleton bean 'mappingJackson2HttpMessageConverter'
2020-07-15 19:51:17.484 2318 [restartedMain] TRACE o.s.b.f.s.DefaultListableBeanFactory - Creating instance of bean 'mappingJackson2HttpMessageConverter'
2020-07-15 19:51:17.484 2318 [restartedMain] DEBUG o.s.b.f.s.DefaultListableBeanFactory - Creating shared instance of singleton bean 'org.springframework.boot.autoconfigure.http.JacksonHttpMessageConvertersConfiguration$MappingJackson2HttpMessageConverterConfiguration'
2020-07-15 19:51:17.484 2318 [restartedMain] TRACE o.s.b.f.s.DefaultListableBeanFactory - Creating instance of bean 'org.springframework.boot.autoconfigure.http.JacksonHttpMessageConvertersConfiguration$MappingJackson2HttpMessageConverterConfiguration'
2020-07-15 19:51:17.485 2319 [restartedMain] TRACE o.s.b.f.s.DefaultListableBeanFactory - Eagerly caching bean 'org.springframework.boot.autoconfigure.http.JacksonHttpMessageConvertersConfiguration$MappingJackson2HttpMessageConverterConfiguration' to allow for resolving potential circular references
2020-07-15 19:51:17.485 2319 [restartedMain] TRACE o.s.b.f.s.DefaultListableBeanFactory - Finished creating instance of bean 'org.springframework.boot.autoconfigure.http.JacksonHttpMessageConvertersConfiguration$MappingJackson2HttpMessageConverterConfiguration'
2020-07-15 19:51:17.485 2319 [restartedMain] DEBUG o.s.b.f.s.DefaultListableBeanFactory - Creating shared instance of singleton bean 'jacksonObjectMapper'
2020-07-15 19:51:17.485 2319 [restartedMain] TRACE o.s.b.f.s.DefaultListableBeanFactory - Creating instance of bean 'jacksonObjectMapper'
2020-07-15 19:51:17.485 2319 [restartedMain] DEBUG o.s.b.f.s.DefaultListableBeanFactory - Creating shared instance of singleton bean 'org.springframework.boot.autoconfigure.jackson.JacksonAutoConfiguration$JacksonObjectMapperConfiguration'
2020-07-15 19:51:17.485 2319 [restartedMain] TRACE o.s.b.f.s.DefaultListableBeanFactory - Creating instance of bean 'org.springframework.boot.autoconfigure.jackson.JacksonAutoConfiguration$JacksonObjectMapperConfiguration'
2020-07-15 19:51:17.485 2319 [restartedMain] TRACE o.s.b.f.s.DefaultListableBeanFactory - Eagerly caching bean 'org.springframework.boot.autoconfigure.jackson.JacksonAutoConfiguration$JacksonObjectMapperConfiguration' to allow for resolving potential circular references
2020-07-15 19:51:17.485 2319 [restartedMain] TRACE o.s.b.f.s.DefaultListableBeanFactory - Finished creating instance of bean 'org.springframework.boot.autoconfigure.jackson.JacksonAutoConfiguration$JacksonObjectMapperConfiguration'
2020-07-15 19:51:17.486 2320 [restartedMain] TRACE o.s.b.f.s.DefaultListableBeanFactory - Creating instance of bean 'jacksonObjectMapperBuilder'
2020-07-15 19:51:17.486 2320 [restartedMain] DEBUG o.s.b.f.s.DefaultListableBeanFactory - Creating shared instance of singleton bean 'org.springframework.boot.autoconfigure.jackson.JacksonAutoConfiguration$JacksonObjectMapperBuilderConfiguration'
2020-07-15 19:51:17.486 2320 [restartedMain] TRACE o.s.b.f.s.DefaultListableBeanFactory - Creating instance of bean 'org.springframework.boot.autoconfigure.jackson.JacksonAutoConfiguration$JacksonObjectMapperBuilderConfiguration'
2020-07-15 19:51:17.486 2320 [restartedMain] TRACE o.s.b.f.s.DefaultListableBeanFactory - Eagerly caching bean 'org.springframework.boot.autoconfigure.jackson.JacksonAutoConfiguration$JacksonObjectMapperBuilderConfiguration' to allow for resolving potential circular references
2020-07-15 19:51:17.486 2320 [restartedMain] TRACE o.s.b.f.s.DefaultListableBeanFactory - Finished creating instance of bean 'org.springframework.boot.autoconfigure.jackson.JacksonAutoConfiguration$JacksonObjectMapperBuilderConfiguration'
2020-07-15 19:51:17.486 2320 [restartedMain] DEBUG o.s.b.f.s.DefaultListableBeanFactory - Creating shared instance of singleton bean 'standardJacksonObjectMapperBuilderCustomizer'
2020-07-15 19:51:17.486 2320 [restartedMain] TRACE o.s.b.f.s.DefaultListableBeanFactory - Creating instance of bean 'standardJacksonObjectMapperBuilderCustomizer'
2020-07-15 19:51:17.486 2320 [restartedMain] DEBUG o.s.b.f.s.DefaultListableBeanFactory - Creating shared instance of singleton bean 'org.springframework.boot.autoconfigure.jackson.JacksonAutoConfiguration$Jackson2ObjectMapperBuilderCustomizerConfiguration'
2020-07-15 19:51:17.486 2320 [restartedMain] TRACE o.s.b.f.s.DefaultListableBeanFactory - Creating instance of bean 'org.springframework.boot.autoconfigure.jackson.JacksonAutoConfiguration$Jackson2ObjectMapperBuilderCustomizerConfiguration'
2020-07-15 19:51:17.486 2320 [restartedMain] TRACE o.s.b.f.s.DefaultListableBeanFactory - Eagerly caching bean 'org.springframework.boot.autoconfigure.jackson.JacksonAutoConfiguration$Jackson2ObjectMapperBuilderCustomizerConfiguration' to allow for resolving potential circular references
2020-07-15 19:51:17.486 2320 [restartedMain] TRACE o.s.b.f.s.DefaultListableBeanFactory - Finished creating instance of bean 'org.springframework.boot.autoconfigure.jackson.JacksonAutoConfiguration$Jackson2ObjectMapperBuilderCustomizerConfiguration'
2020-07-15 19:51:17.487 2321 [restartedMain] DEBUG o.s.b.f.s.DefaultListableBeanFactory - Creating shared instance of singleton bean 'spring.jackson-org.springframework.boot.autoconfigure.jackson.JacksonProperties'
2020-07-15 19:51:17.487 2321 [restartedMain] TRACE o.s.b.f.s.DefaultListableBeanFactory - Creating instance of bean 'spring.jackson-org.springframework.boot.autoconfigure.jackson.JacksonProperties'
2020-07-15 19:51:17.487 2321 [restartedMain] TRACE o.s.b.f.s.DefaultListableBeanFactory - Eagerly caching bean 'spring.jackson-org.springframework.boot.autoconfigure.jackson.JacksonProperties' to allow for resolving potential circular references
2020-07-15 19:51:17.489 2323 [restartedMain] TRACE o.s.b.f.s.DefaultListableBeanFactory - Finished creating instance of bean 'spring.jackson-org.springframework.boot.autoconfigure.jackson.JacksonProperties'
2020-07-15 19:51:17.489 2323 [restartedMain] DEBUG o.s.b.f.s.DefaultListableBeanFactory - Autowiring by type from bean name 'standardJacksonObjectMapperBuilderCustomizer' via factory method to bean named 'org.springframework.boot.web.servlet.context.AnnotationConfigServletWebServerApplicationContext@b7288ce'
2020-07-15 19:51:17.489 2323 [restartedMain] DEBUG o.s.b.f.s.DefaultListableBeanFactory - Autowiring by type from bean name 'standardJacksonObjectMapperBuilderCustomizer' via factory method to bean named 'spring.jackson-org.springframework.boot.autoconfigure.jackson.JacksonProperties'
2020-07-15 19:51:17.489 2323 [restartedMain] TRACE o.s.b.f.s.DefaultListableBeanFactory - Eagerly caching bean 'standardJacksonObjectMapperBuilderCustomizer' to allow for resolving potential circular references
2020-07-15 19:51:17.489 2323 [restartedMain] TRACE o.s.b.f.s.DefaultListableBeanFactory - Finished creating instance of bean 'standardJacksonObjectMapperBuilderCustomizer'
2020-07-15 19:51:17.489 2323 [restartedMain] DEBUG o.s.b.f.s.DefaultListableBeanFactory - Autowiring by type from bean name 'jacksonObjectMapperBuilder' via factory method to bean named 'org.springframework.boot.web.servlet.context.AnnotationConfigServletWebServerApplicationContext@b7288ce'
2020-07-15 19:51:17.489 2323 [restartedMain] DEBUG o.s.b.f.s.DefaultListableBeanFactory - Autowiring by type from bean name 'jacksonObjectMapperBuilder' via factory method to bean named 'standardJacksonObjectMapperBuilderCustomizer'
2020-07-15 19:51:17.490 2324 [restartedMain] DEBUG o.s.b.f.s.DefaultListableBeanFactory - Creating shared instance of singleton bean 'parameterNamesModule'
2020-07-15 19:51:17.490 2324 [restartedMain] TRACE o.s.b.f.s.DefaultListableBeanFactory - Creating instance of bean 'parameterNamesModule'
2020-07-15 19:51:17.490 2324 [restartedMain] DEBUG o.s.b.f.s.DefaultListableBeanFactory - Creating shared instance of singleton bean 'org.springframework.boot.autoconfigure.jackson.JacksonAutoConfiguration$ParameterNamesModuleConfiguration'
2020-07-15 19:51:17.490 2324 [restartedMain] TRACE o.s.b.f.s.DefaultListableBeanFactory - Creating instance of bean 'org.springframework.boot.autoconfigure.jackson.JacksonAutoConfiguration$ParameterNamesModuleConfiguration'
2020-07-15 19:51:17.490 2324 [restartedMain] TRACE o.s.b.f.s.DefaultListableBeanFactory - Eagerly caching bean 'org.springframework.boot.autoconfigure.jackson.JacksonAutoConfiguration$ParameterNamesModuleConfiguration' to allow for resolving potential circular references
2020-07-15 19:51:17.490 2324 [restartedMain] TRACE o.s.b.f.s.DefaultListableBeanFactory - Finished creating instance of bean 'org.springframework.boot.autoconfigure.jackson.JacksonAutoConfiguration$ParameterNamesModuleConfiguration'
2020-07-15 19:51:17.493 2327 [restartedMain] TRACE o.s.b.f.s.DefaultListableBeanFactory - Eagerly caching bean 'parameterNamesModule' to allow for resolving potential circular references
2020-07-15 19:51:17.493 2327 [restartedMain] TRACE o.s.b.f.s.DefaultListableBeanFactory - Finished creating instance of bean 'parameterNamesModule'
2020-07-15 19:51:17.493 2327 [restartedMain] DEBUG o.s.b.f.s.DefaultListableBeanFactory - Creating shared instance of singleton bean 'jsonComponentModule'
2020-07-15 19:51:17.493 2327 [restartedMain] TRACE o.s.b.f.s.DefaultListableBeanFactory - Creating instance of bean 'jsonComponentModule'
2020-07-15 19:51:17.493 2327 [restartedMain] DEBUG o.s.b.f.s.DefaultListableBeanFactory - Creating shared instance of singleton bean 'org.springframework.boot.autoconfigure.jackson.JacksonAutoConfiguration'
2020-07-15 19:51:17.493 2327 [restartedMain] TRACE o.s.b.f.s.DefaultListableBeanFactory - Creating instance of bean 'org.springframework.boot.autoconfigure.jackson.JacksonAutoConfiguration'
2020-07-15 19:51:17.493 2327 [restartedMain] TRACE o.s.b.f.s.DefaultListableBeanFactory - Eagerly caching bean 'org.springframework.boot.autoconfigure.jackson.JacksonAutoConfiguration' to allow for resolving potential circular references
2020-07-15 19:51:17.493 2327 [restartedMain] TRACE o.s.b.f.s.DefaultListableBeanFactory - Finished creating instance of bean 'org.springframework.boot.autoconfigure.jackson.JacksonAutoConfiguration'
2020-07-15 19:51:17.494 2328 [restartedMain] TRACE o.s.c.a.CommonAnnotationBeanPostProcessor - Found init method on class [org.springframework.boot.jackson.JsonComponentModule]: public void org.springframework.boot.jackson.JsonComponentModule.registerJsonComponents()
2020-07-15 19:51:17.495 2329 [restartedMain] TRACE o.s.c.a.CommonAnnotationBeanPostProcessor - Registered init method on class [org.springframework.boot.jackson.JsonComponentModule]: org.springframework.beans.factory.annotation.InitDestroyAnnotationBeanPostProcessor$LifecycleElement@65126ba1
2020-07-15 19:51:17.495 2329 [restartedMain] TRACE o.s.b.f.s.DefaultListableBeanFactory - Eagerly caching bean 'jsonComponentModule' to allow for resolving potential circular references
2020-07-15 19:51:17.495 2329 [restartedMain] TRACE o.s.c.a.CommonAnnotationBeanPostProcessor - Invoking init method on bean 'jsonComponentModule': public void org.springframework.boot.jackson.JsonComponentModule.registerJsonComponents()
2020-07-15 19:51:17.497 2331 [restartedMain] TRACE o.s.b.f.s.DefaultListableBeanFactory - Finished creating instance of bean 'jsonComponentModule'
2020-07-15 19:51:17.498 2332 [restartedMain] TRACE o.s.b.f.s.DefaultListableBeanFactory - Finished creating instance of bean 'jacksonObjectMapperBuilder'
2020-07-15 19:51:17.498 2332 [restartedMain] DEBUG o.s.b.f.s.DefaultListableBeanFactory - Autowiring by type from bean name 'jacksonObjectMapper' via factory method to bean named 'jacksonObjectMapperBuilder'
2020-07-15 19:51:17.508 2342 [restartedMain] TRACE o.s.b.f.s.DefaultListableBeanFactory - Eagerly caching bean 'jacksonObjectMapper' to allow for resolving potential circular references
2020-07-15 19:51:17.508 2342 [restartedMain] TRACE o.s.b.f.s.DefaultListableBeanFactory - Finished creating instance of bean 'jacksonObjectMapper'
2020-07-15 19:51:17.508 2342 [restartedMain] DEBUG o.s.b.f.s.DefaultListableBeanFactory - Autowiring by type from bean name 'mappingJackson2HttpMessageConverter' via factory method to bean named 'jacksonObjectMapper'
2020-07-15 19:51:17.509 2343 [restartedMain] TRACE o.s.b.f.s.DefaultListableBeanFactory - Eagerly caching bean 'mappingJackson2HttpMessageConverter' to allow for resolving potential circular references
2020-07-15 19:51:17.509 2343 [restartedMain] TRACE o.s.b.f.s.DefaultListableBeanFactory - Finished creating instance of bean 'mappingJackson2HttpMessageConverter'
2020-07-15 19:51:17.509 2343 [restartedMain] TRACE o.s.b.f.s.DefaultListableBeanFactory - Returning cached instance of singleton bean 'stringHttpMessageConverter'
2020-07-15 19:51:17.509 2343 [restartedMain] TRACE o.s.b.f.s.DefaultListableBeanFactory - Returning cached instance of singleton bean 'mappingJackson2HttpMessageConverter'
2020-07-15 19:51:17.513 2347 [restartedMain] TRACE o.s.b.f.s.DefaultListableBeanFactory - Eagerly caching bean 'messageConverters' to allow for resolving potential circular references
2020-07-15 19:51:17.513 2347 [restartedMain] TRACE o.s.b.f.s.DefaultListableBeanFactory - Finished creating instance of bean 'messageConverters'
2020-07-15 19:51:17.516 2350 [restartedMain] DEBUG o.s.b.f.s.DefaultListableBeanFactory - Creating shared instance of singleton bean 'applicationTaskExecutor'
2020-07-15 19:51:17.516 2350 [restartedMain] TRACE o.s.b.f.s.DefaultListableBeanFactory - Creating instance of bean 'applicationTaskExecutor'
2020-07-15 19:51:17.516 2350 [restartedMain] TRACE o.s.b.f.s.DefaultListableBeanFactory - Returning cached instance of singleton bean 'org.springframework.boot.autoconfigure.task.TaskExecutionAutoConfiguration'
2020-07-15 19:51:17.516 2350 [restartedMain] TRACE o.s.b.f.s.DefaultListableBeanFactory - Returning cached instance of singleton bean 'taskExecutorBuilder'
2020-07-15 19:51:17.516 2350 [restartedMain] DEBUG o.s.b.f.s.DefaultListableBeanFactory - Autowiring by type from bean name 'applicationTaskExecutor' via factory method to bean named 'taskExecutorBuilder'
2020-07-15 19:51:17.520 2354 [restartedMain] TRACE o.s.b.f.s.DefaultListableBeanFactory - Eagerly caching bean 'applicationTaskExecutor' to allow for resolving potential circular references
2020-07-15 19:51:17.520 2354 [restartedMain] TRACE o.s.b.f.s.DefaultListableBeanFactory - Invoking afterPropertiesSet() on bean with name 'applicationTaskExecutor'
2020-07-15 19:51:17.520 2354 [restartedMain] INFO  o.s.s.c.ThreadPoolTaskExecutor - Initializing ExecutorService 'applicationTaskExecutor'
2020-07-15 19:51:17.520 2354 [restartedMain] TRACE o.s.b.f.s.DefaultListableBeanFactory - Finished creating instance of bean 'applicationTaskExecutor'
2020-07-15 19:51:17.524 2358 [restartedMain] TRACE o.s.b.f.s.DefaultListableBeanFactory - Eagerly caching bean 'requestMappingHandlerAdapter' to allow for resolving potential circular references
2020-07-15 19:51:17.524 2358 [restartedMain] TRACE o.s.b.f.s.DefaultListableBeanFactory - Invoking afterPropertiesSet() on bean with name 'requestMappingHandlerAdapter'
2020-07-15 19:51:17.527 2361 [restartedMain] DEBUG o.s.w.s.m.m.a.RequestMappingHandlerAdapter - ControllerAdvice beans: 0 @ModelAttribute, 0 @InitBinder, 1 RequestBodyAdvice, 1 ResponseBodyAdvice
2020-07-15 19:51:17.548 2382 [restartedMain] TRACE o.s.b.f.s.DefaultListableBeanFactory - Finished creating instance of bean 'requestMappingHandlerAdapter'
2020-07-15 19:51:17.548 2382 [restartedMain] DEBUG o.s.b.f.s.DefaultListableBeanFactory - Creating shared instance of singleton bean 'requestMappingHandlerMapping'
2020-07-15 19:51:17.548 2382 [restartedMain] TRACE o.s.b.f.s.DefaultListableBeanFactory - Creating instance of bean 'requestMappingHandlerMapping'
2020-07-15 19:51:17.548 2382 [restartedMain] TRACE o.s.b.f.s.DefaultListableBeanFactory - Returning cached instance of singleton bean 'org.springframework.boot.autoconfigure.web.servlet.WebMvcAutoConfiguration$EnableWebMvcConfiguration'
2020-07-15 19:51:17.549 2383 [restartedMain] TRACE o.s.b.f.s.DefaultListableBeanFactory - Returning cached instance of singleton bean 'mvcContentNegotiationManager'
2020-07-15 19:51:17.549 2383 [restartedMain] TRACE o.s.b.f.s.DefaultListableBeanFactory - Returning cached instance of singleton bean 'mvcConversionService'
2020-07-15 19:51:17.549 2383 [restartedMain] DEBUG o.s.b.f.s.DefaultListableBeanFactory - Creating shared instance of singleton bean 'mvcResourceUrlProvider'
2020-07-15 19:51:17.549 2383 [restartedMain] TRACE o.s.b.f.s.DefaultListableBeanFactory - Creating instance of bean 'mvcResourceUrlProvider'
2020-07-15 19:51:17.549 2383 [restartedMain] TRACE o.s.b.f.s.DefaultListableBeanFactory - Returning cached instance of singleton bean 'org.springframework.boot.autoconfigure.web.servlet.WebMvcAutoConfiguration$EnableWebMvcConfiguration'
2020-07-15 19:51:17.550 2384 [restartedMain] TRACE o.s.b.f.s.DefaultListableBeanFactory - Eagerly caching bean 'mvcResourceUrlProvider' to allow for resolving potential circular references
2020-07-15 19:51:17.550 2384 [restartedMain] TRACE o.s.b.f.s.DefaultListableBeanFactory - Finished creating instance of bean 'mvcResourceUrlProvider'
2020-07-15 19:51:17.550 2384 [restartedMain] DEBUG o.s.b.f.s.DefaultListableBeanFactory - Autowiring by type from bean name 'requestMappingHandlerMapping' via factory method to bean named 'mvcContentNegotiationManager'
2020-07-15 19:51:17.550 2384 [restartedMain] DEBUG o.s.b.f.s.DefaultListableBeanFactory - Autowiring by type from bean name 'requestMappingHandlerMapping' via factory method to bean named 'mvcConversionService'
2020-07-15 19:51:17.550 2384 [restartedMain] DEBUG o.s.b.f.s.DefaultListableBeanFactory - Autowiring by type from bean name 'requestMappingHandlerMapping' via factory method to bean named 'mvcResourceUrlProvider'
2020-07-15 19:51:17.551 2385 [restartedMain] TRACE o.s.b.f.s.DefaultListableBeanFactory - Returning cached instance of singleton bean 'mvcContentNegotiationManager'
2020-07-15 19:51:17.551 2385 [restartedMain] TRACE o.s.b.f.s.DefaultListableBeanFactory - Returning cached instance of singleton bean 'mvcConversionService'
2020-07-15 19:51:17.551 2385 [restartedMain] TRACE o.s.b.f.s.DefaultListableBeanFactory - Returning cached instance of singleton bean 'mvcResourceUrlProvider'
2020-07-15 19:51:17.551 2385 [restartedMain] DEBUG o.s.b.f.s.DefaultListableBeanFactory - Autowiring by type from bean name 'requestMappingHandlerMapping' via factory method to bean named 'mvcContentNegotiationManager'
2020-07-15 19:51:17.551 2385 [restartedMain] DEBUG o.s.b.f.s.DefaultListableBeanFactory - Autowiring by type from bean name 'requestMappingHandlerMapping' via factory method to bean named 'mvcConversionService'
2020-07-15 19:51:17.551 2385 [restartedMain] DEBUG o.s.b.f.s.DefaultListableBeanFactory - Autowiring by type from bean name 'requestMappingHandlerMapping' via factory method to bean named 'mvcResourceUrlProvider'
2020-07-15 19:51:17.563 2397 [restartedMain] TRACE o.s.b.f.s.DefaultListableBeanFactory - Eagerly caching bean 'requestMappingHandlerMapping' to allow for resolving potential circular references
2020-07-15 19:51:17.564 2398 [restartedMain] TRACE o.s.b.f.s.DefaultListableBeanFactory - Invoking afterPropertiesSet() on bean with name 'requestMappingHandlerMapping'
2020-07-15 19:51:17.576 2410 [restartedMain] TRACE o.s.w.s.m.m.a.RequestMappingHandlerMapping - 
	C.G.A.AdminConfigController:
	{GET /admin/config}: displayAdminConfig(Model)
	{POST /admin/config/update}: updateAdminConfig(String,String)
	{POST /admin/config/add}: addAdminConfig(String,String)
	{POST /admin/config/delete}: deleteAdminConfig(String)
2020-07-15 19:51:17.578 2412 [restartedMain] TRACE o.s.w.s.m.m.a.RequestMappingHandlerMapping - 
	C.G.C.CourseAdminController:
	{POST /admin/assigninstructor}: assignInstructorToCourse(List,long)
	{GET /admin/assigninstructor}: assignInstructor(Model,long)
	{GET /admin/deletecourse}: deleteCourse(long)
	{POST /admin/createcourse}: createCourse(String)
	{GET /admin/course}: course(Model)
2020-07-15 19:51:17.579 2413 [restartedMain] TRACE o.s.w.s.m.m.a.RequestMappingHandlerMapping - 
	C.G.C.CourseController:
	{GET /course/course}: course(Model,long)
2020-07-15 19:51:17.581 2415 [restartedMain] TRACE o.s.w.s.m.m.a.RequestMappingHandlerMapping - 
	C.G.C.InstructorAdminController:
	{ /course/uploadcsv, consumes [multipart/form-data]}: upload(MultipartFile,long)
	{GET /course/instructoradmin}: instructorAdmin(Model,long)
	{GET /course/instructoradminresults}: instructorAdmin(Model,long,List,List,boolean)
	{GET /course/enrollta}: enrollTA(Model,long)
2020-07-15 19:51:17.583 2417 [restartedMain] TRACE o.s.w.s.m.m.a.RequestMappingHandlerMapping - 
	C.G.E.ErrorController:
	{GET /error}: error(Model)
2020-07-15 19:51:17.584 2418 [restartedMain] TRACE o.s.w.s.m.m.a.RequestMappingHandlerMapping - 
	C.G.Q.QuestionController:
	{ /instructor/questions/dateSort}: getAllUserQuestionsSortedDate(Long,Model)
	{POST /question/more-option}: addOptionToQuestion(Model,Question,String,String)
	{ /instructor/questions}: getAllUserQuestions(Long,Model)
	{POST /question/prototype/{isMcqPrototype}}: displayQuestionPrototype(Model,Question,Integer)
	{ /instructor/questions/titleSort}: getAllUserQuestionsSortedTitle(Long,Model)
	{POST /instructor/deletequestion}: deleteQuestion(Long,Long,RedirectAttributes)
	{POST /question/create}: createQuestion(Model,Question,RedirectAttributes)
	{GET /instructor/{id}/question/create}: createQuestion(Model,Long)
2020-07-15 19:51:17.585 2419 [restartedMain] TRACE o.s.w.s.m.m.a.RequestMappingHandlerMapping - 
	C.G.S.LoginController:
	{GET /login}: login(Model)
	{GET /login-error}: loginError(Model)
2020-07-15 19:51:17.585 2419 [restartedMain] TRACE o.s.w.s.m.m.a.RequestMappingHandlerMapping - 
	C.G.S.SignupController:
	{GET /signup}: displaySignup(Model)
	{POST /signup}: processSignup(String,String,String,String,String,String)
2020-07-15 19:51:17.587 2421 [restartedMain] TRACE o.s.w.s.m.m.a.RequestMappingHandlerMapping - 
	C.G.S.SurveyController:
	{GET /instructor/survey/addquestions}: addQuestionsToSurvey(Long,Long,Long,Model)
	{GET /student/survey/questions}: displaySurveyQuestionToStudent(Long,Model)
	{ /instructor/survey}: surveyManagementPage(Long,Long,Model)
	{ /student/survey/submit}: submitSurvey(Survey,Long,String)
	{POST /instructor/survey/deletequestion}: deleteQuestions(Long,Long,Long,Long,ModelMap)
	{POST /instructor/survey/addquestions}: addQuestions(Long,Long,Long,Long,Model)
	{GET /instructor/survey/publish}: publishSurvey(Long,Long,Long,ModelMap,RedirectAttributes)
	{GET /instructor/survey/unpublish}: unpublishSurvey(Long,Long,Long,ModelMap,RedirectAttributes)
2020-07-15 19:51:17.588 2422 [restartedMain] TRACE o.s.w.s.m.m.a.RequestMappingHandlerMapping - 
	C.G.W.IndexController:
	{GET /}: greeting(Model)
2020-07-15 19:51:17.588 2422 [restartedMain] TRACE o.s.c.e.PropertySourcesPropertyResolver - Searching for key 'error.path:/error' in PropertySource 'environmentProperties'
2020-07-15 19:51:17.588 2422 [restartedMain] TRACE o.s.c.e.PropertySourcesPropertyResolver - Searching for key 'error.path:/error' in PropertySource 'configurationProperties'
2020-07-15 19:51:17.588 2422 [restartedMain] TRACE o.s.c.e.PropertySourcesPropertyResolver - Searching for key 'error.path:/error' in PropertySource 'servletConfigInitParams'
2020-07-15 19:51:17.588 2422 [restartedMain] TRACE o.s.c.e.PropertySourcesPropertyResolver - Searching for key 'error.path:/error' in PropertySource 'servletContextInitParams'
2020-07-15 19:51:17.588 2422 [restartedMain] TRACE o.s.c.e.PropertySourcesPropertyResolver - Searching for key 'error.path:/error' in PropertySource 'systemProperties'
2020-07-15 19:51:17.588 2422 [restartedMain] TRACE o.s.c.e.PropertySourcesPropertyResolver - Searching for key 'error.path:/error' in PropertySource 'systemEnvironment'
2020-07-15 19:51:17.588 2422 [restartedMain] TRACE o.s.c.e.PropertySourcesPropertyResolver - Searching for key 'error.path:/error' in PropertySource 'random'
2020-07-15 19:51:17.588 2422 [restartedMain] TRACE o.s.c.e.PropertySourcesPropertyResolver - Searching for key 'error.path:/error' in PropertySource 'devtools'
2020-07-15 19:51:17.588 2422 [restartedMain] TRACE o.s.c.e.PropertySourcesPropertyResolver - Could not find key 'error.path:/error' in any property source
2020-07-15 19:51:17.588 2422 [restartedMain] TRACE o.s.c.e.PropertySourcesPropertyResolver - Searching for key 'error.path:/error' in PropertySource 'localProperties'
2020-07-15 19:51:17.588 2422 [restartedMain] TRACE o.s.c.e.PropertySourcesPropertyResolver - Could not find key 'error.path:/error' in any property source
2020-07-15 19:51:17.588 2422 [restartedMain] TRACE o.s.c.e.PropertySourcesPropertyResolver - Searching for key 'error.path' in PropertySource 'environmentProperties'
2020-07-15 19:51:17.588 2422 [restartedMain] TRACE o.s.c.e.PropertySourcesPropertyResolver - Searching for key 'error.path' in PropertySource 'configurationProperties'
2020-07-15 19:51:17.589 2423 [restartedMain] TRACE o.s.c.e.PropertySourcesPropertyResolver - Searching for key 'error.path' in PropertySource 'servletConfigInitParams'
2020-07-15 19:51:17.589 2423 [restartedMain] TRACE o.s.c.e.PropertySourcesPropertyResolver - Searching for key 'error.path' in PropertySource 'servletContextInitParams'
2020-07-15 19:51:17.589 2423 [restartedMain] TRACE o.s.c.e.PropertySourcesPropertyResolver - Searching for key 'error.path' in PropertySource 'systemProperties'
2020-07-15 19:51:17.589 2423 [restartedMain] TRACE o.s.c.e.PropertySourcesPropertyResolver - Searching for key 'error.path' in PropertySource 'systemEnvironment'
2020-07-15 19:51:17.589 2423 [restartedMain] TRACE o.s.c.e.PropertySourcesPropertyResolver - Searching for key 'error.path' in PropertySource 'random'
2020-07-15 19:51:17.589 2423 [restartedMain] TRACE o.s.c.e.PropertySourcesPropertyResolver - Searching for key 'error.path' in PropertySource 'devtools'
2020-07-15 19:51:17.589 2423 [restartedMain] TRACE o.s.c.e.PropertySourcesPropertyResolver - Could not find key 'error.path' in any property source
2020-07-15 19:51:17.589 2423 [restartedMain] TRACE o.s.c.e.PropertySourcesPropertyResolver - Searching for key 'error.path' in PropertySource 'localProperties'
2020-07-15 19:51:17.589 2423 [restartedMain] TRACE o.s.c.e.PropertySourcesPropertyResolver - Could not find key 'error.path' in any property source
2020-07-15 19:51:17.589 2423 [restartedMain] TRACE o.s.util.PropertyPlaceholderHelper - Resolved placeholder 'error.path:/error'
2020-07-15 19:51:17.589 2423 [restartedMain] TRACE o.s.c.e.PropertySourcesPropertyResolver - Searching for key 'server.error.path:/error' in PropertySource 'environmentProperties'
2020-07-15 19:51:17.589 2423 [restartedMain] TRACE o.s.c.e.PropertySourcesPropertyResolver - Searching for key 'server.error.path:/error' in PropertySource 'configurationProperties'
2020-07-15 19:51:17.589 2423 [restartedMain] TRACE o.s.c.e.PropertySourcesPropertyResolver - Searching for key 'server.error.path:/error' in PropertySource 'servletConfigInitParams'
2020-07-15 19:51:17.589 2423 [restartedMain] TRACE o.s.c.e.PropertySourcesPropertyResolver - Searching for key 'server.error.path:/error' in PropertySource 'servletContextInitParams'
2020-07-15 19:51:17.589 2423 [restartedMain] TRACE o.s.c.e.PropertySourcesPropertyResolver - Searching for key 'server.error.path:/error' in PropertySource 'systemProperties'
2020-07-15 19:51:17.589 2423 [restartedMain] TRACE o.s.c.e.PropertySourcesPropertyResolver - Searching for key 'server.error.path:/error' in PropertySource 'systemEnvironment'
2020-07-15 19:51:17.589 2423 [restartedMain] TRACE o.s.c.e.PropertySourcesPropertyResolver - Searching for key 'server.error.path:/error' in PropertySource 'random'
2020-07-15 19:51:17.589 2423 [restartedMain] TRACE o.s.c.e.PropertySourcesPropertyResolver - Searching for key 'server.error.path:/error' in PropertySource 'devtools'
2020-07-15 19:51:17.589 2423 [restartedMain] TRACE o.s.c.e.PropertySourcesPropertyResolver - Could not find key 'server.error.path:/error' in any property source
2020-07-15 19:51:17.589 2423 [restartedMain] TRACE o.s.c.e.PropertySourcesPropertyResolver - Searching for key 'server.error.path:/error' in PropertySource 'localProperties'
2020-07-15 19:51:17.589 2423 [restartedMain] TRACE o.s.c.e.PropertySourcesPropertyResolver - Could not find key 'server.error.path:/error' in any property source
2020-07-15 19:51:17.589 2423 [restartedMain] TRACE o.s.c.e.PropertySourcesPropertyResolver - Searching for key 'server.error.path' in PropertySource 'environmentProperties'
2020-07-15 19:51:17.589 2423 [restartedMain] TRACE o.s.c.e.PropertySourcesPropertyResolver - Searching for key 'server.error.path' in PropertySource 'configurationProperties'
2020-07-15 19:51:17.589 2423 [restartedMain] TRACE o.s.c.e.PropertySourcesPropertyResolver - Searching for key 'server.error.path' in PropertySource 'servletConfigInitParams'
2020-07-15 19:51:17.589 2423 [restartedMain] TRACE o.s.c.e.PropertySourcesPropertyResolver - Searching for key 'server.error.path' in PropertySource 'servletContextInitParams'
2020-07-15 19:51:17.589 2423 [restartedMain] TRACE o.s.c.e.PropertySourcesPropertyResolver - Searching for key 'server.error.path' in PropertySource 'systemProperties'
2020-07-15 19:51:17.589 2423 [restartedMain] TRACE o.s.c.e.PropertySourcesPropertyResolver - Searching for key 'server.error.path' in PropertySource 'systemEnvironment'
2020-07-15 19:51:17.589 2423 [restartedMain] TRACE o.s.c.e.PropertySourcesPropertyResolver - Searching for key 'server.error.path' in PropertySource 'random'
2020-07-15 19:51:17.589 2423 [restartedMain] TRACE o.s.c.e.PropertySourcesPropertyResolver - Searching for key 'server.error.path' in PropertySource 'devtools'
2020-07-15 19:51:17.589 2423 [restartedMain] TRACE o.s.c.e.PropertySourcesPropertyResolver - Could not find key 'server.error.path' in any property source
2020-07-15 19:51:17.589 2423 [restartedMain] TRACE o.s.c.e.PropertySourcesPropertyResolver - Searching for key 'server.error.path' in PropertySource 'localProperties'
2020-07-15 19:51:17.589 2423 [restartedMain] TRACE o.s.c.e.PropertySourcesPropertyResolver - Could not find key 'server.error.path' in any property source
2020-07-15 19:51:17.589 2423 [restartedMain] TRACE o.s.util.PropertyPlaceholderHelper - Resolved placeholder 'server.error.path:/error'
2020-07-15 19:51:17.590 2424 [restartedMain] TRACE o.s.c.e.PropertySourcesPropertyResolver - Searching for key 'error.path:/error' in PropertySource 'environmentProperties'
2020-07-15 19:51:17.590 2424 [restartedMain] TRACE o.s.c.e.PropertySourcesPropertyResolver - Searching for key 'error.path:/error' in PropertySource 'configurationProperties'
2020-07-15 19:51:17.590 2424 [restartedMain] TRACE o.s.c.e.PropertySourcesPropertyResolver - Searching for key 'error.path:/error' in PropertySource 'servletConfigInitParams'
2020-07-15 19:51:17.590 2424 [restartedMain] TRACE o.s.c.e.PropertySourcesPropertyResolver - Searching for key 'error.path:/error' in PropertySource 'servletContextInitParams'
2020-07-15 19:51:17.590 2424 [restartedMain] TRACE o.s.c.e.PropertySourcesPropertyResolver - Searching for key 'error.path:/error' in PropertySource 'systemProperties'
2020-07-15 19:51:17.590 2424 [restartedMain] TRACE o.s.c.e.PropertySourcesPropertyResolver - Searching for key 'error.path:/error' in PropertySource 'systemEnvironment'
2020-07-15 19:51:17.590 2424 [restartedMain] TRACE o.s.c.e.PropertySourcesPropertyResolver - Searching for key 'error.path:/error' in PropertySource 'random'
2020-07-15 19:51:17.590 2424 [restartedMain] TRACE o.s.c.e.PropertySourcesPropertyResolver - Searching for key 'error.path:/error' in PropertySource 'devtools'
2020-07-15 19:51:17.590 2424 [restartedMain] TRACE o.s.c.e.PropertySourcesPropertyResolver - Could not find key 'error.path:/error' in any property source
2020-07-15 19:51:17.590 2424 [restartedMain] TRACE o.s.c.e.PropertySourcesPropertyResolver - Searching for key 'error.path:/error' in PropertySource 'localProperties'
2020-07-15 19:51:17.590 2424 [restartedMain] TRACE o.s.c.e.PropertySourcesPropertyResolver - Could not find key 'error.path:/error' in any property source
2020-07-15 19:51:17.590 2424 [restartedMain] TRACE o.s.c.e.PropertySourcesPropertyResolver - Searching for key 'error.path' in PropertySource 'environmentProperties'
2020-07-15 19:51:17.590 2424 [restartedMain] TRACE o.s.c.e.PropertySourcesPropertyResolver - Searching for key 'error.path' in PropertySource 'configurationProperties'
2020-07-15 19:51:17.590 2424 [restartedMain] TRACE o.s.c.e.PropertySourcesPropertyResolver - Searching for key 'error.path' in PropertySource 'servletConfigInitParams'
2020-07-15 19:51:17.590 2424 [restartedMain] TRACE o.s.c.e.PropertySourcesPropertyResolver - Searching for key 'error.path' in PropertySource 'servletContextInitParams'
2020-07-15 19:51:17.590 2424 [restartedMain] TRACE o.s.c.e.PropertySourcesPropertyResolver - Searching for key 'error.path' in PropertySource 'systemProperties'
2020-07-15 19:51:17.590 2424 [restartedMain] TRACE o.s.c.e.PropertySourcesPropertyResolver - Searching for key 'error.path' in PropertySource 'systemEnvironment'
2020-07-15 19:51:17.590 2424 [restartedMain] TRACE o.s.c.e.PropertySourcesPropertyResolver - Searching for key 'error.path' in PropertySource 'random'
2020-07-15 19:51:17.590 2424 [restartedMain] TRACE o.s.c.e.PropertySourcesPropertyResolver - Searching for key 'error.path' in PropertySource 'devtools'
2020-07-15 19:51:17.590 2424 [restartedMain] TRACE o.s.c.e.PropertySourcesPropertyResolver - Could not find key 'error.path' in any property source
2020-07-15 19:51:17.590 2424 [restartedMain] TRACE o.s.c.e.PropertySourcesPropertyResolver - Searching for key 'error.path' in PropertySource 'localProperties'
2020-07-15 19:51:17.590 2424 [restartedMain] TRACE o.s.c.e.PropertySourcesPropertyResolver - Could not find key 'error.path' in any property source
2020-07-15 19:51:17.590 2424 [restartedMain] TRACE o.s.util.PropertyPlaceholderHelper - Resolved placeholder 'error.path:/error'
2020-07-15 19:51:17.590 2424 [restartedMain] TRACE o.s.c.e.PropertySourcesPropertyResolver - Searching for key 'server.error.path:/error' in PropertySource 'environmentProperties'
2020-07-15 19:51:17.590 2424 [restartedMain] TRACE o.s.c.e.PropertySourcesPropertyResolver - Searching for key 'server.error.path:/error' in PropertySource 'configurationProperties'
2020-07-15 19:51:17.590 2424 [restartedMain] TRACE o.s.c.e.PropertySourcesPropertyResolver - Searching for key 'server.error.path:/error' in PropertySource 'servletConfigInitParams'
2020-07-15 19:51:17.590 2424 [restartedMain] TRACE o.s.c.e.PropertySourcesPropertyResolver - Searching for key 'server.error.path:/error' in PropertySource 'servletContextInitParams'
2020-07-15 19:51:17.590 2424 [restartedMain] TRACE o.s.c.e.PropertySourcesPropertyResolver - Searching for key 'server.error.path:/error' in PropertySource 'systemProperties'
2020-07-15 19:51:17.590 2424 [restartedMain] TRACE o.s.c.e.PropertySourcesPropertyResolver - Searching for key 'server.error.path:/error' in PropertySource 'systemEnvironment'
2020-07-15 19:51:17.590 2424 [restartedMain] TRACE o.s.c.e.PropertySourcesPropertyResolver - Searching for key 'server.error.path:/error' in PropertySource 'random'
2020-07-15 19:51:17.590 2424 [restartedMain] TRACE o.s.c.e.PropertySourcesPropertyResolver - Searching for key 'server.error.path:/error' in PropertySource 'devtools'
2020-07-15 19:51:17.590 2424 [restartedMain] TRACE o.s.c.e.PropertySourcesPropertyResolver - Could not find key 'server.error.path:/error' in any property source
2020-07-15 19:51:17.590 2424 [restartedMain] TRACE o.s.c.e.PropertySourcesPropertyResolver - Searching for key 'server.error.path:/error' in PropertySource 'localProperties'
2020-07-15 19:51:17.590 2424 [restartedMain] TRACE o.s.c.e.PropertySourcesPropertyResolver - Could not find key 'server.error.path:/error' in any property source
2020-07-15 19:51:17.590 2424 [restartedMain] TRACE o.s.c.e.PropertySourcesPropertyResolver - Searching for key 'server.error.path' in PropertySource 'environmentProperties'
2020-07-15 19:51:17.590 2424 [restartedMain] TRACE o.s.c.e.PropertySourcesPropertyResolver - Searching for key 'server.error.path' in PropertySource 'configurationProperties'
2020-07-15 19:51:17.590 2424 [restartedMain] TRACE o.s.c.e.PropertySourcesPropertyResolver - Searching for key 'server.error.path' in PropertySource 'servletConfigInitParams'
2020-07-15 19:51:17.590 2424 [restartedMain] TRACE o.s.c.e.PropertySourcesPropertyResolver - Searching for key 'server.error.path' in PropertySource 'servletContextInitParams'
2020-07-15 19:51:17.590 2424 [restartedMain] TRACE o.s.c.e.PropertySourcesPropertyResolver - Searching for key 'server.error.path' in PropertySource 'systemProperties'
2020-07-15 19:51:17.590 2424 [restartedMain] TRACE o.s.c.e.PropertySourcesPropertyResolver - Searching for key 'server.error.path' in PropertySource 'systemEnvironment'
2020-07-15 19:51:17.590 2424 [restartedMain] TRACE o.s.c.e.PropertySourcesPropertyResolver - Searching for key 'server.error.path' in PropertySource 'random'
2020-07-15 19:51:17.590 2424 [restartedMain] TRACE o.s.c.e.PropertySourcesPropertyResolver - Searching for key 'server.error.path' in PropertySource 'devtools'
2020-07-15 19:51:17.590 2424 [restartedMain] TRACE o.s.c.e.PropertySourcesPropertyResolver - Could not find key 'server.error.path' in any property source
2020-07-15 19:51:17.590 2424 [restartedMain] TRACE o.s.c.e.PropertySourcesPropertyResolver - Searching for key 'server.error.path' in PropertySource 'localProperties'
2020-07-15 19:51:17.590 2424 [restartedMain] TRACE o.s.c.e.PropertySourcesPropertyResolver - Could not find key 'server.error.path' in any property source
2020-07-15 19:51:17.590 2424 [restartedMain] TRACE o.s.util.PropertyPlaceholderHelper - Resolved placeholder 'server.error.path:/error'
2020-07-15 19:51:17.590 2424 [restartedMain] TRACE o.s.w.s.m.m.a.RequestMappingHandlerMapping - 
	o.s.b.a.w.s.e.BasicErrorController:
	{ /error, produces [text/html]}: errorHtml(HttpServletRequest,HttpServletResponse)
	{ /error}: error(HttpServletRequest)
2020-07-15 19:51:17.591 2425 [restartedMain] DEBUG o.s.w.s.m.m.a.RequestMappingHandlerMapping - 38 mappings in 'requestMappingHandlerMapping'
2020-07-15 19:51:17.591 2425 [restartedMain] TRACE o.s.b.f.s.DefaultListableBeanFactory - Finished creating instance of bean 'requestMappingHandlerMapping'
2020-07-15 19:51:17.591 2425 [restartedMain] DEBUG o.s.b.f.s.DefaultListableBeanFactory - Creating shared instance of singleton bean 'welcomePageHandlerMapping'
2020-07-15 19:51:17.591 2425 [restartedMain] TRACE o.s.b.f.s.DefaultListableBeanFactory - Creating instance of bean 'welcomePageHandlerMapping'
2020-07-15 19:51:17.591 2425 [restartedMain] TRACE o.s.b.f.s.DefaultListableBeanFactory - Returning cached instance of singleton bean 'org.springframework.boot.autoconfigure.web.servlet.WebMvcAutoConfiguration$EnableWebMvcConfiguration'
2020-07-15 19:51:17.592 2426 [restartedMain] TRACE o.s.b.f.s.DefaultListableBeanFactory - Returning cached instance of singleton bean 'mvcConversionService'
2020-07-15 19:51:17.592 2426 [restartedMain] TRACE o.s.b.f.s.DefaultListableBeanFactory - Returning cached instance of singleton bean 'mvcResourceUrlProvider'
2020-07-15 19:51:17.592 2426 [restartedMain] DEBUG o.s.b.f.s.DefaultListableBeanFactory - Autowiring by type from bean name 'welcomePageHandlerMapping' via factory method to bean named 'org.springframework.boot.web.servlet.context.AnnotationConfigServletWebServerApplicationContext@b7288ce'
2020-07-15 19:51:17.592 2426 [restartedMain] DEBUG o.s.b.f.s.DefaultListableBeanFactory - Autowiring by type from bean name 'welcomePageHandlerMapping' via factory method to bean named 'mvcConversionService'
2020-07-15 19:51:17.592 2426 [restartedMain] DEBUG o.s.b.f.s.DefaultListableBeanFactory - Autowiring by type from bean name 'welcomePageHandlerMapping' via factory method to bean named 'mvcResourceUrlProvider'
2020-07-15 19:51:17.592 2426 [restartedMain] TRACE o.s.c.i.s.SpringFactoriesLoader - Loaded [org.springframework.boot.autoconfigure.template.TemplateAvailabilityProvider] names: [org.springframework.boot.autoconfigure.freemarker.FreeMarkerTemplateAvailabilityProvider, org.springframework.boot.autoconfigure.mustache.MustacheTemplateAvailabilityProvider, org.springframework.boot.autoconfigure.groovy.template.GroovyTemplateAvailabilityProvider, org.springframework.boot.autoconfigure.thymeleaf.ThymeleafTemplateAvailabilityProvider, org.springframework.boot.autoconfigure.web.servlet.JspTemplateAvailabilityProvider]
2020-07-15 19:51:17.594 2428 [restartedMain] TRACE o.s.c.e.PropertySourcesPropertyResolver - Searching for key 'spring.template.provider.cache' in PropertySource 'configurationProperties'
2020-07-15 19:51:17.594 2428 [restartedMain] DEBUG o.s.c.e.PropertySourcesPropertyResolver - Found key 'spring.template.provider.cache' in PropertySource 'configurationProperties' with value of type String
2020-07-15 19:51:17.595 2429 [restartedMain] TRACE o.s.c.e.PropertySourcesPropertyResolver - Searching for key 'spring.thymeleaf.prefix' in PropertySource 'configurationProperties'
2020-07-15 19:51:17.595 2429 [restartedMain] TRACE o.s.c.e.PropertySourcesPropertyResolver - Searching for key 'spring.thymeleaf.prefix' in PropertySource 'servletConfigInitParams'
2020-07-15 19:51:17.595 2429 [restartedMain] TRACE o.s.c.e.PropertySourcesPropertyResolver - Searching for key 'spring.thymeleaf.prefix' in PropertySource 'servletContextInitParams'
2020-07-15 19:51:17.595 2429 [restartedMain] TRACE o.s.c.e.PropertySourcesPropertyResolver - Searching for key 'spring.thymeleaf.prefix' in PropertySource 'systemProperties'
2020-07-15 19:51:17.595 2429 [restartedMain] TRACE o.s.c.e.PropertySourcesPropertyResolver - Searching for key 'spring.thymeleaf.prefix' in PropertySource 'systemEnvironment'
2020-07-15 19:51:17.596 2430 [restartedMain] TRACE o.s.c.e.PropertySourcesPropertyResolver - Searching for key 'spring.thymeleaf.prefix' in PropertySource 'random'
2020-07-15 19:51:17.596 2430 [restartedMain] TRACE o.s.c.e.PropertySourcesPropertyResolver - Searching for key 'spring.thymeleaf.prefix' in PropertySource 'devtools'
2020-07-15 19:51:17.596 2430 [restartedMain] TRACE o.s.c.e.PropertySourcesPropertyResolver - Could not find key 'spring.thymeleaf.prefix' in any property source
2020-07-15 19:51:17.596 2430 [restartedMain] TRACE o.s.c.e.PropertySourcesPropertyResolver - Searching for key 'spring.thymeleaf.suffix' in PropertySource 'configurationProperties'
2020-07-15 19:51:17.596 2430 [restartedMain] TRACE o.s.c.e.PropertySourcesPropertyResolver - Searching for key 'spring.thymeleaf.suffix' in PropertySource 'servletConfigInitParams'
2020-07-15 19:51:17.596 2430 [restartedMain] TRACE o.s.c.e.PropertySourcesPropertyResolver - Searching for key 'spring.thymeleaf.suffix' in PropertySource 'servletContextInitParams'
2020-07-15 19:51:17.596 2430 [restartedMain] TRACE o.s.c.e.PropertySourcesPropertyResolver - Searching for key 'spring.thymeleaf.suffix' in PropertySource 'systemProperties'
2020-07-15 19:51:17.596 2430 [restartedMain] TRACE o.s.c.e.PropertySourcesPropertyResolver - Searching for key 'spring.thymeleaf.suffix' in PropertySource 'systemEnvironment'
2020-07-15 19:51:17.596 2430 [restartedMain] TRACE o.s.c.e.PropertySourcesPropertyResolver - Searching for key 'spring.thymeleaf.suffix' in PropertySource 'random'
2020-07-15 19:51:17.596 2430 [restartedMain] TRACE o.s.c.e.PropertySourcesPropertyResolver - Searching for key 'spring.thymeleaf.suffix' in PropertySource 'devtools'
2020-07-15 19:51:17.596 2430 [restartedMain] TRACE o.s.c.e.PropertySourcesPropertyResolver - Could not find key 'spring.thymeleaf.suffix' in any property source
2020-07-15 19:51:17.596 2430 [restartedMain] INFO  o.s.b.a.w.s.WelcomePageHandlerMapping - Adding welcome page template: index
2020-07-15 19:51:17.597 2431 [restartedMain] TRACE o.s.b.f.s.DefaultListableBeanFactory - Eagerly caching bean 'welcomePageHandlerMapping' to allow for resolving potential circular references
2020-07-15 19:51:17.597 2431 [restartedMain] TRACE o.s.b.f.s.DefaultListableBeanFactory - Finished creating instance of bean 'welcomePageHandlerMapping'
2020-07-15 19:51:17.597 2431 [restartedMain] TRACE o.s.b.f.s.DefaultListableBeanFactory - Returning cached instance of singleton bean 'mvcConversionService'
2020-07-15 19:51:17.597 2431 [restartedMain] TRACE o.s.b.f.s.DefaultListableBeanFactory - Returning cached instance of singleton bean 'mvcValidator'
2020-07-15 19:51:17.597 2431 [restartedMain] TRACE o.s.b.f.s.DefaultListableBeanFactory - Returning cached instance of singleton bean 'mvcContentNegotiationManager'
2020-07-15 19:51:17.597 2431 [restartedMain] DEBUG o.s.b.f.s.DefaultListableBeanFactory - Creating shared instance of singleton bean 'mvcPathMatcher'
2020-07-15 19:51:17.597 2431 [restartedMain] TRACE o.s.b.f.s.DefaultListableBeanFactory - Creating instance of bean 'mvcPathMatcher'
2020-07-15 19:51:17.598 2432 [restartedMain] TRACE o.s.b.f.s.DefaultListableBeanFactory - Returning cached instance of singleton bean 'org.springframework.boot.autoconfigure.web.servlet.WebMvcAutoConfiguration$EnableWebMvcConfiguration'
2020-07-15 19:51:17.598 2432 [restartedMain] TRACE o.s.b.f.s.DefaultListableBeanFactory - Eagerly caching bean 'mvcPathMatcher' to allow for resolving potential circular references
2020-07-15 19:51:17.598 2432 [restartedMain] TRACE o.s.b.f.s.DefaultListableBeanFactory - Finished creating instance of bean 'mvcPathMatcher'
2020-07-15 19:51:17.598 2432 [restartedMain] DEBUG o.s.b.f.s.DefaultListableBeanFactory - Creating shared instance of singleton bean 'mvcUrlPathHelper'
2020-07-15 19:51:17.598 2432 [restartedMain] TRACE o.s.b.f.s.DefaultListableBeanFactory - Creating instance of bean 'mvcUrlPathHelper'
2020-07-15 19:51:17.598 2432 [restartedMain] TRACE o.s.b.f.s.DefaultListableBeanFactory - Returning cached instance of singleton bean 'org.springframework.boot.autoconfigure.web.servlet.WebMvcAutoConfiguration$EnableWebMvcConfiguration'
2020-07-15 19:51:17.598 2432 [restartedMain] TRACE o.s.b.f.s.DefaultListableBeanFactory - Eagerly caching bean 'mvcUrlPathHelper' to allow for resolving potential circular references
2020-07-15 19:51:17.598 2432 [restartedMain] TRACE o.s.b.f.s.DefaultListableBeanFactory - Finished creating instance of bean 'mvcUrlPathHelper'
2020-07-15 19:51:17.598 2432 [restartedMain] DEBUG o.s.b.f.s.DefaultListableBeanFactory - Creating shared instance of singleton bean 'viewControllerHandlerMapping'
2020-07-15 19:51:17.598 2432 [restartedMain] TRACE o.s.b.f.s.DefaultListableBeanFactory - Creating instance of bean 'viewControllerHandlerMapping'
2020-07-15 19:51:17.598 2432 [restartedMain] TRACE o.s.b.f.s.DefaultListableBeanFactory - Returning cached instance of singleton bean 'org.springframework.boot.autoconfigure.web.servlet.WebMvcAutoConfiguration$EnableWebMvcConfiguration'
2020-07-15 19:51:17.599 2433 [restartedMain] TRACE o.s.b.f.s.DefaultListableBeanFactory - Returning cached instance of singleton bean 'mvcPathMatcher'
2020-07-15 19:51:17.599 2433 [restartedMain] TRACE o.s.b.f.s.DefaultListableBeanFactory - Returning cached instance of singleton bean 'mvcUrlPathHelper'
2020-07-15 19:51:17.599 2433 [restartedMain] TRACE o.s.b.f.s.DefaultListableBeanFactory - Returning cached instance of singleton bean 'mvcConversionService'
2020-07-15 19:51:17.600 2434 [restartedMain] TRACE o.s.b.f.s.DefaultListableBeanFactory - Returning cached instance of singleton bean 'mvcResourceUrlProvider'
2020-07-15 19:51:17.600 2434 [restartedMain] DEBUG o.s.b.f.s.DefaultListableBeanFactory - Autowiring by type from bean name 'viewControllerHandlerMapping' via factory method to bean named 'mvcPathMatcher'
2020-07-15 19:51:17.600 2434 [restartedMain] DEBUG o.s.b.f.s.DefaultListableBeanFactory - Autowiring by type from bean name 'viewControllerHandlerMapping' via factory method to bean named 'mvcUrlPathHelper'
2020-07-15 19:51:17.600 2434 [restartedMain] DEBUG o.s.b.f.s.DefaultListableBeanFactory - Autowiring by type from bean name 'viewControllerHandlerMapping' via factory method to bean named 'mvcConversionService'
2020-07-15 19:51:17.600 2434 [restartedMain] DEBUG o.s.b.f.s.DefaultListableBeanFactory - Autowiring by type from bean name 'viewControllerHandlerMapping' via factory method to bean named 'mvcResourceUrlProvider'
2020-07-15 19:51:17.600 2434 [restartedMain] TRACE o.s.b.f.s.DefaultListableBeanFactory - Eagerly caching bean 'viewControllerHandlerMapping' to allow for resolving potential circular references
2020-07-15 19:51:17.600 2434 [restartedMain] TRACE o.s.b.f.s.DefaultListableBeanFactory - Finished creating instance of bean 'viewControllerHandlerMapping'
2020-07-15 19:51:17.600 2434 [restartedMain] DEBUG o.s.b.f.s.DefaultListableBeanFactory - Creating shared instance of singleton bean 'beanNameHandlerMapping'
2020-07-15 19:51:17.600 2434 [restartedMain] TRACE o.s.b.f.s.DefaultListableBeanFactory - Creating instance of bean 'beanNameHandlerMapping'
2020-07-15 19:51:17.600 2434 [restartedMain] TRACE o.s.b.f.s.DefaultListableBeanFactory - Returning cached instance of singleton bean 'org.springframework.boot.autoconfigure.web.servlet.WebMvcAutoConfiguration$EnableWebMvcConfiguration'
2020-07-15 19:51:17.600 2434 [restartedMain] TRACE o.s.b.f.s.DefaultListableBeanFactory - Returning cached instance of singleton bean 'mvcConversionService'
2020-07-15 19:51:17.600 2434 [restartedMain] TRACE o.s.b.f.s.DefaultListableBeanFactory - Returning cached instance of singleton bean 'mvcResourceUrlProvider'
2020-07-15 19:51:17.600 2434 [restartedMain] DEBUG o.s.b.f.s.DefaultListableBeanFactory - Autowiring by type from bean name 'beanNameHandlerMapping' via factory method to bean named 'mvcConversionService'
2020-07-15 19:51:17.600 2434 [restartedMain] DEBUG o.s.b.f.s.DefaultListableBeanFactory - Autowiring by type from bean name 'beanNameHandlerMapping' via factory method to bean named 'mvcResourceUrlProvider'
2020-07-15 19:51:17.601 2435 [restartedMain] TRACE o.s.b.f.s.DefaultListableBeanFactory - Eagerly caching bean 'beanNameHandlerMapping' to allow for resolving potential circular references
2020-07-15 19:51:17.601 2435 [restartedMain] DEBUG o.s.w.s.h.BeanNameUrlHandlerMapping - Detected 0 mappings in 'beanNameHandlerMapping'
2020-07-15 19:51:17.602 2436 [restartedMain] TRACE o.s.b.f.s.DefaultListableBeanFactory - Finished creating instance of bean 'beanNameHandlerMapping'
2020-07-15 19:51:17.602 2436 [restartedMain] DEBUG o.s.b.f.s.DefaultListableBeanFactory - Creating shared instance of singleton bean 'routerFunctionMapping'
2020-07-15 19:51:17.602 2436 [restartedMain] TRACE o.s.b.f.s.DefaultListableBeanFactory - Creating instance of bean 'routerFunctionMapping'
2020-07-15 19:51:17.602 2436 [restartedMain] TRACE o.s.b.f.s.DefaultListableBeanFactory - Returning cached instance of singleton bean 'org.springframework.boot.autoconfigure.web.servlet.WebMvcAutoConfiguration$EnableWebMvcConfiguration'
2020-07-15 19:51:17.602 2436 [restartedMain] TRACE o.s.b.f.s.DefaultListableBeanFactory - Returning cached instance of singleton bean 'mvcConversionService'
2020-07-15 19:51:17.602 2436 [restartedMain] TRACE o.s.b.f.s.DefaultListableBeanFactory - Returning cached instance of singleton bean 'mvcResourceUrlProvider'
2020-07-15 19:51:17.602 2436 [restartedMain] DEBUG o.s.b.f.s.DefaultListableBeanFactory - Autowiring by type from bean name 'routerFunctionMapping' via factory method to bean named 'mvcConversionService'
2020-07-15 19:51:17.602 2436 [restartedMain] DEBUG o.s.b.f.s.DefaultListableBeanFactory - Autowiring by type from bean name 'routerFunctionMapping' via factory method to bean named 'mvcResourceUrlProvider'
2020-07-15 19:51:17.602 2436 [restartedMain] TRACE o.s.b.f.s.DefaultListableBeanFactory - Eagerly caching bean 'routerFunctionMapping' to allow for resolving potential circular references
2020-07-15 19:51:17.603 2437 [restartedMain] TRACE o.s.b.f.s.DefaultListableBeanFactory - Invoking afterPropertiesSet() on bean with name 'routerFunctionMapping'
2020-07-15 19:51:17.604 2438 [restartedMain] TRACE o.s.b.f.s.DefaultListableBeanFactory - Finished creating instance of bean 'routerFunctionMapping'
2020-07-15 19:51:17.604 2438 [restartedMain] DEBUG o.s.b.f.s.DefaultListableBeanFactory - Creating shared instance of singleton bean 'resourceHandlerMapping'
2020-07-15 19:51:17.604 2438 [restartedMain] TRACE o.s.b.f.s.DefaultListableBeanFactory - Creating instance of bean 'resourceHandlerMapping'
2020-07-15 19:51:17.604 2438 [restartedMain] TRACE o.s.b.f.s.DefaultListableBeanFactory - Returning cached instance of singleton bean 'org.springframework.boot.autoconfigure.web.servlet.WebMvcAutoConfiguration$EnableWebMvcConfiguration'
2020-07-15 19:51:17.604 2438 [restartedMain] TRACE o.s.b.f.s.DefaultListableBeanFactory - Returning cached instance of singleton bean 'mvcUrlPathHelper'
2020-07-15 19:51:17.604 2438 [restartedMain] TRACE o.s.b.f.s.DefaultListableBeanFactory - Returning cached instance of singleton bean 'mvcPathMatcher'
2020-07-15 19:51:17.604 2438 [restartedMain] TRACE o.s.b.f.s.DefaultListableBeanFactory - Returning cached instance of singleton bean 'mvcContentNegotiationManager'
2020-07-15 19:51:17.604 2438 [restartedMain] TRACE o.s.b.f.s.DefaultListableBeanFactory - Returning cached instance of singleton bean 'mvcConversionService'
2020-07-15 19:51:17.604 2438 [restartedMain] TRACE o.s.b.f.s.DefaultListableBeanFactory - Returning cached instance of singleton bean 'mvcResourceUrlProvider'
2020-07-15 19:51:17.605 2439 [restartedMain] DEBUG o.s.b.f.s.DefaultListableBeanFactory - Autowiring by type from bean name 'resourceHandlerMapping' via factory method to bean named 'mvcUrlPathHelper'
2020-07-15 19:51:17.605 2439 [restartedMain] DEBUG o.s.b.f.s.DefaultListableBeanFactory - Autowiring by type from bean name 'resourceHandlerMapping' via factory method to bean named 'mvcPathMatcher'
2020-07-15 19:51:17.605 2439 [restartedMain] DEBUG o.s.b.f.s.DefaultListableBeanFactory - Autowiring by type from bean name 'resourceHandlerMapping' via factory method to bean named 'mvcContentNegotiationManager'
2020-07-15 19:51:17.605 2439 [restartedMain] DEBUG o.s.b.f.s.DefaultListableBeanFactory - Autowiring by type from bean name 'resourceHandlerMapping' via factory method to bean named 'mvcConversionService'
2020-07-15 19:51:17.605 2439 [restartedMain] DEBUG o.s.b.f.s.DefaultListableBeanFactory - Autowiring by type from bean name 'resourceHandlerMapping' via factory method to bean named 'mvcResourceUrlProvider'
2020-07-15 19:51:17.610 2444 [restartedMain] TRACE o.s.b.f.s.DefaultListableBeanFactory - Eagerly caching bean 'resourceHandlerMapping' to allow for resolving potential circular references
2020-07-15 19:51:17.611 2445 [restartedMain] TRACE o.s.w.s.h.SimpleUrlHandlerMapping - Mapped [/webjars/**] onto ResourceHttpRequestHandler ["classpath:/META-INF/resources/webjars/"]
2020-07-15 19:51:17.611 2445 [restartedMain] TRACE o.s.w.s.h.SimpleUrlHandlerMapping - Mapped [/**] onto ResourceHttpRequestHandler ["classpath:/META-INF/resources/", "classpath:/resources/", "classpath:/static/", "classpath:/public/", "/"]
2020-07-15 19:51:17.611 2445 [restartedMain] DEBUG o.s.w.s.h.SimpleUrlHandlerMapping - Patterns [/webjars/**, /**] in 'resourceHandlerMapping'
2020-07-15 19:51:17.611 2445 [restartedMain] TRACE o.s.b.f.s.DefaultListableBeanFactory - Finished creating instance of bean 'resourceHandlerMapping'
2020-07-15 19:51:17.611 2445 [restartedMain] TRACE o.s.b.f.s.DefaultListableBeanFactory - Returning cached instance of singleton bean 'mvcResourceUrlProvider'
2020-07-15 19:51:17.611 2445 [restartedMain] DEBUG o.s.b.f.s.DefaultListableBeanFactory - Creating shared instance of singleton bean 'defaultServletHandlerMapping'
2020-07-15 19:51:17.611 2445 [restartedMain] TRACE o.s.b.f.s.DefaultListableBeanFactory - Creating instance of bean 'defaultServletHandlerMapping'
2020-07-15 19:51:17.611 2445 [restartedMain] TRACE o.s.b.f.s.DefaultListableBeanFactory - Returning cached instance of singleton bean 'org.springframework.boot.autoconfigure.web.servlet.WebMvcAutoConfiguration$EnableWebMvcConfiguration'
2020-07-15 19:51:17.612 2446 [restartedMain] TRACE o.s.b.f.s.DefaultListableBeanFactory - Eagerly caching bean 'defaultServletHandlerMapping' to allow for resolving potential circular references
2020-07-15 19:51:17.612 2446 [restartedMain] TRACE o.s.b.f.s.DefaultListableBeanFactory - Finished creating instance of bean 'defaultServletHandlerMapping'
2020-07-15 19:51:17.612 2446 [restartedMain] DEBUG o.s.b.f.s.DefaultListableBeanFactory - Creating shared instance of singleton bean 'handlerFunctionAdapter'
2020-07-15 19:51:17.612 2446 [restartedMain] TRACE o.s.b.f.s.DefaultListableBeanFactory - Creating instance of bean 'handlerFunctionAdapter'
2020-07-15 19:51:17.612 2446 [restartedMain] TRACE o.s.b.f.s.DefaultListableBeanFactory - Returning cached instance of singleton bean 'org.springframework.boot.autoconfigure.web.servlet.WebMvcAutoConfiguration$EnableWebMvcConfiguration'
2020-07-15 19:51:17.613 2447 [restartedMain] TRACE o.s.b.f.s.DefaultListableBeanFactory - Eagerly caching bean 'handlerFunctionAdapter' to allow for resolving potential circular references
2020-07-15 19:51:17.613 2447 [restartedMain] TRACE o.s.b.f.s.DefaultListableBeanFactory - Finished creating instance of bean 'handlerFunctionAdapter'
2020-07-15 19:51:17.613 2447 [restartedMain] DEBUG o.s.b.f.s.DefaultListableBeanFactory - Creating shared instance of singleton bean 'mvcUriComponentsContributor'
2020-07-15 19:51:17.613 2447 [restartedMain] TRACE o.s.b.f.s.DefaultListableBeanFactory - Creating instance of bean 'mvcUriComponentsContributor'
2020-07-15 19:51:17.613 2447 [restartedMain] TRACE o.s.b.f.s.DefaultListableBeanFactory - Returning cached instance of singleton bean 'org.springframework.boot.autoconfigure.web.servlet.WebMvcAutoConfiguration$EnableWebMvcConfiguration'
2020-07-15 19:51:17.613 2447 [restartedMain] TRACE o.s.b.f.s.DefaultListableBeanFactory - Returning cached instance of singleton bean 'mvcConversionService'
2020-07-15 19:51:17.613 2447 [restartedMain] TRACE o.s.b.f.s.DefaultListableBeanFactory - Returning cached instance of singleton bean 'requestMappingHandlerAdapter'
2020-07-15 19:51:17.613 2447 [restartedMain] DEBUG o.s.b.f.s.DefaultListableBeanFactory - Autowiring by type from bean name 'mvcUriComponentsContributor' via factory method to bean named 'mvcConversionService'
2020-07-15 19:51:17.613 2447 [restartedMain] DEBUG o.s.b.f.s.DefaultListableBeanFactory - Autowiring by type from bean name 'mvcUriComponentsContributor' via factory method to bean named 'requestMappingHandlerAdapter'
2020-07-15 19:51:17.615 2449 [restartedMain] TRACE o.s.b.f.s.DefaultListableBeanFactory - Eagerly caching bean 'mvcUriComponentsContributor' to allow for resolving potential circular references
2020-07-15 19:51:17.615 2449 [restartedMain] TRACE o.s.b.f.s.DefaultListableBeanFactory - Finished creating instance of bean 'mvcUriComponentsContributor'
2020-07-15 19:51:17.615 2449 [restartedMain] DEBUG o.s.b.f.s.DefaultListableBeanFactory - Creating shared instance of singleton bean 'httpRequestHandlerAdapter'
2020-07-15 19:51:17.615 2449 [restartedMain] TRACE o.s.b.f.s.DefaultListableBeanFactory - Creating instance of bean 'httpRequestHandlerAdapter'
2020-07-15 19:51:17.615 2449 [restartedMain] TRACE o.s.b.f.s.DefaultListableBeanFactory - Returning cached instance of singleton bean 'org.springframework.boot.autoconfigure.web.servlet.WebMvcAutoConfiguration$EnableWebMvcConfiguration'
2020-07-15 19:51:17.615 2449 [restartedMain] TRACE o.s.b.f.s.DefaultListableBeanFactory - Eagerly caching bean 'httpRequestHandlerAdapter' to allow for resolving potential circular references
2020-07-15 19:51:17.615 2449 [restartedMain] TRACE o.s.b.f.s.DefaultListableBeanFactory - Finished creating instance of bean 'httpRequestHandlerAdapter'
2020-07-15 19:51:17.615 2449 [restartedMain] DEBUG o.s.b.f.s.DefaultListableBeanFactory - Creating shared instance of singleton bean 'simpleControllerHandlerAdapter'
2020-07-15 19:51:17.615 2449 [restartedMain] TRACE o.s.b.f.s.DefaultListableBeanFactory - Creating instance of bean 'simpleControllerHandlerAdapter'
2020-07-15 19:51:17.615 2449 [restartedMain] TRACE o.s.b.f.s.DefaultListableBeanFactory - Returning cached instance of singleton bean 'org.springframework.boot.autoconfigure.web.servlet.WebMvcAutoConfiguration$EnableWebMvcConfiguration'
2020-07-15 19:51:17.615 2449 [restartedMain] TRACE o.s.b.f.s.DefaultListableBeanFactory - Eagerly caching bean 'simpleControllerHandlerAdapter' to allow for resolving potential circular references
2020-07-15 19:51:17.615 2449 [restartedMain] TRACE o.s.b.f.s.DefaultListableBeanFactory - Finished creating instance of bean 'simpleControllerHandlerAdapter'
2020-07-15 19:51:17.615 2449 [restartedMain] DEBUG o.s.b.f.s.DefaultListableBeanFactory - Creating shared instance of singleton bean 'handlerExceptionResolver'
2020-07-15 19:51:17.615 2449 [restartedMain] TRACE o.s.b.f.s.DefaultListableBeanFactory - Creating instance of bean 'handlerExceptionResolver'
2020-07-15 19:51:17.615 2449 [restartedMain] TRACE o.s.b.f.s.DefaultListableBeanFactory - Returning cached instance of singleton bean 'org.springframework.boot.autoconfigure.web.servlet.WebMvcAutoConfiguration$EnableWebMvcConfiguration'
2020-07-15 19:51:17.616 2450 [restartedMain] TRACE o.s.b.f.s.DefaultListableBeanFactory - Returning cached instance of singleton bean 'mvcContentNegotiationManager'
2020-07-15 19:51:17.616 2450 [restartedMain] DEBUG o.s.b.f.s.DefaultListableBeanFactory - Autowiring by type from bean name 'handlerExceptionResolver' via factory method to bean named 'mvcContentNegotiationManager'
2020-07-15 19:51:17.618 2452 [restartedMain] DEBUG o.s.w.s.m.m.a.ExceptionHandlerExceptionResolver - ControllerAdvice beans: 0 @ExceptionHandler, 1 ResponseBodyAdvice
2020-07-15 19:51:17.620 2454 [restartedMain] TRACE o.s.b.f.s.DefaultListableBeanFactory - Eagerly caching bean 'handlerExceptionResolver' to allow for resolving potential circular references
2020-07-15 19:51:17.620 2454 [restartedMain] TRACE o.s.b.f.s.DefaultListableBeanFactory - Finished creating instance of bean 'handlerExceptionResolver'
2020-07-15 19:51:17.620 2454 [restartedMain] DEBUG o.s.b.f.s.DefaultListableBeanFactory - Creating shared instance of singleton bean 'mvcViewResolver'
2020-07-15 19:51:17.620 2454 [restartedMain] TRACE o.s.b.f.s.DefaultListableBeanFactory - Creating instance of bean 'mvcViewResolver'
2020-07-15 19:51:17.620 2454 [restartedMain] TRACE o.s.b.f.s.DefaultListableBeanFactory - Returning cached instance of singleton bean 'org.springframework.boot.autoconfigure.web.servlet.WebMvcAutoConfiguration$EnableWebMvcConfiguration'
2020-07-15 19:51:17.621 2455 [restartedMain] TRACE o.s.b.f.s.DefaultListableBeanFactory - Returning cached instance of singleton bean 'mvcContentNegotiationManager'
2020-07-15 19:51:17.621 2455 [restartedMain] DEBUG o.s.b.f.s.DefaultListableBeanFactory - Autowiring by type from bean name 'mvcViewResolver' via factory method to bean named 'mvcContentNegotiationManager'
2020-07-15 19:51:17.622 2456 [restartedMain] TRACE o.s.b.f.s.DefaultListableBeanFactory - Eagerly caching bean 'mvcViewResolver' to allow for resolving potential circular references
2020-07-15 19:51:17.622 2456 [restartedMain] TRACE o.s.b.f.s.DefaultListableBeanFactory - Invoking afterPropertiesSet() on bean with name 'mvcViewResolver'
2020-07-15 19:51:17.623 2457 [restartedMain] TRACE o.s.b.f.s.DefaultListableBeanFactory - Finished creating instance of bean 'mvcViewResolver'
2020-07-15 19:51:17.623 2457 [restartedMain] TRACE o.s.b.f.s.DefaultListableBeanFactory - Returning cached instance of singleton bean 'org.springframework.boot.autoconfigure.web.servlet.WebMvcAutoConfiguration$WebMvcAutoConfigurationAdapter'
2020-07-15 19:51:17.623 2457 [restartedMain] DEBUG o.s.b.f.s.DefaultListableBeanFactory - Creating shared instance of singleton bean 'defaultViewResolver'
2020-07-15 19:51:17.623 2457 [restartedMain] TRACE o.s.b.f.s.DefaultListableBeanFactory - Creating instance of bean 'defaultViewResolver'
2020-07-15 19:51:17.623 2457 [restartedMain] TRACE o.s.b.f.s.DefaultListableBeanFactory - Returning cached instance of singleton bean 'org.springframework.boot.autoconfigure.web.servlet.WebMvcAutoConfiguration$WebMvcAutoConfigurationAdapter'
2020-07-15 19:51:17.625 2459 [restartedMain] TRACE o.s.b.f.s.DefaultListableBeanFactory - Eagerly caching bean 'defaultViewResolver' to allow for resolving potential circular references
2020-07-15 19:51:17.625 2459 [restartedMain] TRACE o.s.b.f.s.DefaultListableBeanFactory - Finished creating instance of bean 'defaultViewResolver'
2020-07-15 19:51:17.625 2459 [restartedMain] DEBUG o.s.b.f.s.DefaultListableBeanFactory - Creating shared instance of singleton bean 'viewResolver'
2020-07-15 19:51:17.625 2459 [restartedMain] TRACE o.s.b.f.s.DefaultListableBeanFactory - Creating instance of bean 'viewResolver'
2020-07-15 19:51:17.625 2459 [restartedMain] TRACE o.s.b.f.s.DefaultListableBeanFactory - Returning cached instance of singleton bean 'org.springframework.boot.autoconfigure.web.servlet.WebMvcAutoConfiguration$WebMvcAutoConfigurationAdapter'
2020-07-15 19:51:17.626 2460 [restartedMain] DEBUG o.s.b.f.s.DefaultListableBeanFactory - Autowiring by type from bean name 'viewResolver' via factory method to bean named 'org.springframework.beans.factory.support.DefaultListableBeanFactory@46a2da97'
2020-07-15 19:51:17.626 2460 [restartedMain] TRACE o.s.b.f.s.DefaultListableBeanFactory - Returning cached instance of singleton bean 'mvcContentNegotiationManager'
2020-07-15 19:51:17.626 2460 [restartedMain] TRACE o.s.b.f.s.DefaultListableBeanFactory - Eagerly caching bean 'viewResolver' to allow for resolving potential circular references
2020-07-15 19:51:17.627 2461 [restartedMain] TRACE o.s.b.f.s.DefaultListableBeanFactory - Returning cached instance of singleton bean 'mvcViewResolver'
2020-07-15 19:51:17.627 2461 [restartedMain] TRACE o.s.b.f.s.DefaultListableBeanFactory - Returning cached instance of singleton bean 'defaultViewResolver'
2020-07-15 19:51:17.627 2461 [restartedMain] TRACE o.s.b.f.s.DefaultListableBeanFactory - Returning eagerly cached instance of singleton bean 'viewResolver' that is not fully initialized yet - a consequence of a circular reference
2020-07-15 19:51:17.627 2461 [restartedMain] DEBUG o.s.b.f.s.DefaultListableBeanFactory - Creating shared instance of singleton bean 'thymeleafViewResolver'
2020-07-15 19:51:17.627 2461 [restartedMain] TRACE o.s.b.f.s.DefaultListableBeanFactory - Creating instance of bean 'thymeleafViewResolver'
2020-07-15 19:51:17.627 2461 [restartedMain] DEBUG o.s.b.f.s.DefaultListableBeanFactory - Creating shared instance of singleton bean 'org.springframework.boot.autoconfigure.thymeleaf.ThymeleafAutoConfiguration$ThymeleafWebMvcConfiguration$ThymeleafViewResolverConfiguration'
2020-07-15 19:51:17.627 2461 [restartedMain] TRACE o.s.b.f.s.DefaultListableBeanFactory - Creating instance of bean 'org.springframework.boot.autoconfigure.thymeleaf.ThymeleafAutoConfiguration$ThymeleafWebMvcConfiguration$ThymeleafViewResolverConfiguration'
2020-07-15 19:51:17.627 2461 [restartedMain] TRACE o.s.b.f.s.DefaultListableBeanFactory - Eagerly caching bean 'org.springframework.boot.autoconfigure.thymeleaf.ThymeleafAutoConfiguration$ThymeleafWebMvcConfiguration$ThymeleafViewResolverConfiguration' to allow for resolving potential circular references
2020-07-15 19:51:17.627 2461 [restartedMain] TRACE o.s.b.f.s.DefaultListableBeanFactory - Finished creating instance of bean 'org.springframework.boot.autoconfigure.thymeleaf.ThymeleafAutoConfiguration$ThymeleafWebMvcConfiguration$ThymeleafViewResolverConfiguration'
2020-07-15 19:51:17.628 2462 [restartedMain] DEBUG o.s.b.f.s.DefaultListableBeanFactory - Creating shared instance of singleton bean 'spring.thymeleaf-org.springframework.boot.autoconfigure.thymeleaf.ThymeleafProperties'
2020-07-15 19:51:17.628 2462 [restartedMain] TRACE o.s.b.f.s.DefaultListableBeanFactory - Creating instance of bean 'spring.thymeleaf-org.springframework.boot.autoconfigure.thymeleaf.ThymeleafProperties'
2020-07-15 19:51:17.628 2462 [restartedMain] TRACE o.s.b.f.s.DefaultListableBeanFactory - Eagerly caching bean 'spring.thymeleaf-org.springframework.boot.autoconfigure.thymeleaf.ThymeleafProperties' to allow for resolving potential circular references
2020-07-15 19:51:17.630 2464 [restartedMain] TRACE o.s.beans.TypeConverterDelegate - Converting String to [boolean] using property editor [org.springframework.beans.propertyeditors.CustomBooleanEditor@7531a1b0]
2020-07-15 19:51:17.630 2464 [restartedMain] TRACE o.s.b.f.s.DefaultListableBeanFactory - Finished creating instance of bean 'spring.thymeleaf-org.springframework.boot.autoconfigure.thymeleaf.ThymeleafProperties'
2020-07-15 19:51:17.631 2465 [restartedMain] DEBUG o.s.b.f.s.DefaultListableBeanFactory - Creating shared instance of singleton bean 'templateEngine'
2020-07-15 19:51:17.631 2465 [restartedMain] TRACE o.s.b.f.s.DefaultListableBeanFactory - Creating instance of bean 'templateEngine'
2020-07-15 19:51:17.631 2465 [restartedMain] DEBUG o.s.b.f.s.DefaultListableBeanFactory - Creating shared instance of singleton bean 'org.springframework.boot.autoconfigure.thymeleaf.ThymeleafAutoConfiguration$ThymeleafDefaultConfiguration'
2020-07-15 19:51:17.631 2465 [restartedMain] TRACE o.s.b.f.s.DefaultListableBeanFactory - Creating instance of bean 'org.springframework.boot.autoconfigure.thymeleaf.ThymeleafAutoConfiguration$ThymeleafDefaultConfiguration'
2020-07-15 19:51:17.631 2465 [restartedMain] TRACE o.s.b.f.s.DefaultListableBeanFactory - Eagerly caching bean 'org.springframework.boot.autoconfigure.thymeleaf.ThymeleafAutoConfiguration$ThymeleafDefaultConfiguration' to allow for resolving potential circular references
2020-07-15 19:51:17.631 2465 [restartedMain] TRACE o.s.b.f.s.DefaultListableBeanFactory - Finished creating instance of bean 'org.springframework.boot.autoconfigure.thymeleaf.ThymeleafAutoConfiguration$ThymeleafDefaultConfiguration'
2020-07-15 19:51:17.631 2465 [restartedMain] TRACE o.s.b.f.s.DefaultListableBeanFactory - Returning cached instance of singleton bean 'spring.thymeleaf-org.springframework.boot.autoconfigure.thymeleaf.ThymeleafProperties'
2020-07-15 19:51:17.631 2465 [restartedMain] DEBUG o.s.b.f.s.DefaultListableBeanFactory - Autowiring by type from bean name 'templateEngine' via factory method to bean named 'spring.thymeleaf-org.springframework.boot.autoconfigure.thymeleaf.ThymeleafProperties'
2020-07-15 19:51:17.638 2472 [restartedMain] DEBUG o.s.b.f.s.DefaultListableBeanFactory - Creating shared instance of singleton bean 'defaultTemplateResolver'
2020-07-15 19:51:17.638 2472 [restartedMain] TRACE o.s.b.f.s.DefaultListableBeanFactory - Creating instance of bean 'defaultTemplateResolver'
2020-07-15 19:51:17.638 2472 [restartedMain] DEBUG o.s.b.f.s.DefaultListableBeanFactory - Creating shared instance of singleton bean 'org.springframework.boot.autoconfigure.thymeleaf.ThymeleafAutoConfiguration$DefaultTemplateResolverConfiguration'
2020-07-15 19:51:17.638 2472 [restartedMain] TRACE o.s.b.f.s.DefaultListableBeanFactory - Creating instance of bean 'org.springframework.boot.autoconfigure.thymeleaf.ThymeleafAutoConfiguration$DefaultTemplateResolverConfiguration'
2020-07-15 19:51:17.639 2473 [restartedMain] TRACE o.s.b.f.s.DefaultListableBeanFactory - Returning cached instance of singleton bean 'spring.thymeleaf-org.springframework.boot.autoconfigure.thymeleaf.ThymeleafProperties'
2020-07-15 19:51:17.639 2473 [restartedMain] DEBUG o.s.b.f.s.DefaultListableBeanFactory - Autowiring by type from bean name 'org.springframework.boot.autoconfigure.thymeleaf.ThymeleafAutoConfiguration$DefaultTemplateResolverConfiguration' via constructor to bean named 'spring.thymeleaf-org.springframework.boot.autoconfigure.thymeleaf.ThymeleafProperties'
2020-07-15 19:51:17.639 2473 [restartedMain] DEBUG o.s.b.f.s.DefaultListableBeanFactory - Autowiring by type from bean name 'org.springframework.boot.autoconfigure.thymeleaf.ThymeleafAutoConfiguration$DefaultTemplateResolverConfiguration' via constructor to bean named 'org.springframework.boot.web.servlet.context.AnnotationConfigServletWebServerApplicationContext@b7288ce'
2020-07-15 19:51:17.639 2473 [restartedMain] TRACE o.s.c.a.CommonAnnotationBeanPostProcessor - Found init method on class [org.springframework.boot.autoconfigure.thymeleaf.ThymeleafAutoConfiguration$DefaultTemplateResolverConfiguration]: void org.springframework.boot.autoconfigure.thymeleaf.ThymeleafAutoConfiguration$DefaultTemplateResolverConfiguration.checkTemplateLocationExists()
2020-07-15 19:51:17.639 2473 [restartedMain] TRACE o.s.c.a.CommonAnnotationBeanPostProcessor - Registered init method on class [org.springframework.boot.autoconfigure.thymeleaf.ThymeleafAutoConfiguration$DefaultTemplateResolverConfiguration]: org.springframework.beans.factory.annotation.InitDestroyAnnotationBeanPostProcessor$LifecycleElement@7bbfab3
2020-07-15 19:51:17.639 2473 [restartedMain] TRACE o.s.b.f.s.DefaultListableBeanFactory - Eagerly caching bean 'org.springframework.boot.autoconfigure.thymeleaf.ThymeleafAutoConfiguration$DefaultTemplateResolverConfiguration' to allow for resolving potential circular references
2020-07-15 19:51:17.639 2473 [restartedMain] TRACE o.s.c.a.CommonAnnotationBeanPostProcessor - Invoking init method on bean 'org.springframework.boot.autoconfigure.thymeleaf.ThymeleafAutoConfiguration$DefaultTemplateResolverConfiguration': void org.springframework.boot.autoconfigure.thymeleaf.ThymeleafAutoConfiguration$DefaultTemplateResolverConfiguration.checkTemplateLocationExists()
2020-07-15 19:51:17.639 2473 [restartedMain] TRACE o.s.b.f.s.DefaultListableBeanFactory - Finished creating instance of bean 'org.springframework.boot.autoconfigure.thymeleaf.ThymeleafAutoConfiguration$DefaultTemplateResolverConfiguration'
2020-07-15 19:51:17.641 2475 [restartedMain] TRACE o.s.b.f.s.DefaultListableBeanFactory - Eagerly caching bean 'defaultTemplateResolver' to allow for resolving potential circular references
2020-07-15 19:51:17.641 2475 [restartedMain] TRACE o.s.b.f.s.DefaultListableBeanFactory - Finished creating instance of bean 'defaultTemplateResolver'
2020-07-15 19:51:17.641 2475 [restartedMain] TRACE o.s.b.f.s.DefaultListableBeanFactory - Returning cached instance of singleton bean 'defaultTemplateResolver'
2020-07-15 19:51:17.642 2476 [restartedMain] DEBUG o.s.b.f.s.DefaultListableBeanFactory - Creating shared instance of singleton bean 'java8TimeDialect'
2020-07-15 19:51:17.642 2476 [restartedMain] TRACE o.s.b.f.s.DefaultListableBeanFactory - Creating instance of bean 'java8TimeDialect'
2020-07-15 19:51:17.642 2476 [restartedMain] DEBUG o.s.b.f.s.DefaultListableBeanFactory - Creating shared instance of singleton bean 'org.springframework.boot.autoconfigure.thymeleaf.ThymeleafAutoConfiguration$ThymeleafJava8TimeDialect'
2020-07-15 19:51:17.642 2476 [restartedMain] TRACE o.s.b.f.s.DefaultListableBeanFactory - Creating instance of bean 'org.springframework.boot.autoconfigure.thymeleaf.ThymeleafAutoConfiguration$ThymeleafJava8TimeDialect'
2020-07-15 19:51:17.642 2476 [restartedMain] TRACE o.s.b.f.s.DefaultListableBeanFactory - Eagerly caching bean 'org.springframework.boot.autoconfigure.thymeleaf.ThymeleafAutoConfiguration$ThymeleafJava8TimeDialect' to allow for resolving potential circular references
2020-07-15 19:51:17.642 2476 [restartedMain] TRACE o.s.b.f.s.DefaultListableBeanFactory - Finished creating instance of bean 'org.springframework.boot.autoconfigure.thymeleaf.ThymeleafAutoConfiguration$ThymeleafJava8TimeDialect'
2020-07-15 19:51:17.643 2477 [restartedMain] TRACE o.s.b.f.s.DefaultListableBeanFactory - Eagerly caching bean 'java8TimeDialect' to allow for resolving potential circular references
2020-07-15 19:51:17.643 2477 [restartedMain] TRACE o.s.b.f.s.DefaultListableBeanFactory - Finished creating instance of bean 'java8TimeDialect'
2020-07-15 19:51:17.643 2477 [restartedMain] DEBUG o.s.b.f.s.DefaultListableBeanFactory - Creating shared instance of singleton bean 'securityDialect'
2020-07-15 19:51:17.643 2477 [restartedMain] TRACE o.s.b.f.s.DefaultListableBeanFactory - Creating instance of bean 'securityDialect'
2020-07-15 19:51:17.643 2477 [restartedMain] DEBUG o.s.b.f.s.DefaultListableBeanFactory - Creating shared instance of singleton bean 'org.springframework.boot.autoconfigure.thymeleaf.ThymeleafAutoConfiguration$ThymeleafSecurityDialectConfiguration'
2020-07-15 19:51:17.643 2477 [restartedMain] TRACE o.s.b.f.s.DefaultListableBeanFactory - Creating instance of bean 'org.springframework.boot.autoconfigure.thymeleaf.ThymeleafAutoConfiguration$ThymeleafSecurityDialectConfiguration'
2020-07-15 19:51:17.643 2477 [restartedMain] TRACE o.s.b.f.s.DefaultListableBeanFactory - Eagerly caching bean 'org.springframework.boot.autoconfigure.thymeleaf.ThymeleafAutoConfiguration$ThymeleafSecurityDialectConfiguration' to allow for resolving potential circular references
2020-07-15 19:51:17.643 2477 [restartedMain] TRACE o.s.b.f.s.DefaultListableBeanFactory - Finished creating instance of bean 'org.springframework.boot.autoconfigure.thymeleaf.ThymeleafAutoConfiguration$ThymeleafSecurityDialectConfiguration'
2020-07-15 19:51:17.645 2479 [restartedMain] TRACE o.s.b.f.s.DefaultListableBeanFactory - Eagerly caching bean 'securityDialect' to allow for resolving potential circular references
2020-07-15 19:51:17.645 2479 [restartedMain] TRACE o.s.b.f.s.DefaultListableBeanFactory - Finished creating instance of bean 'securityDialect'
2020-07-15 19:51:17.645 2479 [restartedMain] TRACE o.s.b.f.s.DefaultListableBeanFactory - Returning cached instance of singleton bean 'java8TimeDialect'
2020-07-15 19:51:17.645 2479 [restartedMain] TRACE o.s.b.f.s.DefaultListableBeanFactory - Returning cached instance of singleton bean 'securityDialect'
2020-07-15 19:51:17.646 2480 [restartedMain] TRACE o.s.b.f.s.DefaultListableBeanFactory - Eagerly caching bean 'templateEngine' to allow for resolving potential circular references
2020-07-15 19:51:17.646 2480 [restartedMain] TRACE o.s.b.f.s.DefaultListableBeanFactory - Finished creating instance of bean 'templateEngine'
2020-07-15 19:51:17.646 2480 [restartedMain] DEBUG o.s.b.f.s.DefaultListableBeanFactory - Autowiring by type from bean name 'thymeleafViewResolver' via factory method to bean named 'spring.thymeleaf-org.springframework.boot.autoconfigure.thymeleaf.ThymeleafProperties'
2020-07-15 19:51:17.646 2480 [restartedMain] DEBUG o.s.b.f.s.DefaultListableBeanFactory - Autowiring by type from bean name 'thymeleafViewResolver' via factory method to bean named 'templateEngine'
2020-07-15 19:51:17.648 2482 [restartedMain] TRACE o.s.b.f.s.DefaultListableBeanFactory - Eagerly caching bean 'thymeleafViewResolver' to allow for resolving potential circular references
2020-07-15 19:51:17.649 2483 [restartedMain] TRACE o.s.b.f.s.DefaultListableBeanFactory - Finished creating instance of bean 'thymeleafViewResolver'
2020-07-15 19:51:17.649 2483 [restartedMain] TRACE o.s.b.f.s.DefaultListableBeanFactory - Invoking afterPropertiesSet() on bean with name 'viewResolver'
2020-07-15 19:51:17.649 2483 [restartedMain] TRACE o.s.b.f.s.DefaultListableBeanFactory - Finished creating instance of bean 'viewResolver'
2020-07-15 19:51:17.649 2483 [restartedMain] TRACE o.s.b.f.s.DefaultListableBeanFactory - Returning cached instance of singleton bean 'requestContextFilter'
2020-07-15 19:51:17.649 2483 [restartedMain] TRACE o.s.b.f.s.DefaultListableBeanFactory - Returning cached instance of singleton bean 'org.springframework.boot.autoconfigure.web.servlet.WebMvcAutoConfiguration'
2020-07-15 19:51:17.649 2483 [restartedMain] TRACE o.s.b.f.s.DefaultListableBeanFactory - Returning cached instance of singleton bean 'formContentFilter'
2020-07-15 19:51:17.649 2483 [restartedMain] DEBUG o.s.b.f.s.DefaultListableBeanFactory - Creating shared instance of singleton bean 'org.springframework.boot.autoconfigure.aop.AopAutoConfiguration$ClassProxyingConfiguration'
2020-07-15 19:51:17.649 2483 [restartedMain] TRACE o.s.b.f.s.DefaultListableBeanFactory - Creating instance of bean 'org.springframework.boot.autoconfigure.aop.AopAutoConfiguration$ClassProxyingConfiguration'
2020-07-15 19:51:17.649 2483 [restartedMain] DEBUG o.s.b.f.s.DefaultListableBeanFactory - Autowiring by type from bean name 'org.springframework.boot.autoconfigure.aop.AopAutoConfiguration$ClassProxyingConfiguration' via constructor to bean named 'org.springframework.beans.factory.support.DefaultListableBeanFactory@46a2da97'
2020-07-15 19:51:17.651 2485 [restartedMain] TRACE o.s.b.f.s.DefaultListableBeanFactory - Eagerly caching bean 'org.springframework.boot.autoconfigure.aop.AopAutoConfiguration$ClassProxyingConfiguration' to allow for resolving potential circular references
2020-07-15 19:51:17.651 2485 [restartedMain] TRACE o.s.b.f.s.DefaultListableBeanFactory - Finished creating instance of bean 'org.springframework.boot.autoconfigure.aop.AopAutoConfiguration$ClassProxyingConfiguration'
2020-07-15 19:51:17.651 2485 [restartedMain] DEBUG o.s.b.f.s.DefaultListableBeanFactory - Creating shared instance of singleton bean 'org.springframework.boot.autoconfigure.aop.AopAutoConfiguration'
2020-07-15 19:51:17.651 2485 [restartedMain] TRACE o.s.b.f.s.DefaultListableBeanFactory - Creating instance of bean 'org.springframework.boot.autoconfigure.aop.AopAutoConfiguration'
2020-07-15 19:51:17.651 2485 [restartedMain] TRACE o.s.b.f.s.DefaultListableBeanFactory - Eagerly caching bean 'org.springframework.boot.autoconfigure.aop.AopAutoConfiguration' to allow for resolving potential circular references
2020-07-15 19:51:17.651 2485 [restartedMain] TRACE o.s.b.f.s.DefaultListableBeanFactory - Finished creating instance of bean 'org.springframework.boot.autoconfigure.aop.AopAutoConfiguration'
2020-07-15 19:51:17.651 2485 [restartedMain] DEBUG o.s.b.f.s.DefaultListableBeanFactory - Creating shared instance of singleton bean 'org.springframework.boot.autoconfigure.context.ConfigurationPropertiesAutoConfiguration'
2020-07-15 19:51:17.651 2485 [restartedMain] TRACE o.s.b.f.s.DefaultListableBeanFactory - Creating instance of bean 'org.springframework.boot.autoconfigure.context.ConfigurationPropertiesAutoConfiguration'
2020-07-15 19:51:17.651 2485 [restartedMain] TRACE o.s.b.f.s.DefaultListableBeanFactory - Eagerly caching bean 'org.springframework.boot.autoconfigure.context.ConfigurationPropertiesAutoConfiguration' to allow for resolving potential circular references
2020-07-15 19:51:17.652 2486 [restartedMain] TRACE o.s.b.f.s.DefaultListableBeanFactory - Finished creating instance of bean 'org.springframework.boot.autoconfigure.context.ConfigurationPropertiesAutoConfiguration'
2020-07-15 19:51:17.652 2486 [restartedMain] TRACE o.s.b.f.s.DefaultListableBeanFactory - Returning cached instance of singleton bean 'org.springframework.boot.autoconfigure.jackson.JacksonAutoConfiguration$Jackson2ObjectMapperBuilderCustomizerConfiguration'
2020-07-15 19:51:17.652 2486 [restartedMain] TRACE o.s.b.f.s.DefaultListableBeanFactory - Returning cached instance of singleton bean 'standardJacksonObjectMapperBuilderCustomizer'
2020-07-15 19:51:17.652 2486 [restartedMain] TRACE o.s.b.f.s.DefaultListableBeanFactory - Returning cached instance of singleton bean 'spring.jackson-org.springframework.boot.autoconfigure.jackson.JacksonProperties'
2020-07-15 19:51:17.652 2486 [restartedMain] TRACE o.s.b.f.s.DefaultListableBeanFactory - Returning cached instance of singleton bean 'org.springframework.boot.autoconfigure.jackson.JacksonAutoConfiguration$JacksonObjectMapperBuilderConfiguration'
2020-07-15 19:51:17.652 2486 [restartedMain] TRACE o.s.b.f.s.DefaultListableBeanFactory - Returning cached instance of singleton bean 'org.springframework.boot.autoconfigure.jackson.JacksonAutoConfiguration$ParameterNamesModuleConfiguration'
2020-07-15 19:51:17.652 2486 [restartedMain] TRACE o.s.b.f.s.DefaultListableBeanFactory - Returning cached instance of singleton bean 'parameterNamesModule'
2020-07-15 19:51:17.652 2486 [restartedMain] TRACE o.s.b.f.s.DefaultListableBeanFactory - Returning cached instance of singleton bean 'org.springframework.boot.autoconfigure.jackson.JacksonAutoConfiguration$JacksonObjectMapperConfiguration'
2020-07-15 19:51:17.652 2486 [restartedMain] TRACE o.s.b.f.s.DefaultListableBeanFactory - Returning cached instance of singleton bean 'jacksonObjectMapper'
2020-07-15 19:51:17.652 2486 [restartedMain] TRACE o.s.b.f.s.DefaultListableBeanFactory - Returning cached instance of singleton bean 'org.springframework.boot.autoconfigure.jackson.JacksonAutoConfiguration'
2020-07-15 19:51:17.652 2486 [restartedMain] TRACE o.s.b.f.s.DefaultListableBeanFactory - Returning cached instance of singleton bean 'jsonComponentModule'
2020-07-15 19:51:17.652 2486 [restartedMain] TRACE o.s.b.f.s.DefaultListableBeanFactory - Returning cached instance of singleton bean 'org.springframework.boot.autoconfigure.http.HttpMessageConvertersAutoConfiguration$StringHttpMessageConverterConfiguration'
2020-07-15 19:51:17.652 2486 [restartedMain] TRACE o.s.b.f.s.DefaultListableBeanFactory - Returning cached instance of singleton bean 'stringHttpMessageConverter'
2020-07-15 19:51:17.652 2486 [restartedMain] TRACE o.s.b.f.s.DefaultListableBeanFactory - Returning cached instance of singleton bean 'org.springframework.boot.autoconfigure.http.JacksonHttpMessageConvertersConfiguration$MappingJackson2HttpMessageConverterConfiguration'
2020-07-15 19:51:17.652 2486 [restartedMain] TRACE o.s.b.f.s.DefaultListableBeanFactory - Returning cached instance of singleton bean 'mappingJackson2HttpMessageConverter'
2020-07-15 19:51:17.652 2486 [restartedMain] DEBUG o.s.b.f.s.DefaultListableBeanFactory - Creating shared instance of singleton bean 'org.springframework.boot.autoconfigure.http.JacksonHttpMessageConvertersConfiguration'
2020-07-15 19:51:17.652 2486 [restartedMain] TRACE o.s.b.f.s.DefaultListableBeanFactory - Creating instance of bean 'org.springframework.boot.autoconfigure.http.JacksonHttpMessageConvertersConfiguration'
2020-07-15 19:51:17.652 2486 [restartedMain] TRACE o.s.b.f.s.DefaultListableBeanFactory - Eagerly caching bean 'org.springframework.boot.autoconfigure.http.JacksonHttpMessageConvertersConfiguration' to allow for resolving potential circular references
2020-07-15 19:51:17.652 2486 [restartedMain] TRACE o.s.b.f.s.DefaultListableBeanFactory - Finished creating instance of bean 'org.springframework.boot.autoconfigure.http.JacksonHttpMessageConvertersConfiguration'
2020-07-15 19:51:17.652 2486 [restartedMain] TRACE o.s.b.f.s.DefaultListableBeanFactory - Returning cached instance of singleton bean 'org.springframework.boot.autoconfigure.http.HttpMessageConvertersAutoConfiguration'
2020-07-15 19:51:17.652 2486 [restartedMain] TRACE o.s.b.f.s.DefaultListableBeanFactory - Returning cached instance of singleton bean 'messageConverters'
2020-07-15 19:51:17.652 2486 [restartedMain] DEBUG o.s.b.f.s.DefaultListableBeanFactory - Creating shared instance of singleton bean 'org.springframework.boot.autoconfigure.info.ProjectInfoAutoConfiguration'
2020-07-15 19:51:17.652 2486 [restartedMain] TRACE o.s.b.f.s.DefaultListableBeanFactory - Creating instance of bean 'org.springframework.boot.autoconfigure.info.ProjectInfoAutoConfiguration'
2020-07-15 19:51:17.653 2487 [restartedMain] DEBUG o.s.b.f.s.DefaultListableBeanFactory - Creating shared instance of singleton bean 'spring.info-org.springframework.boot.autoconfigure.info.ProjectInfoProperties'
2020-07-15 19:51:17.653 2487 [restartedMain] TRACE o.s.b.f.s.DefaultListableBeanFactory - Creating instance of bean 'spring.info-org.springframework.boot.autoconfigure.info.ProjectInfoProperties'
2020-07-15 19:51:17.653 2487 [restartedMain] TRACE o.s.b.f.s.DefaultListableBeanFactory - Eagerly caching bean 'spring.info-org.springframework.boot.autoconfigure.info.ProjectInfoProperties' to allow for resolving potential circular references
2020-07-15 19:51:17.654 2488 [restartedMain] TRACE o.s.b.f.s.DefaultListableBeanFactory - Finished creating instance of bean 'spring.info-org.springframework.boot.autoconfigure.info.ProjectInfoProperties'
2020-07-15 19:51:17.655 2489 [restartedMain] DEBUG o.s.b.f.s.DefaultListableBeanFactory - Autowiring by type from bean name 'org.springframework.boot.autoconfigure.info.ProjectInfoAutoConfiguration' via constructor to bean named 'spring.info-org.springframework.boot.autoconfigure.info.ProjectInfoProperties'
2020-07-15 19:51:17.655 2489 [restartedMain] TRACE o.s.b.f.s.DefaultListableBeanFactory - Eagerly caching bean 'org.springframework.boot.autoconfigure.info.ProjectInfoAutoConfiguration' to allow for resolving potential circular references
2020-07-15 19:51:17.655 2489 [restartedMain] TRACE o.s.b.f.s.DefaultListableBeanFactory - Finished creating instance of bean 'org.springframework.boot.autoconfigure.info.ProjectInfoAutoConfiguration'
2020-07-15 19:51:17.655 2489 [restartedMain] TRACE o.s.b.f.s.DefaultListableBeanFactory - Returning cached instance of singleton bean 'spring.info-org.springframework.boot.autoconfigure.info.ProjectInfoProperties'
2020-07-15 19:51:17.655 2489 [restartedMain] DEBUG o.s.b.f.s.DefaultListableBeanFactory - Creating shared instance of singleton bean 'org.springframework.boot.autoconfigure.security.oauth2.resource.servlet.OAuth2ResourceServerAutoConfiguration'
2020-07-15 19:51:17.655 2489 [restartedMain] TRACE o.s.b.f.s.DefaultListableBeanFactory - Creating instance of bean 'org.springframework.boot.autoconfigure.security.oauth2.resource.servlet.OAuth2ResourceServerAutoConfiguration'
2020-07-15 19:51:17.655 2489 [restartedMain] TRACE o.s.b.f.s.DefaultListableBeanFactory - Eagerly caching bean 'org.springframework.boot.autoconfigure.security.oauth2.resource.servlet.OAuth2ResourceServerAutoConfiguration' to allow for resolving potential circular references
2020-07-15 19:51:17.655 2489 [restartedMain] TRACE o.s.b.f.s.DefaultListableBeanFactory - Finished creating instance of bean 'org.springframework.boot.autoconfigure.security.oauth2.resource.servlet.OAuth2ResourceServerAutoConfiguration'
2020-07-15 19:51:17.655 2489 [restartedMain] DEBUG o.s.b.f.s.DefaultListableBeanFactory - Creating shared instance of singleton bean 'spring.security.oauth2.resourceserver-org.springframework.boot.autoconfigure.security.oauth2.resource.OAuth2ResourceServerProperties'
2020-07-15 19:51:17.655 2489 [restartedMain] TRACE o.s.b.f.s.DefaultListableBeanFactory - Creating instance of bean 'spring.security.oauth2.resourceserver-org.springframework.boot.autoconfigure.security.oauth2.resource.OAuth2ResourceServerProperties'
2020-07-15 19:51:17.656 2490 [restartedMain] TRACE o.s.c.a.CommonAnnotationBeanPostProcessor - Found init method on class [org.springframework.boot.autoconfigure.security.oauth2.resource.OAuth2ResourceServerProperties]: public void org.springframework.boot.autoconfigure.security.oauth2.resource.OAuth2ResourceServerProperties.validate()
2020-07-15 19:51:17.656 2490 [restartedMain] TRACE o.s.c.a.CommonAnnotationBeanPostProcessor - Registered init method on class [org.springframework.boot.autoconfigure.security.oauth2.resource.OAuth2ResourceServerProperties]: org.springframework.beans.factory.annotation.InitDestroyAnnotationBeanPostProcessor$LifecycleElement@ab491916
2020-07-15 19:51:17.656 2490 [restartedMain] TRACE o.s.b.f.s.DefaultListableBeanFactory - Eagerly caching bean 'spring.security.oauth2.resourceserver-org.springframework.boot.autoconfigure.security.oauth2.resource.OAuth2ResourceServerProperties' to allow for resolving potential circular references
2020-07-15 19:51:17.656 2490 [restartedMain] TRACE o.s.c.a.CommonAnnotationBeanPostProcessor - Invoking init method on bean 'spring.security.oauth2.resourceserver-org.springframework.boot.autoconfigure.security.oauth2.resource.OAuth2ResourceServerProperties': public void org.springframework.boot.autoconfigure.security.oauth2.resource.OAuth2ResourceServerProperties.validate()
2020-07-15 19:51:17.656 2490 [restartedMain] TRACE o.s.b.f.s.DefaultListableBeanFactory - Finished creating instance of bean 'spring.security.oauth2.resourceserver-org.springframework.boot.autoconfigure.security.oauth2.resource.OAuth2ResourceServerProperties'
2020-07-15 19:51:17.657 2491 [restartedMain] TRACE o.s.b.f.s.DefaultListableBeanFactory - Returning cached instance of singleton bean 'org.springframework.boot.autoconfigure.security.servlet.SecurityAutoConfiguration'
2020-07-15 19:51:17.657 2491 [restartedMain] TRACE o.s.b.f.s.DefaultListableBeanFactory - Returning cached instance of singleton bean 'authenticationEventPublisher'
2020-07-15 19:51:17.657 2491 [restartedMain] TRACE o.s.b.f.s.DefaultListableBeanFactory - Returning cached instance of singleton bean 'spring.security-org.springframework.boot.autoconfigure.security.SecurityProperties'
2020-07-15 19:51:17.657 2491 [restartedMain] TRACE o.s.b.f.s.DefaultListableBeanFactory - Returning cached instance of singleton bean 'org.springframework.boot.autoconfigure.security.servlet.SecurityFilterAutoConfiguration'
2020-07-15 19:51:17.657 2491 [restartedMain] TRACE o.s.b.f.s.DefaultListableBeanFactory - Returning cached instance of singleton bean 'securityFilterChainRegistration'
2020-07-15 19:51:17.657 2491 [restartedMain] DEBUG o.s.b.f.s.DefaultListableBeanFactory - Creating shared instance of singleton bean 'org.springframework.boot.autoconfigure.security.servlet.UserDetailsServiceAutoConfiguration'
2020-07-15 19:51:17.657 2491 [restartedMain] TRACE o.s.b.f.s.DefaultListableBeanFactory - Creating instance of bean 'org.springframework.boot.autoconfigure.security.servlet.UserDetailsServiceAutoConfiguration'
2020-07-15 19:51:17.657 2491 [restartedMain] TRACE o.s.b.f.s.DefaultListableBeanFactory - Eagerly caching bean 'org.springframework.boot.autoconfigure.security.servlet.UserDetailsServiceAutoConfiguration' to allow for resolving potential circular references
2020-07-15 19:51:17.657 2491 [restartedMain] TRACE o.s.b.f.s.DefaultListableBeanFactory - Finished creating instance of bean 'org.springframework.boot.autoconfigure.security.servlet.UserDetailsServiceAutoConfiguration'
2020-07-15 19:51:17.657 2491 [restartedMain] DEBUG o.s.b.f.s.DefaultListableBeanFactory - Creating shared instance of singleton bean 'org.springframework.boot.autoconfigure.session.SessionAutoConfiguration$ServletSessionRepositoryImplementationValidator'
2020-07-15 19:51:17.657 2491 [restartedMain] TRACE o.s.b.f.s.DefaultListableBeanFactory - Creating instance of bean 'org.springframework.boot.autoconfigure.session.SessionAutoConfiguration$ServletSessionRepositoryImplementationValidator'
2020-07-15 19:51:17.658 2492 [restartedMain] DEBUG o.s.b.f.s.DefaultListableBeanFactory - Creating shared instance of singleton bean 'spring.session-org.springframework.boot.autoconfigure.session.SessionProperties'
2020-07-15 19:51:17.658 2492 [restartedMain] TRACE o.s.b.f.s.DefaultListableBeanFactory - Creating instance of bean 'spring.session-org.springframework.boot.autoconfigure.session.SessionProperties'
2020-07-15 19:51:17.658 2492 [restartedMain] TRACE o.s.c.a.CommonAnnotationBeanPostProcessor - Found init method on class [org.springframework.boot.autoconfigure.session.SessionProperties]: public void org.springframework.boot.autoconfigure.session.SessionProperties.checkSessionTimeout()
2020-07-15 19:51:17.658 2492 [restartedMain] TRACE o.s.c.a.CommonAnnotationBeanPostProcessor - Registered init method on class [org.springframework.boot.autoconfigure.session.SessionProperties]: org.springframework.beans.factory.annotation.InitDestroyAnnotationBeanPostProcessor$LifecycleElement@e0e2b113
2020-07-15 19:51:17.658 2492 [restartedMain] TRACE o.s.b.CachedIntrospectionResults - Getting BeanInfo for class [org.springframework.boot.autoconfigure.session.SessionProperties]
2020-07-15 19:51:17.659 2493 [restartedMain] TRACE o.s.b.CachedIntrospectionResults - Caching PropertyDescriptors for class [org.springframework.boot.autoconfigure.session.SessionProperties]
2020-07-15 19:51:17.659 2493 [restartedMain] TRACE o.s.b.CachedIntrospectionResults - Found bean property 'class' of type [java.lang.Class]
2020-07-15 19:51:17.659 2493 [restartedMain] TRACE o.s.b.CachedIntrospectionResults - Found bean property 'servlet' of type [org.springframework.boot.autoconfigure.session.SessionProperties$Servlet]
2020-07-15 19:51:17.659 2493 [restartedMain] TRACE o.s.b.CachedIntrospectionResults - Found bean property 'storeType' of type [org.springframework.boot.autoconfigure.session.StoreType]
2020-07-15 19:51:17.659 2493 [restartedMain] TRACE o.s.b.CachedIntrospectionResults - Found bean property 'timeout' of type [java.time.Duration]
2020-07-15 19:51:17.660 2494 [restartedMain] TRACE o.s.b.f.a.InjectionMetadata - Registered injected element on class [org.springframework.boot.autoconfigure.session.SessionProperties]: AutowiredMethodElement for void org.springframework.boot.autoconfigure.session.SessionProperties.setServerProperties(org.springframework.beans.factory.ObjectProvider)
2020-07-15 19:51:17.660 2494 [restartedMain] TRACE o.s.b.f.s.DefaultListableBeanFactory - Eagerly caching bean 'spring.session-org.springframework.boot.autoconfigure.session.SessionProperties' to allow for resolving potential circular references
2020-07-15 19:51:17.660 2494 [restartedMain] TRACE o.s.b.f.a.InjectionMetadata - Processing injected element of bean 'spring.session-org.springframework.boot.autoconfigure.session.SessionProperties': AutowiredMethodElement for void org.springframework.boot.autoconfigure.session.SessionProperties.setServerProperties(org.springframework.beans.factory.ObjectProvider)
2020-07-15 19:51:17.660 2494 [restartedMain] TRACE o.s.b.f.s.DefaultListableBeanFactory - Returning cached instance of singleton bean 'server-org.springframework.boot.autoconfigure.web.ServerProperties'
2020-07-15 19:51:17.661 2495 [restartedMain] TRACE o.s.c.a.CommonAnnotationBeanPostProcessor - Invoking init method on bean 'spring.session-org.springframework.boot.autoconfigure.session.SessionProperties': public void org.springframework.boot.autoconfigure.session.SessionProperties.checkSessionTimeout()
2020-07-15 19:51:17.661 2495 [restartedMain] TRACE o.s.b.f.s.DefaultListableBeanFactory - Finished creating instance of bean 'spring.session-org.springframework.boot.autoconfigure.session.SessionProperties'
2020-07-15 19:51:17.661 2495 [restartedMain] DEBUG o.s.b.f.s.DefaultListableBeanFactory - Autowiring by type from bean name 'org.springframework.boot.autoconfigure.session.SessionAutoConfiguration$ServletSessionRepositoryImplementationValidator' via constructor to bean named 'org.springframework.boot.web.servlet.context.AnnotationConfigServletWebServerApplicationContext@b7288ce'
2020-07-15 19:51:17.661 2495 [restartedMain] DEBUG o.s.b.f.s.DefaultListableBeanFactory - Autowiring by type from bean name 'org.springframework.boot.autoconfigure.session.SessionAutoConfiguration$ServletSessionRepositoryImplementationValidator' via constructor to bean named 'spring.session-org.springframework.boot.autoconfigure.session.SessionProperties'
2020-07-15 19:51:17.662 2496 [restartedMain] TRACE o.s.c.a.CommonAnnotationBeanPostProcessor - Found init method on class [org.springframework.boot.autoconfigure.session.SessionAutoConfiguration$ServletSessionRepositoryImplementationValidator]: void org.springframework.boot.autoconfigure.session.SessionAutoConfiguration$AbstractSessionRepositoryImplementationValidator.checkAvailableImplementations()
2020-07-15 19:51:17.662 2496 [restartedMain] TRACE o.s.c.a.CommonAnnotationBeanPostProcessor - Registered init method on class [org.springframework.boot.autoconfigure.session.SessionAutoConfiguration$ServletSessionRepositoryImplementationValidator]: org.springframework.beans.factory.annotation.InitDestroyAnnotationBeanPostProcessor$LifecycleElement@8c885e20
2020-07-15 19:51:17.662 2496 [restartedMain] TRACE o.s.b.f.s.DefaultListableBeanFactory - Eagerly caching bean 'org.springframework.boot.autoconfigure.session.SessionAutoConfiguration$ServletSessionRepositoryImplementationValidator' to allow for resolving potential circular references
2020-07-15 19:51:17.662 2496 [restartedMain] TRACE o.s.c.a.CommonAnnotationBeanPostProcessor - Invoking init method on bean 'org.springframework.boot.autoconfigure.session.SessionAutoConfiguration$ServletSessionRepositoryImplementationValidator': void org.springframework.boot.autoconfigure.session.SessionAutoConfiguration$AbstractSessionRepositoryImplementationValidator.checkAvailableImplementations()
2020-07-15 19:51:17.663 2497 [restartedMain] TRACE o.s.b.f.s.DefaultListableBeanFactory - Finished creating instance of bean 'org.springframework.boot.autoconfigure.session.SessionAutoConfiguration$ServletSessionRepositoryImplementationValidator'
2020-07-15 19:51:17.663 2497 [restartedMain] DEBUG o.s.b.f.s.DefaultListableBeanFactory - Creating shared instance of singleton bean 'org.springframework.boot.autoconfigure.session.NoOpSessionConfiguration'
2020-07-15 19:51:17.663 2497 [restartedMain] TRACE o.s.b.f.s.DefaultListableBeanFactory - Creating instance of bean 'org.springframework.boot.autoconfigure.session.NoOpSessionConfiguration'
2020-07-15 19:51:17.663 2497 [restartedMain] TRACE o.s.b.f.s.DefaultListableBeanFactory - Eagerly caching bean 'org.springframework.boot.autoconfigure.session.NoOpSessionConfiguration' to allow for resolving potential circular references
2020-07-15 19:51:17.663 2497 [restartedMain] TRACE o.s.b.f.s.DefaultListableBeanFactory - Finished creating instance of bean 'org.springframework.boot.autoconfigure.session.NoOpSessionConfiguration'
2020-07-15 19:51:17.663 2497 [restartedMain] DEBUG o.s.b.f.s.DefaultListableBeanFactory - Creating shared instance of singleton bean 'org.springframework.boot.autoconfigure.session.SessionAutoConfiguration$ServletSessionConfiguration$ServletSessionRepositoryConfiguration'
2020-07-15 19:51:17.663 2497 [restartedMain] TRACE o.s.b.f.s.DefaultListableBeanFactory - Creating instance of bean 'org.springframework.boot.autoconfigure.session.SessionAutoConfiguration$ServletSessionConfiguration$ServletSessionRepositoryConfiguration'
2020-07-15 19:51:17.663 2497 [restartedMain] TRACE o.s.b.f.s.DefaultListableBeanFactory - Eagerly caching bean 'org.springframework.boot.autoconfigure.session.SessionAutoConfiguration$ServletSessionConfiguration$ServletSessionRepositoryConfiguration' to allow for resolving potential circular references
2020-07-15 19:51:17.663 2497 [restartedMain] TRACE o.s.b.f.s.DefaultListableBeanFactory - Finished creating instance of bean 'org.springframework.boot.autoconfigure.session.SessionAutoConfiguration$ServletSessionConfiguration$ServletSessionRepositoryConfiguration'
2020-07-15 19:51:17.663 2497 [restartedMain] DEBUG o.s.b.f.s.DefaultListableBeanFactory - Creating shared instance of singleton bean 'org.springframework.boot.autoconfigure.session.SessionAutoConfiguration$ServletSessionRepositoryValidator'
2020-07-15 19:51:17.663 2497 [restartedMain] TRACE o.s.b.f.s.DefaultListableBeanFactory - Creating instance of bean 'org.springframework.boot.autoconfigure.session.SessionAutoConfiguration$ServletSessionRepositoryValidator'
2020-07-15 19:51:17.664 2498 [restartedMain] TRACE o.s.b.f.s.DefaultListableBeanFactory - Returning cached instance of singleton bean 'spring.session-org.springframework.boot.autoconfigure.session.SessionProperties'
2020-07-15 19:51:17.664 2498 [restartedMain] DEBUG o.s.b.f.s.DefaultListableBeanFactory - Autowiring by type from bean name 'org.springframework.boot.autoconfigure.session.SessionAutoConfiguration$ServletSessionRepositoryValidator' via constructor to bean named 'spring.session-org.springframework.boot.autoconfigure.session.SessionProperties'
2020-07-15 19:51:17.664 2498 [restartedMain] TRACE o.s.c.a.CommonAnnotationBeanPostProcessor - Found init method on class [org.springframework.boot.autoconfigure.session.SessionAutoConfiguration$ServletSessionRepositoryValidator]: void org.springframework.boot.autoconfigure.session.SessionAutoConfiguration$AbstractSessionRepositoryValidator.checkSessionRepository()
2020-07-15 19:51:17.664 2498 [restartedMain] TRACE o.s.c.a.CommonAnnotationBeanPostProcessor - Registered init method on class [org.springframework.boot.autoconfigure.session.SessionAutoConfiguration$ServletSessionRepositoryValidator]: org.springframework.beans.factory.annotation.InitDestroyAnnotationBeanPostProcessor$LifecycleElement@41858258
2020-07-15 19:51:17.664 2498 [restartedMain] TRACE o.s.b.f.s.DefaultListableBeanFactory - Eagerly caching bean 'org.springframework.boot.autoconfigure.session.SessionAutoConfiguration$ServletSessionRepositoryValidator' to allow for resolving potential circular references
2020-07-15 19:51:17.664 2498 [restartedMain] TRACE o.s.c.a.CommonAnnotationBeanPostProcessor - Invoking init method on bean 'org.springframework.boot.autoconfigure.session.SessionAutoConfiguration$ServletSessionRepositoryValidator': void org.springframework.boot.autoconfigure.session.SessionAutoConfiguration$AbstractSessionRepositoryValidator.checkSessionRepository()
2020-07-15 19:51:17.664 2498 [restartedMain] TRACE o.s.b.f.s.DefaultListableBeanFactory - Finished creating instance of bean 'org.springframework.boot.autoconfigure.session.SessionAutoConfiguration$ServletSessionRepositoryValidator'
2020-07-15 19:51:17.664 2498 [restartedMain] DEBUG o.s.b.f.s.DefaultListableBeanFactory - Creating shared instance of singleton bean 'org.springframework.boot.autoconfigure.session.SessionAutoConfiguration$ServletSessionConfiguration'
2020-07-15 19:51:17.664 2498 [restartedMain] TRACE o.s.b.f.s.DefaultListableBeanFactory - Creating instance of bean 'org.springframework.boot.autoconfigure.session.SessionAutoConfiguration$ServletSessionConfiguration'
2020-07-15 19:51:17.664 2498 [restartedMain] TRACE o.s.b.f.s.DefaultListableBeanFactory - Eagerly caching bean 'org.springframework.boot.autoconfigure.session.SessionAutoConfiguration$ServletSessionConfiguration' to allow for resolving potential circular references
2020-07-15 19:51:17.664 2498 [restartedMain] TRACE o.s.b.f.s.DefaultListableBeanFactory - Finished creating instance of bean 'org.springframework.boot.autoconfigure.session.SessionAutoConfiguration$ServletSessionConfiguration'
2020-07-15 19:51:17.665 2499 [restartedMain] DEBUG o.s.b.f.s.DefaultListableBeanFactory - Creating shared instance of singleton bean 'cookieSerializer'
2020-07-15 19:51:17.665 2499 [restartedMain] TRACE o.s.b.f.s.DefaultListableBeanFactory - Creating instance of bean 'cookieSerializer'
2020-07-15 19:51:17.665 2499 [restartedMain] TRACE o.s.b.f.s.DefaultListableBeanFactory - Returning cached instance of singleton bean 'org.springframework.boot.autoconfigure.session.SessionAutoConfiguration$ServletSessionConfiguration'
2020-07-15 19:51:17.665 2499 [restartedMain] TRACE o.s.b.f.s.DefaultListableBeanFactory - Returning cached instance of singleton bean 'server-org.springframework.boot.autoconfigure.web.ServerProperties'
2020-07-15 19:51:17.665 2499 [restartedMain] DEBUG o.s.b.f.s.DefaultListableBeanFactory - Autowiring by type from bean name 'cookieSerializer' via factory method to bean named 'server-org.springframework.boot.autoconfigure.web.ServerProperties'
2020-07-15 19:51:17.668 2502 [restartedMain] TRACE o.s.b.f.s.DefaultListableBeanFactory - Eagerly caching bean 'cookieSerializer' to allow for resolving potential circular references
2020-07-15 19:51:17.669 2503 [restartedMain] TRACE o.s.b.f.s.DefaultListableBeanFactory - Finished creating instance of bean 'cookieSerializer'
2020-07-15 19:51:17.669 2503 [restartedMain] DEBUG o.s.b.f.s.DefaultListableBeanFactory - Creating shared instance of singleton bean 'org.springframework.boot.autoconfigure.session.SessionAutoConfiguration'
2020-07-15 19:51:17.669 2503 [restartedMain] TRACE o.s.b.f.s.DefaultListableBeanFactory - Creating instance of bean 'org.springframework.boot.autoconfigure.session.SessionAutoConfiguration'
2020-07-15 19:51:17.669 2503 [restartedMain] TRACE o.s.b.f.s.DefaultListableBeanFactory - Eagerly caching bean 'org.springframework.boot.autoconfigure.session.SessionAutoConfiguration' to allow for resolving potential circular references
2020-07-15 19:51:17.669 2503 [restartedMain] TRACE o.s.b.f.s.DefaultListableBeanFactory - Finished creating instance of bean 'org.springframework.boot.autoconfigure.session.SessionAutoConfiguration'
2020-07-15 19:51:17.669 2503 [restartedMain] TRACE o.s.b.f.s.DefaultListableBeanFactory - Returning cached instance of singleton bean 'spring.session-org.springframework.boot.autoconfigure.session.SessionProperties'
2020-07-15 19:51:17.669 2503 [restartedMain] DEBUG o.s.b.f.s.DefaultListableBeanFactory - Creating shared instance of singleton bean 'org.springframework.boot.autoconfigure.task.TaskSchedulingAutoConfiguration'
2020-07-15 19:51:17.669 2503 [restartedMain] TRACE o.s.b.f.s.DefaultListableBeanFactory - Creating instance of bean 'org.springframework.boot.autoconfigure.task.TaskSchedulingAutoConfiguration'
2020-07-15 19:51:17.670 2504 [restartedMain] TRACE o.s.b.f.s.DefaultListableBeanFactory - Eagerly caching bean 'org.springframework.boot.autoconfigure.task.TaskSchedulingAutoConfiguration' to allow for resolving potential circular references
2020-07-15 19:51:17.670 2504 [restartedMain] TRACE o.s.b.f.s.DefaultListableBeanFactory - Finished creating instance of bean 'org.springframework.boot.autoconfigure.task.TaskSchedulingAutoConfiguration'
2020-07-15 19:51:17.670 2504 [restartedMain] DEBUG o.s.b.f.s.DefaultListableBeanFactory - Creating shared instance of singleton bean 'taskSchedulerBuilder'
2020-07-15 19:51:17.670 2504 [restartedMain] TRACE o.s.b.f.s.DefaultListableBeanFactory - Creating instance of bean 'taskSchedulerBuilder'
2020-07-15 19:51:17.670 2504 [restartedMain] TRACE o.s.b.f.s.DefaultListableBeanFactory - Returning cached instance of singleton bean 'org.springframework.boot.autoconfigure.task.TaskSchedulingAutoConfiguration'
2020-07-15 19:51:17.671 2505 [restartedMain] DEBUG o.s.b.f.s.DefaultListableBeanFactory - Creating shared instance of singleton bean 'spring.task.scheduling-org.springframework.boot.autoconfigure.task.TaskSchedulingProperties'
2020-07-15 19:51:17.671 2505 [restartedMain] TRACE o.s.b.f.s.DefaultListableBeanFactory - Creating instance of bean 'spring.task.scheduling-org.springframework.boot.autoconfigure.task.TaskSchedulingProperties'
2020-07-15 19:51:17.671 2505 [restartedMain] TRACE o.s.b.f.s.DefaultListableBeanFactory - Eagerly caching bean 'spring.task.scheduling-org.springframework.boot.autoconfigure.task.TaskSchedulingProperties' to allow for resolving potential circular references
2020-07-15 19:51:17.672 2506 [restartedMain] TRACE o.s.b.f.s.DefaultListableBeanFactory - Finished creating instance of bean 'spring.task.scheduling-org.springframework.boot.autoconfigure.task.TaskSchedulingProperties'
2020-07-15 19:51:17.672 2506 [restartedMain] DEBUG o.s.b.f.s.DefaultListableBeanFactory - Autowiring by type from bean name 'taskSchedulerBuilder' via factory method to bean named 'spring.task.scheduling-org.springframework.boot.autoconfigure.task.TaskSchedulingProperties'
2020-07-15 19:51:17.673 2507 [restartedMain] TRACE o.s.b.f.s.DefaultListableBeanFactory - Eagerly caching bean 'taskSchedulerBuilder' to allow for resolving potential circular references
2020-07-15 19:51:17.674 2508 [restartedMain] TRACE o.s.b.f.s.DefaultListableBeanFactory - Finished creating instance of bean 'taskSchedulerBuilder'
2020-07-15 19:51:17.674 2508 [restartedMain] TRACE o.s.b.f.s.DefaultListableBeanFactory - Returning cached instance of singleton bean 'spring.task.scheduling-org.springframework.boot.autoconfigure.task.TaskSchedulingProperties'
2020-07-15 19:51:17.674 2508 [restartedMain] TRACE o.s.b.f.s.DefaultListableBeanFactory - Returning cached instance of singleton bean 'org.springframework.boot.autoconfigure.thymeleaf.ThymeleafAutoConfiguration$ThymeleafJava8TimeDialect'
2020-07-15 19:51:17.674 2508 [restartedMain] TRACE o.s.b.f.s.DefaultListableBeanFactory - Returning cached instance of singleton bean 'java8TimeDialect'
2020-07-15 19:51:17.674 2508 [restartedMain] TRACE o.s.b.f.s.DefaultListableBeanFactory - Returning cached instance of singleton bean 'org.springframework.boot.autoconfigure.thymeleaf.ThymeleafAutoConfiguration$ThymeleafSecurityDialectConfiguration'
2020-07-15 19:51:17.674 2508 [restartedMain] TRACE o.s.b.f.s.DefaultListableBeanFactory - Returning cached instance of singleton bean 'securityDialect'
2020-07-15 19:51:17.674 2508 [restartedMain] TRACE o.s.b.f.s.DefaultListableBeanFactory - Returning cached instance of singleton bean 'org.springframework.boot.autoconfigure.thymeleaf.ThymeleafAutoConfiguration$ThymeleafWebMvcConfiguration$ThymeleafViewResolverConfiguration'
2020-07-15 19:51:17.674 2508 [restartedMain] TRACE o.s.b.f.s.DefaultListableBeanFactory - Returning cached instance of singleton bean 'thymeleafViewResolver'
2020-07-15 19:51:17.674 2508 [restartedMain] DEBUG o.s.b.f.s.DefaultListableBeanFactory - Creating shared instance of singleton bean 'org.springframework.boot.autoconfigure.thymeleaf.ThymeleafAutoConfiguration$ThymeleafWebMvcConfiguration'
2020-07-15 19:51:17.674 2508 [restartedMain] TRACE o.s.b.f.s.DefaultListableBeanFactory - Creating instance of bean 'org.springframework.boot.autoconfigure.thymeleaf.ThymeleafAutoConfiguration$ThymeleafWebMvcConfiguration'
2020-07-15 19:51:17.675 2509 [restartedMain] TRACE o.s.b.f.s.DefaultListableBeanFactory - Eagerly caching bean 'org.springframework.boot.autoconfigure.thymeleaf.ThymeleafAutoConfiguration$ThymeleafWebMvcConfiguration' to allow for resolving potential circular references
2020-07-15 19:51:17.675 2509 [restartedMain] TRACE o.s.b.f.s.DefaultListableBeanFactory - Finished creating instance of bean 'org.springframework.boot.autoconfigure.thymeleaf.ThymeleafAutoConfiguration$ThymeleafWebMvcConfiguration'
2020-07-15 19:51:17.675 2509 [restartedMain] TRACE o.s.b.f.s.DefaultListableBeanFactory - Returning cached instance of singleton bean 'org.springframework.boot.autoconfigure.thymeleaf.ThymeleafAutoConfiguration$ThymeleafDefaultConfiguration'
2020-07-15 19:51:17.675 2509 [restartedMain] TRACE o.s.b.f.s.DefaultListableBeanFactory - Returning cached instance of singleton bean 'templateEngine'
2020-07-15 19:51:17.675 2509 [restartedMain] TRACE o.s.b.f.s.DefaultListableBeanFactory - Returning cached instance of singleton bean 'org.springframework.boot.autoconfigure.thymeleaf.ThymeleafAutoConfiguration$DefaultTemplateResolverConfiguration'
2020-07-15 19:51:17.675 2509 [restartedMain] TRACE o.s.b.f.s.DefaultListableBeanFactory - Returning cached instance of singleton bean 'defaultTemplateResolver'
2020-07-15 19:51:17.675 2509 [restartedMain] DEBUG o.s.b.f.s.DefaultListableBeanFactory - Creating shared instance of singleton bean 'org.springframework.boot.autoconfigure.thymeleaf.ThymeleafAutoConfiguration'
2020-07-15 19:51:17.675 2509 [restartedMain] TRACE o.s.b.f.s.DefaultListableBeanFactory - Creating instance of bean 'org.springframework.boot.autoconfigure.thymeleaf.ThymeleafAutoConfiguration'
2020-07-15 19:51:17.676 2510 [restartedMain] TRACE o.s.b.f.s.DefaultListableBeanFactory - Eagerly caching bean 'org.springframework.boot.autoconfigure.thymeleaf.ThymeleafAutoConfiguration' to allow for resolving potential circular references
2020-07-15 19:51:17.676 2510 [restartedMain] TRACE o.s.b.f.s.DefaultListableBeanFactory - Finished creating instance of bean 'org.springframework.boot.autoconfigure.thymeleaf.ThymeleafAutoConfiguration'
2020-07-15 19:51:17.676 2510 [restartedMain] TRACE o.s.b.f.s.DefaultListableBeanFactory - Returning cached instance of singleton bean 'spring.thymeleaf-org.springframework.boot.autoconfigure.thymeleaf.ThymeleafProperties'
2020-07-15 19:51:17.676 2510 [restartedMain] DEBUG o.s.b.f.s.DefaultListableBeanFactory - Creating shared instance of singleton bean 'org.springframework.boot.autoconfigure.web.client.RestTemplateAutoConfiguration'
2020-07-15 19:51:17.676 2510 [restartedMain] TRACE o.s.b.f.s.DefaultListableBeanFactory - Creating instance of bean 'org.springframework.boot.autoconfigure.web.client.RestTemplateAutoConfiguration'
2020-07-15 19:51:17.676 2510 [restartedMain] TRACE o.s.b.f.s.DefaultListableBeanFactory - Eagerly caching bean 'org.springframework.boot.autoconfigure.web.client.RestTemplateAutoConfiguration' to allow for resolving potential circular references
2020-07-15 19:51:17.676 2510 [restartedMain] TRACE o.s.b.f.s.DefaultListableBeanFactory - Finished creating instance of bean 'org.springframework.boot.autoconfigure.web.client.RestTemplateAutoConfiguration'
2020-07-15 19:51:17.676 2510 [restartedMain] DEBUG o.s.b.f.s.DefaultListableBeanFactory - Creating shared instance of singleton bean 'restTemplateBuilder'
2020-07-15 19:51:17.676 2510 [restartedMain] TRACE o.s.b.f.s.DefaultListableBeanFactory - Creating instance of bean 'restTemplateBuilder'
2020-07-15 19:51:17.676 2510 [restartedMain] TRACE o.s.b.f.s.DefaultListableBeanFactory - Returning cached instance of singleton bean 'org.springframework.boot.autoconfigure.web.client.RestTemplateAutoConfiguration'
2020-07-15 19:51:17.677 2511 [restartedMain] TRACE o.s.b.f.s.DefaultListableBeanFactory - Returning cached instance of singleton bean 'messageConverters'
2020-07-15 19:51:17.679 2513 [restartedMain] TRACE o.s.b.f.s.DefaultListableBeanFactory - Eagerly caching bean 'restTemplateBuilder' to allow for resolving potential circular references
2020-07-15 19:51:17.680 2514 [restartedMain] TRACE o.s.b.f.s.DefaultListableBeanFactory - Finished creating instance of bean 'restTemplateBuilder'
2020-07-15 19:51:17.680 2514 [restartedMain] TRACE o.s.b.f.s.DefaultListableBeanFactory - Returning cached instance of singleton bean 'org.springframework.boot.autoconfigure.web.embedded.EmbeddedWebServerFactoryCustomizerAutoConfiguration$TomcatWebServerFactoryCustomizerConfiguration'
2020-07-15 19:51:17.680 2514 [restartedMain] TRACE o.s.b.f.s.DefaultListableBeanFactory - Returning cached instance of singleton bean 'tomcatWebServerFactoryCustomizer'
2020-07-15 19:51:17.680 2514 [restartedMain] DEBUG o.s.b.f.s.DefaultListableBeanFactory - Creating shared instance of singleton bean 'org.springframework.boot.autoconfigure.web.embedded.EmbeddedWebServerFactoryCustomizerAutoConfiguration'
2020-07-15 19:51:17.680 2514 [restartedMain] TRACE o.s.b.f.s.DefaultListableBeanFactory - Creating instance of bean 'org.springframework.boot.autoconfigure.web.embedded.EmbeddedWebServerFactoryCustomizerAutoConfiguration'
2020-07-15 19:51:17.680 2514 [restartedMain] TRACE o.s.b.f.s.DefaultListableBeanFactory - Eagerly caching bean 'org.springframework.boot.autoconfigure.web.embedded.EmbeddedWebServerFactoryCustomizerAutoConfiguration' to allow for resolving potential circular references
2020-07-15 19:51:17.680 2514 [restartedMain] TRACE o.s.b.f.s.DefaultListableBeanFactory - Finished creating instance of bean 'org.springframework.boot.autoconfigure.web.embedded.EmbeddedWebServerFactoryCustomizerAutoConfiguration'
2020-07-15 19:51:17.680 2514 [restartedMain] TRACE o.s.b.f.s.DefaultListableBeanFactory - Returning cached instance of singleton bean 'org.springframework.boot.autoconfigure.web.servlet.HttpEncodingAutoConfiguration'
2020-07-15 19:51:17.680 2514 [restartedMain] TRACE o.s.b.f.s.DefaultListableBeanFactory - Returning cached instance of singleton bean 'characterEncodingFilter'
2020-07-15 19:51:17.680 2514 [restartedMain] TRACE o.s.b.f.s.DefaultListableBeanFactory - Returning cached instance of singleton bean 'localeCharsetMappingsCustomizer'
2020-07-15 19:51:17.680 2514 [restartedMain] TRACE o.s.b.f.s.DefaultListableBeanFactory - Returning cached instance of singleton bean 'org.springframework.boot.autoconfigure.web.servlet.MultipartAutoConfiguration'
2020-07-15 19:51:17.680 2514 [restartedMain] TRACE o.s.b.f.s.DefaultListableBeanFactory - Returning cached instance of singleton bean 'multipartConfigElement'
2020-07-15 19:51:17.680 2514 [restartedMain] DEBUG o.s.b.f.s.DefaultListableBeanFactory - Creating shared instance of singleton bean 'multipartResolver'
2020-07-15 19:51:17.680 2514 [restartedMain] TRACE o.s.b.f.s.DefaultListableBeanFactory - Creating instance of bean 'multipartResolver'
2020-07-15 19:51:17.680 2514 [restartedMain] TRACE o.s.b.f.s.DefaultListableBeanFactory - Returning cached instance of singleton bean 'org.springframework.boot.autoconfigure.web.servlet.MultipartAutoConfiguration'
2020-07-15 19:51:17.680 2514 [restartedMain] TRACE o.s.b.f.s.DefaultListableBeanFactory - Eagerly caching bean 'multipartResolver' to allow for resolving potential circular references
2020-07-15 19:51:17.680 2514 [restartedMain] TRACE o.s.b.f.s.DefaultListableBeanFactory - Finished creating instance of bean 'multipartResolver'
2020-07-15 19:51:17.680 2514 [restartedMain] TRACE o.s.b.f.s.DefaultListableBeanFactory - Returning cached instance of singleton bean 'spring.servlet.multipart-org.springframework.boot.autoconfigure.web.servlet.MultipartProperties'
2020-07-15 19:51:17.681 2515 [restartedMain] DEBUG o.s.b.f.s.DefaultListableBeanFactory - Creating shared instance of singleton bean 'org.springframework.boot.devtools.autoconfigure.LocalDevToolsAutoConfiguration$RestartConfiguration'
2020-07-15 19:51:17.681 2515 [restartedMain] TRACE o.s.b.f.s.DefaultListableBeanFactory - Creating instance of bean 'org.springframework.boot.devtools.autoconfigure.LocalDevToolsAutoConfiguration$RestartConfiguration'
2020-07-15 19:51:17.681 2515 [restartedMain] DEBUG o.s.b.f.s.DefaultListableBeanFactory - Creating shared instance of singleton bean 'spring.devtools-org.springframework.boot.devtools.autoconfigure.DevToolsProperties'
2020-07-15 19:51:17.681 2515 [restartedMain] TRACE o.s.b.f.s.DefaultListableBeanFactory - Creating instance of bean 'spring.devtools-org.springframework.boot.devtools.autoconfigure.DevToolsProperties'
2020-07-15 19:51:17.682 2516 [restartedMain] TRACE o.s.b.f.s.DefaultListableBeanFactory - Eagerly caching bean 'spring.devtools-org.springframework.boot.devtools.autoconfigure.DevToolsProperties' to allow for resolving potential circular references
2020-07-15 19:51:17.683 2517 [restartedMain] TRACE o.s.b.f.s.DefaultListableBeanFactory - Finished creating instance of bean 'spring.devtools-org.springframework.boot.devtools.autoconfigure.DevToolsProperties'
2020-07-15 19:51:17.683 2517 [restartedMain] DEBUG o.s.b.f.s.DefaultListableBeanFactory - Autowiring by type from bean name 'org.springframework.boot.devtools.autoconfigure.LocalDevToolsAutoConfiguration$RestartConfiguration' via constructor to bean named 'spring.devtools-org.springframework.boot.devtools.autoconfigure.DevToolsProperties'
2020-07-15 19:51:17.683 2517 [restartedMain] TRACE o.s.b.f.s.DefaultListableBeanFactory - Eagerly caching bean 'org.springframework.boot.devtools.autoconfigure.LocalDevToolsAutoConfiguration$RestartConfiguration' to allow for resolving potential circular references
2020-07-15 19:51:17.683 2517 [restartedMain] TRACE o.s.b.f.s.DefaultListableBeanFactory - Finished creating instance of bean 'org.springframework.boot.devtools.autoconfigure.LocalDevToolsAutoConfiguration$RestartConfiguration'
2020-07-15 19:51:17.683 2517 [restartedMain] DEBUG o.s.b.f.s.DefaultListableBeanFactory - Creating shared instance of singleton bean 'restartingClassPathChangedEventListener'
2020-07-15 19:51:17.683 2517 [restartedMain] TRACE o.s.b.f.s.DefaultListableBeanFactory - Creating instance of bean 'restartingClassPathChangedEventListener'
2020-07-15 19:51:17.683 2517 [restartedMain] TRACE o.s.b.f.s.DefaultListableBeanFactory - Returning cached instance of singleton bean 'org.springframework.boot.devtools.autoconfigure.LocalDevToolsAutoConfiguration$RestartConfiguration'
2020-07-15 19:51:17.684 2518 [restartedMain] DEBUG o.s.b.f.s.DefaultListableBeanFactory - Creating shared instance of singleton bean 'fileSystemWatcherFactory'
2020-07-15 19:51:17.684 2518 [restartedMain] TRACE o.s.b.f.s.DefaultListableBeanFactory - Creating instance of bean 'fileSystemWatcherFactory'
2020-07-15 19:51:17.684 2518 [restartedMain] TRACE o.s.b.f.s.DefaultListableBeanFactory - Returning cached instance of singleton bean 'org.springframework.boot.devtools.autoconfigure.LocalDevToolsAutoConfiguration$RestartConfiguration'
2020-07-15 19:51:17.685 2519 [restartedMain] TRACE o.s.b.f.s.DefaultListableBeanFactory - Eagerly caching bean 'fileSystemWatcherFactory' to allow for resolving potential circular references
2020-07-15 19:51:17.685 2519 [restartedMain] TRACE o.s.b.f.s.DefaultListableBeanFactory - Finished creating instance of bean 'fileSystemWatcherFactory'
2020-07-15 19:51:17.685 2519 [restartedMain] DEBUG o.s.b.f.s.DefaultListableBeanFactory - Autowiring by type from bean name 'restartingClassPathChangedEventListener' via factory method to bean named 'fileSystemWatcherFactory'
2020-07-15 19:51:17.685 2519 [restartedMain] TRACE o.s.b.f.s.DefaultListableBeanFactory - Eagerly caching bean 'restartingClassPathChangedEventListener' to allow for resolving potential circular references
2020-07-15 19:51:17.686 2520 [restartedMain] TRACE o.s.b.f.s.DefaultListableBeanFactory - Finished creating instance of bean 'restartingClassPathChangedEventListener'
2020-07-15 19:51:17.686 2520 [restartedMain] DEBUG o.s.b.f.s.DefaultListableBeanFactory - Creating shared instance of singleton bean 'classPathFileSystemWatcher'
2020-07-15 19:51:17.686 2520 [restartedMain] TRACE o.s.b.f.s.DefaultListableBeanFactory - Creating instance of bean 'classPathFileSystemWatcher'
2020-07-15 19:51:17.686 2520 [restartedMain] TRACE o.s.b.f.s.DefaultListableBeanFactory - Returning cached instance of singleton bean 'org.springframework.boot.devtools.autoconfigure.LocalDevToolsAutoConfiguration$RestartConfiguration'
2020-07-15 19:51:17.686 2520 [restartedMain] TRACE o.s.b.f.s.DefaultListableBeanFactory - Returning cached instance of singleton bean 'fileSystemWatcherFactory'
2020-07-15 19:51:17.686 2520 [restartedMain] DEBUG o.s.b.f.s.DefaultListableBeanFactory - Creating shared instance of singleton bean 'classPathRestartStrategy'
2020-07-15 19:51:17.686 2520 [restartedMain] TRACE o.s.b.f.s.DefaultListableBeanFactory - Creating instance of bean 'classPathRestartStrategy'
2020-07-15 19:51:17.686 2520 [restartedMain] TRACE o.s.b.f.s.DefaultListableBeanFactory - Returning cached instance of singleton bean 'org.springframework.boot.devtools.autoconfigure.LocalDevToolsAutoConfiguration$RestartConfiguration'
2020-07-15 19:51:17.687 2521 [restartedMain] TRACE o.s.b.f.s.DefaultListableBeanFactory - Eagerly caching bean 'classPathRestartStrategy' to allow for resolving potential circular references
2020-07-15 19:51:17.687 2521 [restartedMain] TRACE o.s.b.f.s.DefaultListableBeanFactory - Finished creating instance of bean 'classPathRestartStrategy'
2020-07-15 19:51:17.687 2521 [restartedMain] DEBUG o.s.b.f.s.DefaultListableBeanFactory - Autowiring by type from bean name 'classPathFileSystemWatcher' via factory method to bean named 'fileSystemWatcherFactory'
2020-07-15 19:51:17.687 2521 [restartedMain] DEBUG o.s.b.f.s.DefaultListableBeanFactory - Autowiring by type from bean name 'classPathFileSystemWatcher' via factory method to bean named 'classPathRestartStrategy'
2020-07-15 19:51:17.688 2522 [restartedMain] TRACE o.s.b.f.s.DefaultListableBeanFactory - Eagerly caching bean 'classPathFileSystemWatcher' to allow for resolving potential circular references
2020-07-15 19:51:17.689 2523 [restartedMain] TRACE o.s.b.f.s.DefaultListableBeanFactory - Invoking afterPropertiesSet() on bean with name 'classPathFileSystemWatcher'
2020-07-15 19:51:17.703 2537 [restartedMain] TRACE o.s.b.f.s.DefaultListableBeanFactory - Finished creating instance of bean 'classPathFileSystemWatcher'
2020-07-15 19:51:17.703 2537 [restartedMain] TRACE o.s.b.f.s.DefaultListableBeanFactory - Returning cached instance of singleton bean 'classPathRestartStrategy'
2020-07-15 19:51:17.703 2537 [restartedMain] TRACE o.s.b.f.s.DefaultListableBeanFactory - Returning cached instance of singleton bean 'fileSystemWatcherFactory'
2020-07-15 19:51:17.703 2537 [restartedMain] DEBUG o.s.b.f.s.DefaultListableBeanFactory - Creating shared instance of singleton bean 'conditionEvaluationDeltaLoggingListener'
2020-07-15 19:51:17.703 2537 [restartedMain] TRACE o.s.b.f.s.DefaultListableBeanFactory - Creating instance of bean 'conditionEvaluationDeltaLoggingListener'
2020-07-15 19:51:17.703 2537 [restartedMain] TRACE o.s.b.f.s.DefaultListableBeanFactory - Returning cached instance of singleton bean 'org.springframework.boot.devtools.autoconfigure.LocalDevToolsAutoConfiguration$RestartConfiguration'
2020-07-15 19:51:17.704 2538 [restartedMain] TRACE o.s.b.f.s.DefaultListableBeanFactory - Eagerly caching bean 'conditionEvaluationDeltaLoggingListener' to allow for resolving potential circular references
2020-07-15 19:51:17.704 2538 [restartedMain] TRACE o.s.b.f.s.DefaultListableBeanFactory - Finished creating instance of bean 'conditionEvaluationDeltaLoggingListener'
2020-07-15 19:51:17.704 2538 [restartedMain] DEBUG o.s.b.f.s.DefaultListableBeanFactory - Creating shared instance of singleton bean 'org.springframework.boot.devtools.autoconfigure.LocalDevToolsAutoConfiguration$LiveReloadConfiguration'
2020-07-15 19:51:17.704 2538 [restartedMain] TRACE o.s.b.f.s.DefaultListableBeanFactory - Creating instance of bean 'org.springframework.boot.devtools.autoconfigure.LocalDevToolsAutoConfiguration$LiveReloadConfiguration'
2020-07-15 19:51:17.704 2538 [restartedMain] TRACE o.s.b.f.s.DefaultListableBeanFactory - Eagerly caching bean 'org.springframework.boot.devtools.autoconfigure.LocalDevToolsAutoConfiguration$LiveReloadConfiguration' to allow for resolving potential circular references
2020-07-15 19:51:17.704 2538 [restartedMain] TRACE o.s.b.f.s.DefaultListableBeanFactory - Finished creating instance of bean 'org.springframework.boot.devtools.autoconfigure.LocalDevToolsAutoConfiguration$LiveReloadConfiguration'
2020-07-15 19:51:17.704 2538 [restartedMain] DEBUG o.s.b.f.s.DefaultListableBeanFactory - Creating shared instance of singleton bean 'optionalLiveReloadServer'
2020-07-15 19:51:17.704 2538 [restartedMain] TRACE o.s.b.f.s.DefaultListableBeanFactory - Creating instance of bean 'optionalLiveReloadServer'
2020-07-15 19:51:17.704 2538 [restartedMain] TRACE o.s.b.f.s.DefaultListableBeanFactory - Returning cached instance of singleton bean 'org.springframework.boot.devtools.autoconfigure.LocalDevToolsAutoConfiguration$LiveReloadConfiguration'
2020-07-15 19:51:17.705 2539 [restartedMain] TRACE o.s.b.f.s.DefaultListableBeanFactory - Creating instance of bean 'liveReloadServer'
2020-07-15 19:51:17.705 2539 [restartedMain] TRACE o.s.b.f.s.DefaultListableBeanFactory - Returning cached instance of singleton bean 'org.springframework.boot.devtools.autoconfigure.LocalDevToolsAutoConfiguration$LiveReloadConfiguration'
2020-07-15 19:51:17.706 2540 [restartedMain] TRACE o.s.b.f.s.DefaultListableBeanFactory - Returning cached instance of singleton bean 'spring.devtools-org.springframework.boot.devtools.autoconfigure.DevToolsProperties'
2020-07-15 19:51:17.706 2540 [restartedMain] DEBUG o.s.b.f.s.DefaultListableBeanFactory - Autowiring by type from bean name 'liveReloadServer' via factory method to bean named 'spring.devtools-org.springframework.boot.devtools.autoconfigure.DevToolsProperties'
2020-07-15 19:51:17.709 2543 [restartedMain] TRACE o.s.b.f.s.DefaultListableBeanFactory - Finished creating instance of bean 'liveReloadServer'
2020-07-15 19:51:17.709 2543 [restartedMain] DEBUG o.s.b.f.s.DefaultListableBeanFactory - Autowiring by type from bean name 'optionalLiveReloadServer' via factory method to bean named 'liveReloadServer'
2020-07-15 19:51:17.709 2543 [restartedMain] TRACE o.s.b.f.s.DefaultListableBeanFactory - Eagerly caching bean 'optionalLiveReloadServer' to allow for resolving potential circular references
2020-07-15 19:51:17.709 2543 [restartedMain] TRACE o.s.b.f.s.DefaultListableBeanFactory - Invoking afterPropertiesSet() on bean with name 'optionalLiveReloadServer'
2020-07-15 19:51:17.710 2544 [restartedMain] DEBUG o.s.b.d.livereload.LiveReloadServer - Starting live reload server on port 35729
2020-07-15 19:51:17.713 2547 [restartedMain] INFO  o.s.b.d.a.OptionalLiveReloadServer - LiveReload server is running on port 35729
2020-07-15 19:51:17.713 2547 [restartedMain] TRACE o.s.b.f.s.DefaultListableBeanFactory - Finished creating instance of bean 'optionalLiveReloadServer'
2020-07-15 19:51:17.713 2547 [restartedMain] DEBUG o.s.b.f.s.DefaultListableBeanFactory - Creating shared instance of singleton bean 'liveReloadServerEventListener'
2020-07-15 19:51:17.713 2547 [restartedMain] TRACE o.s.b.f.s.DefaultListableBeanFactory - Creating instance of bean 'liveReloadServerEventListener'
2020-07-15 19:51:17.713 2547 [restartedMain] TRACE o.s.b.f.s.DefaultListableBeanFactory - Returning cached instance of singleton bean 'org.springframework.boot.devtools.autoconfigure.LocalDevToolsAutoConfiguration$LiveReloadConfiguration'
2020-07-15 19:51:17.714 2548 [restartedMain] TRACE o.s.b.f.s.DefaultListableBeanFactory - Returning cached instance of singleton bean 'optionalLiveReloadServer'
2020-07-15 19:51:17.714 2548 [restartedMain] DEBUG o.s.b.f.s.DefaultListableBeanFactory - Autowiring by type from bean name 'liveReloadServerEventListener' via factory method to bean named 'optionalLiveReloadServer'
2020-07-15 19:51:17.714 2548 [restartedMain] TRACE o.s.b.f.s.DefaultListableBeanFactory - Eagerly caching bean 'liveReloadServerEventListener' to allow for resolving potential circular references
2020-07-15 19:51:17.714 2548 [restartedMain] TRACE o.s.b.f.s.DefaultListableBeanFactory - Finished creating instance of bean 'liveReloadServerEventListener'
2020-07-15 19:51:17.714 2548 [restartedMain] DEBUG o.s.b.f.s.DefaultListableBeanFactory - Creating shared instance of singleton bean 'org.springframework.boot.devtools.autoconfigure.LocalDevToolsAutoConfiguration'
2020-07-15 19:51:17.714 2548 [restartedMain] TRACE o.s.b.f.s.DefaultListableBeanFactory - Creating instance of bean 'org.springframework.boot.devtools.autoconfigure.LocalDevToolsAutoConfiguration'
2020-07-15 19:51:17.714 2548 [restartedMain] TRACE o.s.b.f.s.DefaultListableBeanFactory - Eagerly caching bean 'org.springframework.boot.devtools.autoconfigure.LocalDevToolsAutoConfiguration' to allow for resolving potential circular references
2020-07-15 19:51:17.714 2548 [restartedMain] TRACE o.s.b.f.s.DefaultListableBeanFactory - Finished creating instance of bean 'org.springframework.boot.devtools.autoconfigure.LocalDevToolsAutoConfiguration'
2020-07-15 19:51:17.714 2548 [restartedMain] TRACE o.s.b.f.s.DefaultListableBeanFactory - Returning cached instance of singleton bean 'spring.devtools-org.springframework.boot.devtools.autoconfigure.DevToolsProperties'
2020-07-15 19:51:17.715 2549 [restartedMain] TRACE o.s.c.e.EventListenerMethodProcessor - No @EventListener annotations found on bean class: CSCI5308.GroupFormationTool.GroupFormationToolApplication$$EnhancerBySpringCGLIB$$f3ca0b3e
2020-07-15 19:51:17.716 2550 [restartedMain] TRACE o.s.c.e.EventListenerMethodProcessor - No @EventListener annotations found on bean class: CSCI5308.GroupFormationTool.AdminConfig.AdminConfigController
2020-07-15 19:51:17.716 2550 [restartedMain] TRACE o.s.c.e.EventListenerMethodProcessor - No @EventListener annotations found on bean class: CSCI5308.GroupFormationTool.Courses.CourseAdminController
2020-07-15 19:51:17.716 2550 [restartedMain] TRACE o.s.c.e.EventListenerMethodProcessor - No @EventListener annotations found on bean class: CSCI5308.GroupFormationTool.Courses.CourseController
2020-07-15 19:51:17.716 2550 [restartedMain] TRACE o.s.c.e.EventListenerMethodProcessor - No @EventListener annotations found on bean class: CSCI5308.GroupFormationTool.Courses.InstructorAdminController
2020-07-15 19:51:17.716 2550 [restartedMain] TRACE o.s.c.e.EventListenerMethodProcessor - No @EventListener annotations found on bean class: CSCI5308.GroupFormationTool.ErrorHandling.ErrorController
2020-07-15 19:51:17.716 2550 [restartedMain] TRACE o.s.c.e.EventListenerMethodProcessor - No @EventListener annotations found on bean class: CSCI5308.GroupFormationTool.Question.QuestionController
2020-07-15 19:51:17.716 2550 [restartedMain] TRACE o.s.c.e.EventListenerMethodProcessor - No @EventListener annotations found on bean class: CSCI5308.GroupFormationTool.Security.LoginController
2020-07-15 19:51:17.716 2550 [restartedMain] TRACE o.s.c.e.EventListenerMethodProcessor - No @EventListener annotations found on bean class: CSCI5308.GroupFormationTool.Security.SecurityConfiguration$$EnhancerBySpringCGLIB$$b2ab14e4
2020-07-15 19:51:17.716 2550 [restartedMain] TRACE o.s.c.e.EventListenerMethodProcessor - No @EventListener annotations found on bean class: CSCI5308.GroupFormationTool.Security.SignupController
2020-07-15 19:51:17.716 2550 [restartedMain] TRACE o.s.c.e.EventListenerMethodProcessor - No @EventListener annotations found on bean class: CSCI5308.GroupFormationTool.SurveyManagement.SurveyController
2020-07-15 19:51:17.716 2550 [restartedMain] TRACE o.s.c.e.EventListenerMethodProcessor - No @EventListener annotations found on bean class: CSCI5308.GroupFormationTool.WelcomePage.IndexController
2020-07-15 19:51:17.716 2550 [restartedMain] TRACE o.s.c.e.EventListenerMethodProcessor - No @EventListener annotations found on bean class: org.springframework.security.config.annotation.configuration.ObjectPostProcessorConfiguration
2020-07-15 19:51:17.716 2550 [restartedMain] TRACE o.s.c.e.EventListenerMethodProcessor - No @EventListener annotations found on bean class: org.springframework.security.config.annotation.authentication.configuration.AuthenticationConfiguration
2020-07-15 19:51:17.716 2550 [restartedMain] TRACE o.s.c.e.EventListenerMethodProcessor - No @EventListener annotations found on bean class: org.springframework.security.config.annotation.web.configuration.WebSecurityConfiguration
2020-07-15 19:51:17.716 2550 [restartedMain] TRACE o.s.c.e.EventListenerMethodProcessor - No @EventListener annotations found on bean class: org.springframework.boot.autoconfigure.context.PropertyPlaceholderAutoConfiguration
2020-07-15 19:51:17.716 2550 [restartedMain] TRACE o.s.c.e.EventListenerMethodProcessor - No @EventListener annotations found on bean class: org.springframework.boot.autoconfigure.websocket.servlet.WebSocketServletAutoConfiguration$TomcatWebSocketConfiguration
2020-07-15 19:51:17.716 2550 [restartedMain] TRACE o.s.c.e.EventListenerMethodProcessor - No @EventListener annotations found on bean class: org.springframework.boot.autoconfigure.websocket.servlet.WebSocketServletAutoConfiguration
2020-07-15 19:51:17.716 2550 [restartedMain] TRACE o.s.c.e.EventListenerMethodProcessor - No @EventListener annotations found on bean class: org.springframework.boot.autoconfigure.web.servlet.ServletWebServerFactoryConfiguration$EmbeddedTomcat
2020-07-15 19:51:17.716 2550 [restartedMain] TRACE o.s.c.e.EventListenerMethodProcessor - No @EventListener annotations found on bean class: org.springframework.boot.autoconfigure.web.servlet.ServletWebServerFactoryAutoConfiguration
2020-07-15 19:51:17.716 2550 [restartedMain] TRACE o.s.c.e.EventListenerMethodProcessor - No @EventListener annotations found on bean class: org.springframework.boot.autoconfigure.web.servlet.DispatcherServletAutoConfiguration$DispatcherServletConfiguration
2020-07-15 19:51:17.716 2550 [restartedMain] TRACE o.s.c.e.EventListenerMethodProcessor - No @EventListener annotations found on bean class: org.springframework.boot.autoconfigure.web.servlet.DispatcherServletAutoConfiguration$DispatcherServletRegistrationConfiguration
2020-07-15 19:51:17.716 2550 [restartedMain] TRACE o.s.c.e.EventListenerMethodProcessor - No @EventListener annotations found on bean class: org.springframework.boot.autoconfigure.web.servlet.DispatcherServletAutoConfiguration
2020-07-15 19:51:17.716 2550 [restartedMain] TRACE o.s.c.e.EventListenerMethodProcessor - No @EventListener annotations found on bean class: org.springframework.boot.autoconfigure.task.TaskExecutionAutoConfiguration
2020-07-15 19:51:17.716 2550 [restartedMain] TRACE o.s.c.e.EventListenerMethodProcessor - No @EventListener annotations found on bean class: org.springframework.boot.autoconfigure.validation.ValidationAutoConfiguration
2020-07-15 19:51:17.716 2550 [restartedMain] TRACE o.s.c.e.EventListenerMethodProcessor - No @EventListener annotations found on bean class: org.springframework.boot.autoconfigure.web.servlet.error.ErrorMvcAutoConfiguration$DefaultErrorViewResolverConfiguration
2020-07-15 19:51:17.716 2550 [restartedMain] TRACE o.s.c.e.EventListenerMethodProcessor - No @EventListener annotations found on bean class: org.springframework.boot.autoconfigure.web.servlet.error.ErrorMvcAutoConfiguration
2020-07-15 19:51:17.717 2551 [restartedMain] TRACE o.s.c.e.EventListenerMethodProcessor - No @EventListener annotations found on bean class: org.springframework.boot.autoconfigure.web.servlet.error.BasicErrorController
2020-07-15 19:51:17.717 2551 [restartedMain] TRACE o.s.c.e.EventListenerMethodProcessor - No @EventListener annotations found on bean class: org.springframework.boot.autoconfigure.web.servlet.WebMvcAutoConfiguration$EnableWebMvcConfiguration
2020-07-15 19:51:17.717 2551 [restartedMain] TRACE o.s.c.e.EventListenerMethodProcessor - No @EventListener annotations found on bean class: org.springframework.boot.autoconfigure.web.servlet.WebMvcAutoConfiguration$WebMvcAutoConfigurationAdapter
2020-07-15 19:51:17.717 2551 [restartedMain] TRACE o.s.c.e.EventListenerMethodProcessor - No @EventListener annotations found on bean class: org.springframework.boot.autoconfigure.web.servlet.WebMvcAutoConfiguration
2020-07-15 19:51:17.717 2551 [restartedMain] TRACE o.s.c.e.EventListenerMethodProcessor - No @EventListener annotations found on bean class: org.springframework.boot.autoconfigure.aop.AopAutoConfiguration$ClassProxyingConfiguration
2020-07-15 19:51:17.717 2551 [restartedMain] TRACE o.s.c.e.EventListenerMethodProcessor - No @EventListener annotations found on bean class: org.springframework.boot.autoconfigure.aop.AopAutoConfiguration
2020-07-15 19:51:17.717 2551 [restartedMain] TRACE o.s.c.e.EventListenerMethodProcessor - No @EventListener annotations found on bean class: org.springframework.boot.autoconfigure.context.ConfigurationPropertiesAutoConfiguration
2020-07-15 19:51:17.717 2551 [restartedMain] TRACE o.s.c.e.EventListenerMethodProcessor - No @EventListener annotations found on bean class: org.springframework.boot.autoconfigure.jackson.JacksonAutoConfiguration$Jackson2ObjectMapperBuilderCustomizerConfiguration
2020-07-15 19:51:17.717 2551 [restartedMain] TRACE o.s.c.e.EventListenerMethodProcessor - No @EventListener annotations found on bean class: org.springframework.boot.autoconfigure.jackson.JacksonAutoConfiguration$JacksonObjectMapperBuilderConfiguration
2020-07-15 19:51:17.717 2551 [restartedMain] TRACE o.s.c.e.EventListenerMethodProcessor - No @EventListener annotations found on bean class: org.springframework.boot.autoconfigure.jackson.JacksonAutoConfiguration$ParameterNamesModuleConfiguration
2020-07-15 19:51:17.717 2551 [restartedMain] TRACE o.s.c.e.EventListenerMethodProcessor - No @EventListener annotations found on bean class: com.fasterxml.jackson.module.paramnames.ParameterNamesModule
2020-07-15 19:51:17.718 2552 [restartedMain] TRACE o.s.c.e.EventListenerMethodProcessor - No @EventListener annotations found on bean class: org.springframework.boot.autoconfigure.jackson.JacksonAutoConfiguration$JacksonObjectMapperConfiguration
2020-07-15 19:51:17.718 2552 [restartedMain] TRACE o.s.c.e.EventListenerMethodProcessor - No @EventListener annotations found on bean class: com.fasterxml.jackson.databind.ObjectMapper
2020-07-15 19:51:17.718 2552 [restartedMain] TRACE o.s.c.e.EventListenerMethodProcessor - No @EventListener annotations found on bean class: org.springframework.boot.autoconfigure.jackson.JacksonAutoConfiguration
2020-07-15 19:51:17.718 2552 [restartedMain] TRACE o.s.c.e.EventListenerMethodProcessor - No @EventListener annotations found on bean class: org.springframework.boot.autoconfigure.http.HttpMessageConvertersAutoConfiguration$StringHttpMessageConverterConfiguration
2020-07-15 19:51:17.718 2552 [restartedMain] TRACE o.s.c.e.EventListenerMethodProcessor - No @EventListener annotations found on bean class: org.springframework.boot.autoconfigure.http.JacksonHttpMessageConvertersConfiguration$MappingJackson2HttpMessageConverterConfiguration
2020-07-15 19:51:17.718 2552 [restartedMain] TRACE o.s.c.e.EventListenerMethodProcessor - No @EventListener annotations found on bean class: org.springframework.boot.autoconfigure.http.JacksonHttpMessageConvertersConfiguration
2020-07-15 19:51:17.718 2552 [restartedMain] TRACE o.s.c.e.EventListenerMethodProcessor - No @EventListener annotations found on bean class: org.springframework.boot.autoconfigure.http.HttpMessageConvertersAutoConfiguration
2020-07-15 19:51:17.718 2552 [restartedMain] TRACE o.s.c.e.EventListenerMethodProcessor - No @EventListener annotations found on bean class: org.springframework.boot.autoconfigure.info.ProjectInfoAutoConfiguration
2020-07-15 19:51:17.718 2552 [restartedMain] TRACE o.s.c.e.EventListenerMethodProcessor - No @EventListener annotations found on bean class: org.springframework.boot.autoconfigure.security.oauth2.resource.servlet.OAuth2ResourceServerAutoConfiguration
2020-07-15 19:51:17.718 2552 [restartedMain] TRACE o.s.c.e.EventListenerMethodProcessor - No @EventListener annotations found on bean class: org.springframework.boot.autoconfigure.security.servlet.SecurityAutoConfiguration
2020-07-15 19:51:17.718 2552 [restartedMain] TRACE o.s.c.e.EventListenerMethodProcessor - No @EventListener annotations found on bean class: org.springframework.boot.autoconfigure.security.servlet.SecurityFilterAutoConfiguration
2020-07-15 19:51:17.718 2552 [restartedMain] TRACE o.s.c.e.EventListenerMethodProcessor - No @EventListener annotations found on bean class: org.springframework.boot.autoconfigure.security.servlet.UserDetailsServiceAutoConfiguration
2020-07-15 19:51:17.718 2552 [restartedMain] TRACE o.s.c.e.EventListenerMethodProcessor - No @EventListener annotations found on bean class: org.springframework.boot.autoconfigure.session.NoOpSessionConfiguration
2020-07-15 19:51:17.718 2552 [restartedMain] TRACE o.s.c.e.EventListenerMethodProcessor - No @EventListener annotations found on bean class: org.springframework.boot.autoconfigure.session.SessionAutoConfiguration$ServletSessionConfiguration$ServletSessionRepositoryConfiguration
2020-07-15 19:51:17.718 2552 [restartedMain] TRACE o.s.c.e.EventListenerMethodProcessor - No @EventListener annotations found on bean class: org.springframework.boot.autoconfigure.session.SessionAutoConfiguration$ServletSessionConfiguration
2020-07-15 19:51:17.718 2552 [restartedMain] TRACE o.s.c.e.EventListenerMethodProcessor - No @EventListener annotations found on bean class: org.springframework.boot.autoconfigure.session.SessionAutoConfiguration
2020-07-15 19:51:17.718 2552 [restartedMain] TRACE o.s.c.e.EventListenerMethodProcessor - No @EventListener annotations found on bean class: org.springframework.boot.autoconfigure.task.TaskSchedulingAutoConfiguration
2020-07-15 19:51:17.718 2552 [restartedMain] TRACE o.s.c.e.EventListenerMethodProcessor - No @EventListener annotations found on bean class: org.springframework.boot.autoconfigure.thymeleaf.ThymeleafAutoConfiguration$ThymeleafJava8TimeDialect
2020-07-15 19:51:17.718 2552 [restartedMain] TRACE o.s.c.e.EventListenerMethodProcessor - No @EventListener annotations found on bean class: org.thymeleaf.extras.java8time.dialect.Java8TimeDialect
2020-07-15 19:51:17.718 2552 [restartedMain] TRACE o.s.c.e.EventListenerMethodProcessor - No @EventListener annotations found on bean class: org.springframework.boot.autoconfigure.thymeleaf.ThymeleafAutoConfiguration$ThymeleafSecurityDialectConfiguration
2020-07-15 19:51:17.719 2553 [restartedMain] TRACE o.s.c.e.EventListenerMethodProcessor - No @EventListener annotations found on bean class: org.thymeleaf.extras.springsecurity5.dialect.SpringSecurityDialect
2020-07-15 19:51:17.719 2553 [restartedMain] TRACE o.s.c.e.EventListenerMethodProcessor - No @EventListener annotations found on bean class: org.springframework.boot.autoconfigure.thymeleaf.ThymeleafAutoConfiguration$ThymeleafWebMvcConfiguration$ThymeleafViewResolverConfiguration
2020-07-15 19:51:17.719 2553 [restartedMain] TRACE o.s.c.e.EventListenerMethodProcessor - No @EventListener annotations found on bean class: org.thymeleaf.spring5.view.ThymeleafViewResolver
2020-07-15 19:51:17.719 2553 [restartedMain] TRACE o.s.c.e.EventListenerMethodProcessor - No @EventListener annotations found on bean class: org.springframework.boot.autoconfigure.thymeleaf.ThymeleafAutoConfiguration$ThymeleafWebMvcConfiguration
2020-07-15 19:51:17.719 2553 [restartedMain] TRACE o.s.c.e.EventListenerMethodProcessor - No @EventListener annotations found on bean class: org.springframework.boot.autoconfigure.thymeleaf.ThymeleafAutoConfiguration$ThymeleafDefaultConfiguration
2020-07-15 19:51:17.719 2553 [restartedMain] TRACE o.s.c.e.EventListenerMethodProcessor - No @EventListener annotations found on bean class: org.thymeleaf.spring5.SpringTemplateEngine
2020-07-15 19:51:17.719 2553 [restartedMain] TRACE o.s.c.e.EventListenerMethodProcessor - No @EventListener annotations found on bean class: org.springframework.boot.autoconfigure.thymeleaf.ThymeleafAutoConfiguration$DefaultTemplateResolverConfiguration
2020-07-15 19:51:17.719 2553 [restartedMain] TRACE o.s.c.e.EventListenerMethodProcessor - No @EventListener annotations found on bean class: org.thymeleaf.spring5.templateresolver.SpringResourceTemplateResolver
2020-07-15 19:51:17.719 2553 [restartedMain] TRACE o.s.c.e.EventListenerMethodProcessor - No @EventListener annotations found on bean class: org.springframework.boot.autoconfigure.thymeleaf.ThymeleafAutoConfiguration
2020-07-15 19:51:17.719 2553 [restartedMain] TRACE o.s.c.e.EventListenerMethodProcessor - No @EventListener annotations found on bean class: org.springframework.boot.autoconfigure.web.client.RestTemplateAutoConfiguration
2020-07-15 19:51:17.719 2553 [restartedMain] TRACE o.s.c.e.EventListenerMethodProcessor - No @EventListener annotations found on bean class: org.springframework.boot.autoconfigure.web.embedded.EmbeddedWebServerFactoryCustomizerAutoConfiguration$TomcatWebServerFactoryCustomizerConfiguration
2020-07-15 19:51:17.719 2553 [restartedMain] TRACE o.s.c.e.EventListenerMethodProcessor - No @EventListener annotations found on bean class: org.springframework.boot.autoconfigure.web.embedded.EmbeddedWebServerFactoryCustomizerAutoConfiguration
2020-07-15 19:51:17.719 2553 [restartedMain] TRACE o.s.c.e.EventListenerMethodProcessor - No @EventListener annotations found on bean class: org.springframework.boot.autoconfigure.web.servlet.HttpEncodingAutoConfiguration
2020-07-15 19:51:17.719 2553 [restartedMain] TRACE o.s.c.e.EventListenerMethodProcessor - No @EventListener annotations found on bean class: org.springframework.boot.autoconfigure.web.servlet.MultipartAutoConfiguration
2020-07-15 19:51:17.719 2553 [restartedMain] TRACE o.s.c.e.EventListenerMethodProcessor - No @EventListener annotations found on bean class: javax.servlet.MultipartConfigElement
2020-07-15 19:51:17.720 2554 [restartedMain] TRACE o.s.c.e.EventListenerMethodProcessor - No @EventListener annotations found on bean class: org.springframework.boot.devtools.autoconfigure.LocalDevToolsAutoConfiguration$RestartConfiguration
2020-07-15 19:51:17.720 2554 [restartedMain] TRACE o.s.c.e.EventListenerMethodProcessor - No @EventListener annotations found on bean class: org.springframework.boot.devtools.autoconfigure.LocalDevToolsAutoConfiguration$LiveReloadConfiguration
2020-07-15 19:51:17.720 2554 [restartedMain] TRACE o.s.c.e.EventListenerMethodProcessor - No @EventListener annotations found on bean class: org.springframework.boot.devtools.autoconfigure.LocalDevToolsAutoConfiguration
2020-07-15 19:51:17.721 2555 [restartedMain] TRACE o.s.c.e.EventListenerMethodProcessor - No @EventListener annotations found on bean class: org.apache.catalina.core.ApplicationContextFacade
2020-07-15 19:51:17.722 2556 [restartedMain] TRACE o.s.b.w.s.c.AnnotationConfigServletWebServerApplicationContext - No 'lifecycleProcessor' bean, using [DefaultLifecycleProcessor]
2020-07-15 19:51:17.722 2556 [restartedMain] TRACE o.s.b.f.s.DefaultListableBeanFactory - Returning cached instance of singleton bean 'lifecycleProcessor'
2020-07-15 19:51:17.724 2558 [restartedMain] TRACE o.s.b.f.s.DefaultListableBeanFactory - Returning cached instance of singleton bean 'org.springframework.boot.autoconfigure.internalCachingMetadataReaderFactory'
2020-07-15 19:51:17.724 2558 [restartedMain] TRACE o.s.b.f.s.DefaultListableBeanFactory - Returning cached instance of singleton bean 'delegatingApplicationListener'
2020-07-15 19:51:17.724 2558 [restartedMain] TRACE o.s.b.f.s.DefaultListableBeanFactory - Returning cached instance of singleton bean 'mvcResourceUrlProvider'
2020-07-15 19:51:17.724 2558 [restartedMain] TRACE o.s.b.f.s.DefaultListableBeanFactory - Returning cached instance of singleton bean 'liveReloadServerEventListener'
2020-07-15 19:51:17.739 2573 [restartedMain] DEBUG o.s.b.a.l.ConditionEvaluationReportLoggingListener - 


============================
CONDITIONS EVALUATION REPORT
============================


Positive matches:
-----------------

   AopAutoConfiguration matched:
      - @ConditionalOnProperty (spring.aop.auto=true) matched (OnPropertyCondition)

   AopAutoConfiguration.ClassProxyingConfiguration matched:
      - @ConditionalOnMissingClass did not find unwanted class 'org.aspectj.weaver.Advice' (OnClassCondition)
      - @ConditionalOnProperty (spring.aop.proxy-target-class=true) matched (OnPropertyCondition)

   DispatcherServletAutoConfiguration matched:
      - @ConditionalOnClass found required class 'org.springframework.web.servlet.DispatcherServlet' (OnClassCondition)
      - found 'session' scope (OnWebApplicationCondition)

   DispatcherServletAutoConfiguration.DispatcherServletConfiguration matched:
      - @ConditionalOnClass found required class 'javax.servlet.ServletRegistration' (OnClassCondition)
      - Default DispatcherServlet did not find dispatcher servlet beans (DispatcherServletAutoConfiguration.DefaultDispatcherServletCondition)

   DispatcherServletAutoConfiguration.DispatcherServletRegistrationConfiguration matched:
      - @ConditionalOnClass found required class 'javax.servlet.ServletRegistration' (OnClassCondition)
      - DispatcherServlet Registration did not find servlet registration bean (DispatcherServletAutoConfiguration.DispatcherServletRegistrationCondition)

   DispatcherServletAutoConfiguration.DispatcherServletRegistrationConfiguration#dispatcherServletRegistration matched:
      - @ConditionalOnBean (names: dispatcherServlet types: org.springframework.web.servlet.DispatcherServlet; SearchStrategy: all) found bean 'dispatcherServlet' (OnBeanCondition)

   EmbeddedWebServerFactoryCustomizerAutoConfiguration matched:
      - @ConditionalOnWebApplication (required) found 'session' scope (OnWebApplicationCondition)

   EmbeddedWebServerFactoryCustomizerAutoConfiguration.TomcatWebServerFactoryCustomizerConfiguration matched:
      - @ConditionalOnClass found required classes 'org.apache.catalina.startup.Tomcat', 'org.apache.coyote.UpgradeProtocol' (OnClassCondition)

   ErrorMvcAutoConfiguration matched:
      - @ConditionalOnClass found required classes 'javax.servlet.Servlet', 'org.springframework.web.servlet.DispatcherServlet' (OnClassCondition)
      - found 'session' scope (OnWebApplicationCondition)

   ErrorMvcAutoConfiguration#basicErrorController matched:
      - @ConditionalOnBean (types: org.springframework.boot.web.servlet.error.ErrorController; SearchStrategy: current) did not find any beans (OnBeanCondition)

   ErrorMvcAutoConfiguration#errorAttributes matched:
      - @ConditionalOnBean (types: org.springframework.boot.web.servlet.error.ErrorAttributes; SearchStrategy: current) did not find any beans (OnBeanCondition)

   ErrorMvcAutoConfiguration.DefaultErrorViewResolverConfiguration#conventionErrorViewResolver matched:
      - @ConditionalOnBean (types: org.springframework.web.servlet.DispatcherServlet; SearchStrategy: all) found bean 'dispatcherServlet'; @ConditionalOnBean (types: org.springframework.boot.autoconfigure.web.servlet.error.ErrorViewResolver; SearchStrategy: all) did not find any beans (OnBeanCondition)

   GenericCacheConfiguration matched:
      - Cache org.springframework.boot.autoconfigure.cache.GenericCacheConfiguration automatic cache type (CacheCondition)

   HttpEncodingAutoConfiguration matched:
      - @ConditionalOnClass found required class 'org.springframework.web.filter.CharacterEncodingFilter' (OnClassCondition)
      - found 'session' scope (OnWebApplicationCondition)
      - @ConditionalOnProperty (spring.http.encoding.enabled) matched (OnPropertyCondition)

   HttpEncodingAutoConfiguration#characterEncodingFilter matched:
      - @ConditionalOnBean (types: org.springframework.web.filter.CharacterEncodingFilter; SearchStrategy: all) did not find any beans (OnBeanCondition)

   HttpMessageConvertersAutoConfiguration matched:
      - @ConditionalOnClass found required class 'org.springframework.http.converter.HttpMessageConverter' (OnClassCondition)
      - NoneNestedConditions 0 matched 1 did not; NestedCondition on HttpMessageConvertersAutoConfiguration.NotReactiveWebApplicationCondition.ReactiveWebApplication did not find reactive web application classes (HttpMessageConvertersAutoConfiguration.NotReactiveWebApplicationCondition)

   HttpMessageConvertersAutoConfiguration#messageConverters matched:
      - @ConditionalOnBean (types: org.springframework.boot.autoconfigure.http.HttpMessageConverters; SearchStrategy: all) did not find any beans (OnBeanCondition)

   HttpMessageConvertersAutoConfiguration.StringHttpMessageConverterConfiguration matched:
      - @ConditionalOnClass found required class 'org.springframework.http.converter.StringHttpMessageConverter' (OnClassCondition)

   HttpMessageConvertersAutoConfiguration.StringHttpMessageConverterConfiguration#stringHttpMessageConverter matched:
      - @ConditionalOnBean (types: org.springframework.http.converter.StringHttpMessageConverter; SearchStrategy: all) did not find any beans (OnBeanCondition)

   JacksonAutoConfiguration matched:
      - @ConditionalOnClass found required class 'com.fasterxml.jackson.databind.ObjectMapper' (OnClassCondition)

   JacksonAutoConfiguration.Jackson2ObjectMapperBuilderCustomizerConfiguration matched:
      - @ConditionalOnClass found required class 'org.springframework.http.converter.json.Jackson2ObjectMapperBuilder' (OnClassCondition)

   JacksonAutoConfiguration.JacksonObjectMapperBuilderConfiguration matched:
      - @ConditionalOnClass found required class 'org.springframework.http.converter.json.Jackson2ObjectMapperBuilder' (OnClassCondition)

   JacksonAutoConfiguration.JacksonObjectMapperBuilderConfiguration#jacksonObjectMapperBuilder matched:
      - @ConditionalOnBean (types: org.springframework.http.converter.json.Jackson2ObjectMapperBuilder; SearchStrategy: all) did not find any beans (OnBeanCondition)

   JacksonAutoConfiguration.JacksonObjectMapperConfiguration matched:
      - @ConditionalOnClass found required class 'org.springframework.http.converter.json.Jackson2ObjectMapperBuilder' (OnClassCondition)

   JacksonAutoConfiguration.JacksonObjectMapperConfiguration#jacksonObjectMapper matched:
      - @ConditionalOnBean (types: com.fasterxml.jackson.databind.ObjectMapper; SearchStrategy: all) did not find any beans (OnBeanCondition)

   JacksonAutoConfiguration.ParameterNamesModuleConfiguration matched:
      - @ConditionalOnClass found required class 'com.fasterxml.jackson.module.paramnames.ParameterNamesModule' (OnClassCondition)

   JacksonAutoConfiguration.ParameterNamesModuleConfiguration#parameterNamesModule matched:
      - @ConditionalOnBean (types: com.fasterxml.jackson.module.paramnames.ParameterNamesModule; SearchStrategy: all) did not find any beans (OnBeanCondition)

   JacksonHttpMessageConvertersConfiguration.MappingJackson2HttpMessageConverterConfiguration matched:
      - @ConditionalOnClass found required class 'com.fasterxml.jackson.databind.ObjectMapper' (OnClassCondition)
      - @ConditionalOnProperty (spring.http.converters.preferred-json-mapper=jackson) matched (OnPropertyCondition)
      - @ConditionalOnBean (types: com.fasterxml.jackson.databind.ObjectMapper; SearchStrategy: all) found bean 'jacksonObjectMapper' (OnBeanCondition)

   JacksonHttpMessageConvertersConfiguration.MappingJackson2HttpMessageConverterConfiguration#mappingJackson2HttpMessageConverter matched:
      - @ConditionalOnBean (types: org.springframework.http.converter.json.MappingJackson2HttpMessageConverter ignored: org.springframework.hateoas.server.mvc.TypeConstrainedMappingJackson2HttpMessageConverter,org.springframework.data.rest.webmvc.alps.AlpsJsonHttpMessageConverter; SearchStrategy: all) did not find any beans (OnBeanCondition)

   LocalDevToolsAutoConfiguration matched:
      - Initialized Restarter Condition available and initialized (OnInitializedRestarterCondition)

   LocalDevToolsAutoConfiguration.LiveReloadConfiguration matched:
      - @ConditionalOnProperty (spring.devtools.livereload.enabled) matched (OnPropertyCondition)

   LocalDevToolsAutoConfiguration.LiveReloadConfiguration#liveReloadServer matched:
      - @ConditionalOnBean (types: org.springframework.boot.devtools.livereload.LiveReloadServer; SearchStrategy: all) did not find any beans (OnBeanCondition)

   LocalDevToolsAutoConfiguration.RestartConfiguration matched:
      - @ConditionalOnProperty (spring.devtools.restart.enabled) matched (OnPropertyCondition)

   LocalDevToolsAutoConfiguration.RestartConfiguration#classPathFileSystemWatcher matched:
      - @ConditionalOnBean (types: org.springframework.boot.devtools.classpath.ClassPathFileSystemWatcher; SearchStrategy: all) did not find any beans (OnBeanCondition)

   LocalDevToolsAutoConfiguration.RestartConfiguration#classPathRestartStrategy matched:
      - @ConditionalOnBean (types: org.springframework.boot.devtools.classpath.ClassPathRestartStrategy; SearchStrategy: all) did not find any beans (OnBeanCondition)

   LocalDevToolsAutoConfiguration.RestartConfiguration#conditionEvaluationDeltaLoggingListener matched:
      - @ConditionalOnProperty (spring.devtools.restart.log-condition-evaluation-delta) matched (OnPropertyCondition)

   MultipartAutoConfiguration matched:
      - @ConditionalOnClass found required classes 'javax.servlet.Servlet', 'org.springframework.web.multipart.support.StandardServletMultipartResolver', 'javax.servlet.MultipartConfigElement' (OnClassCondition)
      - found 'session' scope (OnWebApplicationCondition)
      - @ConditionalOnProperty (spring.servlet.multipart.enabled) matched (OnPropertyCondition)

   MultipartAutoConfiguration#multipartConfigElement matched:
      - @ConditionalOnBean (types: javax.servlet.MultipartConfigElement,org.springframework.web.multipart.commons.CommonsMultipartResolver; SearchStrategy: all) did not find any beans (OnBeanCondition)

   MultipartAutoConfiguration#multipartResolver matched:
      - @ConditionalOnBean (types: org.springframework.web.multipart.MultipartResolver; SearchStrategy: all) did not find any beans (OnBeanCondition)

   NoOpCacheConfiguration matched:
      - Cache org.springframework.boot.autoconfigure.cache.NoOpCacheConfiguration automatic cache type (CacheCondition)

   NoOpSessionConfiguration matched:
      - Session Condition did not find property 'spring.session.store-type' (ServletSessionCondition)
      - @ConditionalOnBean (types: org.springframework.session.SessionRepository; SearchStrategy: all) did not find any beans (OnBeanCondition)

   OAuth2ResourceServerAutoConfiguration matched:
      - found 'session' scope (OnWebApplicationCondition)

   PropertyPlaceholderAutoConfiguration#propertySourcesPlaceholderConfigurer matched:
      - @ConditionalOnBean (types: org.springframework.context.support.PropertySourcesPlaceholderConfigurer; SearchStrategy: current) did not find any beans (OnBeanCondition)

   RestTemplateAutoConfiguration matched:
      - @ConditionalOnClass found required class 'org.springframework.web.client.RestTemplate' (OnClassCondition)
      - NoneNestedConditions 0 matched 1 did not; NestedCondition on RestTemplateAutoConfiguration.NotReactiveWebApplicationCondition.ReactiveWebApplication did not find reactive web application classes (RestTemplateAutoConfiguration.NotReactiveWebApplicationCondition)

   RestTemplateAutoConfiguration#restTemplateBuilder matched:
      - @ConditionalOnBean (types: org.springframework.boot.web.client.RestTemplateBuilder; SearchStrategy: all) did not find any beans (OnBeanCondition)

   SecurityAutoConfiguration matched:
      - @ConditionalOnClass found required class 'org.springframework.security.authentication.DefaultAuthenticationEventPublisher' (OnClassCondition)

   SecurityAutoConfiguration#authenticationEventPublisher matched:
      - @ConditionalOnBean (types: org.springframework.security.authentication.AuthenticationEventPublisher; SearchStrategy: all) did not find any beans (OnBeanCondition)

   SecurityFilterAutoConfiguration matched:
      - @ConditionalOnClass found required classes 'org.springframework.security.web.context.AbstractSecurityWebApplicationInitializer', 'org.springframework.security.config.http.SessionCreationPolicy' (OnClassCondition)
      - found 'session' scope (OnWebApplicationCondition)

   SecurityFilterAutoConfiguration#securityFilterChainRegistration matched:
      - @ConditionalOnBean (names: springSecurityFilterChain; SearchStrategy: all) found bean 'springSecurityFilterChain' (OnBeanCondition)

   ServletWebServerFactoryAutoConfiguration matched:
      - @ConditionalOnClass found required class 'javax.servlet.ServletRequest' (OnClassCondition)
      - found 'session' scope (OnWebApplicationCondition)

   ServletWebServerFactoryAutoConfiguration#tomcatServletWebServerFactoryCustomizer matched:
      - @ConditionalOnClass found required class 'org.apache.catalina.startup.Tomcat' (OnClassCondition)

   ServletWebServerFactoryConfiguration.EmbeddedTomcat matched:
      - @ConditionalOnClass found required classes 'javax.servlet.Servlet', 'org.apache.catalina.startup.Tomcat', 'org.apache.coyote.UpgradeProtocol' (OnClassCondition)
      - @ConditionalOnBean (types: org.springframework.boot.web.servlet.server.ServletWebServerFactory; SearchStrategy: current) did not find any beans (OnBeanCondition)

   SessionAutoConfiguration matched:
      - @ConditionalOnClass found required class 'org.springframework.session.Session' (OnClassCondition)
      - @ConditionalOnWebApplication (required) found 'session' scope (OnWebApplicationCondition)

   SessionAutoConfiguration.ServletSessionConfiguration matched:
      - found 'session' scope (OnWebApplicationCondition)

   SessionAutoConfiguration.ServletSessionConfiguration#cookieSerializer matched:
      - AnyNestedCondition 1 matched 1 did not; NestedCondition on SessionAutoConfiguration.DefaultCookieSerializerCondition.CookieHttpSessionIdResolverAvailable found non-matching nested conditions @ConditionalOnBean (types: org.springframework.session.web.http.CookieHttpSessionIdResolver; SearchStrategy: all) did not find any beans of type org.springframework.session.web.http.CookieHttpSessionIdResolver, @ConditionalOnBean (types: org.springframework.session.web.http.CookieHttpSessionIdResolver; SearchStrategy: all) did not find any beans of type org.springframework.session.web.http.CookieHttpSessionIdResolver; NestedCondition on SessionAutoConfiguration.DefaultCookieSerializerCondition.NoComponentsAvailable @ConditionalOnBean (types: org.springframework.session.web.http.HttpSessionIdResolver,org.springframework.session.web.http.CookieSerializer; SearchStrategy: all) did not find any beans (SessionAutoConfiguration.DefaultCookieSerializerCondition)

   SessionAutoConfiguration.ServletSessionConfiguration.ServletSessionRepositoryConfiguration matched:
      - @ConditionalOnBean (types: org.springframework.session.SessionRepository; SearchStrategy: all) did not find any beans (OnBeanCondition)

   SimpleCacheConfiguration matched:
      - Cache org.springframework.boot.autoconfigure.cache.SimpleCacheConfiguration automatic cache type (CacheCondition)

   TaskExecutionAutoConfiguration matched:
      - @ConditionalOnClass found required class 'org.springframework.scheduling.concurrent.ThreadPoolTaskExecutor' (OnClassCondition)

   TaskExecutionAutoConfiguration#applicationTaskExecutor matched:
      - @ConditionalOnBean (types: java.util.concurrent.Executor; SearchStrategy: all) did not find any beans (OnBeanCondition)

   TaskExecutionAutoConfiguration#taskExecutorBuilder matched:
      - @ConditionalOnBean (types: org.springframework.boot.task.TaskExecutorBuilder; SearchStrategy: all) did not find any beans (OnBeanCondition)

   TaskSchedulingAutoConfiguration matched:
      - @ConditionalOnClass found required class 'org.springframework.scheduling.concurrent.ThreadPoolTaskScheduler' (OnClassCondition)

   TaskSchedulingAutoConfiguration#taskSchedulerBuilder matched:
      - @ConditionalOnBean (types: org.springframework.boot.task.TaskSchedulerBuilder; SearchStrategy: all) did not find any beans (OnBeanCondition)

   ThymeleafAutoConfiguration matched:
      - @ConditionalOnClass found required classes 'org.thymeleaf.templatemode.TemplateMode', 'org.thymeleaf.spring5.SpringTemplateEngine' (OnClassCondition)

   ThymeleafAutoConfiguration.DefaultTemplateResolverConfiguration matched:
      - @ConditionalOnBean (names: defaultTemplateResolver; SearchStrategy: all) did not find any beans (OnBeanCondition)

   ThymeleafAutoConfiguration.ThymeleafDefaultConfiguration#templateEngine matched:
      - @ConditionalOnBean (types: org.thymeleaf.spring5.ISpringTemplateEngine; SearchStrategy: all) did not find any beans (OnBeanCondition)

   ThymeleafAutoConfiguration.ThymeleafJava8TimeDialect matched:
      - @ConditionalOnClass found required class 'org.thymeleaf.extras.java8time.dialect.Java8TimeDialect' (OnClassCondition)

   ThymeleafAutoConfiguration.ThymeleafJava8TimeDialect#java8TimeDialect matched:
      - @ConditionalOnBean (types: org.thymeleaf.extras.java8time.dialect.Java8TimeDialect; SearchStrategy: all) did not find any beans (OnBeanCondition)

   ThymeleafAutoConfiguration.ThymeleafSecurityDialectConfiguration matched:
      - @ConditionalOnClass found required class 'org.thymeleaf.extras.springsecurity5.dialect.SpringSecurityDialect' (OnClassCondition)

   ThymeleafAutoConfiguration.ThymeleafSecurityDialectConfiguration#securityDialect matched:
      - @ConditionalOnBean (types: org.thymeleaf.extras.springsecurity5.dialect.SpringSecurityDialect; SearchStrategy: all) did not find any beans (OnBeanCondition)

   ThymeleafAutoConfiguration.ThymeleafWebMvcConfiguration matched:
      - found 'session' scope (OnWebApplicationCondition)
      - @ConditionalOnProperty (spring.thymeleaf.enabled) matched (OnPropertyCondition)

   ThymeleafAutoConfiguration.ThymeleafWebMvcConfiguration.ThymeleafViewResolverConfiguration#thymeleafViewResolver matched:
      - @ConditionalOnBean (names: thymeleafViewResolver; SearchStrategy: all) did not find any beans (OnBeanCondition)

   UserDetailsServiceAutoConfiguration matched:
      - @ConditionalOnClass found required class 'org.springframework.security.authentication.AuthenticationManager' (OnClassCondition)
      - @ConditionalOnBean (types: org.springframework.security.config.annotation.ObjectPostProcessor; SearchStrategy: all) found bean 'objectPostProcessor'; @ConditionalOnBean (types: org.springframework.security.authentication.AuthenticationManager,org.springframework.security.authentication.AuthenticationProvider,org.springframework.security.core.userdetails.UserDetailsService,org.springframework.security.oauth2.jwt.JwtDecoder,org.springframework.security.oauth2.server.resource.introspection.OpaqueTokenIntrospector; SearchStrategy: all) did not find any beans (OnBeanCondition)

   UserDetailsServiceAutoConfiguration#inMemoryUserDetailsManager matched:
      - @ConditionalOnBean (types: org.springframework.security.oauth2.client.registration.ClientRegistrationRepository; SearchStrategy: all) did not find any beans (OnBeanCondition)

   ValidationAutoConfiguration matched:
      - @ConditionalOnClass found required class 'javax.validation.executable.ExecutableValidator' (OnClassCondition)
      - @ConditionalOnResource found location classpath:META-INF/services/javax.validation.spi.ValidationProvider (OnResourceCondition)

   ValidationAutoConfiguration#defaultValidator matched:
      - @ConditionalOnBean (types: javax.validation.Validator; SearchStrategy: all) did not find any beans (OnBeanCondition)

   ValidationAutoConfiguration#methodValidationPostProcessor matched:
      - @ConditionalOnBean (types: org.springframework.validation.beanvalidation.MethodValidationPostProcessor; SearchStrategy: all) did not find any beans (OnBeanCondition)

   WebMvcAutoConfiguration matched:
      - @ConditionalOnClass found required classes 'javax.servlet.Servlet', 'org.springframework.web.servlet.DispatcherServlet', 'org.springframework.web.servlet.config.annotation.WebMvcConfigurer' (OnClassCondition)
      - found 'session' scope (OnWebApplicationCondition)
      - @ConditionalOnBean (types: org.springframework.web.servlet.config.annotation.WebMvcConfigurationSupport; SearchStrategy: all) did not find any beans (OnBeanCondition)

   WebMvcAutoConfiguration#formContentFilter matched:
      - @ConditionalOnProperty (spring.mvc.formcontent.filter.enabled) matched (OnPropertyCondition)
      - @ConditionalOnBean (types: org.springframework.web.filter.FormContentFilter; SearchStrategy: all) did not find any beans (OnBeanCondition)

   WebMvcAutoConfiguration.WebMvcAutoConfigurationAdapter#defaultViewResolver matched:
      - @ConditionalOnBean (types: org.springframework.web.servlet.view.InternalResourceViewResolver; SearchStrategy: all) did not find any beans (OnBeanCondition)

   WebMvcAutoConfiguration.WebMvcAutoConfigurationAdapter#requestContextFilter matched:
      - @ConditionalOnBean (types: org.springframework.web.context.request.RequestContextListener,org.springframework.web.filter.RequestContextFilter; SearchStrategy: all) did not find any beans (OnBeanCondition)

   WebMvcAutoConfiguration.WebMvcAutoConfigurationAdapter#viewResolver matched:
      - @ConditionalOnBean (types: org.springframework.web.servlet.ViewResolver; SearchStrategy: all) found beans 'defaultViewResolver', 'mvcViewResolver'; @ConditionalOnBean (names: viewResolver types: org.springframework.web.servlet.view.ContentNegotiatingViewResolver; SearchStrategy: all) did not find any beans (OnBeanCondition)

   WebSocketServletAutoConfiguration matched:
      - @ConditionalOnClass found required classes 'javax.servlet.Servlet', 'javax.websocket.server.ServerContainer' (OnClassCondition)
      - found 'session' scope (OnWebApplicationCondition)

   WebSocketServletAutoConfiguration.TomcatWebSocketConfiguration matched:
      - @ConditionalOnClass found required classes 'org.apache.catalina.startup.Tomcat', 'org.apache.tomcat.websocket.server.WsSci' (OnClassCondition)

   WebSocketServletAutoConfiguration.TomcatWebSocketConfiguration#websocketServletWebServerCustomizer matched:
      - @ConditionalOnBean (names: websocketServletWebServerCustomizer; SearchStrategy: all) did not find any beans (OnBeanCondition)


Negative matches:
-----------------

   ActiveMQAutoConfiguration:
      Did not match:
         - @ConditionalOnClass did not find required class 'javax.jms.ConnectionFactory' (OnClassCondition)

   AopAutoConfiguration.AspectJAutoProxyingConfiguration:
      Did not match:
         - @ConditionalOnClass did not find required class 'org.aspectj.weaver.Advice' (OnClassCondition)

   ArtemisAutoConfiguration:
      Did not match:
         - @ConditionalOnClass did not find required class 'javax.jms.ConnectionFactory' (OnClassCondition)

   BatchAutoConfiguration:
      Did not match:
         - @ConditionalOnClass did not find required class 'org.springframework.batch.core.launch.JobLauncher' (OnClassCondition)

   CacheAutoConfiguration:
      Did not match:
         - @ConditionalOnBean (types: org.springframework.cache.interceptor.CacheAspectSupport; SearchStrategy: all) did not find any beans of type org.springframework.cache.interceptor.CacheAspectSupport (OnBeanCondition)
      Matched:
         - @ConditionalOnClass found required class 'org.springframework.cache.CacheManager' (OnClassCondition)

   CacheAutoConfiguration.CacheManagerEntityManagerFactoryDependsOnPostProcessor:
      Did not match:
         - @ConditionalOnClass did not find required class 'org.springframework.orm.jpa.LocalContainerEntityManagerFactoryBean' (OnClassCondition)
         - Ancestor org.springframework.boot.autoconfigure.cache.CacheAutoConfiguration did not match (ConditionEvaluationReport.AncestorsMatchedCondition)

   CaffeineCacheConfiguration:
      Did not match:
         - @ConditionalOnClass did not find required class 'com.github.benmanes.caffeine.cache.Caffeine' (OnClassCondition)

   CassandraAutoConfiguration:
      Did not match:
         - @ConditionalOnClass did not find required class 'com.datastax.driver.core.Cluster' (OnClassCondition)

   CassandraDataAutoConfiguration:
      Did not match:
         - @ConditionalOnClass did not find required class 'com.datastax.driver.core.Cluster' (OnClassCondition)

   CassandraReactiveDataAutoConfiguration:
      Did not match:
         - @ConditionalOnClass did not find required class 'com.datastax.driver.core.Cluster' (OnClassCondition)

   CassandraReactiveRepositoriesAutoConfiguration:
      Did not match:
         - @ConditionalOnClass did not find required class 'org.springframework.data.cassandra.ReactiveSession' (OnClassCondition)

   CassandraRepositoriesAutoConfiguration:
      Did not match:
         - @ConditionalOnClass did not find required class 'com.datastax.driver.core.Session' (OnClassCondition)

   ClientHttpConnectorAutoConfiguration:
      Did not match:
         - @ConditionalOnClass did not find required class 'org.springframework.web.reactive.function.client.WebClient' (OnClassCondition)

   CloudServiceConnectorsAutoConfiguration:
      Did not match:
         - @ConditionalOnClass did not find required class 'org.springframework.cloud.config.java.CloudScanConfiguration' (OnClassCondition)

   CodecsAutoConfiguration:
      Did not match:
         - @ConditionalOnClass did not find required class 'org.springframework.web.reactive.function.client.WebClient' (OnClassCondition)

   CouchbaseAutoConfiguration:
      Did not match:
         - @ConditionalOnClass did not find required class 'com.couchbase.client.java.Cluster' (OnClassCondition)

   CouchbaseCacheConfiguration:
      Did not match:
         - @ConditionalOnClass did not find required classes 'com.couchbase.client.java.Bucket', 'com.couchbase.client.spring.cache.CouchbaseCacheManager' (OnClassCondition)

   CouchbaseDataAutoConfiguration:
      Did not match:
         - @ConditionalOnClass did not find required class 'com.couchbase.client.java.Bucket' (OnClassCondition)

   CouchbaseReactiveDataAutoConfiguration:
      Did not match:
         - @ConditionalOnClass did not find required class 'com.couchbase.client.java.Bucket' (OnClassCondition)

   CouchbaseReactiveRepositoriesAutoConfiguration:
      Did not match:
         - @ConditionalOnClass did not find required class 'com.couchbase.client.java.Bucket' (OnClassCondition)

   CouchbaseRepositoriesAutoConfiguration:
      Did not match:
         - @ConditionalOnClass did not find required class 'com.couchbase.client.java.Bucket' (OnClassCondition)

   DataSourceAutoConfiguration:
      Did not match:
         - @ConditionalOnClass did not find required class 'org.springframework.jdbc.datasource.embedded.EmbeddedDatabaseType' (OnClassCondition)

   DataSourceTransactionManagerAutoConfiguration:
      Did not match:
         - @ConditionalOnClass did not find required class 'org.springframework.jdbc.core.JdbcTemplate' (OnClassCondition)

   DevToolsDataSourceAutoConfiguration:
      Did not match:
         - DevTools DataSource Condition did not find a single DataSource bean (DevToolsDataSourceAutoConfiguration.DevToolsDataSourceCondition)
      Matched:
         - Devtools devtools enabled. (OnEnabledDevToolsCondition)

   DevToolsDataSourceAutoConfiguration.DatabaseShutdownExecutorEntityManagerFactoryDependsOnPostProcessor:
      Did not match:
         - @ConditionalOnClass did not find required class 'org.springframework.orm.jpa.LocalContainerEntityManagerFactoryBean' (OnClassCondition)
         - Ancestor org.springframework.boot.devtools.autoconfigure.DevToolsDataSourceAutoConfiguration did not match (ConditionEvaluationReport.AncestorsMatchedCondition)

   DispatcherServletAutoConfiguration.DispatcherServletConfiguration#multipartResolver:
      Did not match:
         - @ConditionalOnBean (types: org.springframework.web.multipart.MultipartResolver; SearchStrategy: all) did not find any beans of type org.springframework.web.multipart.MultipartResolver (OnBeanCondition)

   EhCacheCacheConfiguration:
      Did not match:
         - @ConditionalOnClass did not find required class 'net.sf.ehcache.Cache' (OnClassCondition)

   ElasticsearchAutoConfiguration:
      Did not match:
         - @ConditionalOnClass did not find required class 'org.elasticsearch.client.Client' (OnClassCondition)

   ElasticsearchDataAutoConfiguration:
      Did not match:
         - @ConditionalOnClass did not find required class 'org.springframework.data.elasticsearch.core.ElasticsearchTemplate' (OnClassCondition)

   ElasticsearchRepositoriesAutoConfiguration:
      Did not match:
         - @ConditionalOnClass did not find required class 'org.elasticsearch.client.Client' (OnClassCondition)

   EmbeddedLdapAutoConfiguration:
      Did not match:
         - @ConditionalOnClass did not find required class 'com.unboundid.ldap.listener.InMemoryDirectoryServer' (OnClassCondition)

   EmbeddedMongoAutoConfiguration:
      Did not match:
         - @ConditionalOnClass did not find required class 'com.mongodb.MongoClient' (OnClassCondition)

   EmbeddedWebServerFactoryCustomizerAutoConfiguration.JettyWebServerFactoryCustomizerConfiguration:
      Did not match:
         - @ConditionalOnClass did not find required classes 'org.eclipse.jetty.server.Server', 'org.eclipse.jetty.util.Loader', 'org.eclipse.jetty.webapp.WebAppContext' (OnClassCondition)

   EmbeddedWebServerFactoryCustomizerAutoConfiguration.NettyWebServerFactoryCustomizerConfiguration:
      Did not match:
         - @ConditionalOnClass did not find required class 'reactor.netty.http.server.HttpServer' (OnClassCondition)

   EmbeddedWebServerFactoryCustomizerAutoConfiguration.UndertowWebServerFactoryCustomizerConfiguration:
      Did not match:
         - @ConditionalOnClass did not find required classes 'io.undertow.Undertow', 'org.xnio.SslClientAuthMode' (OnClassCondition)

   ErrorMvcAutoConfiguration.WhitelabelErrorViewConfiguration:
      Did not match:
         - ErrorTemplate Missing found template from org.springframework.boot.autoconfigure.thymeleaf.ThymeleafTemplateAvailabilityProvider@437aab0e (ErrorMvcAutoConfiguration.ErrorTemplateMissingCondition)
      Matched:
         - @ConditionalOnProperty (server.error.whitelabel.enabled) matched (OnPropertyCondition)

   ErrorWebFluxAutoConfiguration:
      Did not match:
         - @ConditionalOnClass did not find required class 'org.springframework.web.reactive.config.WebFluxConfigurer' (OnClassCondition)

   FlywayAutoConfiguration:
      Did not match:
         - @ConditionalOnClass did not find required class 'org.flywaydb.core.Flyway' (OnClassCondition)

   FreeMarkerAutoConfiguration:
      Did not match:
         - @ConditionalOnClass did not find required class 'freemarker.template.Configuration' (OnClassCondition)

   GroovyTemplateAutoConfiguration:
      Did not match:
         - @ConditionalOnClass did not find required class 'groovy.text.markup.MarkupTemplateEngine' (OnClassCondition)

   GsonAutoConfiguration:
      Did not match:
         - @ConditionalOnClass did not find required class 'com.google.gson.Gson' (OnClassCondition)

   GsonHttpMessageConvertersConfiguration:
      Did not match:
         - @ConditionalOnClass did not find required class 'com.google.gson.Gson' (OnClassCondition)

   H2ConsoleAutoConfiguration:
      Did not match:
         - @ConditionalOnClass did not find required class 'org.h2.server.web.WebServlet' (OnClassCondition)

   HazelcastAutoConfiguration:
      Did not match:
         - @ConditionalOnClass did not find required class 'com.hazelcast.core.HazelcastInstance' (OnClassCondition)

   HazelcastCacheConfiguration:
      Did not match:
         - @ConditionalOnClass did not find required classes 'com.hazelcast.core.HazelcastInstance', 'com.hazelcast.spring.cache.HazelcastCacheManager' (OnClassCondition)

   HazelcastJpaDependencyAutoConfiguration:
      Did not match:
         - @ConditionalOnClass did not find required class 'com.hazelcast.core.HazelcastInstance' (OnClassCondition)

   HazelcastSessionConfiguration:
      Did not match:
         - @ConditionalOnClass did not find required class 'org.springframework.session.hazelcast.HazelcastIndexedSessionRepository' (OnClassCondition)

   HibernateJpaAutoConfiguration:
      Did not match:
         - @ConditionalOnClass did not find required class 'javax.persistence.EntityManager' (OnClassCondition)

   HttpHandlerAutoConfiguration:
      Did not match:
         - @ConditionalOnClass did not find required class 'org.springframework.web.reactive.DispatcherHandler' (OnClassCondition)

   HypermediaAutoConfiguration:
      Did not match:
         - @ConditionalOnClass did not find required class 'org.springframework.hateoas.EntityModel' (OnClassCondition)

   InfinispanCacheConfiguration:
      Did not match:
         - @ConditionalOnClass did not find required class 'org.infinispan.spring.embedded.provider.SpringEmbeddedCacheManager' (OnClassCondition)

   InfluxDbAutoConfiguration:
      Did not match:
         - @ConditionalOnClass did not find required class 'org.influxdb.InfluxDB' (OnClassCondition)

   IntegrationAutoConfiguration:
      Did not match:
         - @ConditionalOnClass did not find required class 'org.springframework.integration.config.EnableIntegration' (OnClassCondition)

   JCacheCacheConfiguration:
      Did not match:
         - @ConditionalOnClass did not find required class 'javax.cache.Caching' (OnClassCondition)

   JacksonAutoConfiguration.JodaDateTimeJacksonConfiguration:
      Did not match:
         - @ConditionalOnClass did not find required classes 'org.joda.time.DateTime', 'com.fasterxml.jackson.datatype.joda.ser.DateTimeSerializer', 'com.fasterxml.jackson.datatype.joda.cfg.JacksonJodaDateFormat' (OnClassCondition)

   JacksonHttpMessageConvertersConfiguration.MappingJackson2XmlHttpMessageConverterConfiguration:
      Did not match:
         - @ConditionalOnClass did not find required class 'com.fasterxml.jackson.dataformat.xml.XmlMapper' (OnClassCondition)

   JdbcRepositoriesAutoConfiguration:
      Did not match:
         - @ConditionalOnClass did not find required class 'org.springframework.data.jdbc.repository.config.AbstractJdbcConfiguration' (OnClassCondition)

   JdbcSessionConfiguration:
      Did not match:
         - @ConditionalOnClass did not find required classes 'org.springframework.jdbc.core.JdbcTemplate', 'org.springframework.session.jdbc.JdbcIndexedSessionRepository' (OnClassCondition)

   JdbcTemplateAutoConfiguration:
      Did not match:
         - @ConditionalOnClass did not find required class 'org.springframework.jdbc.core.JdbcTemplate' (OnClassCondition)

   JerseyAutoConfiguration:
      Did not match:
         - @ConditionalOnClass did not find required class 'org.glassfish.jersey.server.spring.SpringComponentProvider' (OnClassCondition)

   JestAutoConfiguration:
      Did not match:
         - @ConditionalOnClass did not find required class 'io.searchbox.client.JestClient' (OnClassCondition)

   JmsAutoConfiguration:
      Did not match:
         - @ConditionalOnClass did not find required class 'javax.jms.Message' (OnClassCondition)

   JmxAutoConfiguration:
      Did not match:
         - @ConditionalOnProperty (spring.jmx.enabled=true) did not find property 'enabled' (OnPropertyCondition)
      Matched:
         - @ConditionalOnClass found required class 'org.springframework.jmx.export.MBeanExporter' (OnClassCondition)

   JndiConnectionFactoryAutoConfiguration:
      Did not match:
         - @ConditionalOnClass did not find required class 'org.springframework.jms.core.JmsTemplate' (OnClassCondition)

   JndiDataSourceAutoConfiguration:
      Did not match:
         - @ConditionalOnClass did not find required class 'org.springframework.jdbc.datasource.embedded.EmbeddedDatabaseType' (OnClassCondition)

   JooqAutoConfiguration:
      Did not match:
         - @ConditionalOnClass did not find required class 'org.jooq.DSLContext' (OnClassCondition)

   JpaRepositoriesAutoConfiguration:
      Did not match:
         - @ConditionalOnClass did not find required class 'org.springframework.data.jpa.repository.JpaRepository' (OnClassCondition)

   JsonbAutoConfiguration:
      Did not match:
         - @ConditionalOnClass did not find required class 'javax.json.bind.Jsonb' (OnClassCondition)

   JsonbHttpMessageConvertersConfiguration:
      Did not match:
         - @ConditionalOnClass did not find required class 'javax.json.bind.Jsonb' (OnClassCondition)

   JtaAutoConfiguration:
      Did not match:
         - @ConditionalOnClass did not find required class 'javax.transaction.Transaction' (OnClassCondition)

   KafkaAutoConfiguration:
      Did not match:
         - @ConditionalOnClass did not find required class 'org.springframework.kafka.core.KafkaTemplate' (OnClassCondition)

   LdapAutoConfiguration:
      Did not match:
         - @ConditionalOnClass did not find required class 'org.springframework.ldap.core.ContextSource' (OnClassCondition)

   LdapRepositoriesAutoConfiguration:
      Did not match:
         - @ConditionalOnClass did not find required class 'org.springframework.data.ldap.repository.LdapRepository' (OnClassCondition)

   LiquibaseAutoConfiguration:
      Did not match:
         - @ConditionalOnClass did not find required class 'liquibase.change.DatabaseChange' (OnClassCondition)

   MailSenderAutoConfiguration:
      Did not match:
         - AnyNestedCondition 0 matched 2 did not; NestedCondition on MailSenderAutoConfiguration.MailSenderCondition.JndiNameProperty @ConditionalOnProperty (spring.mail.jndi-name) did not find property 'jndi-name'; NestedCondition on MailSenderAutoConfiguration.MailSenderCondition.HostProperty @ConditionalOnProperty (spring.mail.host) did not find property 'host' (MailSenderAutoConfiguration.MailSenderCondition)
      Matched:
         - @ConditionalOnClass found required classes 'javax.mail.internet.MimeMessage', 'javax.activation.MimeType', 'org.springframework.mail.MailSender' (OnClassCondition)

   MailSenderValidatorAutoConfiguration:
      Did not match:
         - @ConditionalOnProperty (spring.mail.test-connection) did not find property 'test-connection' (OnPropertyCondition)

   MessageSourceAutoConfiguration:
      Did not match:
         - ResourceBundle did not find bundle with basename messages (MessageSourceAutoConfiguration.ResourceBundleCondition)

   MongoAutoConfiguration:
      Did not match:
         - @ConditionalOnClass did not find required class 'com.mongodb.MongoClient' (OnClassCondition)

   MongoDataAutoConfiguration:
      Did not match:
         - @ConditionalOnClass did not find required class 'com.mongodb.client.MongoClient' (OnClassCondition)

   MongoReactiveAutoConfiguration:
      Did not match:
         - @ConditionalOnClass did not find required class 'com.mongodb.reactivestreams.client.MongoClient' (OnClassCondition)

   MongoReactiveDataAutoConfiguration:
      Did not match:
         - @ConditionalOnClass did not find required class 'com.mongodb.reactivestreams.client.MongoClient' (OnClassCondition)

   MongoReactiveRepositoriesAutoConfiguration:
      Did not match:
         - @ConditionalOnClass did not find required class 'com.mongodb.reactivestreams.client.MongoClient' (OnClassCondition)

   MongoRepositoriesAutoConfiguration:
      Did not match:
         - @ConditionalOnClass did not find required class 'com.mongodb.MongoClient' (OnClassCondition)

   MongoSessionConfiguration:
      Did not match:
         - @ConditionalOnClass did not find required classes 'org.springframework.data.mongodb.core.MongoOperations', 'org.springframework.session.data.mongo.MongoIndexedSessionRepository' (OnClassCondition)

   MustacheAutoConfiguration:
      Did not match:
         - @ConditionalOnClass did not find required class 'com.samskivert.mustache.Mustache' (OnClassCondition)

   Neo4jDataAutoConfiguration:
      Did not match:
         - @ConditionalOnClass did not find required class 'org.neo4j.ogm.session.SessionFactory' (OnClassCondition)

   Neo4jRepositoriesAutoConfiguration:
      Did not match:
         - @ConditionalOnClass did not find required class 'org.neo4j.ogm.session.Neo4jSession' (OnClassCondition)

   OAuth2ClientAutoConfiguration:
      Did not match:
         - @ConditionalOnClass did not find required class 'org.springframework.security.oauth2.client.registration.ClientRegistration' (OnClassCondition)

   OAuth2ResourceServerAutoConfiguration.JwtConfiguration:
      Did not match:
         - @ConditionalOnClass did not find required classes 'org.springframework.security.oauth2.server.resource.authentication.JwtAuthenticationToken', 'org.springframework.security.oauth2.jwt.JwtDecoder' (OnClassCondition)

   OAuth2ResourceServerAutoConfiguration.OpaqueTokenConfiguration:
      Did not match:
         - @ConditionalOnClass did not find required classes 'org.springframework.security.oauth2.server.resource.BearerTokenAuthenticationToken', 'org.springframework.security.oauth2.server.resource.introspection.OpaqueTokenIntrospector' (OnClassCondition)

   PersistenceExceptionTranslationAutoConfiguration:
      Did not match:
         - @ConditionalOnClass did not find required class 'org.springframework.dao.annotation.PersistenceExceptionTranslationPostProcessor' (OnClassCondition)

   ProjectInfoAutoConfiguration#buildProperties:
      Did not match:
         - @ConditionalOnResource did not find resource '${spring.info.build.location:classpath:META-INF/build-info.properties}' (OnResourceCondition)

   ProjectInfoAutoConfiguration#gitProperties:
      Did not match:
         - GitResource did not find git info at classpath:git.properties (ProjectInfoAutoConfiguration.GitResourceAvailableCondition)

   QuartzAutoConfiguration:
      Did not match:
         - @ConditionalOnClass did not find required class 'org.quartz.Scheduler' (OnClassCondition)

   RSocketMessagingAutoConfiguration:
      Did not match:
         - @ConditionalOnClass did not find required class 'io.rsocket.RSocketFactory' (OnClassCondition)

   RSocketRequesterAutoConfiguration:
      Did not match:
         - @ConditionalOnClass did not find required class 'io.rsocket.RSocketFactory' (OnClassCondition)

   RSocketSecurityAutoConfiguration:
      Did not match:
         - @ConditionalOnClass did not find required class 'org.springframework.security.rsocket.core.SecuritySocketAcceptorInterceptor' (OnClassCondition)

   RSocketServerAutoConfiguration:
      Did not match:
         - @ConditionalOnClass did not find required class 'io.rsocket.RSocketFactory' (OnClassCondition)

   RSocketStrategiesAutoConfiguration:
      Did not match:
         - @ConditionalOnClass did not find required class 'io.netty.buffer.PooledByteBufAllocator' (OnClassCondition)

   RabbitAutoConfiguration:
      Did not match:
         - @ConditionalOnClass did not find required class 'com.rabbitmq.client.Channel' (OnClassCondition)

   ReactiveElasticsearchRepositoriesAutoConfiguration:
      Did not match:
         - @ConditionalOnClass did not find required class 'org.springframework.data.elasticsearch.client.reactive.ReactiveElasticsearchClient' (OnClassCondition)

   ReactiveOAuth2ClientAutoConfiguration:
      Did not match:
         - @ConditionalOnClass did not find required class 'reactor.core.publisher.Flux' (OnClassCondition)

   ReactiveOAuth2ResourceServerAutoConfiguration:
      Did not match:
         - @ConditionalOnWebApplication did not find reactive web application classes (OnWebApplicationCondition)

   ReactiveRestClientAutoConfiguration:
      Did not match:
         - @ConditionalOnClass did not find required class 'reactor.netty.http.client.HttpClient' (OnClassCondition)

   ReactiveSecurityAutoConfiguration:
      Did not match:
         - @ConditionalOnClass did not find required class 'reactor.core.publisher.Flux' (OnClassCondition)

   ReactiveUserDetailsServiceAutoConfiguration:
      Did not match:
         - AnyNestedCondition 0 matched 2 did not; NestedCondition on ReactiveUserDetailsServiceAutoConfiguration.ReactiveUserDetailsServiceCondition.ReactiveWebApplicationCondition did not find reactive web application classes; NestedCondition on ReactiveUserDetailsServiceAutoConfiguration.ReactiveUserDetailsServiceCondition.RSocketSecurityEnabledCondition @ConditionalOnBean (types: org.springframework.messaging.rsocket.annotation.support.RSocketMessageHandler; SearchStrategy: all) did not find any beans of type org.springframework.messaging.rsocket.annotation.support.RSocketMessageHandler (ReactiveUserDetailsServiceAutoConfiguration.ReactiveUserDetailsServiceCondition)
      Matched:
         - @ConditionalOnClass found required class 'org.springframework.security.authentication.ReactiveAuthenticationManager' (OnClassCondition)

   ReactiveWebServerFactoryAutoConfiguration:
      Did not match:
         - @ConditionalOnWebApplication did not find reactive web application classes (OnWebApplicationCondition)

   RedisAutoConfiguration:
      Did not match:
         - @ConditionalOnClass did not find required class 'org.springframework.data.redis.core.RedisOperations' (OnClassCondition)

   RedisCacheConfiguration:
      Did not match:
         - @ConditionalOnClass did not find required class 'org.springframework.data.redis.connection.RedisConnectionFactory' (OnClassCondition)

   RedisReactiveAutoConfiguration:
      Did not match:
         - @ConditionalOnClass did not find required class 'reactor.core.publisher.Flux' (OnClassCondition)

   RedisRepositoriesAutoConfiguration:
      Did not match:
         - @ConditionalOnClass did not find required class 'org.springframework.data.redis.repository.configuration.EnableRedisRepositories' (OnClassCondition)

   RedisSessionConfiguration:
      Did not match:
         - @ConditionalOnClass did not find required classes 'org.springframework.data.redis.core.RedisTemplate', 'org.springframework.session.data.redis.RedisIndexedSessionRepository' (OnClassCondition)

   RemoteDevToolsAutoConfiguration:
      Did not match:
         - @ConditionalOnProperty (spring.devtools.remote.secret) did not find property 'secret' (OnPropertyCondition)
      Matched:
         - @ConditionalOnClass found required classes 'javax.servlet.Filter', 'org.springframework.http.server.ServerHttpRequest' (OnClassCondition)

   RepositoryRestMvcAutoConfiguration:
      Did not match:
         - @ConditionalOnClass did not find required class 'org.springframework.data.rest.webmvc.config.RepositoryRestMvcConfiguration' (OnClassCondition)

   RestClientAutoConfiguration:
      Did not match:
         - @ConditionalOnClass did not find required class 'org.elasticsearch.client.RestClient' (OnClassCondition)

   Saml2RelyingPartyAutoConfiguration:
      Did not match:
         - @ConditionalOnClass did not find required class 'org.springframework.security.saml2.provider.service.registration.RelyingPartyRegistrationRepository' (OnClassCondition)

   SecurityDataConfiguration:
      Did not match:
         - @ConditionalOnClass did not find required class 'org.springframework.security.data.repository.query.SecurityEvaluationContextExtension' (OnClassCondition)

   SendGridAutoConfiguration:
      Did not match:
         - @ConditionalOnClass did not find required class 'com.sendgrid.SendGrid' (OnClassCondition)

   ServletWebServerFactoryAutoConfiguration#forwardedHeaderFilter:
      Did not match:
         - @ConditionalOnProperty (server.forward-headers-strategy=framework) did not find property 'server.forward-headers-strategy' (OnPropertyCondition)

   ServletWebServerFactoryConfiguration.EmbeddedJetty:
      Did not match:
         - @ConditionalOnClass did not find required classes 'org.eclipse.jetty.server.Server', 'org.eclipse.jetty.util.Loader', 'org.eclipse.jetty.webapp.WebAppContext' (OnClassCondition)

   ServletWebServerFactoryConfiguration.EmbeddedUndertow:
      Did not match:
         - @ConditionalOnClass did not find required classes 'io.undertow.Undertow', 'org.xnio.SslClientAuthMode' (OnClassCondition)

   SessionAutoConfiguration.ReactiveSessionConfiguration:
      Did not match:
         - did not find reactive web application classes (OnWebApplicationCondition)

   SessionRepositoryFilterConfiguration:
      Did not match:
         - @ConditionalOnBean (types: org.springframework.session.web.http.SessionRepositoryFilter; SearchStrategy: all) did not find any beans of type org.springframework.session.web.http.SessionRepositoryFilter (OnBeanCondition)

   SolrAutoConfiguration:
      Did not match:
         - @ConditionalOnClass did not find required class 'org.apache.solr.client.solrj.impl.CloudSolrClient' (OnClassCondition)

   SolrRepositoriesAutoConfiguration:
      Did not match:
         - @ConditionalOnClass did not find required class 'org.apache.solr.client.solrj.SolrClient' (OnClassCondition)

   SpringApplicationAdminJmxAutoConfiguration:
      Did not match:
         - @ConditionalOnProperty (spring.application.admin.enabled=true) did not find property 'enabled' (OnPropertyCondition)

   SpringBootWebSecurityConfiguration:
      Did not match:
         - @ConditionalOnBean (types: org.springframework.security.config.annotation.web.configuration.WebSecurityConfigurerAdapter; SearchStrategy: all) found beans of type 'org.springframework.security.config.annotation.web.configuration.WebSecurityConfigurerAdapter' securityConfiguration (OnBeanCondition)
      Matched:
         - @ConditionalOnClass found required class 'org.springframework.security.config.annotation.web.configuration.WebSecurityConfigurerAdapter' (OnClassCondition)
         - found 'session' scope (OnWebApplicationCondition)

   SpringDataWebAutoConfiguration:
      Did not match:
         - @ConditionalOnClass did not find required class 'org.springframework.data.web.PageableHandlerMethodArgumentResolver' (OnClassCondition)

   TaskSchedulingAutoConfiguration#taskScheduler:
      Did not match:
         - @ConditionalOnBean (names: org.springframework.context.annotation.internalScheduledAnnotationProcessor; SearchStrategy: all) did not find any beans named org.springframework.context.annotation.internalScheduledAnnotationProcessor (OnBeanCondition)

   ThymeleafAutoConfiguration.DataAttributeDialectConfiguration:
      Did not match:
         - @ConditionalOnClass did not find required class 'com.github.mxab.thymeleaf.extras.dataattribute.dialect.DataAttributeDialect' (OnClassCondition)

   ThymeleafAutoConfiguration.ThymeleafReactiveConfiguration:
      Did not match:
         - did not find reactive web application classes (OnWebApplicationCondition)

   ThymeleafAutoConfiguration.ThymeleafWebFluxConfiguration:
      Did not match:
         - did not find reactive web application classes (OnWebApplicationCondition)

   ThymeleafAutoConfiguration.ThymeleafWebLayoutConfiguration:
      Did not match:
         - @ConditionalOnClass did not find required class 'nz.net.ultraq.thymeleaf.LayoutDialect' (OnClassCondition)

   ThymeleafAutoConfiguration.ThymeleafWebMvcConfiguration#resourceUrlEncodingFilter:
      Did not match:
         - @ConditionalOnEnabledResourceChain did not find class org.webjars.WebJarAssetLocator (OnEnabledResourceChainCondition)

   TransactionAutoConfiguration:
      Did not match:
         - @ConditionalOnClass did not find required class 'org.springframework.transaction.PlatformTransactionManager' (OnClassCondition)

   WebClientAutoConfiguration:
      Did not match:
         - @ConditionalOnClass did not find required class 'org.springframework.web.reactive.function.client.WebClient' (OnClassCondition)

   WebFluxAutoConfiguration:
      Did not match:
         - @ConditionalOnClass did not find required class 'org.springframework.web.reactive.config.WebFluxConfigurer' (OnClassCondition)

   WebMvcAutoConfiguration#hiddenHttpMethodFilter:
      Did not match:
         - @ConditionalOnProperty (spring.mvc.hiddenmethod.filter.enabled) did not find property 'enabled' (OnPropertyCondition)

   WebMvcAutoConfiguration.ResourceChainCustomizerConfiguration:
      Did not match:
         - @ConditionalOnEnabledResourceChain did not find class org.webjars.WebJarAssetLocator (OnEnabledResourceChainCondition)

   WebMvcAutoConfiguration.WebMvcAutoConfigurationAdapter#beanNameViewResolver:
      Did not match:
         - @ConditionalOnBean (types: org.springframework.web.servlet.View; SearchStrategy: all) did not find any beans of type org.springframework.web.servlet.View (OnBeanCondition)

   WebMvcAutoConfiguration.WebMvcAutoConfigurationAdapter#localeResolver:
      Did not match:
         - @ConditionalOnProperty (spring.mvc.locale) did not find property 'locale' (OnPropertyCondition)

   WebSecurityEnablerConfiguration:
      Did not match:
         - @ConditionalOnBean (names: springSecurityFilterChain; SearchStrategy: all) found beans named springSecurityFilterChain (OnBeanCondition)
      Matched:
         - found 'session' scope (OnWebApplicationCondition)

   WebServiceTemplateAutoConfiguration:
      Did not match:
         - @ConditionalOnClass did not find required class 'org.springframework.oxm.Marshaller' (OnClassCondition)

   WebServicesAutoConfiguration:
      Did not match:
         - @ConditionalOnClass did not find required class 'org.springframework.ws.transport.http.MessageDispatcherServlet' (OnClassCondition)

   WebSocketMessagingAutoConfiguration:
      Did not match:
         - @ConditionalOnClass did not find required class 'org.springframework.web.socket.config.annotation.WebSocketMessageBrokerConfigurer' (OnClassCondition)

   WebSocketReactiveAutoConfiguration:
      Did not match:
         - @ConditionalOnWebApplication did not find reactive web application classes (OnWebApplicationCondition)

   WebSocketServletAutoConfiguration.JettyWebSocketConfiguration:
      Did not match:
         - @ConditionalOnClass did not find required class 'org.eclipse.jetty.websocket.jsr356.server.deploy.WebSocketServerContainerInitializer' (OnClassCondition)

   WebSocketServletAutoConfiguration.UndertowWebSocketConfiguration:
      Did not match:
         - @ConditionalOnClass did not find required class 'io.undertow.websockets.jsr.Bootstrap' (OnClassCondition)

   XADataSourceAutoConfiguration:
      Did not match:
         - @ConditionalOnClass did not find required class 'javax.transaction.TransactionManager' (OnClassCondition)


Exclusions:
-----------

    None


Unconditional classes:
----------------------

    org.springframework.boot.autoconfigure.context.ConfigurationPropertiesAutoConfiguration

    org.springframework.boot.autoconfigure.context.PropertyPlaceholderAutoConfiguration

    org.springframework.boot.autoconfigure.info.ProjectInfoAutoConfiguration



2020-07-15 19:51:17.740 2574 [restartedMain] TRACE o.s.b.f.s.DefaultListableBeanFactory - Returning cached instance of singleton bean 'resourceHandlerMapping'
2020-07-15 19:51:17.741 2575 [restartedMain] TRACE o.s.c.e.PropertySourcesPropertyResolver - Searching for key 'spring.liveBeansView.mbeanDomain' in PropertySource 'configurationProperties'
2020-07-15 19:51:17.741 2575 [restartedMain] TRACE o.s.c.e.PropertySourcesPropertyResolver - Searching for key 'spring.liveBeansView.mbeanDomain' in PropertySource 'servletConfigInitParams'
2020-07-15 19:51:17.741 2575 [restartedMain] TRACE o.s.c.e.PropertySourcesPropertyResolver - Searching for key 'spring.liveBeansView.mbeanDomain' in PropertySource 'servletContextInitParams'
2020-07-15 19:51:17.741 2575 [restartedMain] TRACE o.s.c.e.PropertySourcesPropertyResolver - Searching for key 'spring.liveBeansView.mbeanDomain' in PropertySource 'systemProperties'
2020-07-15 19:51:17.741 2575 [restartedMain] TRACE o.s.c.e.PropertySourcesPropertyResolver - Searching for key 'spring.liveBeansView.mbeanDomain' in PropertySource 'systemEnvironment'
2020-07-15 19:51:17.741 2575 [restartedMain] TRACE o.s.c.e.PropertySourcesPropertyResolver - Searching for key 'spring.liveBeansView.mbeanDomain' in PropertySource 'random'
2020-07-15 19:51:17.741 2575 [restartedMain] TRACE o.s.c.e.PropertySourcesPropertyResolver - Searching for key 'spring.liveBeansView.mbeanDomain' in PropertySource 'devtools'
2020-07-15 19:51:17.741 2575 [restartedMain] TRACE o.s.c.e.PropertySourcesPropertyResolver - Could not find key 'spring.liveBeansView.mbeanDomain' in any property source
2020-07-15 19:51:17.741 2575 [restartedMain] DEBUG o.a.catalina.util.LifecycleBase - Setting state for [Connector[HTTP/1.1-8080]] to [STARTING_PREP]
2020-07-15 19:51:17.741 2575 [restartedMain] DEBUG o.a.catalina.util.LifecycleBase - Setting state for [Connector[HTTP/1.1-8080]] to [STARTING]
2020-07-15 19:51:17.741 2575 [restartedMain] INFO  o.a.coyote.http11.Http11NioProtocol - Starting ProtocolHandler ["http-nio-8080"]
2020-07-15 19:51:17.759 2593 [restartedMain] DEBUG o.a.catalina.util.LifecycleBase - Setting state for [Connector[HTTP/1.1-8080]] to [STARTED]
2020-07-15 19:51:17.758 2592 [http-nio-8080-Acceptor] DEBUG o.a.tomcat.util.threads.LimitLatch - Counting up[http-nio-8080-Acceptor] latch=0
2020-07-15 19:51:17.762 2596 [restartedMain] INFO  o.s.b.w.e.tomcat.TomcatWebServer - Tomcat started on port(s): 8080 (http) with context path ''
2020-07-15 19:51:17.762 2596 [restartedMain] TRACE o.s.b.f.s.DefaultListableBeanFactory - Returning cached instance of singleton bean 'delegatingApplicationListener'
2020-07-15 19:51:17.762 2596 [restartedMain] TRACE o.s.b.f.s.DefaultListableBeanFactory - Returning cached instance of singleton bean 'liveReloadServerEventListener'
2020-07-15 19:51:17.765 2599 [restartedMain] INFO  C.G.GroupFormationToolApplication - Started GroupFormationToolApplication in 2.35 seconds (JVM running for 2.797)
2020-07-15 19:51:17.765 2599 [restartedMain] TRACE o.s.b.f.s.DefaultListableBeanFactory - Returning cached instance of singleton bean 'delegatingApplicationListener'
2020-07-15 19:51:17.766 2600 [restartedMain] TRACE o.s.b.f.s.DefaultListableBeanFactory - Returning cached instance of singleton bean 'liveReloadServerEventListener'
2020-07-15 19:51:17.767 2601 [restartedMain] TRACE o.s.b.f.s.DefaultListableBeanFactory - Returning cached instance of singleton bean 'delegatingApplicationListener'
2020-07-15 19:51:17.767 2601 [restartedMain] TRACE o.s.b.f.s.DefaultListableBeanFactory - Returning cached instance of singleton bean 'conditionEvaluationDeltaLoggingListener'
2020-07-15 19:51:17.767 2601 [restartedMain] TRACE o.s.b.f.s.DefaultListableBeanFactory - Returning cached instance of singleton bean 'liveReloadServerEventListener'
2020-07-15 19:51:17.767 2601 [restartedMain] DEBUG o.s.boot.devtools.restart.Restarter - Creating new Restarter for thread Thread[main,5,main]
2020-07-15 19:51:17.767 2601 [restartedMain] DEBUG o.s.boot.devtools.restart.Restarter - Immediately restarting application
2020-07-15 19:51:17.767 2601 [restartedMain] DEBUG o.s.boot.devtools.restart.Restarter - Created RestartClassLoader org.springframework.boot.devtools.restart.classloader.RestartClassLoader@11141a59
2020-07-15 19:51:17.767 2601 [restartedMain] DEBUG o.s.boot.devtools.restart.Restarter - Starting application CSCI5308.GroupFormationTool.GroupFormationToolApplication with URLs [file:/E:/Codes/Spring%20Projects/Adv%20SDC/group20/build/classes/java/main/, file:/E:/Codes/Spring%20Projects/Adv%20SDC/group20/build/resources/main/]
2020-07-15 19:51:17.767 2601 [restartedMain] TRACE o.s.b.f.s.DefaultListableBeanFactory - Returning cached instance of singleton bean 'autoConfigurationReport'
2020-07-15 19:51:17.775 2609 [restartedMain] TRACE C.G.A.AdminConfigPersistence - Fetching all configurations from database.
2020-07-15 19:51:18.758 3592 [http-nio-8080-ClientPoller] DEBUG o.a.tomcat.util.net.NioEndpoint - timeout completed: keys processed=0; now=1594853478757; nextExpiration=0; keyCount=0; hasEvents=false; eval=false
2020-07-15 19:51:19.758 4592 [http-nio-8080-ClientPoller] DEBUG o.a.tomcat.util.net.NioEndpoint - timeout completed: keys processed=0; now=1594853479758; nextExpiration=1594853479757; keyCount=0; hasEvents=false; eval=false
2020-07-15 19:51:20.759 5593 [http-nio-8080-ClientPoller] DEBUG o.a.tomcat.util.net.NioEndpoint - timeout completed: keys processed=0; now=1594853480759; nextExpiration=1594853480758; keyCount=0; hasEvents=false; eval=false
2020-07-15 19:51:21.760 6594 [http-nio-8080-ClientPoller] DEBUG o.a.tomcat.util.net.NioEndpoint - timeout completed: keys processed=0; now=1594853481760; nextExpiration=1594853481759; keyCount=0; hasEvents=false; eval=false
2020-07-15 19:51:22.760 7594 [http-nio-8080-ClientPoller] DEBUG o.a.tomcat.util.net.NioEndpoint - timeout completed: keys processed=0; now=1594853482760; nextExpiration=1594853482760; keyCount=0; hasEvents=false; eval=false
2020-07-15 19:51:23.760 8594 [http-nio-8080-ClientPoller] DEBUG o.a.tomcat.util.net.NioEndpoint - timeout completed: keys processed=0; now=1594853483760; nextExpiration=1594853483760; keyCount=0; hasEvents=false; eval=false
2020-07-15 19:51:24.761 9595 [http-nio-8080-ClientPoller] DEBUG o.a.tomcat.util.net.NioEndpoint - timeout completed: keys processed=0; now=1594853484761; nextExpiration=1594853484760; keyCount=0; hasEvents=false; eval=false
2020-07-15 19:51:25.761 10595 [http-nio-8080-ClientPoller] DEBUG o.a.tomcat.util.net.NioEndpoint - timeout completed: keys processed=0; now=1594853485761; nextExpiration=1594853485761; keyCount=0; hasEvents=false; eval=false
2020-07-15 19:51:26.762 11596 [http-nio-8080-ClientPoller] DEBUG o.a.tomcat.util.net.NioEndpoint - timeout completed: keys processed=0; now=1594853486762; nextExpiration=1594853486761; keyCount=0; hasEvents=false; eval=false
2020-07-15 19:51:27.762 12596 [http-nio-8080-ClientPoller] DEBUG o.a.tomcat.util.net.NioEndpoint - timeout completed: keys processed=0; now=1594853487762; nextExpiration=1594853487762; keyCount=0; hasEvents=false; eval=false
2020-07-15 19:51:28.762 13596 [http-nio-8080-ClientPoller] DEBUG o.a.tomcat.util.net.NioEndpoint - timeout completed: keys processed=0; now=1594853488762; nextExpiration=1594853488762; keyCount=0; hasEvents=false; eval=false
2020-07-15 19:51:29.763 14597 [http-nio-8080-ClientPoller] DEBUG o.a.tomcat.util.net.NioEndpoint - timeout completed: keys processed=0; now=1594853489763; nextExpiration=1594853489762; keyCount=0; hasEvents=false; eval=false
2020-07-15 19:51:30.763 15597 [http-nio-8080-ClientPoller] DEBUG o.a.tomcat.util.net.NioEndpoint - timeout completed: keys processed=0; now=1594853490763; nextExpiration=1594853490763; keyCount=0; hasEvents=false; eval=false
2020-07-15 19:51:31.764 16598 [http-nio-8080-ClientPoller] DEBUG o.a.tomcat.util.net.NioEndpoint - timeout completed: keys processed=0; now=1594853491764; nextExpiration=1594853491763; keyCount=0; hasEvents=false; eval=false
2020-07-15 19:51:32.765 17599 [http-nio-8080-ClientPoller] DEBUG o.a.tomcat.util.net.NioEndpoint - timeout completed: keys processed=0; now=1594853492765; nextExpiration=1594853492764; keyCount=0; hasEvents=false; eval=false
2020-07-15 19:51:33.765 18599 [http-nio-8080-ClientPoller] DEBUG o.a.tomcat.util.net.NioEndpoint - timeout completed: keys processed=0; now=1594853493765; nextExpiration=1594853493765; keyCount=0; hasEvents=false; eval=false
2020-07-15 19:51:34.766 19600 [http-nio-8080-ClientPoller] DEBUG o.a.tomcat.util.net.NioEndpoint - timeout completed: keys processed=0; now=1594853494766; nextExpiration=1594853494765; keyCount=0; hasEvents=false; eval=false
2020-07-15 19:51:35.766 20600 [http-nio-8080-ClientPoller] DEBUG o.a.tomcat.util.net.NioEndpoint - timeout completed: keys processed=0; now=1594853495766; nextExpiration=1594853495766; keyCount=0; hasEvents=false; eval=false
2020-07-15 19:51:36.766 21600 [http-nio-8080-ClientPoller] DEBUG o.a.tomcat.util.net.NioEndpoint - timeout completed: keys processed=0; now=1594853496766; nextExpiration=1594853496766; keyCount=0; hasEvents=false; eval=false
2020-07-15 19:51:37.766 22600 [http-nio-8080-ClientPoller] DEBUG o.a.tomcat.util.net.NioEndpoint - timeout completed: keys processed=0; now=1594853497766; nextExpiration=1594853497766; keyCount=0; hasEvents=false; eval=false
2020-07-15 19:51:38.766 23600 [http-nio-8080-ClientPoller] DEBUG o.a.tomcat.util.net.NioEndpoint - timeout completed: keys processed=0; now=1594853498766; nextExpiration=1594853498766; keyCount=0; hasEvents=false; eval=false
2020-07-15 19:51:39.767 24601 [http-nio-8080-ClientPoller] DEBUG o.a.tomcat.util.net.NioEndpoint - timeout completed: keys processed=0; now=1594853499767; nextExpiration=1594853499766; keyCount=0; hasEvents=false; eval=false
2020-07-15 19:51:40.768 25602 [http-nio-8080-ClientPoller] DEBUG o.a.tomcat.util.net.NioEndpoint - timeout completed: keys processed=0; now=1594853500768; nextExpiration=1594853500767; keyCount=0; hasEvents=false; eval=false
2020-07-15 19:51:41.769 26603 [http-nio-8080-ClientPoller] DEBUG o.a.tomcat.util.net.NioEndpoint - timeout completed: keys processed=0; now=1594853501769; nextExpiration=1594853501768; keyCount=0; hasEvents=false; eval=false
2020-07-15 19:51:42.769 27603 [http-nio-8080-ClientPoller] DEBUG o.a.tomcat.util.net.NioEndpoint - timeout completed: keys processed=0; now=1594853502769; nextExpiration=1594853502769; keyCount=0; hasEvents=false; eval=false
2020-07-15 19:51:43.769 28603 [http-nio-8080-ClientPoller] DEBUG o.a.tomcat.util.net.NioEndpoint - timeout completed: keys processed=0; now=1594853503769; nextExpiration=1594853503769; keyCount=0; hasEvents=false; eval=false
2020-07-15 19:51:44.770 29604 [http-nio-8080-ClientPoller] DEBUG o.a.tomcat.util.net.NioEndpoint - timeout completed: keys processed=0; now=1594853504770; nextExpiration=1594853504769; keyCount=0; hasEvents=false; eval=false
2020-07-15 19:51:45.770 30604 [http-nio-8080-ClientPoller] DEBUG o.a.tomcat.util.net.NioEndpoint - timeout completed: keys processed=0; now=1594853505770; nextExpiration=1594853505770; keyCount=0; hasEvents=false; eval=false
2020-07-15 19:51:46.770 31604 [http-nio-8080-ClientPoller] DEBUG o.a.tomcat.util.net.NioEndpoint - timeout completed: keys processed=0; now=1594853506770; nextExpiration=1594853506770; keyCount=0; hasEvents=false; eval=false
2020-07-15 19:51:47.770 32604 [http-nio-8080-ClientPoller] DEBUG o.a.tomcat.util.net.NioEndpoint - timeout completed: keys processed=0; now=1594853507770; nextExpiration=1594853507770; keyCount=0; hasEvents=false; eval=false
2020-07-15 19:51:48.771 33605 [http-nio-8080-ClientPoller] DEBUG o.a.tomcat.util.net.NioEndpoint - timeout completed: keys processed=0; now=1594853508771; nextExpiration=1594853508770; keyCount=0; hasEvents=false; eval=false
2020-07-15 19:51:49.772 34606 [http-nio-8080-ClientPoller] DEBUG o.a.tomcat.util.net.NioEndpoint - timeout completed: keys processed=0; now=1594853509772; nextExpiration=1594853509771; keyCount=0; hasEvents=false; eval=false
2020-07-15 19:51:50.772 35606 [http-nio-8080-ClientPoller] DEBUG o.a.tomcat.util.net.NioEndpoint - timeout completed: keys processed=0; now=1594853510772; nextExpiration=1594853510772; keyCount=0; hasEvents=false; eval=false
2020-07-15 19:51:51.773 36607 [http-nio-8080-ClientPoller] DEBUG o.a.tomcat.util.net.NioEndpoint - timeout completed: keys processed=0; now=1594853511773; nextExpiration=1594853511772; keyCount=0; hasEvents=false; eval=false
2020-07-15 19:51:52.774 37608 [http-nio-8080-ClientPoller] DEBUG o.a.tomcat.util.net.NioEndpoint - timeout completed: keys processed=0; now=1594853512774; nextExpiration=1594853512773; keyCount=0; hasEvents=false; eval=false
2020-07-15 19:51:53.775 38609 [http-nio-8080-ClientPoller] DEBUG o.a.tomcat.util.net.NioEndpoint - timeout completed: keys processed=0; now=1594853513775; nextExpiration=1594853513774; keyCount=0; hasEvents=false; eval=false
2020-07-15 19:51:54.775 39609 [http-nio-8080-ClientPoller] DEBUG o.a.tomcat.util.net.NioEndpoint - timeout completed: keys processed=0; now=1594853514775; nextExpiration=1594853514775; keyCount=0; hasEvents=false; eval=false
2020-07-15 19:51:55.775 40609 [http-nio-8080-ClientPoller] DEBUG o.a.tomcat.util.net.NioEndpoint - timeout completed: keys processed=0; now=1594853515775; nextExpiration=1594853515775; keyCount=0; hasEvents=false; eval=false
2020-07-15 19:51:56.776 41610 [http-nio-8080-ClientPoller] DEBUG o.a.tomcat.util.net.NioEndpoint - timeout completed: keys processed=0; now=1594853516776; nextExpiration=1594853516775; keyCount=0; hasEvents=false; eval=false
2020-07-15 19:51:57.776 42610 [http-nio-8080-ClientPoller] DEBUG o.a.tomcat.util.net.NioEndpoint - timeout completed: keys processed=0; now=1594853517776; nextExpiration=1594853517776; keyCount=0; hasEvents=false; eval=false
2020-07-15 19:51:58.777 43611 [http-nio-8080-ClientPoller] DEBUG o.a.tomcat.util.net.NioEndpoint - timeout completed: keys processed=0; now=1594853518777; nextExpiration=1594853518776; keyCount=0; hasEvents=false; eval=false
2020-07-15 19:51:59.778 44612 [http-nio-8080-ClientPoller] DEBUG o.a.tomcat.util.net.NioEndpoint - timeout completed: keys processed=0; now=1594853519778; nextExpiration=1594853519777; keyCount=0; hasEvents=false; eval=false
2020-07-15 19:52:00.778 45612 [http-nio-8080-ClientPoller] DEBUG o.a.tomcat.util.net.NioEndpoint - timeout completed: keys processed=0; now=1594853520778; nextExpiration=1594853520778; keyCount=0; hasEvents=false; eval=false
2020-07-15 19:52:01.778 46612 [http-nio-8080-ClientPoller] DEBUG o.a.tomcat.util.net.NioEndpoint - timeout completed: keys processed=0; now=1594853521778; nextExpiration=1594853521778; keyCount=0; hasEvents=false; eval=false
2020-07-15 19:52:02.779 47613 [http-nio-8080-ClientPoller] DEBUG o.a.tomcat.util.net.NioEndpoint - timeout completed: keys processed=0; now=1594853522779; nextExpiration=1594853522778; keyCount=0; hasEvents=false; eval=false
2020-07-15 19:52:03.779 48613 [http-nio-8080-ClientPoller] DEBUG o.a.tomcat.util.net.NioEndpoint - timeout completed: keys processed=0; now=1594853523779; nextExpiration=1594853523779; keyCount=0; hasEvents=false; eval=false
2020-07-15 19:52:04.780 49614 [http-nio-8080-ClientPoller] DEBUG o.a.tomcat.util.net.NioEndpoint - timeout completed: keys processed=0; now=1594853524780; nextExpiration=1594853524779; keyCount=0; hasEvents=false; eval=false
2020-07-15 19:52:05.781 50615 [http-nio-8080-ClientPoller] DEBUG o.a.tomcat.util.net.NioEndpoint - timeout completed: keys processed=0; now=1594853525781; nextExpiration=1594853525780; keyCount=0; hasEvents=false; eval=false
2020-07-15 19:52:06.781 51615 [http-nio-8080-ClientPoller] DEBUG o.a.tomcat.util.net.NioEndpoint - timeout completed: keys processed=0; now=1594853526781; nextExpiration=1594853526781; keyCount=0; hasEvents=false; eval=false
2020-07-15 19:52:07.782 52616 [http-nio-8080-ClientPoller] DEBUG o.a.tomcat.util.net.NioEndpoint - timeout completed: keys processed=0; now=1594853527782; nextExpiration=1594853527781; keyCount=0; hasEvents=false; eval=false
2020-07-15 19:52:08.782 53616 [http-nio-8080-ClientPoller] DEBUG o.a.tomcat.util.net.NioEndpoint - timeout completed: keys processed=0; now=1594853528782; nextExpiration=1594853528782; keyCount=0; hasEvents=false; eval=false
2020-07-15 19:52:09.782 54616 [http-nio-8080-ClientPoller] DEBUG o.a.tomcat.util.net.NioEndpoint - timeout completed: keys processed=0; now=1594853529782; nextExpiration=1594853529782; keyCount=0; hasEvents=false; eval=false
2020-07-15 19:52:10.782 55616 [http-nio-8080-ClientPoller] DEBUG o.a.tomcat.util.net.NioEndpoint - timeout completed: keys processed=0; now=1594853530782; nextExpiration=1594853530782; keyCount=0; hasEvents=false; eval=false
2020-07-15 19:52:11.782 56616 [http-nio-8080-ClientPoller] DEBUG o.a.tomcat.util.net.NioEndpoint - timeout completed: keys processed=0; now=1594853531782; nextExpiration=1594853531782; keyCount=0; hasEvents=false; eval=false
2020-07-15 19:52:12.783 57617 [http-nio-8080-ClientPoller] DEBUG o.a.tomcat.util.net.NioEndpoint - timeout completed: keys processed=0; now=1594853532783; nextExpiration=1594853532782; keyCount=0; hasEvents=false; eval=false
2020-07-15 19:52:13.784 58618 [http-nio-8080-ClientPoller] DEBUG o.a.tomcat.util.net.NioEndpoint - timeout completed: keys processed=0; now=1594853533784; nextExpiration=1594853533783; keyCount=0; hasEvents=false; eval=false
2020-07-15 19:52:14.784 59618 [http-nio-8080-ClientPoller] DEBUG o.a.tomcat.util.net.NioEndpoint - timeout completed: keys processed=0; now=1594853534784; nextExpiration=1594853534784; keyCount=0; hasEvents=false; eval=false
2020-07-15 19:52:15.784 60618 [http-nio-8080-ClientPoller] DEBUG o.a.tomcat.util.net.NioEndpoint - timeout completed: keys processed=0; now=1594853535784; nextExpiration=1594853535784; keyCount=0; hasEvents=false; eval=false
2020-07-15 19:52:16.785 61619 [http-nio-8080-ClientPoller] DEBUG o.a.tomcat.util.net.NioEndpoint - timeout completed: keys processed=0; now=1594853536785; nextExpiration=1594853536784; keyCount=0; hasEvents=false; eval=false
2020-07-15 19:52:17.247 62081 [Catalina-utility-2] DEBUG o.a.catalina.session.ManagerBase - Start expire sessions StandardManager at 1594853537246 sessioncount 0
2020-07-15 19:52:17.247 62081 [Catalina-utility-2] DEBUG o.a.catalina.session.ManagerBase - End expire sessions StandardManager processingTime 1 expired sessions: 0
2020-07-15 19:52:17.785 62619 [http-nio-8080-ClientPoller] DEBUG o.a.tomcat.util.net.NioEndpoint - timeout completed: keys processed=0; now=1594853537785; nextExpiration=1594853537785; keyCount=0; hasEvents=false; eval=false
2020-07-15 19:52:17.837 62671 [http-nio-8080-Acceptor] DEBUG o.a.tomcat.util.threads.LimitLatch - Counting up[http-nio-8080-Acceptor] latch=1
2020-07-15 19:52:17.837 62671 [http-nio-8080-Acceptor] DEBUG o.a.tomcat.util.threads.LimitLatch - Counting up[http-nio-8080-Acceptor] latch=2
2020-07-15 19:52:17.839 62673 [http-nio-8080-exec-1] DEBUG o.a.coyote.http11.Http11NioProtocol - Processing socket [org.apache.tomcat.util.net.NioChannel@79cdec3:java.nio.channels.SocketChannel[connected local=/0:0:0:0:0:0:0:1:8080 remote=/0:0:0:0:0:0:0:1:52353]] with status [OPEN_READ]
2020-07-15 19:52:17.839 62673 [http-nio-8080-exec-1] DEBUG o.a.coyote.http11.Http11NioProtocol - Found processor [null] for socket [org.apache.tomcat.util.net.NioChannel@79cdec3:java.nio.channels.SocketChannel[connected local=/0:0:0:0:0:0:0:1:8080 remote=/0:0:0:0:0:0:0:1:52353]]
2020-07-15 19:52:17.840 62674 [http-nio-8080-exec-1] DEBUG o.a.coyote.http11.Http11NioProtocol - Popped processor [null] from cache
2020-07-15 19:52:17.862 62696 [http-nio-8080-exec-1] DEBUG o.a.coyote.http11.Http11NioProtocol - Register [org.apache.coyote.http11.Http11Processor@573f90c5] as [Tomcat:type=RequestProcessor,worker="http-nio-8080",name=HttpRequest1]
2020-07-15 19:52:17.863 62697 [http-nio-8080-exec-1] DEBUG o.a.t.util.net.SocketWrapperBase - Socket: [org.apache.tomcat.util.net.NioEndpoint$NioSocketWrapper@529de7a1:org.apache.tomcat.util.net.NioChannel@79cdec3:java.nio.channels.SocketChannel[connected local=/0:0:0:0:0:0:0:1:8080 remote=/0:0:0:0:0:0:0:1:52353]], Read from buffer: [0]
2020-07-15 19:52:17.863 62697 [http-nio-8080-exec-1] DEBUG o.a.tomcat.util.net.NioEndpoint - Socket: [org.apache.tomcat.util.net.NioEndpoint$NioSocketWrapper@529de7a1:org.apache.tomcat.util.net.NioChannel@79cdec3:java.nio.channels.SocketChannel[connected local=/0:0:0:0:0:0:0:1:8080 remote=/0:0:0:0:0:0:0:1:52353]], Read direct from socket: [643]
2020-07-15 19:52:17.863 62697 [http-nio-8080-exec-1] DEBUG o.a.coyote.http11.Http11InputBuffer - Received [GET / HTTP/1.1
Host: localhost:8080
Connection: keep-alive
Upgrade-Insecure-Requests: 1
User-Agent: Mozilla/5.0 (Windows NT 10.0; Win64; x64) AppleWebKit/537.36 (KHTML, like Gecko) Chrome/84.0.4147.89 Safari/537.36
Accept: text/html,application/xhtml+xml,application/xml;q=0.9,image/webp,image/apng,*/*;q=0.8,application/signed-exchange;v=b3;q=0.9
Purpose: prefetch
Sec-Fetch-Site: none
Sec-Fetch-Mode: navigate
Sec-Fetch-User: ?1
Sec-Fetch-Dest: document
Accept-Encoding: gzip, deflate, br
Accept-Language: en-US,en;q=0.9
Cookie: Idea-4aed9f74=2b566d24-925d-415a-a965-059a11c42de1; JSESSIONID=2AD45E4911393EAA19C3299643E1FE14

]
2020-07-15 19:52:17.883 62717 [http-nio-8080-exec-1] DEBUG o.a.tomcat.util.http.Parameters - Set query string encoding to UTF-8
2020-07-15 19:52:17.884 62718 [http-nio-8080-exec-1] DEBUG o.a.t.u.http.Rfc6265CookieProcessor - Cookies: Parsing b[]: Idea-4aed9f74=2b566d24-925d-415a-a965-059a11c42de1; JSESSIONID=2AD45E4911393EAA19C3299643E1FE14
2020-07-15 19:52:17.886 62720 [http-nio-8080-exec-1] DEBUG o.a.c.connector.CoyoteAdapter -  Requested cookie session id is 2AD45E4911393EAA19C3299643E1FE14
2020-07-15 19:52:17.887 62721 [http-nio-8080-exec-1] DEBUG o.a.c.a.AuthenticatorBase - Security checking request GET /
2020-07-15 19:52:17.888 62722 [http-nio-8080-exec-1] DEBUG org.apache.catalina.realm.RealmBase -   No applicable constraints defined
2020-07-15 19:52:17.891 62725 [http-nio-8080-exec-1] DEBUG o.a.c.a.j.AuthConfigFactoryImpl - Loading persistent provider registrations from [C:\Users\tejas\AppData\Local\Temp\tomcat.9388507610519981100.8080\conf\jaspic-providers.xml]
2020-07-15 19:52:17.891 62725 [http-nio-8080-exec-1] DEBUG o.a.c.a.AuthenticatorBase - Not subject to any constraint
2020-07-15 19:52:17.894 62728 [http-nio-8080-exec-1] INFO  o.a.c.c.C.[Tomcat].[localhost].[/] - Initializing Spring DispatcherServlet 'dispatcherServlet'
2020-07-15 19:52:17.894 62728 [http-nio-8080-exec-1] INFO  o.s.web.servlet.DispatcherServlet - Initializing Servlet 'dispatcherServlet'
2020-07-15 19:52:17.894 62728 [http-nio-8080-exec-1] TRACE o.s.b.f.s.DefaultListableBeanFactory - Returning cached instance of singleton bean 'multipartResolver'
2020-07-15 19:52:17.894 62728 [http-nio-8080-exec-1] TRACE o.s.web.servlet.DispatcherServlet - Detected org.springframework.web.multipart.support.StandardServletMultipartResolver@7a7cc7a2
2020-07-15 19:52:17.895 62729 [http-nio-8080-exec-1] TRACE o.s.b.f.s.DefaultListableBeanFactory - No bean named 'localeResolver' found in org.springframework.beans.factory.support.DefaultListableBeanFactory@46a2da97: defining beans [org.springframework.context.annotation.internalConfigurationAnnotationProcessor,org.springframework.context.annotation.internalAutowiredAnnotationProcessor,org.springframework.context.annotation.internalCommonAnnotationProcessor,org.springframework.context.event.internalEventListenerProcessor,org.springframework.context.event.internalEventListenerFactory,groupFormationToolApplication,org.springframework.boot.autoconfigure.internalCachingMetadataReaderFactory,adminConfigController,courseAdminController,courseController,instructorAdminController,errorController,questionController,loginController,securityConfiguration,signupController,surveyController,indexController,org.springframework.security.config.annotation.configuration.ObjectPostProcessorConfiguration,objectPostProcessor,org.springframework.security.config.annotation.authentication.configuration.AuthenticationConfiguration,authenticationManagerBuilder,enableGlobalAuthenticationAutowiredConfigurer,initializeUserDetailsBeanManagerConfigurer,initializeAuthenticationProviderBeanManagerConfigurer,org.springframework.security.config.annotation.web.configuration.WebSecurityConfiguration,delegatingApplicationListener,webSecurityExpressionHandler,springSecurityFilterChain,privilegeEvaluator,conversionServicePostProcessor,autowiredWebSecurityConfigurersIgnoreParents,org.springframework.security.config.annotation.web.configuration.WebMvcSecurityConfiguration,requestDataValueProcessor,org.springframework.boot.autoconfigure.AutoConfigurationPackages,org.springframework.boot.autoconfigure.context.PropertyPlaceholderAutoConfiguration,propertySourcesPlaceholderConfigurer,org.springframework.boot.autoconfigure.websocket.servlet.WebSocketServletAutoConfiguration$TomcatWebSocketConfiguration,websocketServletWebServerCustomizer,org.springframework.boot.autoconfigure.websocket.servlet.WebSocketServletAutoConfiguration,org.springframework.boot.autoconfigure.web.servlet.ServletWebServerFactoryConfiguration$EmbeddedTomcat,tomcatServletWebServerFactory,org.springframework.boot.autoconfigure.web.servlet.ServletWebServerFactoryAutoConfiguration,servletWebServerFactoryCustomizer,tomcatServletWebServerFactoryCustomizer,org.springframework.boot.context.properties.ConfigurationPropertiesBindingPostProcessor,org.springframework.boot.context.internalConfigurationPropertiesBinderFactory,org.springframework.boot.context.internalConfigurationPropertiesBinder,org.springframework.boot.context.properties.ConfigurationPropertiesBeanDefinitionValidator,org.springframework.boot.context.properties.ConfigurationBeanFactoryMetadata,server-org.springframework.boot.autoconfigure.web.ServerProperties,webServerFactoryCustomizerBeanPostProcessor,errorPageRegistrarBeanPostProcessor,org.springframework.boot.autoconfigure.web.servlet.DispatcherServletAutoConfiguration$DispatcherServletConfiguration,dispatcherServlet,spring.mvc-org.springframework.boot.autoconfigure.web.servlet.WebMvcProperties,spring.http-org.springframework.boot.autoconfigure.http.HttpProperties,org.springframework.boot.autoconfigure.web.servlet.DispatcherServletAutoConfiguration$DispatcherServletRegistrationConfiguration,dispatcherServletRegistration,org.springframework.boot.autoconfigure.web.servlet.DispatcherServletAutoConfiguration,org.springframework.boot.autoconfigure.task.TaskExecutionAutoConfiguration,taskExecutorBuilder,applicationTaskExecutor,spring.task.execution-org.springframework.boot.autoconfigure.task.TaskExecutionProperties,org.springframework.boot.autoconfigure.validation.ValidationAutoConfiguration,defaultValidator,methodValidationPostProcessor,org.springframework.boot.autoconfigure.web.servlet.error.ErrorMvcAutoConfiguration$DefaultErrorViewResolverConfiguration,conventionErrorViewResolver,org.springframework.boot.autoconfigure.web.servlet.error.ErrorMvcAutoConfiguration,errorAttributes,basicErrorController,errorPageCustomizer,preserveErrorControllerTargetClassPostProcessor,spring.resources-org.springframework.boot.autoconfigure.web.ResourceProperties,org.springframework.boot.autoconfigure.web.servlet.WebMvcAutoConfiguration$EnableWebMvcConfiguration,requestMappingHandlerAdapter,requestMappingHandlerMapping,welcomePageHandlerMapping,mvcConversionService,mvcValidator,mvcContentNegotiationManager,mvcPathMatcher,mvcUrlPathHelper,viewControllerHandlerMapping,beanNameHandlerMapping,routerFunctionMapping,resourceHandlerMapping,mvcResourceUrlProvider,defaultServletHandlerMapping,handlerFunctionAdapter,mvcUriComponentsContributor,httpRequestHandlerAdapter,simpleControllerHandlerAdapter,handlerExceptionResolver,mvcViewResolver,mvcHandlerMappingIntrospector,org.springframework.boot.autoconfigure.web.servlet.WebMvcAutoConfiguration$WebMvcAutoConfigurationAdapter,defaultViewResolver,viewResolver,requestContextFilter,org.springframework.boot.autoconfigure.web.servlet.WebMvcAutoConfiguration,formContentFilter,org.springframework.boot.autoconfigure.aop.AopAutoConfiguration$ClassProxyingConfiguration,org.springframework.boot.autoconfigure.aop.AopAutoConfiguration,org.springframework.boot.autoconfigure.context.ConfigurationPropertiesAutoConfiguration,org.springframework.boot.autoconfigure.jackson.JacksonAutoConfiguration$Jackson2ObjectMapperBuilderCustomizerConfiguration,standardJacksonObjectMapperBuilderCustomizer,spring.jackson-org.springframework.boot.autoconfigure.jackson.JacksonProperties,org.springframework.boot.autoconfigure.jackson.JacksonAutoConfiguration$JacksonObjectMapperBuilderConfiguration,jacksonObjectMapperBuilder,org.springframework.boot.autoconfigure.jackson.JacksonAutoConfiguration$ParameterNamesModuleConfiguration,parameterNamesModule,org.springframework.boot.autoconfigure.jackson.JacksonAutoConfiguration$JacksonObjectMapperConfiguration,jacksonObjectMapper,org.springframework.boot.autoconfigure.jackson.JacksonAutoConfiguration,jsonComponentModule,org.springframework.boot.autoconfigure.http.HttpMessageConvertersAutoConfiguration$StringHttpMessageConverterConfiguration,stringHttpMessageConverter,org.springframework.boot.autoconfigure.http.JacksonHttpMessageConvertersConfiguration$MappingJackson2HttpMessageConverterConfiguration,mappingJackson2HttpMessageConverter,org.springframework.boot.autoconfigure.http.JacksonHttpMessageConvertersConfiguration,org.springframework.boot.autoconfigure.http.HttpMessageConvertersAutoConfiguration,messageConverters,org.springframework.boot.autoconfigure.info.ProjectInfoAutoConfiguration,spring.info-org.springframework.boot.autoconfigure.info.ProjectInfoProperties,org.springframework.boot.autoconfigure.security.oauth2.resource.servlet.OAuth2ResourceServerAutoConfiguration,spring.security.oauth2.resourceserver-org.springframework.boot.autoconfigure.security.oauth2.resource.OAuth2ResourceServerProperties,org.springframework.boot.autoconfigure.security.servlet.SecurityAutoConfiguration,authenticationEventPublisher,spring.security-org.springframework.boot.autoconfigure.security.SecurityProperties,org.springframework.boot.autoconfigure.security.servlet.SecurityFilterAutoConfiguration,securityFilterChainRegistration,org.springframework.boot.autoconfigure.security.servlet.UserDetailsServiceAutoConfiguration,inMemoryUserDetailsManager,org.springframework.boot.autoconfigure.session.SessionAutoConfiguration$ServletSessionRepositoryImplementationValidator,org.springframework.boot.autoconfigure.session.NoOpSessionConfiguration,org.springframework.boot.autoconfigure.session.SessionAutoConfiguration$ServletSessionConfiguration$ServletSessionRepositoryConfiguration,org.springframework.boot.autoconfigure.session.SessionAutoConfiguration$ServletSessionRepositoryValidator,org.springframework.boot.autoconfigure.session.SessionAutoConfiguration$ServletSessionConfiguration,cookieSerializer,org.springframework.boot.autoconfigure.session.SessionAutoConfiguration,spring.session-org.springframework.boot.autoconfigure.session.SessionProperties,org.springframework.boot.autoconfigure.task.TaskSchedulingAutoConfiguration,taskSchedulerBuilder,spring.task.scheduling-org.springframework.boot.autoconfigure.task.TaskSchedulingProperties,org.springframework.boot.autoconfigure.thymeleaf.ThymeleafAutoConfiguration$ThymeleafJava8TimeDialect,java8TimeDialect,org.springframework.boot.autoconfigure.thymeleaf.ThymeleafAutoConfiguration$ThymeleafSecurityDialectConfiguration,securityDialect,org.springframework.boot.autoconfigure.thymeleaf.ThymeleafAutoConfiguration$ThymeleafWebMvcConfiguration$ThymeleafViewResolverConfiguration,thymeleafViewResolver,org.springframework.boot.autoconfigure.thymeleaf.ThymeleafAutoConfiguration$ThymeleafWebMvcConfiguration,org.springframework.boot.autoconfigure.thymeleaf.ThymeleafAutoConfiguration$ThymeleafDefaultConfiguration,templateEngine,org.springframework.boot.autoconfigure.thymeleaf.ThymeleafAutoConfiguration$DefaultTemplateResolverConfiguration,defaultTemplateResolver,org.springframework.boot.autoconfigure.thymeleaf.ThymeleafAutoConfiguration,spring.thymeleaf-org.springframework.boot.autoconfigure.thymeleaf.ThymeleafProperties,org.springframework.boot.autoconfigure.web.client.RestTemplateAutoConfiguration,restTemplateBuilder,org.springframework.boot.autoconfigure.web.embedded.EmbeddedWebServerFactoryCustomizerAutoConfiguration$TomcatWebServerFactoryCustomizerConfiguration,tomcatWebServerFactoryCustomizer,org.springframework.boot.autoconfigure.web.embedded.EmbeddedWebServerFactoryCustomizerAutoConfiguration,org.springframework.boot.autoconfigure.web.servlet.HttpEncodingAutoConfiguration,characterEncodingFilter,localeCharsetMappingsCustomizer,org.springframework.boot.autoconfigure.web.servlet.MultipartAutoConfiguration,multipartConfigElement,multipartResolver,spring.servlet.multipart-org.springframework.boot.autoconfigure.web.servlet.MultipartProperties,org.springframework.boot.devtools.autoconfigure.LocalDevToolsAutoConfiguration$RestartConfiguration,restartingClassPathChangedEventListener,classPathFileSystemWatcher,classPathRestartStrategy,fileSystemWatcherFactory,conditionEvaluationDeltaLoggingListener,org.springframework.boot.devtools.autoconfigure.LocalDevToolsAutoConfiguration$LiveReloadConfiguration,liveReloadServer,optionalLiveReloadServer,liveReloadServerEventListener,org.springframework.boot.devtools.autoconfigure.LocalDevToolsAutoConfiguration,spring.devtools-org.springframework.boot.devtools.autoconfigure.DevToolsProperties,org.springframework.aop.config.internalAutoProxyCreator]; root of factory hierarchy
2020-07-15 19:52:17.896 62730 [http-nio-8080-exec-1] TRACE o.s.b.f.s.DefaultListableBeanFactory - Creating instance of bean 'org.springframework.web.servlet.i18n.AcceptHeaderLocaleResolver'
2020-07-15 19:52:17.898 62732 [http-nio-8080-exec-1] TRACE o.s.b.f.s.DefaultListableBeanFactory - Finished creating instance of bean 'org.springframework.web.servlet.i18n.AcceptHeaderLocaleResolver'
2020-07-15 19:52:17.898 62732 [http-nio-8080-exec-1] TRACE o.s.web.servlet.DispatcherServlet - No LocaleResolver 'localeResolver': using default [AcceptHeaderLocaleResolver]
2020-07-15 19:52:17.898 62732 [http-nio-8080-exec-1] TRACE o.s.b.f.s.DefaultListableBeanFactory - No bean named 'themeResolver' found in org.springframework.beans.factory.support.DefaultListableBeanFactory@46a2da97: defining beans [org.springframework.context.annotation.internalConfigurationAnnotationProcessor,org.springframework.context.annotation.internalAutowiredAnnotationProcessor,org.springframework.context.annotation.internalCommonAnnotationProcessor,org.springframework.context.event.internalEventListenerProcessor,org.springframework.context.event.internalEventListenerFactory,groupFormationToolApplication,org.springframework.boot.autoconfigure.internalCachingMetadataReaderFactory,adminConfigController,courseAdminController,courseController,instructorAdminController,errorController,questionController,loginController,securityConfiguration,signupController,surveyController,indexController,org.springframework.security.config.annotation.configuration.ObjectPostProcessorConfiguration,objectPostProcessor,org.springframework.security.config.annotation.authentication.configuration.AuthenticationConfiguration,authenticationManagerBuilder,enableGlobalAuthenticationAutowiredConfigurer,initializeUserDetailsBeanManagerConfigurer,initializeAuthenticationProviderBeanManagerConfigurer,org.springframework.security.config.annotation.web.configuration.WebSecurityConfiguration,delegatingApplicationListener,webSecurityExpressionHandler,springSecurityFilterChain,privilegeEvaluator,conversionServicePostProcessor,autowiredWebSecurityConfigurersIgnoreParents,org.springframework.security.config.annotation.web.configuration.WebMvcSecurityConfiguration,requestDataValueProcessor,org.springframework.boot.autoconfigure.AutoConfigurationPackages,org.springframework.boot.autoconfigure.context.PropertyPlaceholderAutoConfiguration,propertySourcesPlaceholderConfigurer,org.springframework.boot.autoconfigure.websocket.servlet.WebSocketServletAutoConfiguration$TomcatWebSocketConfiguration,websocketServletWebServerCustomizer,org.springframework.boot.autoconfigure.websocket.servlet.WebSocketServletAutoConfiguration,org.springframework.boot.autoconfigure.web.servlet.ServletWebServerFactoryConfiguration$EmbeddedTomcat,tomcatServletWebServerFactory,org.springframework.boot.autoconfigure.web.servlet.ServletWebServerFactoryAutoConfiguration,servletWebServerFactoryCustomizer,tomcatServletWebServerFactoryCustomizer,org.springframework.boot.context.properties.ConfigurationPropertiesBindingPostProcessor,org.springframework.boot.context.internalConfigurationPropertiesBinderFactory,org.springframework.boot.context.internalConfigurationPropertiesBinder,org.springframework.boot.context.properties.ConfigurationPropertiesBeanDefinitionValidator,org.springframework.boot.context.properties.ConfigurationBeanFactoryMetadata,server-org.springframework.boot.autoconfigure.web.ServerProperties,webServerFactoryCustomizerBeanPostProcessor,errorPageRegistrarBeanPostProcessor,org.springframework.boot.autoconfigure.web.servlet.DispatcherServletAutoConfiguration$DispatcherServletConfiguration,dispatcherServlet,spring.mvc-org.springframework.boot.autoconfigure.web.servlet.WebMvcProperties,spring.http-org.springframework.boot.autoconfigure.http.HttpProperties,org.springframework.boot.autoconfigure.web.servlet.DispatcherServletAutoConfiguration$DispatcherServletRegistrationConfiguration,dispatcherServletRegistration,org.springframework.boot.autoconfigure.web.servlet.DispatcherServletAutoConfiguration,org.springframework.boot.autoconfigure.task.TaskExecutionAutoConfiguration,taskExecutorBuilder,applicationTaskExecutor,spring.task.execution-org.springframework.boot.autoconfigure.task.TaskExecutionProperties,org.springframework.boot.autoconfigure.validation.ValidationAutoConfiguration,defaultValidator,methodValidationPostProcessor,org.springframework.boot.autoconfigure.web.servlet.error.ErrorMvcAutoConfiguration$DefaultErrorViewResolverConfiguration,conventionErrorViewResolver,org.springframework.boot.autoconfigure.web.servlet.error.ErrorMvcAutoConfiguration,errorAttributes,basicErrorController,errorPageCustomizer,preserveErrorControllerTargetClassPostProcessor,spring.resources-org.springframework.boot.autoconfigure.web.ResourceProperties,org.springframework.boot.autoconfigure.web.servlet.WebMvcAutoConfiguration$EnableWebMvcConfiguration,requestMappingHandlerAdapter,requestMappingHandlerMapping,welcomePageHandlerMapping,mvcConversionService,mvcValidator,mvcContentNegotiationManager,mvcPathMatcher,mvcUrlPathHelper,viewControllerHandlerMapping,beanNameHandlerMapping,routerFunctionMapping,resourceHandlerMapping,mvcResourceUrlProvider,defaultServletHandlerMapping,handlerFunctionAdapter,mvcUriComponentsContributor,httpRequestHandlerAdapter,simpleControllerHandlerAdapter,handlerExceptionResolver,mvcViewResolver,mvcHandlerMappingIntrospector,org.springframework.boot.autoconfigure.web.servlet.WebMvcAutoConfiguration$WebMvcAutoConfigurationAdapter,defaultViewResolver,viewResolver,requestContextFilter,org.springframework.boot.autoconfigure.web.servlet.WebMvcAutoConfiguration,formContentFilter,org.springframework.boot.autoconfigure.aop.AopAutoConfiguration$ClassProxyingConfiguration,org.springframework.boot.autoconfigure.aop.AopAutoConfiguration,org.springframework.boot.autoconfigure.context.ConfigurationPropertiesAutoConfiguration,org.springframework.boot.autoconfigure.jackson.JacksonAutoConfiguration$Jackson2ObjectMapperBuilderCustomizerConfiguration,standardJacksonObjectMapperBuilderCustomizer,spring.jackson-org.springframework.boot.autoconfigure.jackson.JacksonProperties,org.springframework.boot.autoconfigure.jackson.JacksonAutoConfiguration$JacksonObjectMapperBuilderConfiguration,jacksonObjectMapperBuilder,org.springframework.boot.autoconfigure.jackson.JacksonAutoConfiguration$ParameterNamesModuleConfiguration,parameterNamesModule,org.springframework.boot.autoconfigure.jackson.JacksonAutoConfiguration$JacksonObjectMapperConfiguration,jacksonObjectMapper,org.springframework.boot.autoconfigure.jackson.JacksonAutoConfiguration,jsonComponentModule,org.springframework.boot.autoconfigure.http.HttpMessageConvertersAutoConfiguration$StringHttpMessageConverterConfiguration,stringHttpMessageConverter,org.springframework.boot.autoconfigure.http.JacksonHttpMessageConvertersConfiguration$MappingJackson2HttpMessageConverterConfiguration,mappingJackson2HttpMessageConverter,org.springframework.boot.autoconfigure.http.JacksonHttpMessageConvertersConfiguration,org.springframework.boot.autoconfigure.http.HttpMessageConvertersAutoConfiguration,messageConverters,org.springframework.boot.autoconfigure.info.ProjectInfoAutoConfiguration,spring.info-org.springframework.boot.autoconfigure.info.ProjectInfoProperties,org.springframework.boot.autoconfigure.security.oauth2.resource.servlet.OAuth2ResourceServerAutoConfiguration,spring.security.oauth2.resourceserver-org.springframework.boot.autoconfigure.security.oauth2.resource.OAuth2ResourceServerProperties,org.springframework.boot.autoconfigure.security.servlet.SecurityAutoConfiguration,authenticationEventPublisher,spring.security-org.springframework.boot.autoconfigure.security.SecurityProperties,org.springframework.boot.autoconfigure.security.servlet.SecurityFilterAutoConfiguration,securityFilterChainRegistration,org.springframework.boot.autoconfigure.security.servlet.UserDetailsServiceAutoConfiguration,inMemoryUserDetailsManager,org.springframework.boot.autoconfigure.session.SessionAutoConfiguration$ServletSessionRepositoryImplementationValidator,org.springframework.boot.autoconfigure.session.NoOpSessionConfiguration,org.springframework.boot.autoconfigure.session.SessionAutoConfiguration$ServletSessionConfiguration$ServletSessionRepositoryConfiguration,org.springframework.boot.autoconfigure.session.SessionAutoConfiguration$ServletSessionRepositoryValidator,org.springframework.boot.autoconfigure.session.SessionAutoConfiguration$ServletSessionConfiguration,cookieSerializer,org.springframework.boot.autoconfigure.session.SessionAutoConfiguration,spring.session-org.springframework.boot.autoconfigure.session.SessionProperties,org.springframework.boot.autoconfigure.task.TaskSchedulingAutoConfiguration,taskSchedulerBuilder,spring.task.scheduling-org.springframework.boot.autoconfigure.task.TaskSchedulingProperties,org.springframework.boot.autoconfigure.thymeleaf.ThymeleafAutoConfiguration$ThymeleafJava8TimeDialect,java8TimeDialect,org.springframework.boot.autoconfigure.thymeleaf.ThymeleafAutoConfiguration$ThymeleafSecurityDialectConfiguration,securityDialect,org.springframework.boot.autoconfigure.thymeleaf.ThymeleafAutoConfiguration$ThymeleafWebMvcConfiguration$ThymeleafViewResolverConfiguration,thymeleafViewResolver,org.springframework.boot.autoconfigure.thymeleaf.ThymeleafAutoConfiguration$ThymeleafWebMvcConfiguration,org.springframework.boot.autoconfigure.thymeleaf.ThymeleafAutoConfiguration$ThymeleafDefaultConfiguration,templateEngine,org.springframework.boot.autoconfigure.thymeleaf.ThymeleafAutoConfiguration$DefaultTemplateResolverConfiguration,defaultTemplateResolver,org.springframework.boot.autoconfigure.thymeleaf.ThymeleafAutoConfiguration,spring.thymeleaf-org.springframework.boot.autoconfigure.thymeleaf.ThymeleafProperties,org.springframework.boot.autoconfigure.web.client.RestTemplateAutoConfiguration,restTemplateBuilder,org.springframework.boot.autoconfigure.web.embedded.EmbeddedWebServerFactoryCustomizerAutoConfiguration$TomcatWebServerFactoryCustomizerConfiguration,tomcatWebServerFactoryCustomizer,org.springframework.boot.autoconfigure.web.embedded.EmbeddedWebServerFactoryCustomizerAutoConfiguration,org.springframework.boot.autoconfigure.web.servlet.HttpEncodingAutoConfiguration,characterEncodingFilter,localeCharsetMappingsCustomizer,org.springframework.boot.autoconfigure.web.servlet.MultipartAutoConfiguration,multipartConfigElement,multipartResolver,spring.servlet.multipart-org.springframework.boot.autoconfigure.web.servlet.MultipartProperties,org.springframework.boot.devtools.autoconfigure.LocalDevToolsAutoConfiguration$RestartConfiguration,restartingClassPathChangedEventListener,classPathFileSystemWatcher,classPathRestartStrategy,fileSystemWatcherFactory,conditionEvaluationDeltaLoggingListener,org.springframework.boot.devtools.autoconfigure.LocalDevToolsAutoConfiguration$LiveReloadConfiguration,liveReloadServer,optionalLiveReloadServer,liveReloadServerEventListener,org.springframework.boot.devtools.autoconfigure.LocalDevToolsAutoConfiguration,spring.devtools-org.springframework.boot.devtools.autoconfigure.DevToolsProperties,org.springframework.aop.config.internalAutoProxyCreator]; root of factory hierarchy
2020-07-15 19:52:17.899 62733 [http-nio-8080-exec-1] TRACE o.s.b.f.s.DefaultListableBeanFactory - Creating instance of bean 'org.springframework.web.servlet.theme.FixedThemeResolver'
2020-07-15 19:52:17.900 62734 [http-nio-8080-exec-1] TRACE o.s.b.f.s.DefaultListableBeanFactory - Finished creating instance of bean 'org.springframework.web.servlet.theme.FixedThemeResolver'
2020-07-15 19:52:17.900 62734 [http-nio-8080-exec-1] TRACE o.s.web.servlet.DispatcherServlet - No ThemeResolver 'themeResolver': using default [FixedThemeResolver]
2020-07-15 19:52:17.900 62734 [http-nio-8080-exec-1] TRACE o.s.b.f.s.DefaultListableBeanFactory - Returning cached instance of singleton bean 'requestMappingHandlerMapping'
2020-07-15 19:52:17.900 62734 [http-nio-8080-exec-1] TRACE o.s.b.f.s.DefaultListableBeanFactory - Returning cached instance of singleton bean 'welcomePageHandlerMapping'
2020-07-15 19:52:17.900 62734 [http-nio-8080-exec-1] TRACE o.s.b.f.s.DefaultListableBeanFactory - Returning cached instance of singleton bean 'viewControllerHandlerMapping'
2020-07-15 19:52:17.900 62734 [http-nio-8080-exec-1] TRACE o.s.b.f.s.DefaultListableBeanFactory - Returning cached instance of singleton bean 'beanNameHandlerMapping'
2020-07-15 19:52:17.900 62734 [http-nio-8080-exec-1] TRACE o.s.b.f.s.DefaultListableBeanFactory - Returning cached instance of singleton bean 'routerFunctionMapping'
2020-07-15 19:52:17.900 62734 [http-nio-8080-exec-1] TRACE o.s.b.f.s.DefaultListableBeanFactory - Returning cached instance of singleton bean 'resourceHandlerMapping'
2020-07-15 19:52:17.900 62734 [http-nio-8080-exec-1] TRACE o.s.b.f.s.DefaultListableBeanFactory - Returning cached instance of singleton bean 'defaultServletHandlerMapping'
2020-07-15 19:52:17.900 62734 [http-nio-8080-exec-1] TRACE o.s.b.f.s.DefaultListableBeanFactory - Returning cached instance of singleton bean 'requestMappingHandlerAdapter'
2020-07-15 19:52:17.900 62734 [http-nio-8080-exec-1] TRACE o.s.b.f.s.DefaultListableBeanFactory - Returning cached instance of singleton bean 'handlerFunctionAdapter'
2020-07-15 19:52:17.900 62734 [http-nio-8080-exec-1] TRACE o.s.b.f.s.DefaultListableBeanFactory - Returning cached instance of singleton bean 'httpRequestHandlerAdapter'
2020-07-15 19:52:17.900 62734 [http-nio-8080-exec-1] TRACE o.s.b.f.s.DefaultListableBeanFactory - Returning cached instance of singleton bean 'simpleControllerHandlerAdapter'
2020-07-15 19:52:17.900 62734 [http-nio-8080-exec-1] TRACE o.s.b.f.s.DefaultListableBeanFactory - Returning cached instance of singleton bean 'errorAttributes'
2020-07-15 19:52:17.900 62734 [http-nio-8080-exec-1] TRACE o.s.b.f.s.DefaultListableBeanFactory - Returning cached instance of singleton bean 'handlerExceptionResolver'
2020-07-15 19:52:17.900 62734 [http-nio-8080-exec-1] TRACE o.s.b.f.s.DefaultListableBeanFactory - No bean named 'viewNameTranslator' found in org.springframework.beans.factory.support.DefaultListableBeanFactory@46a2da97: defining beans [org.springframework.context.annotation.internalConfigurationAnnotationProcessor,org.springframework.context.annotation.internalAutowiredAnnotationProcessor,org.springframework.context.annotation.internalCommonAnnotationProcessor,org.springframework.context.event.internalEventListenerProcessor,org.springframework.context.event.internalEventListenerFactory,groupFormationToolApplication,org.springframework.boot.autoconfigure.internalCachingMetadataReaderFactory,adminConfigController,courseAdminController,courseController,instructorAdminController,errorController,questionController,loginController,securityConfiguration,signupController,surveyController,indexController,org.springframework.security.config.annotation.configuration.ObjectPostProcessorConfiguration,objectPostProcessor,org.springframework.security.config.annotation.authentication.configuration.AuthenticationConfiguration,authenticationManagerBuilder,enableGlobalAuthenticationAutowiredConfigurer,initializeUserDetailsBeanManagerConfigurer,initializeAuthenticationProviderBeanManagerConfigurer,org.springframework.security.config.annotation.web.configuration.WebSecurityConfiguration,delegatingApplicationListener,webSecurityExpressionHandler,springSecurityFilterChain,privilegeEvaluator,conversionServicePostProcessor,autowiredWebSecurityConfigurersIgnoreParents,org.springframework.security.config.annotation.web.configuration.WebMvcSecurityConfiguration,requestDataValueProcessor,org.springframework.boot.autoconfigure.AutoConfigurationPackages,org.springframework.boot.autoconfigure.context.PropertyPlaceholderAutoConfiguration,propertySourcesPlaceholderConfigurer,org.springframework.boot.autoconfigure.websocket.servlet.WebSocketServletAutoConfiguration$TomcatWebSocketConfiguration,websocketServletWebServerCustomizer,org.springframework.boot.autoconfigure.websocket.servlet.WebSocketServletAutoConfiguration,org.springframework.boot.autoconfigure.web.servlet.ServletWebServerFactoryConfiguration$EmbeddedTomcat,tomcatServletWebServerFactory,org.springframework.boot.autoconfigure.web.servlet.ServletWebServerFactoryAutoConfiguration,servletWebServerFactoryCustomizer,tomcatServletWebServerFactoryCustomizer,org.springframework.boot.context.properties.ConfigurationPropertiesBindingPostProcessor,org.springframework.boot.context.internalConfigurationPropertiesBinderFactory,org.springframework.boot.context.internalConfigurationPropertiesBinder,org.springframework.boot.context.properties.ConfigurationPropertiesBeanDefinitionValidator,org.springframework.boot.context.properties.ConfigurationBeanFactoryMetadata,server-org.springframework.boot.autoconfigure.web.ServerProperties,webServerFactoryCustomizerBeanPostProcessor,errorPageRegistrarBeanPostProcessor,org.springframework.boot.autoconfigure.web.servlet.DispatcherServletAutoConfiguration$DispatcherServletConfiguration,dispatcherServlet,spring.mvc-org.springframework.boot.autoconfigure.web.servlet.WebMvcProperties,spring.http-org.springframework.boot.autoconfigure.http.HttpProperties,org.springframework.boot.autoconfigure.web.servlet.DispatcherServletAutoConfiguration$DispatcherServletRegistrationConfiguration,dispatcherServletRegistration,org.springframework.boot.autoconfigure.web.servlet.DispatcherServletAutoConfiguration,org.springframework.boot.autoconfigure.task.TaskExecutionAutoConfiguration,taskExecutorBuilder,applicationTaskExecutor,spring.task.execution-org.springframework.boot.autoconfigure.task.TaskExecutionProperties,org.springframework.boot.autoconfigure.validation.ValidationAutoConfiguration,defaultValidator,methodValidationPostProcessor,org.springframework.boot.autoconfigure.web.servlet.error.ErrorMvcAutoConfiguration$DefaultErrorViewResolverConfiguration,conventionErrorViewResolver,org.springframework.boot.autoconfigure.web.servlet.error.ErrorMvcAutoConfiguration,errorAttributes,basicErrorController,errorPageCustomizer,preserveErrorControllerTargetClassPostProcessor,spring.resources-org.springframework.boot.autoconfigure.web.ResourceProperties,org.springframework.boot.autoconfigure.web.servlet.WebMvcAutoConfiguration$EnableWebMvcConfiguration,requestMappingHandlerAdapter,requestMappingHandlerMapping,welcomePageHandlerMapping,mvcConversionService,mvcValidator,mvcContentNegotiationManager,mvcPathMatcher,mvcUrlPathHelper,viewControllerHandlerMapping,beanNameHandlerMapping,routerFunctionMapping,resourceHandlerMapping,mvcResourceUrlProvider,defaultServletHandlerMapping,handlerFunctionAdapter,mvcUriComponentsContributor,httpRequestHandlerAdapter,simpleControllerHandlerAdapter,handlerExceptionResolver,mvcViewResolver,mvcHandlerMappingIntrospector,org.springframework.boot.autoconfigure.web.servlet.WebMvcAutoConfiguration$WebMvcAutoConfigurationAdapter,defaultViewResolver,viewResolver,requestContextFilter,org.springframework.boot.autoconfigure.web.servlet.WebMvcAutoConfiguration,formContentFilter,org.springframework.boot.autoconfigure.aop.AopAutoConfiguration$ClassProxyingConfiguration,org.springframework.boot.autoconfigure.aop.AopAutoConfiguration,org.springframework.boot.autoconfigure.context.ConfigurationPropertiesAutoConfiguration,org.springframework.boot.autoconfigure.jackson.JacksonAutoConfiguration$Jackson2ObjectMapperBuilderCustomizerConfiguration,standardJacksonObjectMapperBuilderCustomizer,spring.jackson-org.springframework.boot.autoconfigure.jackson.JacksonProperties,org.springframework.boot.autoconfigure.jackson.JacksonAutoConfiguration$JacksonObjectMapperBuilderConfiguration,jacksonObjectMapperBuilder,org.springframework.boot.autoconfigure.jackson.JacksonAutoConfiguration$ParameterNamesModuleConfiguration,parameterNamesModule,org.springframework.boot.autoconfigure.jackson.JacksonAutoConfiguration$JacksonObjectMapperConfiguration,jacksonObjectMapper,org.springframework.boot.autoconfigure.jackson.JacksonAutoConfiguration,jsonComponentModule,org.springframework.boot.autoconfigure.http.HttpMessageConvertersAutoConfiguration$StringHttpMessageConverterConfiguration,stringHttpMessageConverter,org.springframework.boot.autoconfigure.http.JacksonHttpMessageConvertersConfiguration$MappingJackson2HttpMessageConverterConfiguration,mappingJackson2HttpMessageConverter,org.springframework.boot.autoconfigure.http.JacksonHttpMessageConvertersConfiguration,org.springframework.boot.autoconfigure.http.HttpMessageConvertersAutoConfiguration,messageConverters,org.springframework.boot.autoconfigure.info.ProjectInfoAutoConfiguration,spring.info-org.springframework.boot.autoconfigure.info.ProjectInfoProperties,org.springframework.boot.autoconfigure.security.oauth2.resource.servlet.OAuth2ResourceServerAutoConfiguration,spring.security.oauth2.resourceserver-org.springframework.boot.autoconfigure.security.oauth2.resource.OAuth2ResourceServerProperties,org.springframework.boot.autoconfigure.security.servlet.SecurityAutoConfiguration,authenticationEventPublisher,spring.security-org.springframework.boot.autoconfigure.security.SecurityProperties,org.springframework.boot.autoconfigure.security.servlet.SecurityFilterAutoConfiguration,securityFilterChainRegistration,org.springframework.boot.autoconfigure.security.servlet.UserDetailsServiceAutoConfiguration,inMemoryUserDetailsManager,org.springframework.boot.autoconfigure.session.SessionAutoConfiguration$ServletSessionRepositoryImplementationValidator,org.springframework.boot.autoconfigure.session.NoOpSessionConfiguration,org.springframework.boot.autoconfigure.session.SessionAutoConfiguration$ServletSessionConfiguration$ServletSessionRepositoryConfiguration,org.springframework.boot.autoconfigure.session.SessionAutoConfiguration$ServletSessionRepositoryValidator,org.springframework.boot.autoconfigure.session.SessionAutoConfiguration$ServletSessionConfiguration,cookieSerializer,org.springframework.boot.autoconfigure.session.SessionAutoConfiguration,spring.session-org.springframework.boot.autoconfigure.session.SessionProperties,org.springframework.boot.autoconfigure.task.TaskSchedulingAutoConfiguration,taskSchedulerBuilder,spring.task.scheduling-org.springframework.boot.autoconfigure.task.TaskSchedulingProperties,org.springframework.boot.autoconfigure.thymeleaf.ThymeleafAutoConfiguration$ThymeleafJava8TimeDialect,java8TimeDialect,org.springframework.boot.autoconfigure.thymeleaf.ThymeleafAutoConfiguration$ThymeleafSecurityDialectConfiguration,securityDialect,org.springframework.boot.autoconfigure.thymeleaf.ThymeleafAutoConfiguration$ThymeleafWebMvcConfiguration$ThymeleafViewResolverConfiguration,thymeleafViewResolver,org.springframework.boot.autoconfigure.thymeleaf.ThymeleafAutoConfiguration$ThymeleafWebMvcConfiguration,org.springframework.boot.autoconfigure.thymeleaf.ThymeleafAutoConfiguration$ThymeleafDefaultConfiguration,templateEngine,org.springframework.boot.autoconfigure.thymeleaf.ThymeleafAutoConfiguration$DefaultTemplateResolverConfiguration,defaultTemplateResolver,org.springframework.boot.autoconfigure.thymeleaf.ThymeleafAutoConfiguration,spring.thymeleaf-org.springframework.boot.autoconfigure.thymeleaf.ThymeleafProperties,org.springframework.boot.autoconfigure.web.client.RestTemplateAutoConfiguration,restTemplateBuilder,org.springframework.boot.autoconfigure.web.embedded.EmbeddedWebServerFactoryCustomizerAutoConfiguration$TomcatWebServerFactoryCustomizerConfiguration,tomcatWebServerFactoryCustomizer,org.springframework.boot.autoconfigure.web.embedded.EmbeddedWebServerFactoryCustomizerAutoConfiguration,org.springframework.boot.autoconfigure.web.servlet.HttpEncodingAutoConfiguration,characterEncodingFilter,localeCharsetMappingsCustomizer,org.springframework.boot.autoconfigure.web.servlet.MultipartAutoConfiguration,multipartConfigElement,multipartResolver,spring.servlet.multipart-org.springframework.boot.autoconfigure.web.servlet.MultipartProperties,org.springframework.boot.devtools.autoconfigure.LocalDevToolsAutoConfiguration$RestartConfiguration,restartingClassPathChangedEventListener,classPathFileSystemWatcher,classPathRestartStrategy,fileSystemWatcherFactory,conditionEvaluationDeltaLoggingListener,org.springframework.boot.devtools.autoconfigure.LocalDevToolsAutoConfiguration$LiveReloadConfiguration,liveReloadServer,optionalLiveReloadServer,liveReloadServerEventListener,org.springframework.boot.devtools.autoconfigure.LocalDevToolsAutoConfiguration,spring.devtools-org.springframework.boot.devtools.autoconfigure.DevToolsProperties,org.springframework.aop.config.internalAutoProxyCreator]; root of factory hierarchy
2020-07-15 19:52:17.901 62735 [http-nio-8080-exec-1] TRACE o.s.b.f.s.DefaultListableBeanFactory - Creating instance of bean 'org.springframework.web.servlet.view.DefaultRequestToViewNameTranslator'
2020-07-15 19:52:17.902 62736 [http-nio-8080-exec-1] TRACE o.s.b.f.s.DefaultListableBeanFactory - Finished creating instance of bean 'org.springframework.web.servlet.view.DefaultRequestToViewNameTranslator'
2020-07-15 19:52:17.902 62736 [http-nio-8080-exec-1] TRACE o.s.web.servlet.DispatcherServlet - No RequestToViewNameTranslator 'viewNameTranslator': using default [DefaultRequestToViewNameTranslator]
2020-07-15 19:52:17.902 62736 [http-nio-8080-exec-1] TRACE o.s.b.f.s.DefaultListableBeanFactory - Returning cached instance of singleton bean 'mvcViewResolver'
2020-07-15 19:52:17.902 62736 [http-nio-8080-exec-1] TRACE o.s.b.f.s.DefaultListableBeanFactory - Returning cached instance of singleton bean 'defaultViewResolver'
2020-07-15 19:52:17.902 62736 [http-nio-8080-exec-1] TRACE o.s.b.f.s.DefaultListableBeanFactory - Returning cached instance of singleton bean 'viewResolver'
2020-07-15 19:52:17.902 62736 [http-nio-8080-exec-1] TRACE o.s.b.f.s.DefaultListableBeanFactory - Returning cached instance of singleton bean 'thymeleafViewResolver'
2020-07-15 19:52:17.902 62736 [http-nio-8080-exec-1] TRACE o.s.b.f.s.DefaultListableBeanFactory - No bean named 'flashMapManager' found in org.springframework.beans.factory.support.DefaultListableBeanFactory@46a2da97: defining beans [org.springframework.context.annotation.internalConfigurationAnnotationProcessor,org.springframework.context.annotation.internalAutowiredAnnotationProcessor,org.springframework.context.annotation.internalCommonAnnotationProcessor,org.springframework.context.event.internalEventListenerProcessor,org.springframework.context.event.internalEventListenerFactory,groupFormationToolApplication,org.springframework.boot.autoconfigure.internalCachingMetadataReaderFactory,adminConfigController,courseAdminController,courseController,instructorAdminController,errorController,questionController,loginController,securityConfiguration,signupController,surveyController,indexController,org.springframework.security.config.annotation.configuration.ObjectPostProcessorConfiguration,objectPostProcessor,org.springframework.security.config.annotation.authentication.configuration.AuthenticationConfiguration,authenticationManagerBuilder,enableGlobalAuthenticationAutowiredConfigurer,initializeUserDetailsBeanManagerConfigurer,initializeAuthenticationProviderBeanManagerConfigurer,org.springframework.security.config.annotation.web.configuration.WebSecurityConfiguration,delegatingApplicationListener,webSecurityExpressionHandler,springSecurityFilterChain,privilegeEvaluator,conversionServicePostProcessor,autowiredWebSecurityConfigurersIgnoreParents,org.springframework.security.config.annotation.web.configuration.WebMvcSecurityConfiguration,requestDataValueProcessor,org.springframework.boot.autoconfigure.AutoConfigurationPackages,org.springframework.boot.autoconfigure.context.PropertyPlaceholderAutoConfiguration,propertySourcesPlaceholderConfigurer,org.springframework.boot.autoconfigure.websocket.servlet.WebSocketServletAutoConfiguration$TomcatWebSocketConfiguration,websocketServletWebServerCustomizer,org.springframework.boot.autoconfigure.websocket.servlet.WebSocketServletAutoConfiguration,org.springframework.boot.autoconfigure.web.servlet.ServletWebServerFactoryConfiguration$EmbeddedTomcat,tomcatServletWebServerFactory,org.springframework.boot.autoconfigure.web.servlet.ServletWebServerFactoryAutoConfiguration,servletWebServerFactoryCustomizer,tomcatServletWebServerFactoryCustomizer,org.springframework.boot.context.properties.ConfigurationPropertiesBindingPostProcessor,org.springframework.boot.context.internalConfigurationPropertiesBinderFactory,org.springframework.boot.context.internalConfigurationPropertiesBinder,org.springframework.boot.context.properties.ConfigurationPropertiesBeanDefinitionValidator,org.springframework.boot.context.properties.ConfigurationBeanFactoryMetadata,server-org.springframework.boot.autoconfigure.web.ServerProperties,webServerFactoryCustomizerBeanPostProcessor,errorPageRegistrarBeanPostProcessor,org.springframework.boot.autoconfigure.web.servlet.DispatcherServletAutoConfiguration$DispatcherServletConfiguration,dispatcherServlet,spring.mvc-org.springframework.boot.autoconfigure.web.servlet.WebMvcProperties,spring.http-org.springframework.boot.autoconfigure.http.HttpProperties,org.springframework.boot.autoconfigure.web.servlet.DispatcherServletAutoConfiguration$DispatcherServletRegistrationConfiguration,dispatcherServletRegistration,org.springframework.boot.autoconfigure.web.servlet.DispatcherServletAutoConfiguration,org.springframework.boot.autoconfigure.task.TaskExecutionAutoConfiguration,taskExecutorBuilder,applicationTaskExecutor,spring.task.execution-org.springframework.boot.autoconfigure.task.TaskExecutionProperties,org.springframework.boot.autoconfigure.validation.ValidationAutoConfiguration,defaultValidator,methodValidationPostProcessor,org.springframework.boot.autoconfigure.web.servlet.error.ErrorMvcAutoConfiguration$DefaultErrorViewResolverConfiguration,conventionErrorViewResolver,org.springframework.boot.autoconfigure.web.servlet.error.ErrorMvcAutoConfiguration,errorAttributes,basicErrorController,errorPageCustomizer,preserveErrorControllerTargetClassPostProcessor,spring.resources-org.springframework.boot.autoconfigure.web.ResourceProperties,org.springframework.boot.autoconfigure.web.servlet.WebMvcAutoConfiguration$EnableWebMvcConfiguration,requestMappingHandlerAdapter,requestMappingHandlerMapping,welcomePageHandlerMapping,mvcConversionService,mvcValidator,mvcContentNegotiationManager,mvcPathMatcher,mvcUrlPathHelper,viewControllerHandlerMapping,beanNameHandlerMapping,routerFunctionMapping,resourceHandlerMapping,mvcResourceUrlProvider,defaultServletHandlerMapping,handlerFunctionAdapter,mvcUriComponentsContributor,httpRequestHandlerAdapter,simpleControllerHandlerAdapter,handlerExceptionResolver,mvcViewResolver,mvcHandlerMappingIntrospector,org.springframework.boot.autoconfigure.web.servlet.WebMvcAutoConfiguration$WebMvcAutoConfigurationAdapter,defaultViewResolver,viewResolver,requestContextFilter,org.springframework.boot.autoconfigure.web.servlet.WebMvcAutoConfiguration,formContentFilter,org.springframework.boot.autoconfigure.aop.AopAutoConfiguration$ClassProxyingConfiguration,org.springframework.boot.autoconfigure.aop.AopAutoConfiguration,org.springframework.boot.autoconfigure.context.ConfigurationPropertiesAutoConfiguration,org.springframework.boot.autoconfigure.jackson.JacksonAutoConfiguration$Jackson2ObjectMapperBuilderCustomizerConfiguration,standardJacksonObjectMapperBuilderCustomizer,spring.jackson-org.springframework.boot.autoconfigure.jackson.JacksonProperties,org.springframework.boot.autoconfigure.jackson.JacksonAutoConfiguration$JacksonObjectMapperBuilderConfiguration,jacksonObjectMapperBuilder,org.springframework.boot.autoconfigure.jackson.JacksonAutoConfiguration$ParameterNamesModuleConfiguration,parameterNamesModule,org.springframework.boot.autoconfigure.jackson.JacksonAutoConfiguration$JacksonObjectMapperConfiguration,jacksonObjectMapper,org.springframework.boot.autoconfigure.jackson.JacksonAutoConfiguration,jsonComponentModule,org.springframework.boot.autoconfigure.http.HttpMessageConvertersAutoConfiguration$StringHttpMessageConverterConfiguration,stringHttpMessageConverter,org.springframework.boot.autoconfigure.http.JacksonHttpMessageConvertersConfiguration$MappingJackson2HttpMessageConverterConfiguration,mappingJackson2HttpMessageConverter,org.springframework.boot.autoconfigure.http.JacksonHttpMessageConvertersConfiguration,org.springframework.boot.autoconfigure.http.HttpMessageConvertersAutoConfiguration,messageConverters,org.springframework.boot.autoconfigure.info.ProjectInfoAutoConfiguration,spring.info-org.springframework.boot.autoconfigure.info.ProjectInfoProperties,org.springframework.boot.autoconfigure.security.oauth2.resource.servlet.OAuth2ResourceServerAutoConfiguration,spring.security.oauth2.resourceserver-org.springframework.boot.autoconfigure.security.oauth2.resource.OAuth2ResourceServerProperties,org.springframework.boot.autoconfigure.security.servlet.SecurityAutoConfiguration,authenticationEventPublisher,spring.security-org.springframework.boot.autoconfigure.security.SecurityProperties,org.springframework.boot.autoconfigure.security.servlet.SecurityFilterAutoConfiguration,securityFilterChainRegistration,org.springframework.boot.autoconfigure.security.servlet.UserDetailsServiceAutoConfiguration,inMemoryUserDetailsManager,org.springframework.boot.autoconfigure.session.SessionAutoConfiguration$ServletSessionRepositoryImplementationValidator,org.springframework.boot.autoconfigure.session.NoOpSessionConfiguration,org.springframework.boot.autoconfigure.session.SessionAutoConfiguration$ServletSessionConfiguration$ServletSessionRepositoryConfiguration,org.springframework.boot.autoconfigure.session.SessionAutoConfiguration$ServletSessionRepositoryValidator,org.springframework.boot.autoconfigure.session.SessionAutoConfiguration$ServletSessionConfiguration,cookieSerializer,org.springframework.boot.autoconfigure.session.SessionAutoConfiguration,spring.session-org.springframework.boot.autoconfigure.session.SessionProperties,org.springframework.boot.autoconfigure.task.TaskSchedulingAutoConfiguration,taskSchedulerBuilder,spring.task.scheduling-org.springframework.boot.autoconfigure.task.TaskSchedulingProperties,org.springframework.boot.autoconfigure.thymeleaf.ThymeleafAutoConfiguration$ThymeleafJava8TimeDialect,java8TimeDialect,org.springframework.boot.autoconfigure.thymeleaf.ThymeleafAutoConfiguration$ThymeleafSecurityDialectConfiguration,securityDialect,org.springframework.boot.autoconfigure.thymeleaf.ThymeleafAutoConfiguration$ThymeleafWebMvcConfiguration$ThymeleafViewResolverConfiguration,thymeleafViewResolver,org.springframework.boot.autoconfigure.thymeleaf.ThymeleafAutoConfiguration$ThymeleafWebMvcConfiguration,org.springframework.boot.autoconfigure.thymeleaf.ThymeleafAutoConfiguration$ThymeleafDefaultConfiguration,templateEngine,org.springframework.boot.autoconfigure.thymeleaf.ThymeleafAutoConfiguration$DefaultTemplateResolverConfiguration,defaultTemplateResolver,org.springframework.boot.autoconfigure.thymeleaf.ThymeleafAutoConfiguration,spring.thymeleaf-org.springframework.boot.autoconfigure.thymeleaf.ThymeleafProperties,org.springframework.boot.autoconfigure.web.client.RestTemplateAutoConfiguration,restTemplateBuilder,org.springframework.boot.autoconfigure.web.embedded.EmbeddedWebServerFactoryCustomizerAutoConfiguration$TomcatWebServerFactoryCustomizerConfiguration,tomcatWebServerFactoryCustomizer,org.springframework.boot.autoconfigure.web.embedded.EmbeddedWebServerFactoryCustomizerAutoConfiguration,org.springframework.boot.autoconfigure.web.servlet.HttpEncodingAutoConfiguration,characterEncodingFilter,localeCharsetMappingsCustomizer,org.springframework.boot.autoconfigure.web.servlet.MultipartAutoConfiguration,multipartConfigElement,multipartResolver,spring.servlet.multipart-org.springframework.boot.autoconfigure.web.servlet.MultipartProperties,org.springframework.boot.devtools.autoconfigure.LocalDevToolsAutoConfiguration$RestartConfiguration,restartingClassPathChangedEventListener,classPathFileSystemWatcher,classPathRestartStrategy,fileSystemWatcherFactory,conditionEvaluationDeltaLoggingListener,org.springframework.boot.devtools.autoconfigure.LocalDevToolsAutoConfiguration$LiveReloadConfiguration,liveReloadServer,optionalLiveReloadServer,liveReloadServerEventListener,org.springframework.boot.devtools.autoconfigure.LocalDevToolsAutoConfiguration,spring.devtools-org.springframework.boot.devtools.autoconfigure.DevToolsProperties,org.springframework.aop.config.internalAutoProxyCreator]; root of factory hierarchy
2020-07-15 19:52:17.903 62737 [http-nio-8080-exec-1] TRACE o.s.b.f.s.DefaultListableBeanFactory - Creating instance of bean 'org.springframework.web.servlet.support.SessionFlashMapManager'
2020-07-15 19:52:17.905 62739 [http-nio-8080-exec-1] TRACE o.s.b.f.s.DefaultListableBeanFactory - Finished creating instance of bean 'org.springframework.web.servlet.support.SessionFlashMapManager'
2020-07-15 19:52:17.905 62739 [http-nio-8080-exec-1] TRACE o.s.web.servlet.DispatcherServlet - No FlashMapManager 'flashMapManager': using default [SessionFlashMapManager]
2020-07-15 19:52:17.905 62739 [http-nio-8080-exec-1] DEBUG o.s.web.servlet.DispatcherServlet - enableLoggingRequestDetails='false': request parameters and headers will be masked to prevent unsafe logging of potentially sensitive data
2020-07-15 19:52:17.905 62739 [http-nio-8080-exec-1] INFO  o.s.web.servlet.DispatcherServlet - Completed initialization in 11 ms
2020-07-15 19:52:17.906 62740 [http-nio-8080-exec-1] DEBUG o.a.catalina.core.StandardWrapper -   Returning non-STM instance
2020-07-15 19:52:17.913 62747 [http-nio-8080-exec-1] TRACE o.s.b.w.s.f.OrderedRequestContextFilter - Bound request context to thread: org.apache.catalina.connector.RequestFacade@3de577
2020-07-15 19:52:17.913 62747 [http-nio-8080-exec-1] TRACE o.s.b.f.s.DefaultListableBeanFactory - Returning cached instance of singleton bean 'springSecurityFilterChain'
2020-07-15 19:52:17.916 62750 [http-nio-8080-exec-1] DEBUG o.s.s.w.u.m.AntPathRequestMatcher - Checking match of request : '/'; against '/resources/**'
2020-07-15 19:52:17.917 62751 [http-nio-8080-exec-1] DEBUG o.s.security.web.FilterChainProxy - / at position 1 of 12 in additional filter chain; firing Filter: 'WebAsyncManagerIntegrationFilter'
2020-07-15 19:52:17.917 62751 [http-nio-8080-exec-1] DEBUG o.s.security.web.FilterChainProxy - / at position 2 of 12 in additional filter chain; firing Filter: 'SecurityContextPersistenceFilter'
2020-07-15 19:52:17.917 62751 [http-nio-8080-exec-1] DEBUG o.s.s.w.c.HttpSessionSecurityContextRepository - No HttpSession currently exists
2020-07-15 19:52:17.917 62751 [http-nio-8080-exec-1] DEBUG o.s.s.w.c.HttpSessionSecurityContextRepository - No SecurityContext was available from the HttpSession: null. A new one will be created.
2020-07-15 19:52:17.918 62752 [http-nio-8080-exec-1] DEBUG o.s.security.web.FilterChainProxy - / at position 3 of 12 in additional filter chain; firing Filter: 'HeaderWriterFilter'
2020-07-15 19:52:17.919 62753 [http-nio-8080-exec-1] DEBUG o.s.security.web.FilterChainProxy - / at position 4 of 12 in additional filter chain; firing Filter: 'LogoutFilter'
2020-07-15 19:52:17.919 62753 [http-nio-8080-exec-1] DEBUG o.s.s.w.u.matcher.OrRequestMatcher - Trying to match using Ant [pattern='/logout', GET]
2020-07-15 19:52:17.919 62753 [http-nio-8080-exec-1] DEBUG o.s.s.w.u.m.AntPathRequestMatcher - Checking match of request : '/'; against '/logout'
2020-07-15 19:52:17.919 62753 [http-nio-8080-exec-1] DEBUG o.s.s.w.u.matcher.OrRequestMatcher - Trying to match using Ant [pattern='/logout', POST]
2020-07-15 19:52:17.919 62753 [http-nio-8080-exec-1] DEBUG o.s.s.w.u.m.AntPathRequestMatcher - Request 'GET /' doesn't match 'POST /logout'
2020-07-15 19:52:17.919 62753 [http-nio-8080-exec-1] DEBUG o.s.s.w.u.matcher.OrRequestMatcher - Trying to match using Ant [pattern='/logout', PUT]
2020-07-15 19:52:17.919 62753 [http-nio-8080-exec-1] DEBUG o.s.s.w.u.m.AntPathRequestMatcher - Request 'GET /' doesn't match 'PUT /logout'
2020-07-15 19:52:17.919 62753 [http-nio-8080-exec-1] DEBUG o.s.s.w.u.matcher.OrRequestMatcher - Trying to match using Ant [pattern='/logout', DELETE]
2020-07-15 19:52:17.919 62753 [http-nio-8080-exec-1] DEBUG o.s.s.w.u.m.AntPathRequestMatcher - Request 'GET /' doesn't match 'DELETE /logout'
2020-07-15 19:52:17.919 62753 [http-nio-8080-exec-1] DEBUG o.s.s.w.u.matcher.OrRequestMatcher - No matches found
2020-07-15 19:52:17.919 62753 [http-nio-8080-exec-1] DEBUG o.s.security.web.FilterChainProxy - / at position 5 of 12 in additional filter chain; firing Filter: 'UsernamePasswordAuthenticationFilter'
2020-07-15 19:52:17.919 62753 [http-nio-8080-exec-1] DEBUG o.s.s.w.u.m.AntPathRequestMatcher - Request 'GET /' doesn't match 'POST /login'
2020-07-15 19:52:17.919 62753 [http-nio-8080-exec-1] DEBUG o.s.security.web.FilterChainProxy - / at position 6 of 12 in additional filter chain; firing Filter: 'BasicAuthenticationFilter'
2020-07-15 19:52:17.919 62753 [http-nio-8080-exec-1] DEBUG o.s.security.web.FilterChainProxy - / at position 7 of 12 in additional filter chain; firing Filter: 'RequestCacheAwareFilter'
2020-07-15 19:52:17.919 62753 [http-nio-8080-exec-1] DEBUG o.s.s.w.s.HttpSessionRequestCache - saved request doesn't match
2020-07-15 19:52:17.919 62753 [http-nio-8080-exec-1] DEBUG o.s.security.web.FilterChainProxy - / at position 8 of 12 in additional filter chain; firing Filter: 'SecurityContextHolderAwareRequestFilter'
2020-07-15 19:52:17.919 62753 [http-nio-8080-exec-1] DEBUG o.s.security.web.FilterChainProxy - / at position 9 of 12 in additional filter chain; firing Filter: 'AnonymousAuthenticationFilter'
2020-07-15 19:52:17.920 62754 [http-nio-8080-exec-1] DEBUG o.s.s.w.a.AnonymousAuthenticationFilter - Populated SecurityContextHolder with anonymous token: 'org.springframework.security.authentication.AnonymousAuthenticationToken@cc90ac4f: Principal: anonymousUser; Credentials: [PROTECTED]; Authenticated: true; Details: org.springframework.security.web.authentication.WebAuthenticationDetails@b364: RemoteIpAddress: 0:0:0:0:0:0:0:1; SessionId: null; Granted Authorities: ROLE_ANONYMOUS'
2020-07-15 19:52:17.920 62754 [http-nio-8080-exec-1] DEBUG o.s.security.web.FilterChainProxy - / at position 10 of 12 in additional filter chain; firing Filter: 'SessionManagementFilter'
2020-07-15 19:52:17.920 62754 [http-nio-8080-exec-1] DEBUG o.s.s.w.s.SessionManagementFilter - Requested session ID 2AD45E4911393EAA19C3299643E1FE14 is invalid.
2020-07-15 19:52:17.920 62754 [http-nio-8080-exec-1] DEBUG o.s.security.web.FilterChainProxy - / at position 11 of 12 in additional filter chain; firing Filter: 'ExceptionTranslationFilter'
2020-07-15 19:52:17.920 62754 [http-nio-8080-exec-1] DEBUG o.s.security.web.FilterChainProxy - / at position 12 of 12 in additional filter chain; firing Filter: 'FilterSecurityInterceptor'
2020-07-15 19:52:17.921 62755 [http-nio-8080-exec-1] DEBUG o.s.s.w.u.matcher.OrRequestMatcher - Trying to match using Ant [pattern='/logout', GET]
2020-07-15 19:52:17.921 62755 [http-nio-8080-exec-1] DEBUG o.s.s.w.u.m.AntPathRequestMatcher - Checking match of request : '/'; against '/logout'
2020-07-15 19:52:17.921 62755 [http-nio-8080-exec-1] DEBUG o.s.s.w.u.matcher.OrRequestMatcher - Trying to match using Ant [pattern='/logout', POST]
2020-07-15 19:52:17.921 62755 [http-nio-8080-exec-1] DEBUG o.s.s.w.u.m.AntPathRequestMatcher - Request 'GET /' doesn't match 'POST /logout'
2020-07-15 19:52:17.921 62755 [http-nio-8080-exec-1] DEBUG o.s.s.w.u.matcher.OrRequestMatcher - Trying to match using Ant [pattern='/logout', PUT]
2020-07-15 19:52:17.921 62755 [http-nio-8080-exec-1] DEBUG o.s.s.w.u.m.AntPathRequestMatcher - Request 'GET /' doesn't match 'PUT /logout'
2020-07-15 19:52:17.921 62755 [http-nio-8080-exec-1] DEBUG o.s.s.w.u.matcher.OrRequestMatcher - Trying to match using Ant [pattern='/logout', DELETE]
2020-07-15 19:52:17.921 62755 [http-nio-8080-exec-1] DEBUG o.s.s.w.u.m.AntPathRequestMatcher - Request 'GET /' doesn't match 'DELETE /logout'
2020-07-15 19:52:17.921 62755 [http-nio-8080-exec-1] DEBUG o.s.s.w.u.matcher.OrRequestMatcher - No matches found
2020-07-15 19:52:17.921 62755 [http-nio-8080-exec-1] DEBUG o.s.s.w.u.m.AntPathRequestMatcher - Checking match of request : '/'; against '/admin/**'
2020-07-15 19:52:17.921 62755 [http-nio-8080-exec-1] DEBUG o.s.s.w.u.m.AntPathRequestMatcher - Checking match of request : '/'; against '/public/**'
2020-07-15 19:52:17.921 62755 [http-nio-8080-exec-1] DEBUG o.s.s.w.u.m.AntPathRequestMatcher - Request '/' matched by universal pattern '/**'
2020-07-15 19:52:17.921 62755 [http-nio-8080-exec-1] DEBUG o.s.s.w.a.i.FilterSecurityInterceptor - Secure object: FilterInvocation: URL: /; Attributes: [permitAll]
2020-07-15 19:52:17.921 62755 [http-nio-8080-exec-1] DEBUG o.s.s.w.a.i.FilterSecurityInterceptor - Previously Authenticated: org.springframework.security.authentication.AnonymousAuthenticationToken@cc90ac4f: Principal: anonymousUser; Credentials: [PROTECTED]; Authenticated: true; Details: org.springframework.security.web.authentication.WebAuthenticationDetails@b364: RemoteIpAddress: 0:0:0:0:0:0:0:1; SessionId: null; Granted Authorities: ROLE_ANONYMOUS
2020-07-15 19:52:17.926 62760 [http-nio-8080-exec-1] DEBUG o.s.s.access.vote.AffirmativeBased - Voter: org.springframework.security.web.access.expression.WebExpressionVoter@4d379b9d, returned: 1
2020-07-15 19:52:17.926 62760 [http-nio-8080-exec-1] DEBUG o.s.s.w.a.i.FilterSecurityInterceptor - Authorization successful
2020-07-15 19:52:17.926 62760 [http-nio-8080-exec-1] DEBUG o.s.s.w.a.i.FilterSecurityInterceptor - RunAsManager did not change Authentication object
2020-07-15 19:52:17.926 62760 [http-nio-8080-exec-1] DEBUG o.s.security.web.FilterChainProxy - / reached end of additional filter chain; proceeding with original chain
2020-07-15 19:52:17.928 62762 [http-nio-8080-exec-1] DEBUG o.a.tomcat.util.http.Parameters - Set encoding to UTF-8
2020-07-15 19:52:17.928 62762 [http-nio-8080-exec-1] TRACE o.s.web.servlet.DispatcherServlet - GET "/", parameters={}, headers={masked} in DispatcherServlet 'dispatcherServlet'
2020-07-15 19:52:17.932 62766 [http-nio-8080-exec-1] TRACE o.s.b.f.s.DefaultListableBeanFactory - Returning cached instance of singleton bean 'indexController'
2020-07-15 19:52:17.932 62766 [http-nio-8080-exec-1] TRACE o.s.w.s.m.m.a.RequestMappingHandlerMapping - Mapped to CSCI5308.GroupFormationTool.WelcomePage.IndexController#greeting(Model)
2020-07-15 19:52:17.941 62775 [http-nio-8080-exec-1] TRACE o.s.w.s.m.m.a.ServletInvocableHandlerMethod - Arguments: [{}]
2020-07-15 19:52:17.941 62775 [http-nio-8080-exec-1] TRACE C.G.Courses.CourseDB - Loading all courses from database.
2020-07-15 19:52:18.208 63042 [http-nio-8080-exec-1] TRACE o.t.s.view.ThymeleafViewResolver - [THYMELEAF] View index will be handled by ThymeleafViewResolver and a ThymeleafView instance will be created for it
2020-07-15 19:52:18.213 63047 [http-nio-8080-exec-1] TRACE o.s.b.f.s.DefaultListableBeanFactory - Invoking afterPropertiesSet() on bean with name 'index'
2020-07-15 19:52:18.213 63047 [http-nio-8080-exec-1] DEBUG o.s.w.s.v.ContentNegotiatingViewResolver - Selected 'text/html' given [text/html, application/xhtml+xml, image/webp, image/apng, application/xml;q=0.9, application/signed-exchange;v=b3;q=0.9, */*;q=0.8]
2020-07-15 19:52:18.213 63047 [http-nio-8080-exec-1] TRACE o.s.web.servlet.DispatcherServlet - Rendering view [org.thymeleaf.spring5.view.ThymeleafView@336e9b9e] 
2020-07-15 19:52:18.214 63048 [http-nio-8080-exec-1] TRACE o.s.b.f.s.DefaultListableBeanFactory - Returning cached instance of singleton bean 'requestDataValueProcessor'
2020-07-15 19:52:18.216 63050 [http-nio-8080-exec-1] DEBUG org.thymeleaf.TemplateEngine - [THYMELEAF] INITIALIZING TEMPLATE ENGINE
2020-07-15 19:52:18.298 63132 [http-nio-8080-exec-1] TRACE o.t.T.cache.TEMPLATE_CACHE - [THYMELEAF][CACHE_INITIALIZE] Initializing cache TEMPLATE_CACHE. Max size: 200. Soft references are used.
2020-07-15 19:52:18.308 63142 [http-nio-8080-exec-1] DEBUG o.a.c.loader.WebappClassLoaderBase - getResourceAsStream(org/thymeleaf/thymeleaf.properties)
2020-07-15 19:52:18.309 63143 [http-nio-8080-exec-1] DEBUG o.a.c.loader.WebappClassLoaderBase -   Delegating to parent classloader org.springframework.boot.devtools.restart.classloader.RestartClassLoader@11141a59
2020-07-15 19:52:18.310 63144 [http-nio-8080-exec-1] DEBUG o.a.c.loader.WebappClassLoaderBase -   --> Returning stream from parent
2020-07-15 19:52:18.333 63167 [http-nio-8080-exec-1] TRACE org.thymeleaf.TemplateEngine.CONFIG - Initializing Thymeleaf Template engine configuration...
[THYMELEAF] TEMPLATE ENGINE CONFIGURATION:
[THYMELEAF] * Thymeleaf version: 3.0.11.RELEASE (built 2018-10-28T22:35:28+0000)
[THYMELEAF] * Cache Manager implementation: org.thymeleaf.cache.StandardCacheManager
[THYMELEAF] * Template resolvers:
[THYMELEAF]     * org.thymeleaf.spring5.templateresolver.SpringResourceTemplateResolver
[THYMELEAF] * Message resolvers:
[THYMELEAF]     * org.thymeleaf.spring5.messageresolver.SpringMessageResolver
[THYMELEAF] * Link builders:
[THYMELEAF]     * org.thymeleaf.linkbuilder.StandardLinkBuilder
[THYMELEAF] * Dialect [1 of 3]: SpringStandard (org.thymeleaf.spring5.dialect.SpringStandardDialect)
[THYMELEAF]     * Prefix: "th"
[THYMELEAF]     * Processors for Template Mode: HTML
[THYMELEAF]         * Element Tag Processors by [matching element and attribute name] [precedence]:
[THYMELEAF]             * [* {th:include,data-th-include}] [100]: org.thymeleaf.standard.processor.StandardIncludeTagProcessor
[THYMELEAF]             * [* {th:insert,data-th-insert}] [100]: org.thymeleaf.standard.processor.StandardInsertTagProcessor
[THYMELEAF]             * [* {th:replace,data-th-replace}] [100]: org.thymeleaf.standard.processor.StandardReplaceTagProcessor
[THYMELEAF]             * [* {th:substituteby,data-th-substituteby}] [100]: org.thymeleaf.standard.processor.StandardSubstituteByTagProcessor
[THYMELEAF]             * [* {th:each,data-th-each}] [200]: org.thymeleaf.standard.processor.StandardEachTagProcessor
[THYMELEAF]             * [* {th:switch,data-th-switch}] [250]: org.thymeleaf.standard.processor.StandardSwitchTagProcessor
[THYMELEAF]             * [* {th:case,data-th-case}] [275]: org.thymeleaf.standard.processor.StandardCaseTagProcessor
[THYMELEAF]             * [* {th:if,data-th-if}] [300]: org.thymeleaf.standard.processor.StandardIfTagProcessor
[THYMELEAF]             * [* {th:unless,data-th-unless}] [400]: org.thymeleaf.standard.processor.StandardUnlessTagProcessor
[THYMELEAF]             * [* {th:object,data-th-object}] [500]: org.thymeleaf.spring5.processor.SpringObjectTagProcessor
[THYMELEAF]             * [* {th:with,data-th-with}] [600]: org.thymeleaf.standard.processor.StandardWithTagProcessor
[THYMELEAF]             * [* {th:attr,data-th-attr}] [700]: org.thymeleaf.standard.processor.StandardAttrTagProcessor
[THYMELEAF]             * [* {th:attrprepend,data-th-attrprepend}] [800]: org.thymeleaf.standard.processor.StandardAttrprependTagProcessor
[THYMELEAF]             * [* {th:attrappend,data-th-attrappend}] [900]: org.thymeleaf.standard.processor.StandardAttrappendTagProcessor
[THYMELEAF]             * [* {th:method,data-th-method}] [990]: org.thymeleaf.spring5.processor.SpringMethodTagProcessor
[THYMELEAF]             * [* {th:alt-title,data-th-alt-title}] [990]: org.thymeleaf.standard.processor.StandardAltTitleTagProcessor
[THYMELEAF]             * [* {th:lang-xmllang,data-th-lang-xmllang}] [990]: org.thymeleaf.standard.processor.StandardLangXmlLangTagProcessor
[THYMELEAF]             * [* {th:action,data-th-action}] [1000]: org.thymeleaf.spring5.processor.SpringActionTagProcessor
[THYMELEAF]             * [* {th:href,data-th-href}] [1000]: org.thymeleaf.spring5.processor.SpringHrefTagProcessor
[THYMELEAF]             * [* {th:src,data-th-src}] [1000]: org.thymeleaf.spring5.processor.SpringSrcTagProcessor
[THYMELEAF]             * [* {th:novalidate,data-th-novalidate}] [1000]: org.thymeleaf.standard.processor.StandardConditionalFixedValueTagProcessor
[THYMELEAF]             * [* {th:ismap,data-th-ismap}] [1000]: org.thymeleaf.standard.processor.StandardConditionalFixedValueTagProcessor
[THYMELEAF]             * [* {th:formnovalidate,data-th-formnovalidate}] [1000]: org.thymeleaf.standard.processor.StandardConditionalFixedValueTagProcessor
[THYMELEAF]             * [* {th:checked,data-th-checked}] [1000]: org.thymeleaf.standard.processor.StandardConditionalFixedValueTagProcessor
[THYMELEAF]             * [* {th:required,data-th-required}] [1000]: org.thymeleaf.standard.processor.StandardConditionalFixedValueTagProcessor
[THYMELEAF]             * [* {th:async,data-th-async}] [1000]: org.thymeleaf.standard.processor.StandardConditionalFixedValueTagProcessor
[THYMELEAF]             * [* {th:selected,data-th-selected}] [1000]: org.thymeleaf.standard.processor.StandardConditionalFixedValueTagProcessor
[THYMELEAF]             * [* {th:nowrap,data-th-nowrap}] [1000]: org.thymeleaf.standard.processor.StandardConditionalFixedValueTagProcessor
[THYMELEAF]             * [* {th:disabled,data-th-disabled}] [1000]: org.thymeleaf.standard.processor.StandardConditionalFixedValueTagProcessor
[THYMELEAF]             * [* {th:autofocus,data-th-autofocus}] [1000]: org.thymeleaf.standard.processor.StandardConditionalFixedValueTagProcessor
[THYMELEAF]             * [* {th:open,data-th-open}] [1000]: org.thymeleaf.standard.processor.StandardConditionalFixedValueTagProcessor
[THYMELEAF]             * [* {th:hidden,data-th-hidden}] [1000]: org.thymeleaf.standard.processor.StandardConditionalFixedValueTagProcessor
[THYMELEAF]             * [* {th:controls,data-th-controls}] [1000]: org.thymeleaf.standard.processor.StandardConditionalFixedValueTagProcessor
[THYMELEAF]             * [* {th:autoplay,data-th-autoplay}] [1000]: org.thymeleaf.standard.processor.StandardConditionalFixedValueTagProcessor
[THYMELEAF]             * [* {th:defer,data-th-defer}] [1000]: org.thymeleaf.standard.processor.StandardConditionalFixedValueTagProcessor
[THYMELEAF]             * [* {th:readonly,data-th-readonly}] [1000]: org.thymeleaf.standard.processor.StandardConditionalFixedValueTagProcessor
[THYMELEAF]             * [* {th:scoped,data-th-scoped}] [1000]: org.thymeleaf.standard.processor.StandardConditionalFixedValueTagProcessor
[THYMELEAF]             * [* {th:reversed,data-th-reversed}] [1000]: org.thymeleaf.standard.processor.StandardConditionalFixedValueTagProcessor
[THYMELEAF]             * [* {th:pubdate,data-th-pubdate}] [1000]: org.thymeleaf.standard.processor.StandardConditionalFixedValueTagProcessor
[THYMELEAF]             * [* {th:seamless,data-th-seamless}] [1000]: org.thymeleaf.standard.processor.StandardConditionalFixedValueTagProcessor
[THYMELEAF]             * [* {th:loop,data-th-loop}] [1000]: org.thymeleaf.standard.processor.StandardConditionalFixedValueTagProcessor
[THYMELEAF]             * [* {th:default,data-th-default}] [1000]: org.thymeleaf.standard.processor.StandardConditionalFixedValueTagProcessor
[THYMELEAF]             * [* {th:multiple,data-th-multiple}] [1000]: org.thymeleaf.standard.processor.StandardConditionalFixedValueTagProcessor
[THYMELEAF]             * [* {th:declare,data-th-declare}] [1000]: org.thymeleaf.standard.processor.StandardConditionalFixedValueTagProcessor
[THYMELEAF]             * [* {th:onforminput,data-th-onforminput}] [1000]: org.thymeleaf.standard.processor.StandardDOMEventAttributeTagProcessor
[THYMELEAF]             * [* {th:oncanplaythrough,data-th-oncanplaythrough}] [1000]: org.thymeleaf.standard.processor.StandardDOMEventAttributeTagProcessor
[THYMELEAF]             * [* {th:onunload,data-th-onunload}] [1000]: org.thymeleaf.standard.processor.StandardDOMEventAttributeTagProcessor
[THYMELEAF]             * [* {th:oninput,data-th-oninput}] [1000]: org.thymeleaf.standard.processor.StandardDOMEventAttributeTagProcessor
[THYMELEAF]             * [* {th:onselect,data-th-onselect}] [1000]: org.thymeleaf.standard.processor.StandardDOMEventAttributeTagProcessor
[THYMELEAF]             * [* {th:onmessage,data-th-onmessage}] [1000]: org.thymeleaf.standard.processor.StandardDOMEventAttributeTagProcessor
[THYMELEAF]             * [* {th:onmousewheel,data-th-onmousewheel}] [1000]: org.thymeleaf.standard.processor.StandardDOMEventAttributeTagProcessor
[THYMELEAF]             * [* {th:onsubmit,data-th-onsubmit}] [1000]: org.thymeleaf.standard.processor.StandardDOMEventAttributeTagProcessor
[THYMELEAF]             * [* {th:ondragleave,data-th-ondragleave}] [1000]: org.thymeleaf.standard.processor.StandardDOMEventAttributeTagProcessor
[THYMELEAF]             * [* {th:ontimeupdate,data-th-ontimeupdate}] [1000]: org.thymeleaf.standard.processor.StandardDOMEventAttributeTagProcessor
[THYMELEAF]             * [* {th:onscroll,data-th-onscroll}] [1000]: org.thymeleaf.standard.processor.StandardDOMEventAttributeTagProcessor
[THYMELEAF]             * [* {th:onpause,data-th-onpause}] [1000]: org.thymeleaf.standard.processor.StandardDOMEventAttributeTagProcessor
[THYMELEAF]             * [* {th:onmousemove,data-th-onmousemove}] [1000]: org.thymeleaf.standard.processor.StandardDOMEventAttributeTagProcessor
[THYMELEAF]             * [* {th:onbeforeunload,data-th-onbeforeunload}] [1000]: org.thymeleaf.standard.processor.StandardDOMEventAttributeTagProcessor
[THYMELEAF]             * [* {th:onerror,data-th-onerror}] [1000]: org.thymeleaf.standard.processor.StandardDOMEventAttributeTagProcessor
[THYMELEAF]             * [* {th:onkeyup,data-th-onkeyup}] [1000]: org.thymeleaf.standard.processor.StandardDOMEventAttributeTagProcessor
[THYMELEAF]             * [* {th:onblur,data-th-onblur}] [1000]: org.thymeleaf.standard.processor.StandardDOMEventAttributeTagProcessor
[THYMELEAF]             * [* {th:onformchange,data-th-onformchange}] [1000]: org.thymeleaf.standard.processor.StandardDOMEventAttributeTagProcessor
[THYMELEAF]             * [* {th:oncanplay,data-th-oncanplay}] [1000]: org.thymeleaf.standard.processor.StandardDOMEventAttributeTagProcessor
[THYMELEAF]             * [* {th:ondragstart,data-th-ondragstart}] [1000]: org.thymeleaf.standard.processor.StandardDOMEventAttributeTagProcessor
[THYMELEAF]             * [* {th:ondrop,data-th-ondrop}] [1000]: org.thymeleaf.standard.processor.StandardDOMEventAttributeTagProcessor
[THYMELEAF]             * [* {th:onvolumechange,data-th-onvolumechange}] [1000]: org.thymeleaf.standard.processor.StandardDOMEventAttributeTagProcessor
[THYMELEAF]             * [* {th:onloadstart,data-th-onloadstart}] [1000]: org.thymeleaf.standard.processor.StandardDOMEventAttributeTagProcessor
[THYMELEAF]             * [* {th:onsuspend,data-th-onsuspend}] [1000]: org.thymeleaf.standard.processor.StandardDOMEventAttributeTagProcessor
[THYMELEAF]             * [* {th:onkeypress,data-th-onkeypress}] [1000]: org.thymeleaf.standard.processor.StandardDOMEventAttributeTagProcessor
[THYMELEAF]             * [* {th:onreset,data-th-onreset}] [1000]: org.thymeleaf.standard.processor.StandardDOMEventAttributeTagProcessor
[THYMELEAF]             * [* {th:onloadeddata,data-th-onloadeddata}] [1000]: org.thymeleaf.standard.processor.StandardDOMEventAttributeTagProcessor
[THYMELEAF]             * [* {th:onprogress,data-th-onprogress}] [1000]: org.thymeleaf.standard.processor.StandardDOMEventAttributeTagProcessor
[THYMELEAF]             * [* {th:onmouseout,data-th-onmouseout}] [1000]: org.thymeleaf.standard.processor.StandardDOMEventAttributeTagProcessor
[THYMELEAF]             * [* {th:ondragover,data-th-ondragover}] [1000]: org.thymeleaf.standard.processor.StandardDOMEventAttributeTagProcessor
[THYMELEAF]             * [* {th:onmouseup,data-th-onmouseup}] [1000]: org.thymeleaf.standard.processor.StandardDOMEventAttributeTagProcessor
[THYMELEAF]             * [* {th:ondragend,data-th-ondragend}] [1000]: org.thymeleaf.standard.processor.StandardDOMEventAttributeTagProcessor
[THYMELEAF]             * [* {th:ononline,data-th-ononline}] [1000]: org.thymeleaf.standard.processor.StandardDOMEventAttributeTagProcessor
[THYMELEAF]             * [* {th:onredo,data-th-onredo}] [1000]: org.thymeleaf.standard.processor.StandardDOMEventAttributeTagProcessor
[THYMELEAF]             * [* {th:onseeking,data-th-onseeking}] [1000]: org.thymeleaf.standard.processor.StandardDOMEventAttributeTagProcessor
[THYMELEAF]             * [* {th:onloadedmetadata,data-th-onloadedmetadata}] [1000]: org.thymeleaf.standard.processor.StandardDOMEventAttributeTagProcessor
[THYMELEAF]             * [* {th:onundo,data-th-onundo}] [1000]: org.thymeleaf.standard.processor.StandardDOMEventAttributeTagProcessor
[THYMELEAF]             * [* {th:onstorage,data-th-onstorage}] [1000]: org.thymeleaf.standard.processor.StandardDOMEventAttributeTagProcessor
[THYMELEAF]             * [* {th:onafterprint,data-th-onafterprint}] [1000]: org.thymeleaf.standard.processor.StandardDOMEventAttributeTagProcessor
[THYMELEAF]             * [* {th:onwaiting,data-th-onwaiting}] [1000]: org.thymeleaf.standard.processor.StandardDOMEventAttributeTagProcessor
[THYMELEAF]             * [* {th:onhashchange,data-th-onhashchange}] [1000]: org.thymeleaf.standard.processor.StandardDOMEventAttributeTagProcessor
[THYMELEAF]             * [* {th:onbeforeprint,data-th-onbeforeprint}] [1000]: org.thymeleaf.standard.processor.StandardDOMEventAttributeTagProcessor
[THYMELEAF]             * [* {th:onoffline,data-th-onoffline}] [1000]: org.thymeleaf.standard.processor.StandardDOMEventAttributeTagProcessor
[THYMELEAF]             * [* {th:onabort,data-th-onabort}] [1000]: org.thymeleaf.standard.processor.StandardDOMEventAttributeTagProcessor
[THYMELEAF]             * [* {th:onreadystatechange,data-th-onreadystatechange}] [1000]: org.thymeleaf.standard.processor.StandardDOMEventAttributeTagProcessor
[THYMELEAF]             * [* {th:ondurationchange,data-th-ondurationchange}] [1000]: org.thymeleaf.standard.processor.StandardDOMEventAttributeTagProcessor
[THYMELEAF]             * [* {th:ondragenter,data-th-ondragenter}] [1000]: org.thymeleaf.standard.processor.StandardDOMEventAttributeTagProcessor
[THYMELEAF]             * [* {th:onseeked,data-th-onseeked}] [1000]: org.thymeleaf.standard.processor.StandardDOMEventAttributeTagProcessor
[THYMELEAF]             * [* {th:ondblclick,data-th-ondblclick}] [1000]: org.thymeleaf.standard.processor.StandardDOMEventAttributeTagProcessor
[THYMELEAF]             * [* {th:onclick,data-th-onclick}] [1000]: org.thymeleaf.standard.processor.StandardDOMEventAttributeTagProcessor
[THYMELEAF]             * [* {th:onkeydown,data-th-onkeydown}] [1000]: org.thymeleaf.standard.processor.StandardDOMEventAttributeTagProcessor
[THYMELEAF]             * [* {th:onplaying,data-th-onplaying}] [1000]: org.thymeleaf.standard.processor.StandardDOMEventAttributeTagProcessor
[THYMELEAF]             * [* {th:onstalled,data-th-onstalled}] [1000]: org.thymeleaf.standard.processor.StandardDOMEventAttributeTagProcessor
[THYMELEAF]             * [* {th:onplay,data-th-onplay}] [1000]: org.thymeleaf.standard.processor.StandardDOMEventAttributeTagProcessor
[THYMELEAF]             * [* {th:onmousedown,data-th-onmousedown}] [1000]: org.thymeleaf.standard.processor.StandardDOMEventAttributeTagProcessor
[THYMELEAF]             * [* {th:onended,data-th-onended}] [1000]: org.thymeleaf.standard.processor.StandardDOMEventAttributeTagProcessor
[THYMELEAF]             * [* {th:ondrag,data-th-ondrag}] [1000]: org.thymeleaf.standard.processor.StandardDOMEventAttributeTagProcessor
[THYMELEAF]             * [* {th:onload,data-th-onload}] [1000]: org.thymeleaf.standard.processor.StandardDOMEventAttributeTagProcessor
[THYMELEAF]             * [* {th:onshow,data-th-onshow}] [1000]: org.thymeleaf.standard.processor.StandardDOMEventAttributeTagProcessor
[THYMELEAF]             * [* {th:oncontextmenu,data-th-oncontextmenu}] [1000]: org.thymeleaf.standard.processor.StandardDOMEventAttributeTagProcessor
[THYMELEAF]             * [* {th:onpopstate,data-th-onpopstate}] [1000]: org.thymeleaf.standard.processor.StandardDOMEventAttributeTagProcessor
[THYMELEAF]             * [* {th:onchange,data-th-onchange}] [1000]: org.thymeleaf.standard.processor.StandardDOMEventAttributeTagProcessor
[THYMELEAF]             * [* {th:oninvalid,data-th-oninvalid}] [1000]: org.thymeleaf.standard.processor.StandardDOMEventAttributeTagProcessor
[THYMELEAF]             * [* {th:onratechange,data-th-onratechange}] [1000]: org.thymeleaf.standard.processor.StandardDOMEventAttributeTagProcessor
[THYMELEAF]             * [* {th:onresize,data-th-onresize}] [1000]: org.thymeleaf.standard.processor.StandardDOMEventAttributeTagProcessor
[THYMELEAF]             * [* {th:onmouseover,data-th-onmouseover}] [1000]: org.thymeleaf.standard.processor.StandardDOMEventAttributeTagProcessor
[THYMELEAF]             * [* {th:onfocus,data-th-onfocus}] [1000]: org.thymeleaf.standard.processor.StandardDOMEventAttributeTagProcessor
[THYMELEAF]             * [* {th:onemptied,data-th-onemptied}] [1000]: org.thymeleaf.standard.processor.StandardDOMEventAttributeTagProcessor
[THYMELEAF]             * [* {th:inline,data-th-inline}] [1000]: org.thymeleaf.standard.processor.StandardInlineHTMLTagProcessor
[THYMELEAF]             * [* {th:type,data-th-type}] [1000]: org.thymeleaf.standard.processor.StandardNonRemovableAttributeTagProcessor
[THYMELEAF]             * [* {th:name,data-th-name}] [1000]: org.thymeleaf.standard.processor.StandardNonRemovableAttributeTagProcessor
[THYMELEAF]             * [* {th:frame,data-th-frame}] [1000]: org.thymeleaf.standard.processor.StandardRemovableAttributeTagProcessor
[THYMELEAF]             * [* {th:classid,data-th-classid}] [1000]: org.thymeleaf.standard.processor.StandardRemovableAttributeTagProcessor
[THYMELEAF]             * [* {th:rules,data-th-rules}] [1000]: org.thymeleaf.standard.processor.StandardRemovableAttributeTagProcessor
[THYMELEAF]             * [* {th:id,data-th-id}] [1000]: org.thymeleaf.standard.processor.StandardRemovableAttributeTagProcessor
[THYMELEAF]             * [* {th:border,data-th-border}] [1000]: org.thymeleaf.standard.processor.StandardRemovableAttributeTagProcessor
[THYMELEAF]             * [* {th:enctype,data-th-enctype}] [1000]: org.thymeleaf.standard.processor.StandardRemovableAttributeTagProcessor
[THYMELEAF]             * [* {th:http-equiv,data-th-http-equiv}] [1000]: org.thymeleaf.standard.processor.StandardRemovableAttributeTagProcessor
[THYMELEAF]             * [* {th:optimum,data-th-optimum}] [1000]: org.thymeleaf.standard.processor.StandardRemovableAttributeTagProcessor
[THYMELEAF]             * [* {th:size,data-th-size}] [1000]: org.thymeleaf.standard.processor.StandardRemovableAttributeTagProcessor
[THYMELEAF]             * [* {th:challenge,data-th-challenge}] [1000]: org.thymeleaf.standard.processor.StandardRemovableAttributeTagProcessor
[THYMELEAF]             * [* {th:scheme,data-th-scheme}] [1000]: org.thymeleaf.standard.processor.StandardRemovableAttributeTagProcessor
[THYMELEAF]             * [* {th:spellcheck,data-th-spellcheck}] [1000]: org.thymeleaf.standard.processor.StandardRemovableAttributeTagProcessor
[THYMELEAF]             * [* {th:span,data-th-span}] [1000]: org.thymeleaf.standard.processor.StandardRemovableAttributeTagProcessor
[THYMELEAF]             * [* {th:high,data-th-high}] [1000]: org.thymeleaf.standard.processor.StandardRemovableAttributeTagProcessor
[THYMELEAF]             * [* {th:low,data-th-low}] [1000]: org.thymeleaf.standard.processor.StandardRemovableAttributeTagProcessor
[THYMELEAF]             * [* {th:title,data-th-title}] [1000]: org.thymeleaf.standard.processor.StandardRemovableAttributeTagProcessor
[THYMELEAF]             * [* {th:cellspacing,data-th-cellspacing}] [1000]: org.thymeleaf.standard.processor.StandardRemovableAttributeTagProcessor
[THYMELEAF]             * [* {th:marginwidth,data-th-marginwidth}] [1000]: org.thymeleaf.standard.processor.StandardRemovableAttributeTagProcessor
[THYMELEAF]             * [* {th:formaction,data-th-formaction}] [1000]: org.thymeleaf.standard.processor.StandardRemovableAttributeTagProcessor
[THYMELEAF]             * [* {th:contenteditable,data-th-contenteditable}] [1000]: org.thymeleaf.standard.processor.StandardRemovableAttributeTagProcessor
[THYMELEAF]             * [* {th:draggable,data-th-draggable}] [1000]: org.thymeleaf.standard.processor.StandardRemovableAttributeTagProcessor
[THYMELEAF]             * [* {th:marginheight,data-th-marginheight}] [1000]: org.thymeleaf.standard.processor.StandardRemovableAttributeTagProcessor
[THYMELEAF]             * [* {th:dir,data-th-dir}] [1000]: org.thymeleaf.standard.processor.StandardRemovableAttributeTagProcessor
[THYMELEAF]             * [* {th:content,data-th-content}] [1000]: org.thymeleaf.standard.processor.StandardRemovableAttributeTagProcessor
[THYMELEAF]             * [* {th:headers,data-th-headers}] [1000]: org.thymeleaf.standard.processor.StandardRemovableAttributeTagProcessor
[THYMELEAF]             * [* {th:codebase,data-th-codebase}] [1000]: org.thymeleaf.standard.processor.StandardRemovableAttributeTagProcessor
[THYMELEAF]             * [* {th:cols,data-th-cols}] [1000]: org.thymeleaf.standard.processor.StandardRemovableAttributeTagProcessor
[THYMELEAF]             * [* {th:rows,data-th-rows}] [1000]: org.thymeleaf.standard.processor.StandardRemovableAttributeTagProcessor
[THYMELEAF]             * [* {th:contextmenu,data-th-contextmenu}] [1000]: org.thymeleaf.standard.processor.StandardRemovableAttributeTagProcessor
[THYMELEAF]             * [* {th:usemap,data-th-usemap}] [1000]: org.thymeleaf.standard.processor.StandardRemovableAttributeTagProcessor
[THYMELEAF]             * [* {th:accesskey,data-th-accesskey}] [1000]: org.thymeleaf.standard.processor.StandardRemovableAttributeTagProcessor
[THYMELEAF]             * [* {th:audio,data-th-audio}] [1000]: org.thymeleaf.standard.processor.StandardRemovableAttributeTagProcessor
[THYMELEAF]             * [* {th:sandbox,data-th-sandbox}] [1000]: org.thymeleaf.standard.processor.StandardRemovableAttributeTagProcessor
[THYMELEAF]             * [* {th:sizes,data-th-sizes}] [1000]: org.thymeleaf.standard.processor.StandardRemovableAttributeTagProcessor
[THYMELEAF]             * [* {th:form,data-th-form}] [1000]: org.thymeleaf.standard.processor.StandardRemovableAttributeTagProcessor
[THYMELEAF]             * [* {th:colspan,data-th-colspan}] [1000]: org.thymeleaf.standard.processor.StandardRemovableAttributeTagProcessor
[THYMELEAF]             * [* {th:rowspan,data-th-rowspan}] [1000]: org.thymeleaf.standard.processor.StandardRemovableAttributeTagProcessor
[THYMELEAF]             * [* {th:icon,data-th-icon}] [1000]: org.thymeleaf.standard.processor.StandardRemovableAttributeTagProcessor
[THYMELEAF]             * [* {th:abbr,data-th-abbr}] [1000]: org.thymeleaf.standard.processor.StandardRemovableAttributeTagProcessor
[THYMELEAF]             * [* {th:media,data-th-media}] [1000]: org.thymeleaf.standard.processor.StandardRemovableAttributeTagProcessor
[THYMELEAF]             * [* {th:start,data-th-start}] [1000]: org.thymeleaf.standard.processor.StandardRemovableAttributeTagProcessor
[THYMELEAF]             * [* {th:scrolling,data-th-scrolling}] [1000]: org.thymeleaf.standard.processor.StandardRemovableAttributeTagProcessor
[THYMELEAF]             * [* {th:cellpadding,data-th-cellpadding}] [1000]: org.thymeleaf.standard.processor.StandardRemovableAttributeTagProcessor
[THYMELEAF]             * [* {th:frameborder,data-th-frameborder}] [1000]: org.thymeleaf.standard.processor.StandardRemovableAttributeTagProcessor
[THYMELEAF]             * [* {th:srclang,data-th-srclang}] [1000]: org.thymeleaf.standard.processor.StandardRemovableAttributeTagProcessor
[THYMELEAF]             * [* {th:max,data-th-max}] [1000]: org.thymeleaf.standard.processor.StandardRemovableAttributeTagProcessor
[THYMELEAF]             * [* {th:alt,data-th-alt}] [1000]: org.thymeleaf.standard.processor.StandardRemovableAttributeTagProcessor
[THYMELEAF]             * [* {th:accept,data-th-accept}] [1000]: org.thymeleaf.standard.processor.StandardRemovableAttributeTagProcessor
[THYMELEAF]             * [* {th:codetype,data-th-codetype}] [1000]: org.thymeleaf.standard.processor.StandardRemovableAttributeTagProcessor
[THYMELEAF]             * [* {th:compact,data-th-compact}] [1000]: org.thymeleaf.standard.processor.StandardRemovableAttributeTagProcessor
[THYMELEAF]             * [* {th:datetime,data-th-datetime}] [1000]: org.thymeleaf.standard.processor.StandardRemovableAttributeTagProcessor
[THYMELEAF]             * [* {th:class,data-th-class}] [1000]: org.thymeleaf.standard.processor.StandardRemovableAttributeTagProcessor
[THYMELEAF]             * [* {th:maxlength,data-th-maxlength}] [1000]: org.thymeleaf.standard.processor.StandardRemovableAttributeTagProcessor
[THYMELEAF]             * [* {th:hreflang,data-th-hreflang}] [1000]: org.thymeleaf.standard.processor.StandardRemovableAttributeTagProcessor
[THYMELEAF]             * [* {th:for,data-th-for}] [1000]: org.thymeleaf.standard.processor.StandardRemovableAttributeTagProcessor
[THYMELEAF]             * [* {th:min,data-th-min}] [1000]: org.thymeleaf.standard.processor.StandardRemovableAttributeTagProcessor
[THYMELEAF]             * [* {th:radiogroup,data-th-radiogroup}] [1000]: org.thymeleaf.standard.processor.StandardRemovableAttributeTagProcessor
[THYMELEAF]             * [* {th:kind,data-th-kind}] [1000]: org.thymeleaf.standard.processor.StandardRemovableAttributeTagProcessor
[THYMELEAF]             * [* {th:accept-charset,data-th-accept-charset}] [1000]: org.thymeleaf.standard.processor.StandardRemovableAttributeTagProcessor
[THYMELEAF]             * [* {th:keytype,data-th-keytype}] [1000]: org.thymeleaf.standard.processor.StandardRemovableAttributeTagProcessor
[THYMELEAF]             * [* {th:charset,data-th-charset}] [1000]: org.thymeleaf.standard.processor.StandardRemovableAttributeTagProcessor
[THYMELEAF]             * [* {th:target,data-th-target}] [1000]: org.thymeleaf.standard.processor.StandardRemovableAttributeTagProcessor
[THYMELEAF]             * [* {th:lang,data-th-lang}] [1000]: org.thymeleaf.standard.processor.StandardRemovableAttributeTagProcessor
[THYMELEAF]             * [* {th:longdesc,data-th-longdesc}] [1000]: org.thymeleaf.standard.processor.StandardRemovableAttributeTagProcessor
[THYMELEAF]             * [* {th:archive,data-th-archive}] [1000]: org.thymeleaf.standard.processor.StandardRemovableAttributeTagProcessor
[THYMELEAF]             * [* {th:rel,data-th-rel}] [1000]: org.thymeleaf.standard.processor.StandardRemovableAttributeTagProcessor
[THYMELEAF]             * [* {th:label,data-th-label}] [1000]: org.thymeleaf.standard.processor.StandardRemovableAttributeTagProcessor
[THYMELEAF]             * [* {th:autocomplete,data-th-autocomplete}] [1000]: org.thymeleaf.standard.processor.StandardRemovableAttributeTagProcessor
[THYMELEAF]             * [* {th:hspace,data-th-hspace}] [1000]: org.thymeleaf.standard.processor.StandardRemovableAttributeTagProcessor
[THYMELEAF]             * [* {th:placeholder,data-th-placeholder}] [1000]: org.thymeleaf.standard.processor.StandardRemovableAttributeTagProcessor
[THYMELEAF]             * [* {th:rev,data-th-rev}] [1000]: org.thymeleaf.standard.processor.StandardRemovableAttributeTagProcessor
[THYMELEAF]             * [* {th:standby,data-th-standby}] [1000]: org.thymeleaf.standard.processor.StandardRemovableAttributeTagProcessor
[THYMELEAF]             * [* {th:style,data-th-style}] [1000]: org.thymeleaf.standard.processor.StandardRemovableAttributeTagProcessor
[THYMELEAF]             * [* {th:preload,data-th-preload}] [1000]: org.thymeleaf.standard.processor.StandardRemovableAttributeTagProcessor
[THYMELEAF]             * [* {th:align,data-th-align}] [1000]: org.thymeleaf.standard.processor.StandardRemovableAttributeTagProcessor
[THYMELEAF]             * [* {th:formtarget,data-th-formtarget}] [1000]: org.thymeleaf.standard.processor.StandardRemovableAttributeTagProcessor
[THYMELEAF]             * [* {th:dropzone,data-th-dropzone}] [1000]: org.thymeleaf.standard.processor.StandardRemovableAttributeTagProcessor
[THYMELEAF]             * [* {th:vspace,data-th-vspace}] [1000]: org.thymeleaf.standard.processor.StandardRemovableAttributeTagProcessor
[THYMELEAF]             * [* {th:summary,data-th-summary}] [1000]: org.thymeleaf.standard.processor.StandardRemovableAttributeTagProcessor
[THYMELEAF]             * [* {th:formenctype,data-th-formenctype}] [1000]: org.thymeleaf.standard.processor.StandardRemovableAttributeTagProcessor
[THYMELEAF]             * [* {th:data,data-th-data}] [1000]: org.thymeleaf.standard.processor.StandardRemovableAttributeTagProcessor
[THYMELEAF]             * [* {th:bgcolor,data-th-bgcolor}] [1000]: org.thymeleaf.standard.processor.StandardRemovableAttributeTagProcessor
[THYMELEAF]             * [* {th:manifest,data-th-manifest}] [1000]: org.thymeleaf.standard.processor.StandardRemovableAttributeTagProcessor
[THYMELEAF]             * [* {th:height,data-th-height}] [1000]: org.thymeleaf.standard.processor.StandardRemovableAttributeTagProcessor
[THYMELEAF]             * [* {th:pattern,data-th-pattern}] [1000]: org.thymeleaf.standard.processor.StandardRemovableAttributeTagProcessor
[THYMELEAF]             * [* {th:scope,data-th-scope}] [1000]: org.thymeleaf.standard.processor.StandardRemovableAttributeTagProcessor
[THYMELEAF]             * [* {th:tabindex,data-th-tabindex}] [1000]: org.thymeleaf.standard.processor.StandardRemovableAttributeTagProcessor
[THYMELEAF]             * [* {th:width,data-th-width}] [1000]: org.thymeleaf.standard.processor.StandardRemovableAttributeTagProcessor
[THYMELEAF]             * [* {th:wrap,data-th-wrap}] [1000]: org.thymeleaf.standard.processor.StandardRemovableAttributeTagProcessor
[THYMELEAF]             * [* {th:valuetype,data-th-valuetype}] [1000]: org.thymeleaf.standard.processor.StandardRemovableAttributeTagProcessor
[THYMELEAF]             * [* {th:step,data-th-step}] [1000]: org.thymeleaf.standard.processor.StandardRemovableAttributeTagProcessor
[THYMELEAF]             * [* {th:list,data-th-list}] [1000]: org.thymeleaf.standard.processor.StandardRemovableAttributeTagProcessor
[THYMELEAF]             * [* {th:background,data-th-background}] [1000]: org.thymeleaf.standard.processor.StandardRemovableAttributeTagProcessor
[THYMELEAF]             * [* {th:formmethod,data-th-formmethod}] [1000]: org.thymeleaf.standard.processor.StandardRemovableAttributeTagProcessor
[THYMELEAF]             * [* {th:poster,data-th-poster}] [1000]: org.thymeleaf.standard.processor.StandardRemovableAttributeTagProcessor
[THYMELEAF]             * [* {th:axis,data-th-axis}] [1000]: org.thymeleaf.standard.processor.StandardRemovableAttributeTagProcessor
[THYMELEAF]             * [* {th:cite,data-th-cite}] [1000]: org.thymeleaf.standard.processor.StandardRemovableAttributeTagProcessor
[THYMELEAF]             * [* {th:xmlbase,data-th-xmlbase}] [1000]: org.thymeleaf.standard.processor.StandardXmlBaseTagProcessor
[THYMELEAF]             * [* {th:xmllang,data-th-xmllang}] [1000]: org.thymeleaf.standard.processor.StandardXmlLangTagProcessor
[THYMELEAF]             * [* {xmlns:th}] [1000]: org.thymeleaf.standard.processor.StandardXmlNsTagProcessor
[THYMELEAF]             * [* {th:xmlspace,data-th-xmlspace}] [1000]: org.thymeleaf.standard.processor.StandardXmlSpaceTagProcessor
[THYMELEAF]             * [{option} *] [1005]: org.thymeleaf.spring5.processor.SpringOptionInSelectFieldTagProcessor
[THYMELEAF]             * [* {th:value,data-th-value}] [1010]: org.thymeleaf.spring5.processor.SpringValueTagProcessor
[THYMELEAF]             * [* {th:classappend,data-th-classappend}] [1100]: org.thymeleaf.standard.processor.StandardClassappendTagProcessor
[THYMELEAF]             * [* {th:styleappend,data-th-styleappend}] [1100]: org.thymeleaf.standard.processor.StandardStyleappendTagProcessor
[THYMELEAF]             * [* {th:text,data-th-text}] [1300]: org.thymeleaf.standard.processor.StandardTextTagProcessor
[THYMELEAF]             * [* {th:utext,data-th-utext}] [1400]: org.thymeleaf.standard.processor.StandardUtextTagProcessor
[THYMELEAF]             * [* {th:fragment,data-th-fragment}] [1500]: org.thymeleaf.standard.processor.StandardFragmentTagProcessor
[THYMELEAF]             * [* {th:assert,data-th-assert}] [1550]: org.thymeleaf.standard.processor.StandardAssertTagProcessor
[THYMELEAF]             * [* {th:remove,data-th-remove}] [1600]: org.thymeleaf.standard.processor.StandardRemoveTagProcessor
[THYMELEAF]             * [* {th:errors,data-th-errors}] [1700]: org.thymeleaf.spring5.processor.SpringErrorsTagProcessor
[THYMELEAF]             * [{input} {th:field,data-th-field}] [1700]: org.thymeleaf.spring5.processor.SpringInputCheckboxFieldTagProcessor
[THYMELEAF]             * [{input} {th:field,data-th-field}] [1700]: org.thymeleaf.spring5.processor.SpringInputFileFieldTagProcessor
[THYMELEAF]             * [{input} {th:field,data-th-field}] [1700]: org.thymeleaf.spring5.processor.SpringInputGeneralFieldTagProcessor
[THYMELEAF]             * [{input} {th:field,data-th-field}] [1700]: org.thymeleaf.spring5.processor.SpringInputPasswordFieldTagProcessor
[THYMELEAF]             * [{input} {th:field,data-th-field}] [1700]: org.thymeleaf.spring5.processor.SpringInputRadioFieldTagProcessor
[THYMELEAF]             * [{option} {th:field,data-th-field}] [1700]: org.thymeleaf.spring5.processor.SpringOptionFieldTagProcessor
[THYMELEAF]             * [{select} {th:field,data-th-field}] [1700]: org.thymeleaf.spring5.processor.SpringSelectFieldTagProcessor
[THYMELEAF]             * [{textarea} {th:field,data-th-field}] [1700]: org.thymeleaf.spring5.processor.SpringTextareaFieldTagProcessor
[THYMELEAF]             * [* {th:uerrors,data-th-uerrors}] [1700]: org.thymeleaf.spring5.processor.SpringUErrorsTagProcessor
[THYMELEAF]             * [* {th:errorclass,data-th-errorclass}] [1800]: org.thymeleaf.spring5.processor.SpringErrorClassTagProcessor
[THYMELEAF]             * [* {th:ref,data-th-ref}] [10000]: org.thymeleaf.standard.processor.StandardRefAttributeTagProcessor
[THYMELEAF]             * [{th:block,th-block} *] [100000]: org.thymeleaf.standard.processor.StandardBlockTagProcessor
[THYMELEAF]             * [* th:*] [2147483647]: org.thymeleaf.standard.processor.StandardDefaultAttributesTagProcessor
[THYMELEAF]         * Text Processors by [precedence]:
[THYMELEAF]             * [1000]: org.thymeleaf.standard.processor.StandardInliningTextProcessor
[THYMELEAF]         * DOCTYPE Processors by [precedence]:
[THYMELEAF]             * [1000]: org.thymeleaf.standard.processor.StandardTranslationDocTypeProcessor
[THYMELEAF]         * CDATA Section Processors by [precedence]:
[THYMELEAF]             * [1000]: org.thymeleaf.standard.processor.StandardInliningCDATASectionProcessor
[THYMELEAF]         * Comment Processors by [precedence]:
[THYMELEAF]             * [1000]: org.thymeleaf.standard.processor.StandardInliningCommentProcessor
[THYMELEAF]             * [1100]: org.thymeleaf.standard.processor.StandardConditionalCommentProcessor
[THYMELEAF]     * Processors for Template Mode: XML
[THYMELEAF]         * Element Tag Processors by [matching element and attribute name] [precedence]:
[THYMELEAF]             * [* {th:include}] [100]: org.thymeleaf.standard.processor.StandardIncludeTagProcessor
[THYMELEAF]             * [* {th:insert}] [100]: org.thymeleaf.standard.processor.StandardInsertTagProcessor
[THYMELEAF]             * [* {th:replace}] [100]: org.thymeleaf.standard.processor.StandardReplaceTagProcessor
[THYMELEAF]             * [* {th:substituteby}] [100]: org.thymeleaf.standard.processor.StandardSubstituteByTagProcessor
[THYMELEAF]             * [* {th:each}] [200]: org.thymeleaf.standard.processor.StandardEachTagProcessor
[THYMELEAF]             * [* {th:switch}] [250]: org.thymeleaf.standard.processor.StandardSwitchTagProcessor
[THYMELEAF]             * [* {th:case}] [275]: org.thymeleaf.standard.processor.StandardCaseTagProcessor
[THYMELEAF]             * [* {th:if}] [300]: org.thymeleaf.standard.processor.StandardIfTagProcessor
[THYMELEAF]             * [* {th:unless}] [400]: org.thymeleaf.standard.processor.StandardUnlessTagProcessor
[THYMELEAF]             * [* {th:object}] [500]: org.thymeleaf.standard.processor.StandardObjectTagProcessor
[THYMELEAF]             * [* {th:with}] [600]: org.thymeleaf.standard.processor.StandardWithTagProcessor
[THYMELEAF]             * [* {th:attr}] [700]: org.thymeleaf.standard.processor.StandardAttrTagProcessor
[THYMELEAF]             * [* {th:attrprepend}] [800]: org.thymeleaf.standard.processor.StandardAttrprependTagProcessor
[THYMELEAF]             * [* {th:attrappend}] [900]: org.thymeleaf.standard.processor.StandardAttrappendTagProcessor
[THYMELEAF]             * [* {th:inline}] [1000]: org.thymeleaf.standard.processor.StandardInlineXMLTagProcessor
[THYMELEAF]             * [* {xmlns:th}] [1000]: org.thymeleaf.standard.processor.StandardXmlNsTagProcessor
[THYMELEAF]             * [* {th:text}] [1300]: org.thymeleaf.standard.processor.StandardTextTagProcessor
[THYMELEAF]             * [* {th:utext}] [1400]: org.thymeleaf.standard.processor.StandardUtextTagProcessor
[THYMELEAF]             * [* {th:fragment}] [1500]: org.thymeleaf.standard.processor.StandardFragmentTagProcessor
[THYMELEAF]             * [* {th:assert}] [1550]: org.thymeleaf.standard.processor.StandardAssertTagProcessor
[THYMELEAF]             * [* {th:remove}] [1600]: org.thymeleaf.standard.processor.StandardRemoveTagProcessor
[THYMELEAF]             * [* {th:ref}] [10000]: org.thymeleaf.standard.processor.StandardRefAttributeTagProcessor
[THYMELEAF]             * [{th:block} *] [100000]: org.thymeleaf.standard.processor.StandardBlockTagProcessor
[THYMELEAF]             * [* th:*] [2147483647]: org.thymeleaf.standard.processor.StandardDefaultAttributesTagProcessor
[THYMELEAF]         * Text Processors by [precedence]:
[THYMELEAF]             * [1000]: org.thymeleaf.standard.processor.StandardInliningTextProcessor
[THYMELEAF]         * CDATA Section Processors by [precedence]:
[THYMELEAF]             * [1000]: org.thymeleaf.standard.processor.StandardInliningCDATASectionProcessor
[THYMELEAF]         * Comment Processors by [precedence]:
[THYMELEAF]             * [1000]: org.thymeleaf.standard.processor.StandardInliningCommentProcessor
[THYMELEAF]     * Processors for Template Mode: TEXT
[THYMELEAF]         * Element Tag Processors by [matching element and attribute name] [precedence]:
[THYMELEAF]             * [* {th:insert}] [100]: org.thymeleaf.standard.processor.StandardInsertTagProcessor
[THYMELEAF]             * [* {th:replace}] [100]: org.thymeleaf.standard.processor.StandardReplaceTagProcessor
[THYMELEAF]             * [* {th:each}] [200]: org.thymeleaf.standard.processor.StandardEachTagProcessor
[THYMELEAF]             * [* {th:switch}] [250]: org.thymeleaf.standard.processor.StandardSwitchTagProcessor
[THYMELEAF]             * [* {th:case}] [275]: org.thymeleaf.standard.processor.StandardCaseTagProcessor
[THYMELEAF]             * [* {th:if}] [300]: org.thymeleaf.standard.processor.StandardIfTagProcessor
[THYMELEAF]             * [* {th:unless}] [400]: org.thymeleaf.standard.processor.StandardUnlessTagProcessor
[THYMELEAF]             * [* {th:object}] [500]: org.thymeleaf.standard.processor.StandardObjectTagProcessor
[THYMELEAF]             * [* {th:with}] [600]: org.thymeleaf.standard.processor.StandardWithTagProcessor
[THYMELEAF]             * [* {th:inline}] [1000]: org.thymeleaf.standard.processor.StandardInlineTextualTagProcessor
[THYMELEAF]             * [* {th:text}] [1300]: org.thymeleaf.standard.processor.StandardTextTagProcessor
[THYMELEAF]             * [* {th:utext}] [1400]: org.thymeleaf.standard.processor.StandardUtextTagProcessor
[THYMELEAF]             * [* {th:assert}] [1550]: org.thymeleaf.standard.processor.StandardAssertTagProcessor
[THYMELEAF]             * [* {th:remove}] [1600]: org.thymeleaf.standard.processor.StandardRemoveTagProcessor
[THYMELEAF]             * [* 100000] [org.thymeleaf.standard.processor.StandardBlockTagProcessor]: {}
[THYMELEAF]             * [{th:block} *] [100000]: org.thymeleaf.standard.processor.StandardBlockTagProcessor
[THYMELEAF]         * Text Processors by [precedence]:
[THYMELEAF]             * [1000]: org.thymeleaf.standard.processor.StandardInliningTextProcessor
[THYMELEAF]     * Processors for Template Mode: JAVASCRIPT
[THYMELEAF]         * Element Tag Processors by [matching element and attribute name] [precedence]:
[THYMELEAF]             * [* {th:insert}] [100]: org.thymeleaf.standard.processor.StandardInsertTagProcessor
[THYMELEAF]             * [* {th:replace}] [100]: org.thymeleaf.standard.processor.StandardReplaceTagProcessor
[THYMELEAF]             * [* {th:each}] [200]: org.thymeleaf.standard.processor.StandardEachTagProcessor
[THYMELEAF]             * [* {th:switch}] [250]: org.thymeleaf.standard.processor.StandardSwitchTagProcessor
[THYMELEAF]             * [* {th:case}] [275]: org.thymeleaf.standard.processor.StandardCaseTagProcessor
[THYMELEAF]             * [* {th:if}] [300]: org.thymeleaf.standard.processor.StandardIfTagProcessor
[THYMELEAF]             * [* {th:unless}] [400]: org.thymeleaf.standard.processor.StandardUnlessTagProcessor
[THYMELEAF]             * [* {th:object}] [500]: org.thymeleaf.standard.processor.StandardObjectTagProcessor
[THYMELEAF]             * [* {th:with}] [600]: org.thymeleaf.standard.processor.StandardWithTagProcessor
[THYMELEAF]             * [* {th:inline}] [1000]: org.thymeleaf.standard.processor.StandardInlineTextualTagProcessor
[THYMELEAF]             * [* {th:text}] [1300]: org.thymeleaf.standard.processor.StandardTextTagProcessor
[THYMELEAF]             * [* {th:utext}] [1400]: org.thymeleaf.standard.processor.StandardUtextTagProcessor
[THYMELEAF]             * [* {th:assert}] [1550]: org.thymeleaf.standard.processor.StandardAssertTagProcessor
[THYMELEAF]             * [* {th:remove}] [1600]: org.thymeleaf.standard.processor.StandardRemoveTagProcessor
[THYMELEAF]             * [* 100000] [org.thymeleaf.standard.processor.StandardBlockTagProcessor]: {}
[THYMELEAF]             * [{th:block} *] [100000]: org.thymeleaf.standard.processor.StandardBlockTagProcessor
[THYMELEAF]         * Text Processors by [precedence]:
[THYMELEAF]             * [1000]: org.thymeleaf.standard.processor.StandardInliningTextProcessor
[THYMELEAF]     * Processors for Template Mode: CSS
[THYMELEAF]         * Element Tag Processors by [matching element and attribute name] [precedence]:
[THYMELEAF]             * [* {th:insert}] [100]: org.thymeleaf.standard.processor.StandardInsertTagProcessor
[THYMELEAF]             * [* {th:replace}] [100]: org.thymeleaf.standard.processor.StandardReplaceTagProcessor
[THYMELEAF]             * [* {th:each}] [200]: org.thymeleaf.standard.processor.StandardEachTagProcessor
[THYMELEAF]             * [* {th:switch}] [250]: org.thymeleaf.standard.processor.StandardSwitchTagProcessor
[THYMELEAF]             * [* {th:case}] [275]: org.thymeleaf.standard.processor.StandardCaseTagProcessor
[THYMELEAF]             * [* {th:if}] [300]: org.thymeleaf.standard.processor.StandardIfTagProcessor
[THYMELEAF]             * [* {th:unless}] [400]: org.thymeleaf.standard.processor.StandardUnlessTagProcessor
[THYMELEAF]             * [* {th:object}] [500]: org.thymeleaf.standard.processor.StandardObjectTagProcessor
[THYMELEAF]             * [* {th:with}] [600]: org.thymeleaf.standard.processor.StandardWithTagProcessor
[THYMELEAF]             * [* {th:inline}] [1000]: org.thymeleaf.standard.processor.StandardInlineTextualTagProcessor
[THYMELEAF]             * [* {th:text}] [1300]: org.thymeleaf.standard.processor.StandardTextTagProcessor
[THYMELEAF]             * [* {th:utext}] [1400]: org.thymeleaf.standard.processor.StandardUtextTagProcessor
[THYMELEAF]             * [* {th:assert}] [1550]: org.thymeleaf.standard.processor.StandardAssertTagProcessor
[THYMELEAF]             * [* {th:remove}] [1600]: org.thymeleaf.standard.processor.StandardRemoveTagProcessor
[THYMELEAF]             * [{th:block} *] [100000]: org.thymeleaf.standard.processor.StandardBlockTagProcessor
[THYMELEAF]             * [* 100000] [org.thymeleaf.standard.processor.StandardBlockTagProcessor]: {}
[THYMELEAF]         * Text Processors by [precedence]:
[THYMELEAF]             * [1000]: org.thymeleaf.standard.processor.StandardInliningTextProcessor
[THYMELEAF]     * Expression Objects:
[THYMELEAF]         * #ctx
[THYMELEAF]         * #root
[THYMELEAF]         * #vars
[THYMELEAF]         * #object
[THYMELEAF]         * #locale
[THYMELEAF]         * #request
[THYMELEAF]         * #response
[THYMELEAF]         * #session
[THYMELEAF]         * #servletContext
[THYMELEAF]         * #conversions
[THYMELEAF]         * #uris
[THYMELEAF]         * #calendars
[THYMELEAF]         * #dates
[THYMELEAF]         * #bools
[THYMELEAF]         * #numbers
[THYMELEAF]         * #objects
[THYMELEAF]         * #strings
[THYMELEAF]         * #arrays
[THYMELEAF]         * #lists
[THYMELEAF]         * #sets
[THYMELEAF]         * #maps
[THYMELEAF]         * #aggregates
[THYMELEAF]         * #messages
[THYMELEAF]         * #ids
[THYMELEAF]         * #execInfo
[THYMELEAF]         * #httpServletRequest
[THYMELEAF]         * #httpSession
[THYMELEAF]         * #fields
[THYMELEAF]         * #themes
[THYMELEAF]         * #mvc
[THYMELEAF]         * #requestdatavalues
[THYMELEAF]     * Execution Attributes:
[THYMELEAF]         * "StandardExpressionParser": Standard Expression Parser
[THYMELEAF]         * "StandardJavaScriptSerializer": org.thymeleaf.standard.serializer.StandardJavaScriptSerializer@161845b3
[THYMELEAF]         * "StandardCSSSerializer": org.thymeleaf.standard.serializer.StandardCSSSerializer@1144721c
[THYMELEAF]         * "EnableSpringELCompiler": false
[THYMELEAF]         * "StandardVariableExpressionEvaluator": SpringEL
[THYMELEAF]         * "StandardConversionService": org.thymeleaf.spring5.expression.SpringStandardConversionService@1421c988
[THYMELEAF] * Dialect [2 of 3]: java8time (org.thymeleaf.extras.java8time.dialect.Java8TimeDialect)
[THYMELEAF]     * Expression Objects:
[THYMELEAF]         * #temporals
[THYMELEAF] * Dialect [3 of 3]: SpringSecurity (org.thymeleaf.extras.springsecurity5.dialect.SpringSecurityDialect)
[THYMELEAF]     * Prefix: "sec"
[THYMELEAF]     * Processors for Template Mode: HTML
[THYMELEAF]         * Element Tag Processors by [matching element and attribute name] [precedence]:
[THYMELEAF]             * [* {sec:authorize-acl,data-sec-authorize-acl}] [300]: org.thymeleaf.extras.springsecurity5.dialect.processor.AuthorizeAclAttrProcessor
[THYMELEAF]             * [* {sec:authorize-expr,data-sec-authorize-expr}] [300]: org.thymeleaf.extras.springsecurity5.dialect.processor.AuthorizeAttrProcessor
[THYMELEAF]             * [* {sec:authorize,data-sec-authorize}] [300]: org.thymeleaf.extras.springsecurity5.dialect.processor.AuthorizeAttrProcessor
[THYMELEAF]             * [* {sec:authorize-url,data-sec-authorize-url}] [300]: org.thymeleaf.extras.springsecurity5.dialect.processor.AuthorizeUrlAttrProcessor
[THYMELEAF]             * [* {xmlns:sec}] [1000]: org.thymeleaf.standard.processor.StandardXmlNsTagProcessor
[THYMELEAF]             * [* {sec:authentication,data-sec-authentication}] [1300]: org.thymeleaf.extras.springsecurity5.dialect.processor.AuthenticationAttrProcessor
[THYMELEAF]     * Processors for Template Mode: XML
[THYMELEAF]         * Element Tag Processors by [matching element and attribute name] [precedence]:
[THYMELEAF]             * [* {sec:authorize-acl}] [300]: org.thymeleaf.extras.springsecurity5.dialect.processor.AuthorizeAclAttrProcessor
[THYMELEAF]             * [* {sec:authorize}] [300]: org.thymeleaf.extras.springsecurity5.dialect.processor.AuthorizeAttrProcessor
[THYMELEAF]             * [* {sec:authorize-expr}] [300]: org.thymeleaf.extras.springsecurity5.dialect.processor.AuthorizeAttrProcessor
[THYMELEAF]             * [* {sec:authorize-url}] [300]: org.thymeleaf.extras.springsecurity5.dialect.processor.AuthorizeUrlAttrProcessor
[THYMELEAF]             * [* {xmlns:sec}] [1000]: org.thymeleaf.standard.processor.StandardXmlNsTagProcessor
[THYMELEAF]             * [* {sec:authentication}] [1300]: org.thymeleaf.extras.springsecurity5.dialect.processor.AuthenticationAttrProcessor
[THYMELEAF]     * Processors for Template Mode: TEXT
[THYMELEAF]         * Element Tag Processors by [matching element and attribute name] [precedence]:
[THYMELEAF]             * [* {sec:authorize-acl}] [300]: org.thymeleaf.extras.springsecurity5.dialect.processor.AuthorizeAclAttrProcessor
[THYMELEAF]             * [* {sec:authorize}] [300]: org.thymeleaf.extras.springsecurity5.dialect.processor.AuthorizeAttrProcessor
[THYMELEAF]             * [* {sec:authorize-expr}] [300]: org.thymeleaf.extras.springsecurity5.dialect.processor.AuthorizeAttrProcessor
[THYMELEAF]             * [* {sec:authorize-url}] [300]: org.thymeleaf.extras.springsecurity5.dialect.processor.AuthorizeUrlAttrProcessor
[THYMELEAF]             * [* {xmlns:sec}] [1000]: org.thymeleaf.standard.processor.StandardXmlNsTagProcessor
[THYMELEAF]             * [* {sec:authentication}] [1300]: org.thymeleaf.extras.springsecurity5.dialect.processor.AuthenticationAttrProcessor
[THYMELEAF]     * Processors for Template Mode: JAVASCRIPT
[THYMELEAF]         * Element Tag Processors by [matching element and attribute name] [precedence]:
[THYMELEAF]             * [* {sec:authorize-acl}] [300]: org.thymeleaf.extras.springsecurity5.dialect.processor.AuthorizeAclAttrProcessor
[THYMELEAF]             * [* {sec:authorize}] [300]: org.thymeleaf.extras.springsecurity5.dialect.processor.AuthorizeAttrProcessor
[THYMELEAF]             * [* {sec:authorize-expr}] [300]: org.thymeleaf.extras.springsecurity5.dialect.processor.AuthorizeAttrProcessor
[THYMELEAF]             * [* {sec:authorize-url}] [300]: org.thymeleaf.extras.springsecurity5.dialect.processor.AuthorizeUrlAttrProcessor
[THYMELEAF]             * [* {xmlns:sec}] [1000]: org.thymeleaf.standard.processor.StandardXmlNsTagProcessor
[THYMELEAF]             * [* {sec:authentication}] [1300]: org.thymeleaf.extras.springsecurity5.dialect.processor.AuthenticationAttrProcessor
[THYMELEAF]     * Processors for Template Mode: CSS
[THYMELEAF]         * Element Tag Processors by [matching element and attribute name] [precedence]:
[THYMELEAF]             * [* {sec:authorize-acl}] [300]: org.thymeleaf.extras.springsecurity5.dialect.processor.AuthorizeAclAttrProcessor
[THYMELEAF]             * [* {sec:authorize}] [300]: org.thymeleaf.extras.springsecurity5.dialect.processor.AuthorizeAttrProcessor
[THYMELEAF]             * [* {sec:authorize-expr}] [300]: org.thymeleaf.extras.springsecurity5.dialect.processor.AuthorizeAttrProcessor
[THYMELEAF]             * [* {sec:authorize-url}] [300]: org.thymeleaf.extras.springsecurity5.dialect.processor.AuthorizeUrlAttrProcessor
[THYMELEAF]             * [* {xmlns:sec}] [1000]: org.thymeleaf.standard.processor.StandardXmlNsTagProcessor
[THYMELEAF]             * [* {sec:authentication}] [1300]: org.thymeleaf.extras.springsecurity5.dialect.processor.AuthenticationAttrProcessor
[THYMELEAF]     * Expression Objects:
[THYMELEAF]         * #authentication
[THYMELEAF]         * #authorization
[THYMELEAF] TEMPLATE ENGINE CONFIGURED OK
2020-07-15 19:52:18.333 63167 [http-nio-8080-exec-1] DEBUG org.thymeleaf.TemplateEngine - [THYMELEAF] TEMPLATE ENGINE INITIALIZED
2020-07-15 19:52:18.336 63170 [http-nio-8080-exec-1] TRACE org.thymeleaf.TemplateEngine - [THYMELEAF][http-nio-8080-exec-1] STARTING PROCESS OF TEMPLATE "index" WITH LOCALE en_US
2020-07-15 19:52:18.337 63171 [http-nio-8080-exec-1] TRACE o.t.T.cache.TEMPLATE_CACHE - [THYMELEAF][http-nio-8080-exec-1][TEMPLATE_CACHE][CACHE_MISS] Cache miss in cache "TEMPLATE_CACHE" for key "index".
2020-07-15 19:52:18.337 63171 [http-nio-8080-exec-1] TRACE o.thymeleaf.engine.TemplateManager - [THYMELEAF][http-nio-8080-exec-1] Template resolver match! Resolver "org.thymeleaf.spring5.templateresolver.SpringResourceTemplateResolver" will resolve template "index"
2020-07-15 19:52:18.377 63211 [http-nio-8080-exec-1] TRACE o.t.T.cache.EXPRESSION_CACHE - [THYMELEAF][CACHE_INITIALIZE] Initializing cache EXPRESSION_CACHE. Max size: 500. Soft references are used.
2020-07-15 19:52:18.378 63212 [http-nio-8080-exec-1] TRACE o.t.T.cache.EXPRESSION_CACHE - [THYMELEAF][http-nio-8080-exec-1][EXPRESSION_CACHE][CACHE_MISS] Cache miss in cache "EXPRESSION_CACHE" for key "expr|@{/styles/cssandjs/normalize.css}".
2020-07-15 19:52:18.389 63223 [http-nio-8080-exec-1] TRACE o.t.T.cache.EXPRESSION_CACHE - [THYMELEAF][http-nio-8080-exec-1][EXPRESSION_CACHE][CACHE_ADD][1] Adding cache entry in cache "EXPRESSION_CACHE" for key "expr|@{/styles/cssandjs/normalize.css}". New size is 1.
2020-07-15 19:52:18.389 63223 [http-nio-8080-exec-1] TRACE o.t.s.expression.LinkExpression - [THYMELEAF][http-nio-8080-exec-1] Evaluating link: "@{'/styles/cssandjs/normalize.css'}"
2020-07-15 19:52:18.389 63223 [http-nio-8080-exec-1] TRACE o.t.s.e.TextLiteralExpression - [THYMELEAF][http-nio-8080-exec-1] Evaluating text literal: "'/styles/cssandjs/normalize.css'"
2020-07-15 19:52:18.508 63342 [http-nio-8080-exec-1] TRACE o.t.T.cache.EXPRESSION_CACHE - [THYMELEAF][http-nio-8080-exec-1][EXPRESSION_CACHE][CACHE_MISS] Cache miss in cache "EXPRESSION_CACHE" for key "expr|@{/styles/cssandjs/main.css}".
2020-07-15 19:52:18.508 63342 [http-nio-8080-exec-1] TRACE o.t.T.cache.EXPRESSION_CACHE - [THYMELEAF][http-nio-8080-exec-1][EXPRESSION_CACHE][CACHE_ADD][2] Adding cache entry in cache "EXPRESSION_CACHE" for key "expr|@{/styles/cssandjs/main.css}". New size is 2.
2020-07-15 19:52:18.508 63342 [http-nio-8080-exec-1] TRACE o.t.s.expression.LinkExpression - [THYMELEAF][http-nio-8080-exec-1] Evaluating link: "@{'/styles/cssandjs/main.css'}"
2020-07-15 19:52:18.508 63342 [http-nio-8080-exec-1] TRACE o.t.s.e.TextLiteralExpression - [THYMELEAF][http-nio-8080-exec-1] Evaluating text literal: "'/styles/cssandjs/main.css'"
2020-07-15 19:52:18.510 63344 [http-nio-8080-exec-1] TRACE o.t.e.s.auth.AuthUtils - [THYMELEAF][http-nio-8080-exec-1] Obtaining authentication object.
2020-07-15 19:52:18.510 63344 [http-nio-8080-exec-1] TRACE o.t.e.s.u.SpringVersionSpecificUtils - [THYMELEAF][TESTING] Spring 5.0+ found on classpath. Initializing version-specific utilities for Spring 5
2020-07-15 19:52:18.511 63345 [http-nio-8080-exec-1] TRACE o.t.e.s.auth.AuthUtils - [THYMELEAF][http-nio-8080-exec-1] Authentication object of class org.springframework.security.authentication.AnonymousAuthenticationToken found in context for user "anonymousUser".
2020-07-15 19:52:18.511 63345 [http-nio-8080-exec-1] TRACE o.t.e.s.auth.AuthUtils - [THYMELEAF][http-nio-8080-exec-1] Checking authorization using access expression "isAuthenticated()" for user "anonymousUser".
2020-07-15 19:52:18.512 63346 [http-nio-8080-exec-1] TRACE o.s.b.f.s.DefaultListableBeanFactory - Returning cached instance of singleton bean 'webSecurityExpressionHandler'
2020-07-15 19:52:18.513 63347 [http-nio-8080-exec-1] TRACE o.t.e.s.auth.AuthUtils - [THYMELEAF][http-nio-8080-exec-1] Checked authorization using access expression "isAuthenticated()" for user "anonymousUser". Access DENIED.
2020-07-15 19:52:18.515 63349 [http-nio-8080-exec-1] TRACE o.t.e.s.auth.AuthUtils - [THYMELEAF][http-nio-8080-exec-1] Obtaining authentication object.
2020-07-15 19:52:18.515 63349 [http-nio-8080-exec-1] TRACE o.t.e.s.auth.AuthUtils - [THYMELEAF][http-nio-8080-exec-1] Authentication object of class org.springframework.security.authentication.AnonymousAuthenticationToken found in context for user "anonymousUser".
2020-07-15 19:52:18.515 63349 [http-nio-8080-exec-1] TRACE o.t.e.s.auth.AuthUtils - [THYMELEAF][http-nio-8080-exec-1] Checking authorization using access expression "isAuthenticated()" for user "anonymousUser".
2020-07-15 19:52:18.515 63349 [http-nio-8080-exec-1] TRACE o.s.b.f.s.DefaultListableBeanFactory - Returning cached instance of singleton bean 'webSecurityExpressionHandler'
2020-07-15 19:52:18.515 63349 [http-nio-8080-exec-1] TRACE o.t.e.s.auth.AuthUtils - [THYMELEAF][http-nio-8080-exec-1] Checked authorization using access expression "isAuthenticated()" for user "anonymousUser". Access DENIED.
2020-07-15 19:52:18.515 63349 [http-nio-8080-exec-1] TRACE o.t.e.s.auth.AuthUtils - [THYMELEAF][http-nio-8080-exec-1] Obtaining authentication object.
2020-07-15 19:52:18.515 63349 [http-nio-8080-exec-1] TRACE o.t.e.s.auth.AuthUtils - [THYMELEAF][http-nio-8080-exec-1] Authentication object of class org.springframework.security.authentication.AnonymousAuthenticationToken found in context for user "anonymousUser".
2020-07-15 19:52:18.516 63350 [http-nio-8080-exec-1] TRACE o.t.e.s.auth.AuthUtils - [THYMELEAF][http-nio-8080-exec-1] Checking authorization using access expression "!isAuthenticated()" for user "anonymousUser".
2020-07-15 19:52:18.516 63350 [http-nio-8080-exec-1] TRACE o.s.b.f.s.DefaultListableBeanFactory - Returning cached instance of singleton bean 'webSecurityExpressionHandler'
2020-07-15 19:52:18.516 63350 [http-nio-8080-exec-1] TRACE o.t.e.s.auth.AuthUtils - [THYMELEAF][http-nio-8080-exec-1] Checked authorization using access expression "!isAuthenticated()" for user "anonymousUser". Access GRANTED.
2020-07-15 19:52:18.516 63350 [http-nio-8080-exec-1] TRACE o.t.e.s.auth.AuthUtils - [THYMELEAF][http-nio-8080-exec-1] Obtaining authentication object.
2020-07-15 19:52:18.516 63350 [http-nio-8080-exec-1] TRACE o.t.e.s.auth.AuthUtils - [THYMELEAF][http-nio-8080-exec-1] Authentication object of class org.springframework.security.authentication.AnonymousAuthenticationToken found in context for user "anonymousUser".
2020-07-15 19:52:18.516 63350 [http-nio-8080-exec-1] TRACE o.t.e.s.auth.AuthUtils - [THYMELEAF][http-nio-8080-exec-1] Checking authorization using access expression "!isAuthenticated()" for user "anonymousUser".
2020-07-15 19:52:18.516 63350 [http-nio-8080-exec-1] TRACE o.s.b.f.s.DefaultListableBeanFactory - Returning cached instance of singleton bean 'webSecurityExpressionHandler'
2020-07-15 19:52:18.517 63351 [http-nio-8080-exec-1] TRACE o.t.e.s.auth.AuthUtils - [THYMELEAF][http-nio-8080-exec-1] Checked authorization using access expression "!isAuthenticated()" for user "anonymousUser". Access GRANTED.
2020-07-15 19:52:18.517 63351 [http-nio-8080-exec-1] TRACE o.t.T.cache.EXPRESSION_CACHE - [THYMELEAF][http-nio-8080-exec-1][EXPRESSION_CACHE][CACHE_MISS] Cache miss in cache "EXPRESSION_CACHE" for key "expr|@{/login}".
2020-07-15 19:52:18.517 63351 [http-nio-8080-exec-1] TRACE o.t.T.cache.EXPRESSION_CACHE - [THYMELEAF][http-nio-8080-exec-1][EXPRESSION_CACHE][CACHE_ADD][3] Adding cache entry in cache "EXPRESSION_CACHE" for key "expr|@{/login}". New size is 3.
2020-07-15 19:52:18.517 63351 [http-nio-8080-exec-1] TRACE o.t.s.expression.LinkExpression - [THYMELEAF][http-nio-8080-exec-1] Evaluating link: "@{'/login'}"
2020-07-15 19:52:18.517 63351 [http-nio-8080-exec-1] TRACE o.t.s.e.TextLiteralExpression - [THYMELEAF][http-nio-8080-exec-1] Evaluating text literal: "'/login'"
2020-07-15 19:52:18.518 63352 [http-nio-8080-exec-1] TRACE org.thymeleaf.TemplateEngine - [THYMELEAF][http-nio-8080-exec-1] FINISHED PROCESS AND OUTPUT OF TEMPLATE "index" WITH LOCALE en_US
2020-07-15 19:52:18.518 63352 [http-nio-8080-exec-1] TRACE org.thymeleaf.TemplateEngine.TIMER - [THYMELEAF][http-nio-8080-exec-1][index][en_US][181516500][182] TEMPLATE "index" WITH LOCALE en_US PROCESSED IN 181516500 nanoseconds (approx. 182ms)
2020-07-15 19:52:18.518 63352 [http-nio-8080-exec-1] DEBUG o.s.s.w.h.writers.HstsHeaderWriter - Not injecting HSTS header since it did not match the requestMatcher org.springframework.security.web.header.writers.HstsHeaderWriter$SecureRequestMatcher@31e22306
2020-07-15 19:52:18.518 63352 [http-nio-8080-exec-1] DEBUG o.s.s.w.c.HttpSessionSecurityContextRepository - SecurityContext is empty or contents are anonymous - context will not be stored in HttpSession.
2020-07-15 19:52:18.521 63355 [http-nio-8080-exec-1] DEBUG o.s.web.servlet.DispatcherServlet - Completed 200 OK, headers={masked}
2020-07-15 19:52:18.522 63356 [http-nio-8080-exec-1] TRACE o.s.b.f.s.DefaultListableBeanFactory - Returning cached instance of singleton bean 'delegatingApplicationListener'
2020-07-15 19:52:18.522 63356 [http-nio-8080-exec-1] TRACE o.s.b.f.s.DefaultListableBeanFactory - Returning cached instance of singleton bean 'liveReloadServerEventListener'
2020-07-15 19:52:18.522 63356 [http-nio-8080-exec-1] DEBUG o.s.s.w.a.ExceptionTranslationFilter - Chain processed normally
2020-07-15 19:52:18.522 63356 [http-nio-8080-exec-1] DEBUG o.s.s.w.c.SecurityContextPersistenceFilter - SecurityContextHolder now cleared, as request processing completed
2020-07-15 19:52:18.522 63356 [http-nio-8080-exec-1] TRACE o.s.b.w.s.f.OrderedRequestContextFilter - Cleared thread-bound request context: org.apache.catalina.connector.RequestFacade@3de577
2020-07-15 19:52:18.523 63357 [http-nio-8080-exec-1] DEBUG o.a.t.util.net.SocketWrapperBase - Socket: [org.apache.tomcat.util.net.NioEndpoint$NioSocketWrapper@529de7a1:org.apache.tomcat.util.net.NioChannel@79cdec3:java.nio.channels.SocketChannel[connected local=/0:0:0:0:0:0:0:1:8080 remote=/0:0:0:0:0:0:0:1:52353]], Read from buffer: [0]
2020-07-15 19:52:18.523 63357 [http-nio-8080-exec-1] DEBUG o.a.tomcat.util.net.NioEndpoint - Socket: [org.apache.tomcat.util.net.NioEndpoint$NioSocketWrapper@529de7a1:org.apache.tomcat.util.net.NioChannel@79cdec3:java.nio.channels.SocketChannel[connected local=/0:0:0:0:0:0:0:1:8080 remote=/0:0:0:0:0:0:0:1:52353]], Read direct from socket: [0]
2020-07-15 19:52:18.523 63357 [http-nio-8080-exec-1] DEBUG o.a.coyote.http11.Http11Processor - Socket: [org.apache.tomcat.util.net.NioEndpoint$NioSocketWrapper@529de7a1:org.apache.tomcat.util.net.NioChannel@79cdec3:java.nio.channels.SocketChannel[connected local=/0:0:0:0:0:0:0:1:8080 remote=/0:0:0:0:0:0:0:1:52353]], Status in: [OPEN_READ], State out: [OPEN]
2020-07-15 19:52:18.523 63357 [http-nio-8080-exec-1] DEBUG o.a.coyote.http11.Http11NioProtocol - Pushed Processor [org.apache.coyote.http11.Http11Processor@573f90c5]
2020-07-15 19:52:18.523 63357 [http-nio-8080-exec-1] DEBUG o.a.tomcat.util.net.NioEndpoint - Registered read interest for [org.apache.tomcat.util.net.NioEndpoint$NioSocketWrapper@529de7a1:org.apache.tomcat.util.net.NioChannel@79cdec3:java.nio.channels.SocketChannel[connected local=/0:0:0:0:0:0:0:1:8080 remote=/0:0:0:0:0:0:0:1:52353]]
2020-07-15 19:52:18.524 63358 [http-nio-8080-exec-2] DEBUG o.a.coyote.http11.Http11NioProtocol - Processing socket [org.apache.tomcat.util.net.NioChannel@79cdec3:java.nio.channels.SocketChannel[connected local=/0:0:0:0:0:0:0:1:8080 remote=/0:0:0:0:0:0:0:1:52353]] with status [OPEN_READ]
2020-07-15 19:52:18.524 63358 [http-nio-8080-exec-2] DEBUG o.a.coyote.http11.Http11NioProtocol - Found processor [null] for socket [org.apache.tomcat.util.net.NioChannel@79cdec3:java.nio.channels.SocketChannel[connected local=/0:0:0:0:0:0:0:1:8080 remote=/0:0:0:0:0:0:0:1:52353]]
2020-07-15 19:52:18.524 63358 [http-nio-8080-exec-2] DEBUG o.a.coyote.http11.Http11NioProtocol - Popped processor [org.apache.coyote.http11.Http11Processor@573f90c5] from cache
2020-07-15 19:52:18.524 63358 [http-nio-8080-exec-2] DEBUG o.a.t.util.net.SocketWrapperBase - Socket: [org.apache.tomcat.util.net.NioEndpoint$NioSocketWrapper@529de7a1:org.apache.tomcat.util.net.NioChannel@79cdec3:java.nio.channels.SocketChannel[connected local=/0:0:0:0:0:0:0:1:8080 remote=/0:0:0:0:0:0:0:1:52353]], Read from buffer: [0]
2020-07-15 19:52:18.524 63358 [http-nio-8080-exec-2] DEBUG o.a.tomcat.util.net.NioEndpoint - Socket: [org.apache.tomcat.util.net.NioEndpoint$NioSocketWrapper@529de7a1:org.apache.tomcat.util.net.NioChannel@79cdec3:java.nio.channels.SocketChannel[connected local=/0:0:0:0:0:0:0:1:8080 remote=/0:0:0:0:0:0:0:1:52353]], Read direct from socket: [624]
2020-07-15 19:52:18.524 63358 [http-nio-8080-exec-2] DEBUG o.a.coyote.http11.Http11InputBuffer - Received [GET / HTTP/1.1
Host: localhost:8080
Connection: keep-alive
Upgrade-Insecure-Requests: 1
User-Agent: Mozilla/5.0 (Windows NT 10.0; Win64; x64) AppleWebKit/537.36 (KHTML, like Gecko) Chrome/84.0.4147.89 Safari/537.36
Accept: text/html,application/xhtml+xml,application/xml;q=0.9,image/webp,image/apng,*/*;q=0.8,application/signed-exchange;v=b3;q=0.9
Sec-Fetch-Site: none
Sec-Fetch-Mode: navigate
Sec-Fetch-User: ?1
Sec-Fetch-Dest: document
Accept-Encoding: gzip, deflate, br
Accept-Language: en-US,en;q=0.9
Cookie: Idea-4aed9f74=2b566d24-925d-415a-a965-059a11c42de1; JSESSIONID=2AD45E4911393EAA19C3299643E1FE14

]
2020-07-15 19:52:18.525 63359 [http-nio-8080-exec-2] DEBUG o.a.t.u.http.Rfc6265CookieProcessor - Cookies: Parsing b[]: Idea-4aed9f74=2b566d24-925d-415a-a965-059a11c42de1; JSESSIONID=2AD45E4911393EAA19C3299643E1FE14
2020-07-15 19:52:18.525 63359 [http-nio-8080-exec-2] DEBUG o.a.c.connector.CoyoteAdapter -  Requested cookie session id is 2AD45E4911393EAA19C3299643E1FE14
2020-07-15 19:52:18.525 63359 [http-nio-8080-exec-2] DEBUG o.a.c.a.AuthenticatorBase - Security checking request GET /
2020-07-15 19:52:18.525 63359 [http-nio-8080-exec-2] DEBUG org.apache.catalina.realm.RealmBase -   No applicable constraints defined
2020-07-15 19:52:18.525 63359 [http-nio-8080-exec-2] DEBUG o.a.c.a.AuthenticatorBase - Not subject to any constraint
2020-07-15 19:52:18.526 63360 [http-nio-8080-exec-2] DEBUG o.a.catalina.core.StandardWrapper -   Returning non-STM instance
2020-07-15 19:52:18.526 63360 [http-nio-8080-exec-2] TRACE o.s.b.w.s.f.OrderedRequestContextFilter - Bound request context to thread: org.apache.catalina.connector.RequestFacade@3de577
2020-07-15 19:52:18.526 63360 [http-nio-8080-exec-2] DEBUG o.s.s.w.u.m.AntPathRequestMatcher - Checking match of request : '/'; against '/resources/**'
2020-07-15 19:52:18.526 63360 [http-nio-8080-exec-2] DEBUG o.s.security.web.FilterChainProxy - / at position 1 of 12 in additional filter chain; firing Filter: 'WebAsyncManagerIntegrationFilter'
2020-07-15 19:52:18.526 63360 [http-nio-8080-exec-2] DEBUG o.s.security.web.FilterChainProxy - / at position 2 of 12 in additional filter chain; firing Filter: 'SecurityContextPersistenceFilter'
2020-07-15 19:52:18.526 63360 [http-nio-8080-exec-2] DEBUG o.s.s.w.c.HttpSessionSecurityContextRepository - No HttpSession currently exists
2020-07-15 19:52:18.526 63360 [http-nio-8080-exec-2] DEBUG o.s.s.w.c.HttpSessionSecurityContextRepository - No SecurityContext was available from the HttpSession: null. A new one will be created.
2020-07-15 19:52:18.526 63360 [http-nio-8080-exec-2] DEBUG o.s.security.web.FilterChainProxy - / at position 3 of 12 in additional filter chain; firing Filter: 'HeaderWriterFilter'
2020-07-15 19:52:18.526 63360 [http-nio-8080-exec-2] DEBUG o.s.security.web.FilterChainProxy - / at position 4 of 12 in additional filter chain; firing Filter: 'LogoutFilter'
2020-07-15 19:52:18.526 63360 [http-nio-8080-exec-2] DEBUG o.s.s.w.u.matcher.OrRequestMatcher - Trying to match using Ant [pattern='/logout', GET]
2020-07-15 19:52:18.526 63360 [http-nio-8080-exec-2] DEBUG o.s.s.w.u.m.AntPathRequestMatcher - Checking match of request : '/'; against '/logout'
2020-07-15 19:52:18.526 63360 [http-nio-8080-exec-2] DEBUG o.s.s.w.u.matcher.OrRequestMatcher - Trying to match using Ant [pattern='/logout', POST]
2020-07-15 19:52:18.526 63360 [http-nio-8080-exec-2] DEBUG o.s.s.w.u.m.AntPathRequestMatcher - Request 'GET /' doesn't match 'POST /logout'
2020-07-15 19:52:18.526 63360 [http-nio-8080-exec-2] DEBUG o.s.s.w.u.matcher.OrRequestMatcher - Trying to match using Ant [pattern='/logout', PUT]
2020-07-15 19:52:18.526 63360 [http-nio-8080-exec-2] DEBUG o.s.s.w.u.m.AntPathRequestMatcher - Request 'GET /' doesn't match 'PUT /logout'
2020-07-15 19:52:18.526 63360 [http-nio-8080-exec-2] DEBUG o.s.s.w.u.matcher.OrRequestMatcher - Trying to match using Ant [pattern='/logout', DELETE]
2020-07-15 19:52:18.526 63360 [http-nio-8080-exec-2] DEBUG o.s.s.w.u.m.AntPathRequestMatcher - Request 'GET /' doesn't match 'DELETE /logout'
2020-07-15 19:52:18.526 63360 [http-nio-8080-exec-2] DEBUG o.s.s.w.u.matcher.OrRequestMatcher - No matches found
2020-07-15 19:52:18.526 63360 [http-nio-8080-exec-2] DEBUG o.s.security.web.FilterChainProxy - / at position 5 of 12 in additional filter chain; firing Filter: 'UsernamePasswordAuthenticationFilter'
2020-07-15 19:52:18.526 63360 [http-nio-8080-exec-2] DEBUG o.s.s.w.u.m.AntPathRequestMatcher - Request 'GET /' doesn't match 'POST /login'
2020-07-15 19:52:18.526 63360 [http-nio-8080-exec-2] DEBUG o.s.security.web.FilterChainProxy - / at position 6 of 12 in additional filter chain; firing Filter: 'BasicAuthenticationFilter'
2020-07-15 19:52:18.526 63360 [http-nio-8080-exec-2] DEBUG o.s.security.web.FilterChainProxy - / at position 7 of 12 in additional filter chain; firing Filter: 'RequestCacheAwareFilter'
2020-07-15 19:52:18.526 63360 [http-nio-8080-exec-2] DEBUG o.s.s.w.s.HttpSessionRequestCache - saved request doesn't match
2020-07-15 19:52:18.526 63360 [http-nio-8080-exec-2] DEBUG o.s.security.web.FilterChainProxy - / at position 8 of 12 in additional filter chain; firing Filter: 'SecurityContextHolderAwareRequestFilter'
2020-07-15 19:52:18.526 63360 [http-nio-8080-exec-2] DEBUG o.s.security.web.FilterChainProxy - / at position 9 of 12 in additional filter chain; firing Filter: 'AnonymousAuthenticationFilter'
2020-07-15 19:52:18.526 63360 [http-nio-8080-exec-2] DEBUG o.s.s.w.a.AnonymousAuthenticationFilter - Populated SecurityContextHolder with anonymous token: 'org.springframework.security.authentication.AnonymousAuthenticationToken@cc90ac4f: Principal: anonymousUser; Credentials: [PROTECTED]; Authenticated: true; Details: org.springframework.security.web.authentication.WebAuthenticationDetails@b364: RemoteIpAddress: 0:0:0:0:0:0:0:1; SessionId: null; Granted Authorities: ROLE_ANONYMOUS'
2020-07-15 19:52:18.526 63360 [http-nio-8080-exec-2] DEBUG o.s.security.web.FilterChainProxy - / at position 10 of 12 in additional filter chain; firing Filter: 'SessionManagementFilter'
2020-07-15 19:52:18.527 63361 [http-nio-8080-exec-2] DEBUG o.s.s.w.s.SessionManagementFilter - Requested session ID 2AD45E4911393EAA19C3299643E1FE14 is invalid.
2020-07-15 19:52:18.527 63361 [http-nio-8080-exec-2] DEBUG o.s.security.web.FilterChainProxy - / at position 11 of 12 in additional filter chain; firing Filter: 'ExceptionTranslationFilter'
2020-07-15 19:52:18.527 63361 [http-nio-8080-exec-2] DEBUG o.s.security.web.FilterChainProxy - / at position 12 of 12 in additional filter chain; firing Filter: 'FilterSecurityInterceptor'
2020-07-15 19:52:18.527 63361 [http-nio-8080-exec-2] DEBUG o.s.s.w.u.matcher.OrRequestMatcher - Trying to match using Ant [pattern='/logout', GET]
2020-07-15 19:52:18.527 63361 [http-nio-8080-exec-2] DEBUG o.s.s.w.u.m.AntPathRequestMatcher - Checking match of request : '/'; against '/logout'
2020-07-15 19:52:18.527 63361 [http-nio-8080-exec-2] DEBUG o.s.s.w.u.matcher.OrRequestMatcher - Trying to match using Ant [pattern='/logout', POST]
2020-07-15 19:52:18.527 63361 [http-nio-8080-exec-2] DEBUG o.s.s.w.u.m.AntPathRequestMatcher - Request 'GET /' doesn't match 'POST /logout'
2020-07-15 19:52:18.527 63361 [http-nio-8080-exec-2] DEBUG o.s.s.w.u.matcher.OrRequestMatcher - Trying to match using Ant [pattern='/logout', PUT]
2020-07-15 19:52:18.527 63361 [http-nio-8080-exec-2] DEBUG o.s.s.w.u.m.AntPathRequestMatcher - Request 'GET /' doesn't match 'PUT /logout'
2020-07-15 19:52:18.527 63361 [http-nio-8080-exec-2] DEBUG o.s.s.w.u.matcher.OrRequestMatcher - Trying to match using Ant [pattern='/logout', DELETE]
2020-07-15 19:52:18.527 63361 [http-nio-8080-exec-2] DEBUG o.s.s.w.u.m.AntPathRequestMatcher - Request 'GET /' doesn't match 'DELETE /logout'
2020-07-15 19:52:18.527 63361 [http-nio-8080-exec-2] DEBUG o.s.s.w.u.matcher.OrRequestMatcher - No matches found
2020-07-15 19:52:18.527 63361 [http-nio-8080-exec-2] DEBUG o.s.s.w.u.m.AntPathRequestMatcher - Checking match of request : '/'; against '/admin/**'
2020-07-15 19:52:18.527 63361 [http-nio-8080-exec-2] DEBUG o.s.s.w.u.m.AntPathRequestMatcher - Checking match of request : '/'; against '/public/**'
2020-07-15 19:52:18.527 63361 [http-nio-8080-exec-2] DEBUG o.s.s.w.u.m.AntPathRequestMatcher - Request '/' matched by universal pattern '/**'
2020-07-15 19:52:18.527 63361 [http-nio-8080-exec-2] DEBUG o.s.s.w.a.i.FilterSecurityInterceptor - Secure object: FilterInvocation: URL: /; Attributes: [permitAll]
2020-07-15 19:52:18.527 63361 [http-nio-8080-exec-2] DEBUG o.s.s.w.a.i.FilterSecurityInterceptor - Previously Authenticated: org.springframework.security.authentication.AnonymousAuthenticationToken@cc90ac4f: Principal: anonymousUser; Credentials: [PROTECTED]; Authenticated: true; Details: org.springframework.security.web.authentication.WebAuthenticationDetails@b364: RemoteIpAddress: 0:0:0:0:0:0:0:1; SessionId: null; Granted Authorities: ROLE_ANONYMOUS
2020-07-15 19:52:18.527 63361 [http-nio-8080-exec-2] DEBUG o.s.s.access.vote.AffirmativeBased - Voter: org.springframework.security.web.access.expression.WebExpressionVoter@4d379b9d, returned: 1
2020-07-15 19:52:18.527 63361 [http-nio-8080-exec-2] DEBUG o.s.s.w.a.i.FilterSecurityInterceptor - Authorization successful
2020-07-15 19:52:18.527 63361 [http-nio-8080-exec-2] DEBUG o.s.s.w.a.i.FilterSecurityInterceptor - RunAsManager did not change Authentication object
2020-07-15 19:52:18.527 63361 [http-nio-8080-exec-2] DEBUG o.s.security.web.FilterChainProxy - / reached end of additional filter chain; proceeding with original chain
2020-07-15 19:52:18.528 63362 [http-nio-8080-exec-2] DEBUG o.a.tomcat.util.http.Parameters - Set encoding to UTF-8
2020-07-15 19:52:18.528 63362 [http-nio-8080-exec-2] TRACE o.s.web.servlet.DispatcherServlet - GET "/", parameters={}, headers={masked} in DispatcherServlet 'dispatcherServlet'
2020-07-15 19:52:18.528 63362 [http-nio-8080-exec-2] TRACE o.s.b.f.s.DefaultListableBeanFactory - Returning cached instance of singleton bean 'indexController'
2020-07-15 19:52:18.528 63362 [http-nio-8080-exec-2] TRACE o.s.w.s.m.m.a.RequestMappingHandlerMapping - Mapped to CSCI5308.GroupFormationTool.WelcomePage.IndexController#greeting(Model)
2020-07-15 19:52:18.528 63362 [http-nio-8080-exec-2] TRACE o.s.w.s.m.m.a.ServletInvocableHandlerMethod - Arguments: [{}]
2020-07-15 19:52:18.528 63362 [http-nio-8080-exec-2] TRACE C.G.Courses.CourseDB - Loading all courses from database.
2020-07-15 19:52:18.538 63372 [http-nio-8080-exec-3] DEBUG o.a.coyote.http11.Http11NioProtocol - Processing socket [org.apache.tomcat.util.net.NioChannel@74a22cdf:java.nio.channels.SocketChannel[connected local=/0:0:0:0:0:0:0:1:8080 remote=/0:0:0:0:0:0:0:1:52354]] with status [OPEN_READ]
2020-07-15 19:52:18.538 63372 [http-nio-8080-exec-3] DEBUG o.a.coyote.http11.Http11NioProtocol - Found processor [null] for socket [org.apache.tomcat.util.net.NioChannel@74a22cdf:java.nio.channels.SocketChannel[connected local=/0:0:0:0:0:0:0:1:8080 remote=/0:0:0:0:0:0:0:1:52354]]
2020-07-15 19:52:18.538 63372 [http-nio-8080-exec-3] DEBUG o.a.coyote.http11.Http11NioProtocol - Popped processor [null] from cache
2020-07-15 19:52:18.539 63373 [http-nio-8080-exec-3] DEBUG o.a.coyote.http11.Http11NioProtocol - Register [org.apache.coyote.http11.Http11Processor@7a65cc3b] as [Tomcat:type=RequestProcessor,worker="http-nio-8080",name=HttpRequest2]
2020-07-15 19:52:18.539 63373 [http-nio-8080-exec-3] DEBUG o.a.t.util.net.SocketWrapperBase - Socket: [org.apache.tomcat.util.net.NioEndpoint$NioSocketWrapper@7e5a47af:org.apache.tomcat.util.net.NioChannel@74a22cdf:java.nio.channels.SocketChannel[connected local=/0:0:0:0:0:0:0:1:8080 remote=/0:0:0:0:0:0:0:1:52354]], Read from buffer: [0]
2020-07-15 19:52:18.539 63373 [http-nio-8080-exec-3] DEBUG o.a.tomcat.util.net.NioEndpoint - Socket: [org.apache.tomcat.util.net.NioEndpoint$NioSocketWrapper@7e5a47af:org.apache.tomcat.util.net.NioChannel@74a22cdf:java.nio.channels.SocketChannel[connected local=/0:0:0:0:0:0:0:1:8080 remote=/0:0:0:0:0:0:0:1:52354]], Read direct from socket: [552]
2020-07-15 19:52:18.539 63373 [http-nio-8080-exec-3] DEBUG o.a.coyote.http11.Http11InputBuffer - Received [GET /styles/cssandjs/normalize.css HTTP/1.1
Host: localhost:8080
Connection: keep-alive
User-Agent: Mozilla/5.0 (Windows NT 10.0; Win64; x64) AppleWebKit/537.36 (KHTML, like Gecko) Chrome/84.0.4147.89 Safari/537.36
Accept: text/css,*/*;q=0.1
Purpose: prefetch
Sec-Fetch-Site: same-origin
Sec-Fetch-Mode: no-cors
Sec-Fetch-Dest: style
Referer: http://localhost:8080/
Accept-Encoding: gzip, deflate, br
Accept-Language: en-US,en;q=0.9
Cookie: Idea-4aed9f74=2b566d24-925d-415a-a965-059a11c42de1; JSESSIONID=2AD45E4911393EAA19C3299643E1FE14

]
2020-07-15 19:52:18.539 63373 [http-nio-8080-exec-3] DEBUG o.a.tomcat.util.http.Parameters - Set query string encoding to UTF-8
2020-07-15 19:52:18.540 63374 [http-nio-8080-exec-3] DEBUG o.a.t.u.http.Rfc6265CookieProcessor - Cookies: Parsing b[]: Idea-4aed9f74=2b566d24-925d-415a-a965-059a11c42de1; JSESSIONID=2AD45E4911393EAA19C3299643E1FE14
2020-07-15 19:52:18.540 63374 [http-nio-8080-exec-3] DEBUG o.a.c.connector.CoyoteAdapter -  Requested cookie session id is 2AD45E4911393EAA19C3299643E1FE14
2020-07-15 19:52:18.540 63374 [http-nio-8080-exec-3] DEBUG o.a.c.a.AuthenticatorBase - Security checking request GET /styles/cssandjs/normalize.css
2020-07-15 19:52:18.540 63374 [http-nio-8080-exec-3] DEBUG org.apache.catalina.realm.RealmBase -   No applicable constraints defined
2020-07-15 19:52:18.540 63374 [http-nio-8080-exec-3] DEBUG o.a.c.a.AuthenticatorBase - Not subject to any constraint
2020-07-15 19:52:18.540 63374 [http-nio-8080-exec-3] DEBUG o.a.catalina.core.StandardWrapper -   Returning non-STM instance
2020-07-15 19:52:18.540 63374 [http-nio-8080-exec-3] TRACE o.s.b.w.s.f.OrderedRequestContextFilter - Bound request context to thread: org.apache.catalina.connector.RequestFacade@3b58c600
2020-07-15 19:52:18.540 63374 [http-nio-8080-exec-3] DEBUG o.s.s.w.u.m.AntPathRequestMatcher - Checking match of request : '/styles/cssandjs/normalize.css'; against '/resources/**'
2020-07-15 19:52:18.540 63374 [http-nio-8080-exec-3] DEBUG o.s.security.web.FilterChainProxy - /styles/cssandjs/normalize.css at position 1 of 12 in additional filter chain; firing Filter: 'WebAsyncManagerIntegrationFilter'
2020-07-15 19:52:18.540 63374 [http-nio-8080-exec-3] DEBUG o.s.security.web.FilterChainProxy - /styles/cssandjs/normalize.css at position 2 of 12 in additional filter chain; firing Filter: 'SecurityContextPersistenceFilter'
2020-07-15 19:52:18.540 63374 [http-nio-8080-exec-3] DEBUG o.s.s.w.c.HttpSessionSecurityContextRepository - No HttpSession currently exists
2020-07-15 19:52:18.540 63374 [http-nio-8080-exec-3] DEBUG o.s.s.w.c.HttpSessionSecurityContextRepository - No SecurityContext was available from the HttpSession: null. A new one will be created.
2020-07-15 19:52:18.540 63374 [http-nio-8080-exec-3] DEBUG o.s.security.web.FilterChainProxy - /styles/cssandjs/normalize.css at position 3 of 12 in additional filter chain; firing Filter: 'HeaderWriterFilter'
2020-07-15 19:52:18.540 63374 [http-nio-8080-exec-3] DEBUG o.s.security.web.FilterChainProxy - /styles/cssandjs/normalize.css at position 4 of 12 in additional filter chain; firing Filter: 'LogoutFilter'
2020-07-15 19:52:18.540 63374 [http-nio-8080-exec-3] DEBUG o.s.s.w.u.matcher.OrRequestMatcher - Trying to match using Ant [pattern='/logout', GET]
2020-07-15 19:52:18.541 63375 [http-nio-8080-exec-3] DEBUG o.s.s.w.u.m.AntPathRequestMatcher - Checking match of request : '/styles/cssandjs/normalize.css'; against '/logout'
2020-07-15 19:52:18.541 63375 [http-nio-8080-exec-3] DEBUG o.s.s.w.u.matcher.OrRequestMatcher - Trying to match using Ant [pattern='/logout', POST]
2020-07-15 19:52:18.541 63375 [http-nio-8080-exec-3] DEBUG o.s.s.w.u.m.AntPathRequestMatcher - Request 'GET /styles/cssandjs/normalize.css' doesn't match 'POST /logout'
2020-07-15 19:52:18.541 63375 [http-nio-8080-exec-3] DEBUG o.s.s.w.u.matcher.OrRequestMatcher - Trying to match using Ant [pattern='/logout', PUT]
2020-07-15 19:52:18.541 63375 [http-nio-8080-exec-3] DEBUG o.s.s.w.u.m.AntPathRequestMatcher - Request 'GET /styles/cssandjs/normalize.css' doesn't match 'PUT /logout'
2020-07-15 19:52:18.541 63375 [http-nio-8080-exec-3] DEBUG o.s.s.w.u.matcher.OrRequestMatcher - Trying to match using Ant [pattern='/logout', DELETE]
2020-07-15 19:52:18.541 63375 [http-nio-8080-exec-3] DEBUG o.s.s.w.u.m.AntPathRequestMatcher - Request 'GET /styles/cssandjs/normalize.css' doesn't match 'DELETE /logout'
2020-07-15 19:52:18.541 63375 [http-nio-8080-Acceptor] DEBUG o.a.tomcat.util.threads.LimitLatch - Counting up[http-nio-8080-Acceptor] latch=3
2020-07-15 19:52:18.541 63375 [http-nio-8080-exec-3] DEBUG o.s.s.w.u.matcher.OrRequestMatcher - No matches found
2020-07-15 19:52:18.541 63375 [http-nio-8080-exec-3] DEBUG o.s.security.web.FilterChainProxy - /styles/cssandjs/normalize.css at position 5 of 12 in additional filter chain; firing Filter: 'UsernamePasswordAuthenticationFilter'
2020-07-15 19:52:18.541 63375 [http-nio-8080-exec-3] DEBUG o.s.s.w.u.m.AntPathRequestMatcher - Request 'GET /styles/cssandjs/normalize.css' doesn't match 'POST /login'
2020-07-15 19:52:18.541 63375 [http-nio-8080-exec-3] DEBUG o.s.security.web.FilterChainProxy - /styles/cssandjs/normalize.css at position 6 of 12 in additional filter chain; firing Filter: 'BasicAuthenticationFilter'
2020-07-15 19:52:18.541 63375 [http-nio-8080-exec-3] DEBUG o.s.security.web.FilterChainProxy - /styles/cssandjs/normalize.css at position 7 of 12 in additional filter chain; firing Filter: 'RequestCacheAwareFilter'
2020-07-15 19:52:18.541 63375 [http-nio-8080-exec-3] DEBUG o.s.s.w.s.HttpSessionRequestCache - saved request doesn't match
2020-07-15 19:52:18.541 63375 [http-nio-8080-exec-3] DEBUG o.s.security.web.FilterChainProxy - /styles/cssandjs/normalize.css at position 8 of 12 in additional filter chain; firing Filter: 'SecurityContextHolderAwareRequestFilter'
2020-07-15 19:52:18.541 63375 [http-nio-8080-exec-3] DEBUG o.s.security.web.FilterChainProxy - /styles/cssandjs/normalize.css at position 9 of 12 in additional filter chain; firing Filter: 'AnonymousAuthenticationFilter'
2020-07-15 19:52:18.541 63375 [http-nio-8080-exec-3] DEBUG o.s.s.w.a.AnonymousAuthenticationFilter - Populated SecurityContextHolder with anonymous token: 'org.springframework.security.authentication.AnonymousAuthenticationToken@cc90ac4f: Principal: anonymousUser; Credentials: [PROTECTED]; Authenticated: true; Details: org.springframework.security.web.authentication.WebAuthenticationDetails@b364: RemoteIpAddress: 0:0:0:0:0:0:0:1; SessionId: null; Granted Authorities: ROLE_ANONYMOUS'
2020-07-15 19:52:18.541 63375 [http-nio-8080-exec-3] DEBUG o.s.security.web.FilterChainProxy - /styles/cssandjs/normalize.css at position 10 of 12 in additional filter chain; firing Filter: 'SessionManagementFilter'
2020-07-15 19:52:18.541 63375 [http-nio-8080-exec-4] DEBUG o.a.coyote.http11.Http11NioProtocol - Processing socket [org.apache.tomcat.util.net.NioChannel@2e5c14c9:java.nio.channels.SocketChannel[connected local=/0:0:0:0:0:0:0:1:8080 remote=/0:0:0:0:0:0:0:1:52357]] with status [OPEN_READ]
2020-07-15 19:52:18.541 63375 [http-nio-8080-exec-3] DEBUG o.s.s.w.s.SessionManagementFilter - Requested session ID 2AD45E4911393EAA19C3299643E1FE14 is invalid.
2020-07-15 19:52:18.541 63375 [http-nio-8080-exec-3] DEBUG o.s.security.web.FilterChainProxy - /styles/cssandjs/normalize.css at position 11 of 12 in additional filter chain; firing Filter: 'ExceptionTranslationFilter'
2020-07-15 19:52:18.541 63375 [http-nio-8080-exec-3] DEBUG o.s.security.web.FilterChainProxy - /styles/cssandjs/normalize.css at position 12 of 12 in additional filter chain; firing Filter: 'FilterSecurityInterceptor'
2020-07-15 19:52:18.541 63375 [http-nio-8080-exec-3] DEBUG o.s.s.w.u.matcher.OrRequestMatcher - Trying to match using Ant [pattern='/logout', GET]
2020-07-15 19:52:18.541 63375 [http-nio-8080-exec-4] DEBUG o.a.coyote.http11.Http11NioProtocol - Found processor [null] for socket [org.apache.tomcat.util.net.NioChannel@2e5c14c9:java.nio.channels.SocketChannel[connected local=/0:0:0:0:0:0:0:1:8080 remote=/0:0:0:0:0:0:0:1:52357]]
2020-07-15 19:52:18.541 63375 [http-nio-8080-exec-3] DEBUG o.s.s.w.u.m.AntPathRequestMatcher - Checking match of request : '/styles/cssandjs/normalize.css'; against '/logout'
2020-07-15 19:52:18.541 63375 [http-nio-8080-exec-3] DEBUG o.s.s.w.u.matcher.OrRequestMatcher - Trying to match using Ant [pattern='/logout', POST]
2020-07-15 19:52:18.541 63375 [http-nio-8080-exec-3] DEBUG o.s.s.w.u.m.AntPathRequestMatcher - Request 'GET /styles/cssandjs/normalize.css' doesn't match 'POST /logout'
2020-07-15 19:52:18.541 63375 [http-nio-8080-exec-3] DEBUG o.s.s.w.u.matcher.OrRequestMatcher - Trying to match using Ant [pattern='/logout', PUT]
2020-07-15 19:52:18.541 63375 [http-nio-8080-exec-4] DEBUG o.a.coyote.http11.Http11NioProtocol - Popped processor [null] from cache
2020-07-15 19:52:18.541 63375 [http-nio-8080-exec-3] DEBUG o.s.s.w.u.m.AntPathRequestMatcher - Request 'GET /styles/cssandjs/normalize.css' doesn't match 'PUT /logout'
2020-07-15 19:52:18.541 63375 [http-nio-8080-exec-3] DEBUG o.s.s.w.u.matcher.OrRequestMatcher - Trying to match using Ant [pattern='/logout', DELETE]
2020-07-15 19:52:18.541 63375 [http-nio-8080-exec-3] DEBUG o.s.s.w.u.m.AntPathRequestMatcher - Request 'GET /styles/cssandjs/normalize.css' doesn't match 'DELETE /logout'
2020-07-15 19:52:18.541 63375 [http-nio-8080-exec-3] DEBUG o.s.s.w.u.matcher.OrRequestMatcher - No matches found
2020-07-15 19:52:18.541 63375 [http-nio-8080-exec-3] DEBUG o.s.s.w.u.m.AntPathRequestMatcher - Checking match of request : '/styles/cssandjs/normalize.css'; against '/admin/**'
2020-07-15 19:52:18.541 63375 [http-nio-8080-exec-3] DEBUG o.s.s.w.u.m.AntPathRequestMatcher - Checking match of request : '/styles/cssandjs/normalize.css'; against '/public/**'
2020-07-15 19:52:18.541 63375 [http-nio-8080-exec-3] DEBUG o.s.s.w.u.m.AntPathRequestMatcher - Request '/styles/cssandjs/normalize.css' matched by universal pattern '/**'
2020-07-15 19:52:18.541 63375 [http-nio-8080-exec-3] DEBUG o.s.s.w.a.i.FilterSecurityInterceptor - Secure object: FilterInvocation: URL: /styles/cssandjs/normalize.css; Attributes: [permitAll]
2020-07-15 19:52:18.541 63375 [http-nio-8080-exec-3] DEBUG o.s.s.w.a.i.FilterSecurityInterceptor - Previously Authenticated: org.springframework.security.authentication.AnonymousAuthenticationToken@cc90ac4f: Principal: anonymousUser; Credentials: [PROTECTED]; Authenticated: true; Details: org.springframework.security.web.authentication.WebAuthenticationDetails@b364: RemoteIpAddress: 0:0:0:0:0:0:0:1; SessionId: null; Granted Authorities: ROLE_ANONYMOUS
2020-07-15 19:52:18.541 63375 [http-nio-8080-exec-4] DEBUG o.a.coyote.http11.Http11NioProtocol - Register [org.apache.coyote.http11.Http11Processor@209bff72] as [Tomcat:type=RequestProcessor,worker="http-nio-8080",name=HttpRequest3]
2020-07-15 19:52:18.541 63375 [http-nio-8080-exec-3] DEBUG o.s.s.access.vote.AffirmativeBased - Voter: org.springframework.security.web.access.expression.WebExpressionVoter@4d379b9d, returned: 1
2020-07-15 19:52:18.541 63375 [http-nio-8080-exec-3] DEBUG o.s.s.w.a.i.FilterSecurityInterceptor - Authorization successful
2020-07-15 19:52:18.541 63375 [http-nio-8080-exec-3] DEBUG o.s.s.w.a.i.FilterSecurityInterceptor - RunAsManager did not change Authentication object
2020-07-15 19:52:18.541 63375 [http-nio-8080-exec-4] DEBUG o.a.t.util.net.SocketWrapperBase - Socket: [org.apache.tomcat.util.net.NioEndpoint$NioSocketWrapper@24a47fb9:org.apache.tomcat.util.net.NioChannel@2e5c14c9:java.nio.channels.SocketChannel[connected local=/0:0:0:0:0:0:0:1:8080 remote=/0:0:0:0:0:0:0:1:52357]], Read from buffer: [0]
2020-07-15 19:52:18.541 63375 [http-nio-8080-exec-3] DEBUG o.s.security.web.FilterChainProxy - /styles/cssandjs/normalize.css reached end of additional filter chain; proceeding with original chain
2020-07-15 19:52:18.541 63375 [http-nio-8080-exec-4] DEBUG o.a.tomcat.util.net.NioEndpoint - Socket: [org.apache.tomcat.util.net.NioEndpoint$NioSocketWrapper@24a47fb9:org.apache.tomcat.util.net.NioChannel@2e5c14c9:java.nio.channels.SocketChannel[connected local=/0:0:0:0:0:0:0:1:8080 remote=/0:0:0:0:0:0:0:1:52357]], Read direct from socket: [547]
2020-07-15 19:52:18.542 63376 [http-nio-8080-exec-4] DEBUG o.a.coyote.http11.Http11InputBuffer - Received [GET /styles/cssandjs/main.css HTTP/1.1
Host: localhost:8080
Connection: keep-alive
User-Agent: Mozilla/5.0 (Windows NT 10.0; Win64; x64) AppleWebKit/537.36 (KHTML, like Gecko) Chrome/84.0.4147.89 Safari/537.36
Accept: text/css,*/*;q=0.1
Purpose: prefetch
Sec-Fetch-Site: same-origin
Sec-Fetch-Mode: no-cors
Sec-Fetch-Dest: style
Referer: http://localhost:8080/
Accept-Encoding: gzip, deflate, br
Accept-Language: en-US,en;q=0.9
Cookie: Idea-4aed9f74=2b566d24-925d-415a-a965-059a11c42de1; JSESSIONID=2AD45E4911393EAA19C3299643E1FE14

]
2020-07-15 19:52:18.542 63376 [http-nio-8080-exec-3] DEBUG o.a.tomcat.util.http.Parameters - Set encoding to UTF-8
2020-07-15 19:52:18.542 63376 [http-nio-8080-exec-3] TRACE o.s.web.servlet.DispatcherServlet - GET "/styles/cssandjs/normalize.css", parameters={}, headers={masked} in DispatcherServlet 'dispatcherServlet'
2020-07-15 19:52:18.542 63376 [http-nio-8080-exec-4] DEBUG o.a.tomcat.util.http.Parameters - Set query string encoding to UTF-8
2020-07-15 19:52:18.542 63376 [http-nio-8080-exec-4] DEBUG o.a.t.u.http.Rfc6265CookieProcessor - Cookies: Parsing b[]: Idea-4aed9f74=2b566d24-925d-415a-a965-059a11c42de1; JSESSIONID=2AD45E4911393EAA19C3299643E1FE14
2020-07-15 19:52:18.542 63376 [http-nio-8080-exec-4] DEBUG o.a.c.connector.CoyoteAdapter -  Requested cookie session id is 2AD45E4911393EAA19C3299643E1FE14
2020-07-15 19:52:18.542 63376 [http-nio-8080-exec-4] DEBUG o.a.c.a.AuthenticatorBase - Security checking request GET /styles/cssandjs/main.css
2020-07-15 19:52:18.542 63376 [http-nio-8080-exec-4] DEBUG org.apache.catalina.realm.RealmBase -   No applicable constraints defined
2020-07-15 19:52:18.542 63376 [http-nio-8080-exec-4] DEBUG o.a.c.a.AuthenticatorBase - Not subject to any constraint
2020-07-15 19:52:18.542 63376 [http-nio-8080-exec-4] DEBUG o.a.catalina.core.StandardWrapper -   Returning non-STM instance
2020-07-15 19:52:18.542 63376 [http-nio-8080-exec-4] TRACE o.s.b.w.s.f.OrderedRequestContextFilter - Bound request context to thread: org.apache.catalina.connector.RequestFacade@61a6f549
2020-07-15 19:52:18.543 63377 [http-nio-8080-exec-4] DEBUG o.s.s.w.u.m.AntPathRequestMatcher - Checking match of request : '/styles/cssandjs/main.css'; against '/resources/**'
2020-07-15 19:52:18.543 63377 [http-nio-8080-exec-4] DEBUG o.s.security.web.FilterChainProxy - /styles/cssandjs/main.css at position 1 of 12 in additional filter chain; firing Filter: 'WebAsyncManagerIntegrationFilter'
2020-07-15 19:52:18.543 63377 [http-nio-8080-exec-4] DEBUG o.s.security.web.FilterChainProxy - /styles/cssandjs/main.css at position 2 of 12 in additional filter chain; firing Filter: 'SecurityContextPersistenceFilter'
2020-07-15 19:52:18.543 63377 [http-nio-8080-exec-4] DEBUG o.s.s.w.c.HttpSessionSecurityContextRepository - No HttpSession currently exists
2020-07-15 19:52:18.543 63377 [http-nio-8080-exec-4] DEBUG o.s.s.w.c.HttpSessionSecurityContextRepository - No SecurityContext was available from the HttpSession: null. A new one will be created.
2020-07-15 19:52:18.543 63377 [http-nio-8080-exec-4] DEBUG o.s.security.web.FilterChainProxy - /styles/cssandjs/main.css at position 3 of 12 in additional filter chain; firing Filter: 'HeaderWriterFilter'
2020-07-15 19:52:18.543 63377 [http-nio-8080-exec-4] DEBUG o.s.security.web.FilterChainProxy - /styles/cssandjs/main.css at position 4 of 12 in additional filter chain; firing Filter: 'LogoutFilter'
2020-07-15 19:52:18.543 63377 [http-nio-8080-exec-4] DEBUG o.s.s.w.u.matcher.OrRequestMatcher - Trying to match using Ant [pattern='/logout', GET]
2020-07-15 19:52:18.543 63377 [http-nio-8080-exec-4] DEBUG o.s.s.w.u.m.AntPathRequestMatcher - Checking match of request : '/styles/cssandjs/main.css'; against '/logout'
2020-07-15 19:52:18.543 63377 [http-nio-8080-exec-4] DEBUG o.s.s.w.u.matcher.OrRequestMatcher - Trying to match using Ant [pattern='/logout', POST]
2020-07-15 19:52:18.543 63377 [http-nio-8080-exec-4] DEBUG o.s.s.w.u.m.AntPathRequestMatcher - Request 'GET /styles/cssandjs/main.css' doesn't match 'POST /logout'
2020-07-15 19:52:18.543 63377 [http-nio-8080-exec-4] DEBUG o.s.s.w.u.matcher.OrRequestMatcher - Trying to match using Ant [pattern='/logout', PUT]
2020-07-15 19:52:18.543 63377 [http-nio-8080-exec-4] DEBUG o.s.s.w.u.m.AntPathRequestMatcher - Request 'GET /styles/cssandjs/main.css' doesn't match 'PUT /logout'
2020-07-15 19:52:18.543 63377 [http-nio-8080-exec-4] DEBUG o.s.s.w.u.matcher.OrRequestMatcher - Trying to match using Ant [pattern='/logout', DELETE]
2020-07-15 19:52:18.543 63377 [http-nio-8080-exec-4] DEBUG o.s.s.w.u.m.AntPathRequestMatcher - Request 'GET /styles/cssandjs/main.css' doesn't match 'DELETE /logout'
2020-07-15 19:52:18.543 63377 [http-nio-8080-exec-4] DEBUG o.s.s.w.u.matcher.OrRequestMatcher - No matches found
2020-07-15 19:52:18.543 63377 [http-nio-8080-exec-4] DEBUG o.s.security.web.FilterChainProxy - /styles/cssandjs/main.css at position 5 of 12 in additional filter chain; firing Filter: 'UsernamePasswordAuthenticationFilter'
2020-07-15 19:52:18.543 63377 [http-nio-8080-exec-4] DEBUG o.s.s.w.u.m.AntPathRequestMatcher - Request 'GET /styles/cssandjs/main.css' doesn't match 'POST /login'
2020-07-15 19:52:18.543 63377 [http-nio-8080-exec-4] DEBUG o.s.security.web.FilterChainProxy - /styles/cssandjs/main.css at position 6 of 12 in additional filter chain; firing Filter: 'BasicAuthenticationFilter'
2020-07-15 19:52:18.543 63377 [http-nio-8080-exec-4] DEBUG o.s.security.web.FilterChainProxy - /styles/cssandjs/main.css at position 7 of 12 in additional filter chain; firing Filter: 'RequestCacheAwareFilter'
2020-07-15 19:52:18.543 63377 [http-nio-8080-exec-4] DEBUG o.s.s.w.s.HttpSessionRequestCache - saved request doesn't match
2020-07-15 19:52:18.543 63377 [http-nio-8080-exec-4] DEBUG o.s.security.web.FilterChainProxy - /styles/cssandjs/main.css at position 8 of 12 in additional filter chain; firing Filter: 'SecurityContextHolderAwareRequestFilter'
2020-07-15 19:52:18.543 63377 [http-nio-8080-exec-4] DEBUG o.s.security.web.FilterChainProxy - /styles/cssandjs/main.css at position 9 of 12 in additional filter chain; firing Filter: 'AnonymousAuthenticationFilter'
2020-07-15 19:52:18.543 63377 [http-nio-8080-exec-4] DEBUG o.s.s.w.a.AnonymousAuthenticationFilter - Populated SecurityContextHolder with anonymous token: 'org.springframework.security.authentication.AnonymousAuthenticationToken@cc90ac4f: Principal: anonymousUser; Credentials: [PROTECTED]; Authenticated: true; Details: org.springframework.security.web.authentication.WebAuthenticationDetails@b364: RemoteIpAddress: 0:0:0:0:0:0:0:1; SessionId: null; Granted Authorities: ROLE_ANONYMOUS'
2020-07-15 19:52:18.543 63377 [http-nio-8080-exec-4] DEBUG o.s.security.web.FilterChainProxy - /styles/cssandjs/main.css at position 10 of 12 in additional filter chain; firing Filter: 'SessionManagementFilter'
2020-07-15 19:52:18.543 63377 [http-nio-8080-exec-4] DEBUG o.s.s.w.s.SessionManagementFilter - Requested session ID 2AD45E4911393EAA19C3299643E1FE14 is invalid.
2020-07-15 19:52:18.543 63377 [http-nio-8080-exec-4] DEBUG o.s.security.web.FilterChainProxy - /styles/cssandjs/main.css at position 11 of 12 in additional filter chain; firing Filter: 'ExceptionTranslationFilter'
2020-07-15 19:52:18.543 63377 [http-nio-8080-exec-4] DEBUG o.s.security.web.FilterChainProxy - /styles/cssandjs/main.css at position 12 of 12 in additional filter chain; firing Filter: 'FilterSecurityInterceptor'
2020-07-15 19:52:18.543 63377 [http-nio-8080-exec-4] DEBUG o.s.s.w.u.matcher.OrRequestMatcher - Trying to match using Ant [pattern='/logout', GET]
2020-07-15 19:52:18.543 63377 [http-nio-8080-exec-4] DEBUG o.s.s.w.u.m.AntPathRequestMatcher - Checking match of request : '/styles/cssandjs/main.css'; against '/logout'
2020-07-15 19:52:18.543 63377 [http-nio-8080-exec-4] DEBUG o.s.s.w.u.matcher.OrRequestMatcher - Trying to match using Ant [pattern='/logout', POST]
2020-07-15 19:52:18.543 63377 [http-nio-8080-exec-4] DEBUG o.s.s.w.u.m.AntPathRequestMatcher - Request 'GET /styles/cssandjs/main.css' doesn't match 'POST /logout'
2020-07-15 19:52:18.543 63377 [http-nio-8080-exec-4] DEBUG o.s.s.w.u.matcher.OrRequestMatcher - Trying to match using Ant [pattern='/logout', PUT]
2020-07-15 19:52:18.543 63377 [http-nio-8080-exec-4] DEBUG o.s.s.w.u.m.AntPathRequestMatcher - Request 'GET /styles/cssandjs/main.css' doesn't match 'PUT /logout'
2020-07-15 19:52:18.543 63377 [http-nio-8080-exec-4] DEBUG o.s.s.w.u.matcher.OrRequestMatcher - Trying to match using Ant [pattern='/logout', DELETE]
2020-07-15 19:52:18.543 63377 [http-nio-8080-exec-4] DEBUG o.s.s.w.u.m.AntPathRequestMatcher - Request 'GET /styles/cssandjs/main.css' doesn't match 'DELETE /logout'
2020-07-15 19:52:18.543 63377 [http-nio-8080-exec-4] DEBUG o.s.s.w.u.matcher.OrRequestMatcher - No matches found
2020-07-15 19:52:18.543 63377 [http-nio-8080-exec-4] DEBUG o.s.s.w.u.m.AntPathRequestMatcher - Checking match of request : '/styles/cssandjs/main.css'; against '/admin/**'
2020-07-15 19:52:18.543 63377 [http-nio-8080-exec-4] DEBUG o.s.s.w.u.m.AntPathRequestMatcher - Checking match of request : '/styles/cssandjs/main.css'; against '/public/**'
2020-07-15 19:52:18.543 63377 [http-nio-8080-exec-4] DEBUG o.s.s.w.u.m.AntPathRequestMatcher - Request '/styles/cssandjs/main.css' matched by universal pattern '/**'
2020-07-15 19:52:18.543 63377 [http-nio-8080-exec-4] DEBUG o.s.s.w.a.i.FilterSecurityInterceptor - Secure object: FilterInvocation: URL: /styles/cssandjs/main.css; Attributes: [permitAll]
2020-07-15 19:52:18.543 63377 [http-nio-8080-exec-4] DEBUG o.s.s.w.a.i.FilterSecurityInterceptor - Previously Authenticated: org.springframework.security.authentication.AnonymousAuthenticationToken@cc90ac4f: Principal: anonymousUser; Credentials: [PROTECTED]; Authenticated: true; Details: org.springframework.security.web.authentication.WebAuthenticationDetails@b364: RemoteIpAddress: 0:0:0:0:0:0:0:1; SessionId: null; Granted Authorities: ROLE_ANONYMOUS
2020-07-15 19:52:18.543 63377 [http-nio-8080-exec-4] DEBUG o.s.s.access.vote.AffirmativeBased - Voter: org.springframework.security.web.access.expression.WebExpressionVoter@4d379b9d, returned: 1
2020-07-15 19:52:18.543 63377 [http-nio-8080-exec-4] DEBUG o.s.s.w.a.i.FilterSecurityInterceptor - Authorization successful
2020-07-15 19:52:18.543 63377 [http-nio-8080-exec-4] DEBUG o.s.s.w.a.i.FilterSecurityInterceptor - RunAsManager did not change Authentication object
2020-07-15 19:52:18.543 63377 [http-nio-8080-exec-4] DEBUG o.s.security.web.FilterChainProxy - /styles/cssandjs/main.css reached end of additional filter chain; proceeding with original chain
2020-07-15 19:52:18.544 63378 [http-nio-8080-exec-4] DEBUG o.a.tomcat.util.http.Parameters - Set encoding to UTF-8
2020-07-15 19:52:18.544 63378 [http-nio-8080-exec-4] TRACE o.s.web.servlet.DispatcherServlet - GET "/styles/cssandjs/main.css", parameters={}, headers={masked} in DispatcherServlet 'dispatcherServlet'
2020-07-15 19:52:18.546 63380 [http-nio-8080-exec-3] TRACE o.s.w.s.h.SimpleUrlHandlerMapping - Mapped to HandlerExecutionChain with [ResourceHttpRequestHandler ["classpath:/META-INF/resources/", "classpath:/resources/", "classpath:/static/", "classpath:/public/", "/"]] and 3 interceptors
2020-07-15 19:52:18.546 63380 [http-nio-8080-exec-4] TRACE o.s.w.s.h.SimpleUrlHandlerMapping - Mapped to HandlerExecutionChain with [ResourceHttpRequestHandler ["classpath:/META-INF/resources/", "classpath:/resources/", "classpath:/static/", "classpath:/public/", "/"]] and 3 interceptors
2020-07-15 19:52:18.560 63394 [http-nio-8080-exec-3] DEBUG o.s.s.w.h.writers.HstsHeaderWriter - Not injecting HSTS header since it did not match the requestMatcher org.springframework.security.web.header.writers.HstsHeaderWriter$SecureRequestMatcher@31e22306
2020-07-15 19:52:18.560 63394 [http-nio-8080-exec-4] DEBUG o.s.s.w.h.writers.HstsHeaderWriter - Not injecting HSTS header since it did not match the requestMatcher org.springframework.security.web.header.writers.HstsHeaderWriter$SecureRequestMatcher@31e22306
2020-07-15 19:52:18.560 63394 [http-nio-8080-exec-4] DEBUG o.s.s.w.c.HttpSessionSecurityContextRepository - SecurityContext is empty or contents are anonymous - context will not be stored in HttpSession.
2020-07-15 19:52:18.560 63394 [http-nio-8080-exec-3] DEBUG o.s.s.w.c.HttpSessionSecurityContextRepository - SecurityContext is empty or contents are anonymous - context will not be stored in HttpSession.
2020-07-15 19:52:18.561 63395 [http-nio-8080-exec-4] TRACE o.s.web.servlet.DispatcherServlet - No view rendering, null ModelAndView returned.
2020-07-15 19:52:18.561 63395 [http-nio-8080-exec-4] DEBUG o.s.web.servlet.DispatcherServlet - Completed 200 OK, headers={masked}
2020-07-15 19:52:18.561 63395 [http-nio-8080-exec-4] DEBUG o.s.s.w.a.ExceptionTranslationFilter - Chain processed normally
2020-07-15 19:52:18.561 63395 [http-nio-8080-exec-4] DEBUG o.s.s.w.c.SecurityContextPersistenceFilter - SecurityContextHolder now cleared, as request processing completed
2020-07-15 19:52:18.561 63395 [http-nio-8080-exec-4] TRACE o.s.b.w.s.f.OrderedRequestContextFilter - Cleared thread-bound request context: org.apache.catalina.connector.RequestFacade@61a6f549
2020-07-15 19:52:18.561 63395 [http-nio-8080-exec-3] TRACE o.s.web.servlet.DispatcherServlet - No view rendering, null ModelAndView returned.
2020-07-15 19:52:18.561 63395 [http-nio-8080-exec-3] DEBUG o.s.web.servlet.DispatcherServlet - Completed 200 OK, headers={masked}
2020-07-15 19:52:18.561 63395 [http-nio-8080-exec-4] DEBUG o.a.t.util.net.SocketWrapperBase - Socket: [org.apache.tomcat.util.net.NioEndpoint$NioSocketWrapper@24a47fb9:org.apache.tomcat.util.net.NioChannel@2e5c14c9:java.nio.channels.SocketChannel[connected local=/0:0:0:0:0:0:0:1:8080 remote=/0:0:0:0:0:0:0:1:52357]], Read from buffer: [0]
2020-07-15 19:52:18.562 63396 [http-nio-8080-exec-4] DEBUG o.a.tomcat.util.net.NioEndpoint - Socket: [org.apache.tomcat.util.net.NioEndpoint$NioSocketWrapper@24a47fb9:org.apache.tomcat.util.net.NioChannel@2e5c14c9:java.nio.channels.SocketChannel[connected local=/0:0:0:0:0:0:0:1:8080 remote=/0:0:0:0:0:0:0:1:52357]], Read direct from socket: [0]
2020-07-15 19:52:18.562 63396 [http-nio-8080-exec-4] DEBUG o.a.coyote.http11.Http11Processor - Socket: [org.apache.tomcat.util.net.NioEndpoint$NioSocketWrapper@24a47fb9:org.apache.tomcat.util.net.NioChannel@2e5c14c9:java.nio.channels.SocketChannel[connected local=/0:0:0:0:0:0:0:1:8080 remote=/0:0:0:0:0:0:0:1:52357]], Status in: [OPEN_READ], State out: [OPEN]
2020-07-15 19:52:18.562 63396 [http-nio-8080-exec-3] DEBUG o.s.s.w.a.ExceptionTranslationFilter - Chain processed normally
2020-07-15 19:52:18.563 63397 [http-nio-8080-exec-3] DEBUG o.s.s.w.c.SecurityContextPersistenceFilter - SecurityContextHolder now cleared, as request processing completed
2020-07-15 19:52:18.563 63397 [http-nio-8080-exec-3] TRACE o.s.b.w.s.f.OrderedRequestContextFilter - Cleared thread-bound request context: org.apache.catalina.connector.RequestFacade@3b58c600
2020-07-15 19:52:18.563 63397 [http-nio-8080-exec-3] DEBUG o.a.t.util.net.SocketWrapperBase - Socket: [org.apache.tomcat.util.net.NioEndpoint$NioSocketWrapper@7e5a47af:org.apache.tomcat.util.net.NioChannel@74a22cdf:java.nio.channels.SocketChannel[connected local=/0:0:0:0:0:0:0:1:8080 remote=/0:0:0:0:0:0:0:1:52354]], Read from buffer: [0]
2020-07-15 19:52:18.563 63397 [http-nio-8080-exec-4] DEBUG o.a.coyote.http11.Http11NioProtocol - Pushed Processor [org.apache.coyote.http11.Http11Processor@209bff72]
2020-07-15 19:52:18.564 63398 [http-nio-8080-exec-4] DEBUG o.a.tomcat.util.net.NioEndpoint - Registered read interest for [org.apache.tomcat.util.net.NioEndpoint$NioSocketWrapper@24a47fb9:org.apache.tomcat.util.net.NioChannel@2e5c14c9:java.nio.channels.SocketChannel[connected local=/0:0:0:0:0:0:0:1:8080 remote=/0:0:0:0:0:0:0:1:52357]]
2020-07-15 19:52:18.563 63397 [http-nio-8080-exec-3] DEBUG o.a.tomcat.util.net.NioEndpoint - Socket: [org.apache.tomcat.util.net.NioEndpoint$NioSocketWrapper@7e5a47af:org.apache.tomcat.util.net.NioChannel@74a22cdf:java.nio.channels.SocketChannel[connected local=/0:0:0:0:0:0:0:1:8080 remote=/0:0:0:0:0:0:0:1:52354]], Read direct from socket: [0]
2020-07-15 19:52:18.564 63398 [http-nio-8080-exec-3] DEBUG o.a.coyote.http11.Http11Processor - Socket: [org.apache.tomcat.util.net.NioEndpoint$NioSocketWrapper@7e5a47af:org.apache.tomcat.util.net.NioChannel@74a22cdf:java.nio.channels.SocketChannel[connected local=/0:0:0:0:0:0:0:1:8080 remote=/0:0:0:0:0:0:0:1:52354]], Status in: [OPEN_READ], State out: [OPEN]
2020-07-15 19:52:18.564 63398 [http-nio-8080-exec-3] DEBUG o.a.coyote.http11.Http11NioProtocol - Pushed Processor [org.apache.coyote.http11.Http11Processor@7a65cc3b]
2020-07-15 19:52:18.564 63398 [http-nio-8080-exec-3] DEBUG o.a.tomcat.util.net.NioEndpoint - Registered read interest for [org.apache.tomcat.util.net.NioEndpoint$NioSocketWrapper@7e5a47af:org.apache.tomcat.util.net.NioChannel@74a22cdf:java.nio.channels.SocketChannel[connected local=/0:0:0:0:0:0:0:1:8080 remote=/0:0:0:0:0:0:0:1:52354]]
2020-07-15 19:52:18.785 63619 [http-nio-8080-exec-2] TRACE o.t.s.view.ThymeleafViewResolver - [THYMELEAF] View index will be handled by ThymeleafViewResolver and a ThymeleafView instance will be created for it
2020-07-15 19:52:18.785 63619 [http-nio-8080-exec-2] TRACE o.s.w.s.v.InternalResourceViewResolver - View with key [index] served from cache
2020-07-15 19:52:18.786 63620 [http-nio-8080-exec-2] DEBUG o.s.w.s.v.ContentNegotiatingViewResolver - Selected 'text/html' given [text/html, application/xhtml+xml, image/webp, image/apng, application/xml;q=0.9, application/signed-exchange;v=b3;q=0.9, */*;q=0.8]
2020-07-15 19:52:18.786 63620 [http-nio-8080-exec-2] TRACE o.s.web.servlet.DispatcherServlet - Rendering view [org.thymeleaf.spring5.view.ThymeleafView@788a0d29] 
2020-07-15 19:52:18.786 63620 [http-nio-8080-exec-2] TRACE o.s.b.f.s.DefaultListableBeanFactory - Returning cached instance of singleton bean 'requestDataValueProcessor'
2020-07-15 19:52:18.786 63620 [http-nio-8080-exec-2] TRACE org.thymeleaf.TemplateEngine - [THYMELEAF][http-nio-8080-exec-2] STARTING PROCESS OF TEMPLATE "index" WITH LOCALE en_US
2020-07-15 19:52:18.786 63620 [http-nio-8080-exec-2] TRACE o.t.T.cache.TEMPLATE_CACHE - [THYMELEAF][http-nio-8080-exec-2][TEMPLATE_CACHE][CACHE_MISS] Cache miss in cache "TEMPLATE_CACHE" for key "index".
2020-07-15 19:52:18.786 63620 [http-nio-8080-exec-2] TRACE o.thymeleaf.engine.TemplateManager - [THYMELEAF][http-nio-8080-exec-2] Template resolver match! Resolver "org.thymeleaf.spring5.templateresolver.SpringResourceTemplateResolver" will resolve template "index"
2020-07-15 19:52:18.789 63623 [http-nio-8080-exec-2] TRACE o.t.T.cache.EXPRESSION_CACHE - [THYMELEAF][http-nio-8080-exec-2][EXPRESSION_CACHE][CACHE_HIT] Cache hit in cache "EXPRESSION_CACHE" for key "expr|@{/styles/cssandjs/normalize.css}".
2020-07-15 19:52:18.789 63623 [http-nio-8080-exec-2] TRACE o.t.s.expression.LinkExpression - [THYMELEAF][http-nio-8080-exec-2] Evaluating link: "@{'/styles/cssandjs/normalize.css'}"
2020-07-15 19:52:18.789 63623 [http-nio-8080-exec-2] TRACE o.t.s.e.TextLiteralExpression - [THYMELEAF][http-nio-8080-exec-2] Evaluating text literal: "'/styles/cssandjs/normalize.css'"
2020-07-15 19:52:18.789 63623 [http-nio-8080-exec-2] TRACE o.t.T.cache.EXPRESSION_CACHE - [THYMELEAF][http-nio-8080-exec-2][EXPRESSION_CACHE][CACHE_HIT] Cache hit in cache "EXPRESSION_CACHE" for key "expr|@{/styles/cssandjs/main.css}".
2020-07-15 19:52:18.789 63623 [http-nio-8080-exec-2] TRACE o.t.s.expression.LinkExpression - [THYMELEAF][http-nio-8080-exec-2] Evaluating link: "@{'/styles/cssandjs/main.css'}"
2020-07-15 19:52:18.789 63623 [http-nio-8080-exec-2] TRACE o.t.s.e.TextLiteralExpression - [THYMELEAF][http-nio-8080-exec-2] Evaluating text literal: "'/styles/cssandjs/main.css'"
2020-07-15 19:52:18.790 63624 [http-nio-8080-exec-2] TRACE o.t.e.s.auth.AuthUtils - [THYMELEAF][http-nio-8080-exec-2] Obtaining authentication object.
2020-07-15 19:52:18.790 63624 [http-nio-8080-exec-2] TRACE o.t.e.s.auth.AuthUtils - [THYMELEAF][http-nio-8080-exec-2] Authentication object of class org.springframework.security.authentication.AnonymousAuthenticationToken found in context for user "anonymousUser".
2020-07-15 19:52:18.790 63624 [http-nio-8080-exec-2] TRACE o.t.e.s.auth.AuthUtils - [THYMELEAF][http-nio-8080-exec-2] Checking authorization using access expression "isAuthenticated()" for user "anonymousUser".
2020-07-15 19:52:18.790 63624 [http-nio-8080-exec-2] TRACE o.s.b.f.s.DefaultListableBeanFactory - Returning cached instance of singleton bean 'webSecurityExpressionHandler'
2020-07-15 19:52:18.790 63624 [http-nio-8080-exec-2] TRACE o.t.e.s.auth.AuthUtils - [THYMELEAF][http-nio-8080-exec-2] Checked authorization using access expression "isAuthenticated()" for user "anonymousUser". Access DENIED.
2020-07-15 19:52:18.790 63624 [http-nio-8080-exec-2] TRACE o.t.e.s.auth.AuthUtils - [THYMELEAF][http-nio-8080-exec-2] Obtaining authentication object.
2020-07-15 19:52:18.790 63624 [http-nio-8080-exec-2] TRACE o.t.e.s.auth.AuthUtils - [THYMELEAF][http-nio-8080-exec-2] Authentication object of class org.springframework.security.authentication.AnonymousAuthenticationToken found in context for user "anonymousUser".
2020-07-15 19:52:18.790 63624 [http-nio-8080-exec-2] TRACE o.t.e.s.auth.AuthUtils - [THYMELEAF][http-nio-8080-exec-2] Checking authorization using access expression "isAuthenticated()" for user "anonymousUser".
2020-07-15 19:52:18.791 63625 [http-nio-8080-exec-2] TRACE o.s.b.f.s.DefaultListableBeanFactory - Returning cached instance of singleton bean 'webSecurityExpressionHandler'
2020-07-15 19:52:18.791 63625 [http-nio-8080-exec-2] TRACE o.t.e.s.auth.AuthUtils - [THYMELEAF][http-nio-8080-exec-2] Checked authorization using access expression "isAuthenticated()" for user "anonymousUser". Access DENIED.
2020-07-15 19:52:18.791 63625 [http-nio-8080-exec-2] TRACE o.t.e.s.auth.AuthUtils - [THYMELEAF][http-nio-8080-exec-2] Obtaining authentication object.
2020-07-15 19:52:18.791 63625 [http-nio-8080-exec-2] TRACE o.t.e.s.auth.AuthUtils - [THYMELEAF][http-nio-8080-exec-2] Authentication object of class org.springframework.security.authentication.AnonymousAuthenticationToken found in context for user "anonymousUser".
2020-07-15 19:52:18.791 63625 [http-nio-8080-exec-2] TRACE o.t.e.s.auth.AuthUtils - [THYMELEAF][http-nio-8080-exec-2] Checking authorization using access expression "!isAuthenticated()" for user "anonymousUser".
2020-07-15 19:52:18.791 63625 [http-nio-8080-exec-2] TRACE o.s.b.f.s.DefaultListableBeanFactory - Returning cached instance of singleton bean 'webSecurityExpressionHandler'
2020-07-15 19:52:18.791 63625 [http-nio-8080-exec-2] TRACE o.t.e.s.auth.AuthUtils - [THYMELEAF][http-nio-8080-exec-2] Checked authorization using access expression "!isAuthenticated()" for user "anonymousUser". Access GRANTED.
2020-07-15 19:52:18.792 63626 [http-nio-8080-exec-2] TRACE o.t.e.s.auth.AuthUtils - [THYMELEAF][http-nio-8080-exec-2] Obtaining authentication object.
2020-07-15 19:52:18.792 63626 [http-nio-8080-exec-2] TRACE o.t.e.s.auth.AuthUtils - [THYMELEAF][http-nio-8080-exec-2] Authentication object of class org.springframework.security.authentication.AnonymousAuthenticationToken found in context for user "anonymousUser".
2020-07-15 19:52:18.792 63626 [http-nio-8080-exec-2] TRACE o.t.e.s.auth.AuthUtils - [THYMELEAF][http-nio-8080-exec-2] Checking authorization using access expression "!isAuthenticated()" for user "anonymousUser".
2020-07-15 19:52:18.792 63626 [http-nio-8080-exec-2] TRACE o.s.b.f.s.DefaultListableBeanFactory - Returning cached instance of singleton bean 'webSecurityExpressionHandler'
2020-07-15 19:52:18.792 63626 [http-nio-8080-exec-2] TRACE o.t.e.s.auth.AuthUtils - [THYMELEAF][http-nio-8080-exec-2] Checked authorization using access expression "!isAuthenticated()" for user "anonymousUser". Access GRANTED.
2020-07-15 19:52:18.792 63626 [http-nio-8080-exec-2] TRACE o.t.T.cache.EXPRESSION_CACHE - [THYMELEAF][http-nio-8080-exec-2][EXPRESSION_CACHE][CACHE_HIT] Cache hit in cache "EXPRESSION_CACHE" for key "expr|@{/login}".
2020-07-15 19:52:18.792 63626 [http-nio-8080-exec-2] TRACE o.t.s.expression.LinkExpression - [THYMELEAF][http-nio-8080-exec-2] Evaluating link: "@{'/login'}"
2020-07-15 19:52:18.792 63626 [http-nio-8080-exec-2] TRACE o.t.s.e.TextLiteralExpression - [THYMELEAF][http-nio-8080-exec-2] Evaluating text literal: "'/login'"
2020-07-15 19:52:18.792 63626 [http-nio-8080-exec-2] TRACE org.thymeleaf.TemplateEngine - [THYMELEAF][http-nio-8080-exec-2] FINISHED PROCESS AND OUTPUT OF TEMPLATE "index" WITH LOCALE en_US
2020-07-15 19:52:18.793 63627 [http-nio-8080-exec-2] TRACE org.thymeleaf.TemplateEngine.TIMER - [THYMELEAF][http-nio-8080-exec-2][index][en_US][6634900][7] TEMPLATE "index" WITH LOCALE en_US PROCESSED IN 6634900 nanoseconds (approx. 7ms)
2020-07-15 19:52:18.793 63627 [http-nio-8080-exec-2] DEBUG o.s.s.w.h.writers.HstsHeaderWriter - Not injecting HSTS header since it did not match the requestMatcher org.springframework.security.web.header.writers.HstsHeaderWriter$SecureRequestMatcher@31e22306
2020-07-15 19:52:18.793 63627 [http-nio-8080-exec-2] DEBUG o.s.s.w.c.HttpSessionSecurityContextRepository - SecurityContext is empty or contents are anonymous - context will not be stored in HttpSession.
2020-07-15 19:52:18.793 63627 [http-nio-8080-exec-2] DEBUG o.s.web.servlet.DispatcherServlet - Completed 200 OK, headers={masked}
2020-07-15 19:52:18.793 63627 [http-nio-8080-exec-2] DEBUG o.s.s.w.a.ExceptionTranslationFilter - Chain processed normally
2020-07-15 19:52:18.793 63627 [http-nio-8080-exec-2] DEBUG o.s.s.w.c.SecurityContextPersistenceFilter - SecurityContextHolder now cleared, as request processing completed
2020-07-15 19:52:18.793 63627 [http-nio-8080-exec-2] TRACE o.s.b.w.s.f.OrderedRequestContextFilter - Cleared thread-bound request context: org.apache.catalina.connector.RequestFacade@3de577
2020-07-15 19:52:18.794 63628 [http-nio-8080-exec-2] DEBUG o.a.t.util.net.SocketWrapperBase - Socket: [org.apache.tomcat.util.net.NioEndpoint$NioSocketWrapper@529de7a1:org.apache.tomcat.util.net.NioChannel@79cdec3:java.nio.channels.SocketChannel[connected local=/0:0:0:0:0:0:0:1:8080 remote=/0:0:0:0:0:0:0:1:52353]], Read from buffer: [0]
2020-07-15 19:52:18.794 63628 [http-nio-8080-exec-2] DEBUG o.a.tomcat.util.net.NioEndpoint - Socket: [org.apache.tomcat.util.net.NioEndpoint$NioSocketWrapper@529de7a1:org.apache.tomcat.util.net.NioChannel@79cdec3:java.nio.channels.SocketChannel[connected local=/0:0:0:0:0:0:0:1:8080 remote=/0:0:0:0:0:0:0:1:52353]], Read direct from socket: [0]
2020-07-15 19:52:18.794 63628 [http-nio-8080-exec-2] DEBUG o.a.coyote.http11.Http11Processor - Socket: [org.apache.tomcat.util.net.NioEndpoint$NioSocketWrapper@529de7a1:org.apache.tomcat.util.net.NioChannel@79cdec3:java.nio.channels.SocketChannel[connected local=/0:0:0:0:0:0:0:1:8080 remote=/0:0:0:0:0:0:0:1:52353]], Status in: [OPEN_READ], State out: [OPEN]
2020-07-15 19:52:18.794 63628 [http-nio-8080-exec-2] DEBUG o.a.coyote.http11.Http11NioProtocol - Pushed Processor [org.apache.coyote.http11.Http11Processor@573f90c5]
2020-07-15 19:52:18.794 63628 [http-nio-8080-exec-2] DEBUG o.a.tomcat.util.net.NioEndpoint - Registered read interest for [org.apache.tomcat.util.net.NioEndpoint$NioSocketWrapper@529de7a1:org.apache.tomcat.util.net.NioChannel@79cdec3:java.nio.channels.SocketChannel[connected local=/0:0:0:0:0:0:0:1:8080 remote=/0:0:0:0:0:0:0:1:52353]]
2020-07-15 19:52:18.795 63629 [http-nio-8080-ClientPoller] DEBUG o.a.tomcat.util.net.NioEndpoint - timeout completed: keys processed=3; now=1594853538794; nextExpiration=1594853538785; keyCount=0; hasEvents=true; eval=false
2020-07-15 19:52:18.809 63643 [http-nio-8080-exec-5] DEBUG o.a.coyote.http11.Http11NioProtocol - Processing socket [org.apache.tomcat.util.net.NioChannel@79cdec3:java.nio.channels.SocketChannel[connected local=/0:0:0:0:0:0:0:1:8080 remote=/0:0:0:0:0:0:0:1:52353]] with status [OPEN_READ]
2020-07-15 19:52:18.809 63643 [http-nio-8080-exec-6] DEBUG o.a.coyote.http11.Http11NioProtocol - Processing socket [org.apache.tomcat.util.net.NioChannel@2e5c14c9:java.nio.channels.SocketChannel[connected local=/0:0:0:0:0:0:0:1:8080 remote=/0:0:0:0:0:0:0:1:52357]] with status [OPEN_READ]
2020-07-15 19:52:18.810 63644 [http-nio-8080-exec-5] DEBUG o.a.coyote.http11.Http11NioProtocol - Found processor [null] for socket [org.apache.tomcat.util.net.NioChannel@79cdec3:java.nio.channels.SocketChannel[connected local=/0:0:0:0:0:0:0:1:8080 remote=/0:0:0:0:0:0:0:1:52353]]
2020-07-15 19:52:18.810 63644 [http-nio-8080-exec-6] DEBUG o.a.coyote.http11.Http11NioProtocol - Found processor [null] for socket [org.apache.tomcat.util.net.NioChannel@2e5c14c9:java.nio.channels.SocketChannel[connected local=/0:0:0:0:0:0:0:1:8080 remote=/0:0:0:0:0:0:0:1:52357]]
2020-07-15 19:52:18.810 63644 [http-nio-8080-exec-5] DEBUG o.a.coyote.http11.Http11NioProtocol - Popped processor [org.apache.coyote.http11.Http11Processor@573f90c5] from cache
2020-07-15 19:52:18.810 63644 [http-nio-8080-exec-6] DEBUG o.a.coyote.http11.Http11NioProtocol - Popped processor [org.apache.coyote.http11.Http11Processor@7a65cc3b] from cache
2020-07-15 19:52:18.810 63644 [http-nio-8080-exec-6] DEBUG o.a.t.util.net.SocketWrapperBase - Socket: [org.apache.tomcat.util.net.NioEndpoint$NioSocketWrapper@24a47fb9:org.apache.tomcat.util.net.NioChannel@2e5c14c9:java.nio.channels.SocketChannel[connected local=/0:0:0:0:0:0:0:1:8080 remote=/0:0:0:0:0:0:0:1:52357]], Read from buffer: [0]
2020-07-15 19:52:18.810 63644 [http-nio-8080-exec-5] DEBUG o.a.t.util.net.SocketWrapperBase - Socket: [org.apache.tomcat.util.net.NioEndpoint$NioSocketWrapper@529de7a1:org.apache.tomcat.util.net.NioChannel@79cdec3:java.nio.channels.SocketChannel[connected local=/0:0:0:0:0:0:0:1:8080 remote=/0:0:0:0:0:0:0:1:52353]], Read from buffer: [0]
2020-07-15 19:52:18.810 63644 [http-nio-8080-exec-5] DEBUG o.a.tomcat.util.net.NioEndpoint - Socket: [org.apache.tomcat.util.net.NioEndpoint$NioSocketWrapper@529de7a1:org.apache.tomcat.util.net.NioChannel@79cdec3:java.nio.channels.SocketChannel[connected local=/0:0:0:0:0:0:0:1:8080 remote=/0:0:0:0:0:0:0:1:52353]], Read direct from socket: [533]
2020-07-15 19:52:18.810 63644 [http-nio-8080-exec-6] DEBUG o.a.tomcat.util.net.NioEndpoint - Socket: [org.apache.tomcat.util.net.NioEndpoint$NioSocketWrapper@24a47fb9:org.apache.tomcat.util.net.NioChannel@2e5c14c9:java.nio.channels.SocketChannel[connected local=/0:0:0:0:0:0:0:1:8080 remote=/0:0:0:0:0:0:0:1:52357]], Read direct from socket: [528]
2020-07-15 19:52:18.811 63645 [http-nio-8080-exec-5] DEBUG o.a.coyote.http11.Http11InputBuffer - Received [GET /styles/cssandjs/normalize.css HTTP/1.1
Host: localhost:8080
Connection: keep-alive
User-Agent: Mozilla/5.0 (Windows NT 10.0; Win64; x64) AppleWebKit/537.36 (KHTML, like Gecko) Chrome/84.0.4147.89 Safari/537.36
Accept: text/css,*/*;q=0.1
Sec-Fetch-Site: same-origin
Sec-Fetch-Mode: no-cors
Sec-Fetch-Dest: style
Referer: http://localhost:8080/
Accept-Encoding: gzip, deflate, br
Accept-Language: en-US,en;q=0.9
Cookie: Idea-4aed9f74=2b566d24-925d-415a-a965-059a11c42de1; JSESSIONID=2AD45E4911393EAA19C3299643E1FE14

]
2020-07-15 19:52:18.811 63645 [http-nio-8080-exec-6] DEBUG o.a.coyote.http11.Http11InputBuffer - Received [GET /styles/cssandjs/main.css HTTP/1.1
Host: localhost:8080
Connection: keep-alive
User-Agent: Mozilla/5.0 (Windows NT 10.0; Win64; x64) AppleWebKit/537.36 (KHTML, like Gecko) Chrome/84.0.4147.89 Safari/537.36
Accept: text/css,*/*;q=0.1
Sec-Fetch-Site: same-origin
Sec-Fetch-Mode: no-cors
Sec-Fetch-Dest: style
Referer: http://localhost:8080/
Accept-Encoding: gzip, deflate, br
Accept-Language: en-US,en;q=0.9
Cookie: Idea-4aed9f74=2b566d24-925d-415a-a965-059a11c42de1; JSESSIONID=2AD45E4911393EAA19C3299643E1FE14

]
2020-07-15 19:52:18.811 63645 [http-nio-8080-exec-5] DEBUG o.a.t.u.http.Rfc6265CookieProcessor - Cookies: Parsing b[]: Idea-4aed9f74=2b566d24-925d-415a-a965-059a11c42de1; JSESSIONID=2AD45E4911393EAA19C3299643E1FE14
2020-07-15 19:52:18.811 63645 [http-nio-8080-exec-6] DEBUG o.a.t.u.http.Rfc6265CookieProcessor - Cookies: Parsing b[]: Idea-4aed9f74=2b566d24-925d-415a-a965-059a11c42de1; JSESSIONID=2AD45E4911393EAA19C3299643E1FE14
2020-07-15 19:52:18.811 63645 [http-nio-8080-exec-5] DEBUG o.a.c.connector.CoyoteAdapter -  Requested cookie session id is 2AD45E4911393EAA19C3299643E1FE14
2020-07-15 19:52:18.811 63645 [http-nio-8080-exec-6] DEBUG o.a.c.connector.CoyoteAdapter -  Requested cookie session id is 2AD45E4911393EAA19C3299643E1FE14
2020-07-15 19:52:18.811 63645 [http-nio-8080-exec-5] DEBUG o.a.c.a.AuthenticatorBase - Security checking request GET /styles/cssandjs/normalize.css
2020-07-15 19:52:18.811 63645 [http-nio-8080-exec-6] DEBUG o.a.c.a.AuthenticatorBase - Security checking request GET /styles/cssandjs/main.css
2020-07-15 19:52:18.812 63646 [http-nio-8080-exec-5] DEBUG org.apache.catalina.realm.RealmBase -   No applicable constraints defined
2020-07-15 19:52:18.812 63646 [http-nio-8080-exec-6] DEBUG org.apache.catalina.realm.RealmBase -   No applicable constraints defined
2020-07-15 19:52:18.812 63646 [http-nio-8080-exec-5] DEBUG o.a.c.a.AuthenticatorBase - Not subject to any constraint
2020-07-15 19:52:18.812 63646 [http-nio-8080-exec-6] DEBUG o.a.c.a.AuthenticatorBase - Not subject to any constraint
2020-07-15 19:52:18.812 63646 [http-nio-8080-exec-5] DEBUG o.a.catalina.core.StandardWrapper -   Returning non-STM instance
2020-07-15 19:52:18.812 63646 [http-nio-8080-exec-6] DEBUG o.a.catalina.core.StandardWrapper -   Returning non-STM instance
2020-07-15 19:52:18.812 63646 [http-nio-8080-exec-6] TRACE o.s.b.w.s.f.OrderedRequestContextFilter - Bound request context to thread: org.apache.catalina.connector.RequestFacade@3b58c600
2020-07-15 19:52:18.812 63646 [http-nio-8080-exec-5] TRACE o.s.b.w.s.f.OrderedRequestContextFilter - Bound request context to thread: org.apache.catalina.connector.RequestFacade@3de577
2020-07-15 19:52:18.812 63646 [http-nio-8080-exec-5] DEBUG o.s.s.w.u.m.AntPathRequestMatcher - Checking match of request : '/styles/cssandjs/normalize.css'; against '/resources/**'
2020-07-15 19:52:18.812 63646 [http-nio-8080-exec-6] DEBUG o.s.s.w.u.m.AntPathRequestMatcher - Checking match of request : '/styles/cssandjs/main.css'; against '/resources/**'
2020-07-15 19:52:18.812 63646 [http-nio-8080-exec-5] DEBUG o.s.security.web.FilterChainProxy - /styles/cssandjs/normalize.css at position 1 of 12 in additional filter chain; firing Filter: 'WebAsyncManagerIntegrationFilter'
2020-07-15 19:52:18.812 63646 [http-nio-8080-exec-6] DEBUG o.s.security.web.FilterChainProxy - /styles/cssandjs/main.css at position 1 of 12 in additional filter chain; firing Filter: 'WebAsyncManagerIntegrationFilter'
2020-07-15 19:52:18.812 63646 [http-nio-8080-exec-5] DEBUG o.s.security.web.FilterChainProxy - /styles/cssandjs/normalize.css at position 2 of 12 in additional filter chain; firing Filter: 'SecurityContextPersistenceFilter'
2020-07-15 19:52:18.812 63646 [http-nio-8080-exec-6] DEBUG o.s.security.web.FilterChainProxy - /styles/cssandjs/main.css at position 2 of 12 in additional filter chain; firing Filter: 'SecurityContextPersistenceFilter'
2020-07-15 19:52:18.813 63647 [http-nio-8080-exec-6] DEBUG o.s.s.w.c.HttpSessionSecurityContextRepository - No HttpSession currently exists
2020-07-15 19:52:18.813 63647 [http-nio-8080-exec-6] DEBUG o.s.s.w.c.HttpSessionSecurityContextRepository - No SecurityContext was available from the HttpSession: null. A new one will be created.
2020-07-15 19:52:18.813 63647 [http-nio-8080-exec-5] DEBUG o.s.s.w.c.HttpSessionSecurityContextRepository - No HttpSession currently exists
2020-07-15 19:52:18.813 63647 [http-nio-8080-exec-6] DEBUG o.s.security.web.FilterChainProxy - /styles/cssandjs/main.css at position 3 of 12 in additional filter chain; firing Filter: 'HeaderWriterFilter'
2020-07-15 19:52:18.813 63647 [http-nio-8080-exec-5] DEBUG o.s.s.w.c.HttpSessionSecurityContextRepository - No SecurityContext was available from the HttpSession: null. A new one will be created.
2020-07-15 19:52:18.813 63647 [http-nio-8080-exec-6] DEBUG o.s.security.web.FilterChainProxy - /styles/cssandjs/main.css at position 4 of 12 in additional filter chain; firing Filter: 'LogoutFilter'
2020-07-15 19:52:18.813 63647 [http-nio-8080-exec-6] DEBUG o.s.s.w.u.matcher.OrRequestMatcher - Trying to match using Ant [pattern='/logout', GET]
2020-07-15 19:52:18.813 63647 [http-nio-8080-exec-5] DEBUG o.s.security.web.FilterChainProxy - /styles/cssandjs/normalize.css at position 3 of 12 in additional filter chain; firing Filter: 'HeaderWriterFilter'
2020-07-15 19:52:18.813 63647 [http-nio-8080-exec-6] DEBUG o.s.s.w.u.m.AntPathRequestMatcher - Checking match of request : '/styles/cssandjs/main.css'; against '/logout'
2020-07-15 19:52:18.813 63647 [http-nio-8080-exec-5] DEBUG o.s.security.web.FilterChainProxy - /styles/cssandjs/normalize.css at position 4 of 12 in additional filter chain; firing Filter: 'LogoutFilter'
2020-07-15 19:52:18.813 63647 [http-nio-8080-exec-6] DEBUG o.s.s.w.u.matcher.OrRequestMatcher - Trying to match using Ant [pattern='/logout', POST]
2020-07-15 19:52:18.813 63647 [http-nio-8080-exec-6] DEBUG o.s.s.w.u.m.AntPathRequestMatcher - Request 'GET /styles/cssandjs/main.css' doesn't match 'POST /logout'
2020-07-15 19:52:18.813 63647 [http-nio-8080-exec-5] DEBUG o.s.s.w.u.matcher.OrRequestMatcher - Trying to match using Ant [pattern='/logout', GET]
2020-07-15 19:52:18.813 63647 [http-nio-8080-exec-6] DEBUG o.s.s.w.u.matcher.OrRequestMatcher - Trying to match using Ant [pattern='/logout', PUT]
2020-07-15 19:52:18.813 63647 [http-nio-8080-exec-6] DEBUG o.s.s.w.u.m.AntPathRequestMatcher - Request 'GET /styles/cssandjs/main.css' doesn't match 'PUT /logout'
2020-07-15 19:52:18.813 63647 [http-nio-8080-exec-5] DEBUG o.s.s.w.u.m.AntPathRequestMatcher - Checking match of request : '/styles/cssandjs/normalize.css'; against '/logout'
2020-07-15 19:52:18.813 63647 [http-nio-8080-exec-6] DEBUG o.s.s.w.u.matcher.OrRequestMatcher - Trying to match using Ant [pattern='/logout', DELETE]
2020-07-15 19:52:18.813 63647 [http-nio-8080-exec-5] DEBUG o.s.s.w.u.matcher.OrRequestMatcher - Trying to match using Ant [pattern='/logout', POST]
2020-07-15 19:52:18.813 63647 [http-nio-8080-exec-6] DEBUG o.s.s.w.u.m.AntPathRequestMatcher - Request 'GET /styles/cssandjs/main.css' doesn't match 'DELETE /logout'
2020-07-15 19:52:18.813 63647 [http-nio-8080-exec-5] DEBUG o.s.s.w.u.m.AntPathRequestMatcher - Request 'GET /styles/cssandjs/normalize.css' doesn't match 'POST /logout'
2020-07-15 19:52:18.813 63647 [http-nio-8080-exec-6] DEBUG o.s.s.w.u.matcher.OrRequestMatcher - No matches found
2020-07-15 19:52:18.813 63647 [http-nio-8080-exec-5] DEBUG o.s.s.w.u.matcher.OrRequestMatcher - Trying to match using Ant [pattern='/logout', PUT]
2020-07-15 19:52:18.813 63647 [http-nio-8080-exec-6] DEBUG o.s.security.web.FilterChainProxy - /styles/cssandjs/main.css at position 5 of 12 in additional filter chain; firing Filter: 'UsernamePasswordAuthenticationFilter'
2020-07-15 19:52:18.813 63647 [http-nio-8080-exec-5] DEBUG o.s.s.w.u.m.AntPathRequestMatcher - Request 'GET /styles/cssandjs/normalize.css' doesn't match 'PUT /logout'
2020-07-15 19:52:18.813 63647 [http-nio-8080-exec-6] DEBUG o.s.s.w.u.m.AntPathRequestMatcher - Request 'GET /styles/cssandjs/main.css' doesn't match 'POST /login'
2020-07-15 19:52:18.813 63647 [http-nio-8080-exec-5] DEBUG o.s.s.w.u.matcher.OrRequestMatcher - Trying to match using Ant [pattern='/logout', DELETE]
2020-07-15 19:52:18.813 63647 [http-nio-8080-exec-6] DEBUG o.s.security.web.FilterChainProxy - /styles/cssandjs/main.css at position 6 of 12 in additional filter chain; firing Filter: 'BasicAuthenticationFilter'
2020-07-15 19:52:18.813 63647 [http-nio-8080-exec-5] DEBUG o.s.s.w.u.m.AntPathRequestMatcher - Request 'GET /styles/cssandjs/normalize.css' doesn't match 'DELETE /logout'
2020-07-15 19:52:18.813 63647 [http-nio-8080-exec-5] DEBUG o.s.s.w.u.matcher.OrRequestMatcher - No matches found
2020-07-15 19:52:18.813 63647 [http-nio-8080-exec-5] DEBUG o.s.security.web.FilterChainProxy - /styles/cssandjs/normalize.css at position 5 of 12 in additional filter chain; firing Filter: 'UsernamePasswordAuthenticationFilter'
2020-07-15 19:52:18.813 63647 [http-nio-8080-exec-6] DEBUG o.s.security.web.FilterChainProxy - /styles/cssandjs/main.css at position 7 of 12 in additional filter chain; firing Filter: 'RequestCacheAwareFilter'
2020-07-15 19:52:18.813 63647 [http-nio-8080-exec-5] DEBUG o.s.s.w.u.m.AntPathRequestMatcher - Request 'GET /styles/cssandjs/normalize.css' doesn't match 'POST /login'
2020-07-15 19:52:18.813 63647 [http-nio-8080-exec-5] DEBUG o.s.security.web.FilterChainProxy - /styles/cssandjs/normalize.css at position 6 of 12 in additional filter chain; firing Filter: 'BasicAuthenticationFilter'
2020-07-15 19:52:18.813 63647 [http-nio-8080-exec-6] DEBUG o.s.s.w.s.HttpSessionRequestCache - saved request doesn't match
2020-07-15 19:52:18.813 63647 [http-nio-8080-exec-6] DEBUG o.s.security.web.FilterChainProxy - /styles/cssandjs/main.css at position 8 of 12 in additional filter chain; firing Filter: 'SecurityContextHolderAwareRequestFilter'
2020-07-15 19:52:18.813 63647 [http-nio-8080-exec-5] DEBUG o.s.security.web.FilterChainProxy - /styles/cssandjs/normalize.css at position 7 of 12 in additional filter chain; firing Filter: 'RequestCacheAwareFilter'
2020-07-15 19:52:18.813 63647 [http-nio-8080-exec-6] DEBUG o.s.security.web.FilterChainProxy - /styles/cssandjs/main.css at position 9 of 12 in additional filter chain; firing Filter: 'AnonymousAuthenticationFilter'
2020-07-15 19:52:18.813 63647 [http-nio-8080-exec-5] DEBUG o.s.s.w.s.HttpSessionRequestCache - saved request doesn't match
2020-07-15 19:52:18.813 63647 [http-nio-8080-exec-5] DEBUG o.s.security.web.FilterChainProxy - /styles/cssandjs/normalize.css at position 8 of 12 in additional filter chain; firing Filter: 'SecurityContextHolderAwareRequestFilter'
2020-07-15 19:52:18.813 63647 [http-nio-8080-exec-5] DEBUG o.s.security.web.FilterChainProxy - /styles/cssandjs/normalize.css at position 9 of 12 in additional filter chain; firing Filter: 'AnonymousAuthenticationFilter'
2020-07-15 19:52:18.813 63647 [http-nio-8080-exec-6] DEBUG o.s.s.w.a.AnonymousAuthenticationFilter - Populated SecurityContextHolder with anonymous token: 'org.springframework.security.authentication.AnonymousAuthenticationToken@cc90ac4f: Principal: anonymousUser; Credentials: [PROTECTED]; Authenticated: true; Details: org.springframework.security.web.authentication.WebAuthenticationDetails@b364: RemoteIpAddress: 0:0:0:0:0:0:0:1; SessionId: null; Granted Authorities: ROLE_ANONYMOUS'
2020-07-15 19:52:18.813 63647 [http-nio-8080-exec-5] DEBUG o.s.s.w.a.AnonymousAuthenticationFilter - Populated SecurityContextHolder with anonymous token: 'org.springframework.security.authentication.AnonymousAuthenticationToken@cc90ac4f: Principal: anonymousUser; Credentials: [PROTECTED]; Authenticated: true; Details: org.springframework.security.web.authentication.WebAuthenticationDetails@b364: RemoteIpAddress: 0:0:0:0:0:0:0:1; SessionId: null; Granted Authorities: ROLE_ANONYMOUS'
2020-07-15 19:52:18.813 63647 [http-nio-8080-exec-5] DEBUG o.s.security.web.FilterChainProxy - /styles/cssandjs/normalize.css at position 10 of 12 in additional filter chain; firing Filter: 'SessionManagementFilter'
2020-07-15 19:52:18.813 63647 [http-nio-8080-exec-5] DEBUG o.s.s.w.s.SessionManagementFilter - Requested session ID 2AD45E4911393EAA19C3299643E1FE14 is invalid.
2020-07-15 19:52:18.813 63647 [http-nio-8080-exec-6] DEBUG o.s.security.web.FilterChainProxy - /styles/cssandjs/main.css at position 10 of 12 in additional filter chain; firing Filter: 'SessionManagementFilter'
2020-07-15 19:52:18.813 63647 [http-nio-8080-exec-5] DEBUG o.s.security.web.FilterChainProxy - /styles/cssandjs/normalize.css at position 11 of 12 in additional filter chain; firing Filter: 'ExceptionTranslationFilter'
2020-07-15 19:52:18.813 63647 [http-nio-8080-exec-5] DEBUG o.s.security.web.FilterChainProxy - /styles/cssandjs/normalize.css at position 12 of 12 in additional filter chain; firing Filter: 'FilterSecurityInterceptor'
2020-07-15 19:52:18.813 63647 [http-nio-8080-exec-6] DEBUG o.s.s.w.s.SessionManagementFilter - Requested session ID 2AD45E4911393EAA19C3299643E1FE14 is invalid.
2020-07-15 19:52:18.813 63647 [http-nio-8080-exec-6] DEBUG o.s.security.web.FilterChainProxy - /styles/cssandjs/main.css at position 11 of 12 in additional filter chain; firing Filter: 'ExceptionTranslationFilter'
2020-07-15 19:52:18.814 63648 [http-nio-8080-exec-5] DEBUG o.s.s.w.u.matcher.OrRequestMatcher - Trying to match using Ant [pattern='/logout', GET]
2020-07-15 19:52:18.814 63648 [http-nio-8080-exec-6] DEBUG o.s.security.web.FilterChainProxy - /styles/cssandjs/main.css at position 12 of 12 in additional filter chain; firing Filter: 'FilterSecurityInterceptor'
2020-07-15 19:52:18.814 63648 [http-nio-8080-exec-5] DEBUG o.s.s.w.u.m.AntPathRequestMatcher - Checking match of request : '/styles/cssandjs/normalize.css'; against '/logout'
2020-07-15 19:52:18.814 63648 [http-nio-8080-exec-5] DEBUG o.s.s.w.u.matcher.OrRequestMatcher - Trying to match using Ant [pattern='/logout', POST]
2020-07-15 19:52:18.814 63648 [http-nio-8080-exec-6] DEBUG o.s.s.w.u.matcher.OrRequestMatcher - Trying to match using Ant [pattern='/logout', GET]
2020-07-15 19:52:18.814 63648 [http-nio-8080-exec-5] DEBUG o.s.s.w.u.m.AntPathRequestMatcher - Request 'GET /styles/cssandjs/normalize.css' doesn't match 'POST /logout'
2020-07-15 19:52:18.814 63648 [http-nio-8080-exec-6] DEBUG o.s.s.w.u.m.AntPathRequestMatcher - Checking match of request : '/styles/cssandjs/main.css'; against '/logout'
2020-07-15 19:52:18.814 63648 [http-nio-8080-exec-5] DEBUG o.s.s.w.u.matcher.OrRequestMatcher - Trying to match using Ant [pattern='/logout', PUT]
2020-07-15 19:52:18.814 63648 [http-nio-8080-exec-6] DEBUG o.s.s.w.u.matcher.OrRequestMatcher - Trying to match using Ant [pattern='/logout', POST]
2020-07-15 19:52:18.814 63648 [http-nio-8080-exec-5] DEBUG o.s.s.w.u.m.AntPathRequestMatcher - Request 'GET /styles/cssandjs/normalize.css' doesn't match 'PUT /logout'
2020-07-15 19:52:18.814 63648 [http-nio-8080-exec-6] DEBUG o.s.s.w.u.m.AntPathRequestMatcher - Request 'GET /styles/cssandjs/main.css' doesn't match 'POST /logout'
2020-07-15 19:52:18.814 63648 [http-nio-8080-exec-6] DEBUG o.s.s.w.u.matcher.OrRequestMatcher - Trying to match using Ant [pattern='/logout', PUT]
2020-07-15 19:52:18.814 63648 [http-nio-8080-exec-5] DEBUG o.s.s.w.u.matcher.OrRequestMatcher - Trying to match using Ant [pattern='/logout', DELETE]
2020-07-15 19:52:18.814 63648 [http-nio-8080-exec-6] DEBUG o.s.s.w.u.m.AntPathRequestMatcher - Request 'GET /styles/cssandjs/main.css' doesn't match 'PUT /logout'
2020-07-15 19:52:18.814 63648 [http-nio-8080-exec-5] DEBUG o.s.s.w.u.m.AntPathRequestMatcher - Request 'GET /styles/cssandjs/normalize.css' doesn't match 'DELETE /logout'
2020-07-15 19:52:18.814 63648 [http-nio-8080-exec-6] DEBUG o.s.s.w.u.matcher.OrRequestMatcher - Trying to match using Ant [pattern='/logout', DELETE]
2020-07-15 19:52:18.814 63648 [http-nio-8080-exec-5] DEBUG o.s.s.w.u.matcher.OrRequestMatcher - No matches found
2020-07-15 19:52:18.814 63648 [http-nio-8080-exec-6] DEBUG o.s.s.w.u.m.AntPathRequestMatcher - Request 'GET /styles/cssandjs/main.css' doesn't match 'DELETE /logout'
2020-07-15 19:52:18.814 63648 [http-nio-8080-exec-5] DEBUG o.s.s.w.u.m.AntPathRequestMatcher - Checking match of request : '/styles/cssandjs/normalize.css'; against '/admin/**'
2020-07-15 19:52:18.814 63648 [http-nio-8080-exec-6] DEBUG o.s.s.w.u.matcher.OrRequestMatcher - No matches found
2020-07-15 19:52:18.814 63648 [http-nio-8080-exec-5] DEBUG o.s.s.w.u.m.AntPathRequestMatcher - Checking match of request : '/styles/cssandjs/normalize.css'; against '/public/**'
2020-07-15 19:52:18.814 63648 [http-nio-8080-exec-6] DEBUG o.s.s.w.u.m.AntPathRequestMatcher - Checking match of request : '/styles/cssandjs/main.css'; against '/admin/**'
2020-07-15 19:52:18.814 63648 [http-nio-8080-exec-5] DEBUG o.s.s.w.u.m.AntPathRequestMatcher - Request '/styles/cssandjs/normalize.css' matched by universal pattern '/**'
2020-07-15 19:52:18.814 63648 [http-nio-8080-exec-6] DEBUG o.s.s.w.u.m.AntPathRequestMatcher - Checking match of request : '/styles/cssandjs/main.css'; against '/public/**'
2020-07-15 19:52:18.814 63648 [http-nio-8080-exec-5] DEBUG o.s.s.w.a.i.FilterSecurityInterceptor - Secure object: FilterInvocation: URL: /styles/cssandjs/normalize.css; Attributes: [permitAll]
2020-07-15 19:52:18.814 63648 [http-nio-8080-exec-6] DEBUG o.s.s.w.u.m.AntPathRequestMatcher - Request '/styles/cssandjs/main.css' matched by universal pattern '/**'
2020-07-15 19:52:18.814 63648 [http-nio-8080-exec-5] DEBUG o.s.s.w.a.i.FilterSecurityInterceptor - Previously Authenticated: org.springframework.security.authentication.AnonymousAuthenticationToken@cc90ac4f: Principal: anonymousUser; Credentials: [PROTECTED]; Authenticated: true; Details: org.springframework.security.web.authentication.WebAuthenticationDetails@b364: RemoteIpAddress: 0:0:0:0:0:0:0:1; SessionId: null; Granted Authorities: ROLE_ANONYMOUS
2020-07-15 19:52:18.814 63648 [http-nio-8080-exec-6] DEBUG o.s.s.w.a.i.FilterSecurityInterceptor - Secure object: FilterInvocation: URL: /styles/cssandjs/main.css; Attributes: [permitAll]
2020-07-15 19:52:18.814 63648 [http-nio-8080-exec-6] DEBUG o.s.s.w.a.i.FilterSecurityInterceptor - Previously Authenticated: org.springframework.security.authentication.AnonymousAuthenticationToken@cc90ac4f: Principal: anonymousUser; Credentials: [PROTECTED]; Authenticated: true; Details: org.springframework.security.web.authentication.WebAuthenticationDetails@b364: RemoteIpAddress: 0:0:0:0:0:0:0:1; SessionId: null; Granted Authorities: ROLE_ANONYMOUS
2020-07-15 19:52:18.814 63648 [http-nio-8080-exec-5] DEBUG o.s.s.access.vote.AffirmativeBased - Voter: org.springframework.security.web.access.expression.WebExpressionVoter@4d379b9d, returned: 1
2020-07-15 19:52:18.814 63648 [http-nio-8080-exec-5] DEBUG o.s.s.w.a.i.FilterSecurityInterceptor - Authorization successful
2020-07-15 19:52:18.814 63648 [http-nio-8080-exec-6] DEBUG o.s.s.access.vote.AffirmativeBased - Voter: org.springframework.security.web.access.expression.WebExpressionVoter@4d379b9d, returned: 1
2020-07-15 19:52:18.814 63648 [http-nio-8080-exec-5] DEBUG o.s.s.w.a.i.FilterSecurityInterceptor - RunAsManager did not change Authentication object
2020-07-15 19:52:18.814 63648 [http-nio-8080-exec-6] DEBUG o.s.s.w.a.i.FilterSecurityInterceptor - Authorization successful
2020-07-15 19:52:18.814 63648 [http-nio-8080-exec-5] DEBUG o.s.security.web.FilterChainProxy - /styles/cssandjs/normalize.css reached end of additional filter chain; proceeding with original chain
2020-07-15 19:52:18.814 63648 [http-nio-8080-exec-6] DEBUG o.s.s.w.a.i.FilterSecurityInterceptor - RunAsManager did not change Authentication object
2020-07-15 19:52:18.814 63648 [http-nio-8080-exec-6] DEBUG o.s.security.web.FilterChainProxy - /styles/cssandjs/main.css reached end of additional filter chain; proceeding with original chain
2020-07-15 19:52:18.815 63649 [http-nio-8080-exec-5] DEBUG o.a.tomcat.util.http.Parameters - Set encoding to UTF-8
2020-07-15 19:52:18.815 63649 [http-nio-8080-exec-6] DEBUG o.a.tomcat.util.http.Parameters - Set encoding to UTF-8
2020-07-15 19:52:18.815 63649 [http-nio-8080-exec-5] TRACE o.s.web.servlet.DispatcherServlet - GET "/styles/cssandjs/normalize.css", parameters={}, headers={masked} in DispatcherServlet 'dispatcherServlet'
2020-07-15 19:52:18.815 63649 [http-nio-8080-exec-6] TRACE o.s.web.servlet.DispatcherServlet - GET "/styles/cssandjs/main.css", parameters={}, headers={masked} in DispatcherServlet 'dispatcherServlet'
2020-07-15 19:52:18.817 63651 [http-nio-8080-exec-5] TRACE o.s.w.s.h.SimpleUrlHandlerMapping - Mapped to HandlerExecutionChain with [ResourceHttpRequestHandler ["classpath:/META-INF/resources/", "classpath:/resources/", "classpath:/static/", "classpath:/public/", "/"]] and 3 interceptors
2020-07-15 19:52:18.817 63651 [http-nio-8080-exec-6] TRACE o.s.w.s.h.SimpleUrlHandlerMapping - Mapped to HandlerExecutionChain with [ResourceHttpRequestHandler ["classpath:/META-INF/resources/", "classpath:/resources/", "classpath:/static/", "classpath:/public/", "/"]] and 3 interceptors
2020-07-15 19:52:18.819 63653 [http-nio-8080-exec-6] DEBUG o.s.s.w.h.writers.HstsHeaderWriter - Not injecting HSTS header since it did not match the requestMatcher org.springframework.security.web.header.writers.HstsHeaderWriter$SecureRequestMatcher@31e22306
2020-07-15 19:52:18.819 63653 [http-nio-8080-exec-5] DEBUG o.s.s.w.h.writers.HstsHeaderWriter - Not injecting HSTS header since it did not match the requestMatcher org.springframework.security.web.header.writers.HstsHeaderWriter$SecureRequestMatcher@31e22306
2020-07-15 19:52:18.819 63653 [http-nio-8080-exec-5] DEBUG o.s.s.w.c.HttpSessionSecurityContextRepository - SecurityContext is empty or contents are anonymous - context will not be stored in HttpSession.
2020-07-15 19:52:18.819 63653 [http-nio-8080-exec-6] DEBUG o.s.s.w.c.HttpSessionSecurityContextRepository - SecurityContext is empty or contents are anonymous - context will not be stored in HttpSession.
2020-07-15 19:52:18.820 63654 [http-nio-8080-exec-5] TRACE o.s.web.servlet.DispatcherServlet - No view rendering, null ModelAndView returned.
2020-07-15 19:52:18.820 63654 [http-nio-8080-exec-6] TRACE o.s.web.servlet.DispatcherServlet - No view rendering, null ModelAndView returned.
2020-07-15 19:52:18.820 63654 [http-nio-8080-exec-5] DEBUG o.s.web.servlet.DispatcherServlet - Completed 200 OK, headers={masked}
2020-07-15 19:52:18.820 63654 [http-nio-8080-exec-6] DEBUG o.s.web.servlet.DispatcherServlet - Completed 200 OK, headers={masked}
2020-07-15 19:52:18.820 63654 [http-nio-8080-exec-5] DEBUG o.s.s.w.a.ExceptionTranslationFilter - Chain processed normally
2020-07-15 19:52:18.820 63654 [http-nio-8080-exec-6] DEBUG o.s.s.w.a.ExceptionTranslationFilter - Chain processed normally
2020-07-15 19:52:18.820 63654 [http-nio-8080-exec-5] DEBUG o.s.s.w.c.SecurityContextPersistenceFilter - SecurityContextHolder now cleared, as request processing completed
2020-07-15 19:52:18.820 63654 [http-nio-8080-exec-6] DEBUG o.s.s.w.c.SecurityContextPersistenceFilter - SecurityContextHolder now cleared, as request processing completed
2020-07-15 19:52:18.821 63655 [http-nio-8080-exec-5] TRACE o.s.b.w.s.f.OrderedRequestContextFilter - Cleared thread-bound request context: org.apache.catalina.connector.RequestFacade@3de577
2020-07-15 19:52:18.821 63655 [http-nio-8080-exec-6] TRACE o.s.b.w.s.f.OrderedRequestContextFilter - Cleared thread-bound request context: org.apache.catalina.connector.RequestFacade@3b58c600
2020-07-15 19:52:18.821 63655 [http-nio-8080-exec-5] DEBUG o.a.t.util.net.SocketWrapperBase - Socket: [org.apache.tomcat.util.net.NioEndpoint$NioSocketWrapper@529de7a1:org.apache.tomcat.util.net.NioChannel@79cdec3:java.nio.channels.SocketChannel[connected local=/0:0:0:0:0:0:0:1:8080 remote=/0:0:0:0:0:0:0:1:52353]], Read from buffer: [0]
2020-07-15 19:52:18.821 63655 [http-nio-8080-exec-6] DEBUG o.a.t.util.net.SocketWrapperBase - Socket: [org.apache.tomcat.util.net.NioEndpoint$NioSocketWrapper@24a47fb9:org.apache.tomcat.util.net.NioChannel@2e5c14c9:java.nio.channels.SocketChannel[connected local=/0:0:0:0:0:0:0:1:8080 remote=/0:0:0:0:0:0:0:1:52357]], Read from buffer: [0]
2020-07-15 19:52:18.821 63655 [http-nio-8080-exec-5] DEBUG o.a.tomcat.util.net.NioEndpoint - Socket: [org.apache.tomcat.util.net.NioEndpoint$NioSocketWrapper@529de7a1:org.apache.tomcat.util.net.NioChannel@79cdec3:java.nio.channels.SocketChannel[connected local=/0:0:0:0:0:0:0:1:8080 remote=/0:0:0:0:0:0:0:1:52353]], Read direct from socket: [0]
2020-07-15 19:52:18.821 63655 [http-nio-8080-exec-6] DEBUG o.a.tomcat.util.net.NioEndpoint - Socket: [org.apache.tomcat.util.net.NioEndpoint$NioSocketWrapper@24a47fb9:org.apache.tomcat.util.net.NioChannel@2e5c14c9:java.nio.channels.SocketChannel[connected local=/0:0:0:0:0:0:0:1:8080 remote=/0:0:0:0:0:0:0:1:52357]], Read direct from socket: [0]
2020-07-15 19:52:18.821 63655 [http-nio-8080-exec-5] DEBUG o.a.coyote.http11.Http11Processor - Socket: [org.apache.tomcat.util.net.NioEndpoint$NioSocketWrapper@529de7a1:org.apache.tomcat.util.net.NioChannel@79cdec3:java.nio.channels.SocketChannel[connected local=/0:0:0:0:0:0:0:1:8080 remote=/0:0:0:0:0:0:0:1:52353]], Status in: [OPEN_READ], State out: [OPEN]
2020-07-15 19:52:18.821 63655 [http-nio-8080-exec-6] DEBUG o.a.coyote.http11.Http11Processor - Socket: [org.apache.tomcat.util.net.NioEndpoint$NioSocketWrapper@24a47fb9:org.apache.tomcat.util.net.NioChannel@2e5c14c9:java.nio.channels.SocketChannel[connected local=/0:0:0:0:0:0:0:1:8080 remote=/0:0:0:0:0:0:0:1:52357]], Status in: [OPEN_READ], State out: [OPEN]
2020-07-15 19:52:18.822 63656 [http-nio-8080-exec-5] DEBUG o.a.coyote.http11.Http11NioProtocol - Pushed Processor [org.apache.coyote.http11.Http11Processor@573f90c5]
2020-07-15 19:52:18.822 63656 [http-nio-8080-exec-5] DEBUG o.a.tomcat.util.net.NioEndpoint - Registered read interest for [org.apache.tomcat.util.net.NioEndpoint$NioSocketWrapper@529de7a1:org.apache.tomcat.util.net.NioChannel@79cdec3:java.nio.channels.SocketChannel[connected local=/0:0:0:0:0:0:0:1:8080 remote=/0:0:0:0:0:0:0:1:52353]]
2020-07-15 19:52:18.822 63656 [http-nio-8080-exec-6] DEBUG o.a.coyote.http11.Http11NioProtocol - Pushed Processor [org.apache.coyote.http11.Http11Processor@7a65cc3b]
2020-07-15 19:52:18.822 63656 [http-nio-8080-exec-6] DEBUG o.a.tomcat.util.net.NioEndpoint - Registered read interest for [org.apache.tomcat.util.net.NioEndpoint$NioSocketWrapper@24a47fb9:org.apache.tomcat.util.net.NioChannel@2e5c14c9:java.nio.channels.SocketChannel[connected local=/0:0:0:0:0:0:0:1:8080 remote=/0:0:0:0:0:0:0:1:52357]]
2020-07-15 19:52:19.822 64656 [http-nio-8080-ClientPoller] DEBUG o.a.tomcat.util.net.NioEndpoint - timeout completed: keys processed=3; now=1594853539822; nextExpiration=1594853539794; keyCount=0; hasEvents=false; eval=false
2020-07-15 19:52:20.822 65656 [http-nio-8080-ClientPoller] DEBUG o.a.tomcat.util.net.NioEndpoint - timeout completed: keys processed=3; now=1594853540822; nextExpiration=1594853540822; keyCount=0; hasEvents=false; eval=false
2020-07-15 19:52:21.822 66656 [http-nio-8080-ClientPoller] DEBUG o.a.tomcat.util.net.NioEndpoint - timeout completed: keys processed=3; now=1594853541822; nextExpiration=1594853541822; keyCount=0; hasEvents=false; eval=false
2020-07-15 19:52:22.332 67166 [http-nio-8080-exec-7] DEBUG o.a.coyote.http11.Http11NioProtocol - Processing socket [org.apache.tomcat.util.net.NioChannel@2e5c14c9:java.nio.channels.SocketChannel[connected local=/0:0:0:0:0:0:0:1:8080 remote=/0:0:0:0:0:0:0:1:52357]] with status [OPEN_READ]
2020-07-15 19:52:22.334 67168 [http-nio-8080-exec-7] DEBUG o.a.coyote.http11.Http11NioProtocol - Found processor [null] for socket [org.apache.tomcat.util.net.NioChannel@2e5c14c9:java.nio.channels.SocketChannel[connected local=/0:0:0:0:0:0:0:1:8080 remote=/0:0:0:0:0:0:0:1:52357]]
2020-07-15 19:52:22.334 67168 [http-nio-8080-exec-7] DEBUG o.a.coyote.http11.Http11NioProtocol - Popped processor [org.apache.coyote.http11.Http11Processor@7a65cc3b] from cache
2020-07-15 19:52:22.334 67168 [http-nio-8080-exec-7] DEBUG o.a.t.util.net.SocketWrapperBase - Socket: [org.apache.tomcat.util.net.NioEndpoint$NioSocketWrapper@24a47fb9:org.apache.tomcat.util.net.NioChannel@2e5c14c9:java.nio.channels.SocketChannel[connected local=/0:0:0:0:0:0:0:1:8080 remote=/0:0:0:0:0:0:0:1:52357]], Read from buffer: [0]
2020-07-15 19:52:22.334 67168 [http-nio-8080-exec-7] DEBUG o.a.tomcat.util.net.NioEndpoint - Socket: [org.apache.tomcat.util.net.NioEndpoint$NioSocketWrapper@24a47fb9:org.apache.tomcat.util.net.NioChannel@2e5c14c9:java.nio.channels.SocketChannel[connected local=/0:0:0:0:0:0:0:1:8080 remote=/0:0:0:0:0:0:0:1:52357]], Read direct from socket: [669]
2020-07-15 19:52:22.334 67168 [http-nio-8080-exec-7] DEBUG o.a.coyote.http11.Http11InputBuffer - Received [GET /login HTTP/1.1
Host: localhost:8080
Connection: keep-alive
Upgrade-Insecure-Requests: 1
User-Agent: Mozilla/5.0 (Windows NT 10.0; Win64; x64) AppleWebKit/537.36 (KHTML, like Gecko) Chrome/84.0.4147.89 Safari/537.36
Accept: text/html,application/xhtml+xml,application/xml;q=0.9,image/webp,image/apng,*/*;q=0.8,application/signed-exchange;v=b3;q=0.9
Sec-Fetch-Site: same-origin
Sec-Fetch-Mode: navigate
Sec-Fetch-User: ?1
Sec-Fetch-Dest: document
Referer: http://localhost:8080/
Accept-Encoding: gzip, deflate, br
Accept-Language: en-US,en;q=0.9
Cookie: Idea-4aed9f74=2b566d24-925d-415a-a965-059a11c42de1; JSESSIONID=2AD45E4911393EAA19C3299643E1FE14

]
2020-07-15 19:52:22.335 67169 [http-nio-8080-exec-7] DEBUG o.a.t.u.http.Rfc6265CookieProcessor - Cookies: Parsing b[]: Idea-4aed9f74=2b566d24-925d-415a-a965-059a11c42de1; JSESSIONID=2AD45E4911393EAA19C3299643E1FE14
2020-07-15 19:52:22.335 67169 [http-nio-8080-exec-7] DEBUG o.a.c.connector.CoyoteAdapter -  Requested cookie session id is 2AD45E4911393EAA19C3299643E1FE14
2020-07-15 19:52:22.335 67169 [http-nio-8080-exec-7] DEBUG o.a.c.a.AuthenticatorBase - Security checking request GET /login
2020-07-15 19:52:22.335 67169 [http-nio-8080-exec-7] DEBUG org.apache.catalina.realm.RealmBase -   No applicable constraints defined
2020-07-15 19:52:22.335 67169 [http-nio-8080-exec-7] DEBUG o.a.c.a.AuthenticatorBase - Not subject to any constraint
2020-07-15 19:52:22.335 67169 [http-nio-8080-exec-7] DEBUG o.a.catalina.core.StandardWrapper -   Returning non-STM instance
2020-07-15 19:52:22.336 67170 [http-nio-8080-exec-7] TRACE o.s.b.w.s.f.OrderedRequestContextFilter - Bound request context to thread: org.apache.catalina.connector.RequestFacade@3b58c600
2020-07-15 19:52:22.336 67170 [http-nio-8080-exec-7] DEBUG o.s.s.w.u.m.AntPathRequestMatcher - Checking match of request : '/login'; against '/resources/**'
2020-07-15 19:52:22.336 67170 [http-nio-8080-exec-7] DEBUG o.s.security.web.FilterChainProxy - /login at position 1 of 12 in additional filter chain; firing Filter: 'WebAsyncManagerIntegrationFilter'
2020-07-15 19:52:22.336 67170 [http-nio-8080-exec-7] DEBUG o.s.security.web.FilterChainProxy - /login at position 2 of 12 in additional filter chain; firing Filter: 'SecurityContextPersistenceFilter'
2020-07-15 19:52:22.336 67170 [http-nio-8080-exec-7] DEBUG o.s.s.w.c.HttpSessionSecurityContextRepository - No HttpSession currently exists
2020-07-15 19:52:22.336 67170 [http-nio-8080-exec-7] DEBUG o.s.s.w.c.HttpSessionSecurityContextRepository - No SecurityContext was available from the HttpSession: null. A new one will be created.
2020-07-15 19:52:22.336 67170 [http-nio-8080-exec-7] DEBUG o.s.security.web.FilterChainProxy - /login at position 3 of 12 in additional filter chain; firing Filter: 'HeaderWriterFilter'
2020-07-15 19:52:22.336 67170 [http-nio-8080-exec-7] DEBUG o.s.security.web.FilterChainProxy - /login at position 4 of 12 in additional filter chain; firing Filter: 'LogoutFilter'
2020-07-15 19:52:22.336 67170 [http-nio-8080-exec-7] DEBUG o.s.s.w.u.matcher.OrRequestMatcher - Trying to match using Ant [pattern='/logout', GET]
2020-07-15 19:52:22.336 67170 [http-nio-8080-exec-7] DEBUG o.s.s.w.u.m.AntPathRequestMatcher - Checking match of request : '/login'; against '/logout'
2020-07-15 19:52:22.336 67170 [http-nio-8080-exec-7] DEBUG o.s.s.w.u.matcher.OrRequestMatcher - Trying to match using Ant [pattern='/logout', POST]
2020-07-15 19:52:22.336 67170 [http-nio-8080-exec-7] DEBUG o.s.s.w.u.m.AntPathRequestMatcher - Request 'GET /login' doesn't match 'POST /logout'
2020-07-15 19:52:22.336 67170 [http-nio-8080-exec-7] DEBUG o.s.s.w.u.matcher.OrRequestMatcher - Trying to match using Ant [pattern='/logout', PUT]
2020-07-15 19:52:22.336 67170 [http-nio-8080-exec-7] DEBUG o.s.s.w.u.m.AntPathRequestMatcher - Request 'GET /login' doesn't match 'PUT /logout'
2020-07-15 19:52:22.336 67170 [http-nio-8080-exec-7] DEBUG o.s.s.w.u.matcher.OrRequestMatcher - Trying to match using Ant [pattern='/logout', DELETE]
2020-07-15 19:52:22.336 67170 [http-nio-8080-exec-7] DEBUG o.s.s.w.u.m.AntPathRequestMatcher - Request 'GET /login' doesn't match 'DELETE /logout'
2020-07-15 19:52:22.336 67170 [http-nio-8080-exec-7] DEBUG o.s.s.w.u.matcher.OrRequestMatcher - No matches found
2020-07-15 19:52:22.336 67170 [http-nio-8080-exec-7] DEBUG o.s.security.web.FilterChainProxy - /login at position 5 of 12 in additional filter chain; firing Filter: 'UsernamePasswordAuthenticationFilter'
2020-07-15 19:52:22.337 67171 [http-nio-8080-exec-7] DEBUG o.s.s.w.u.m.AntPathRequestMatcher - Request 'GET /login' doesn't match 'POST /login'
2020-07-15 19:52:22.337 67171 [http-nio-8080-exec-7] DEBUG o.s.security.web.FilterChainProxy - /login at position 6 of 12 in additional filter chain; firing Filter: 'BasicAuthenticationFilter'
2020-07-15 19:52:22.337 67171 [http-nio-8080-exec-7] DEBUG o.s.security.web.FilterChainProxy - /login at position 7 of 12 in additional filter chain; firing Filter: 'RequestCacheAwareFilter'
2020-07-15 19:52:22.337 67171 [http-nio-8080-exec-7] DEBUG o.s.s.w.s.HttpSessionRequestCache - saved request doesn't match
2020-07-15 19:52:22.337 67171 [http-nio-8080-exec-7] DEBUG o.s.security.web.FilterChainProxy - /login at position 8 of 12 in additional filter chain; firing Filter: 'SecurityContextHolderAwareRequestFilter'
2020-07-15 19:52:22.337 67171 [http-nio-8080-exec-7] DEBUG o.s.security.web.FilterChainProxy - /login at position 9 of 12 in additional filter chain; firing Filter: 'AnonymousAuthenticationFilter'
2020-07-15 19:52:22.337 67171 [http-nio-8080-exec-7] DEBUG o.s.s.w.a.AnonymousAuthenticationFilter - Populated SecurityContextHolder with anonymous token: 'org.springframework.security.authentication.AnonymousAuthenticationToken@cc90ac4f: Principal: anonymousUser; Credentials: [PROTECTED]; Authenticated: true; Details: org.springframework.security.web.authentication.WebAuthenticationDetails@b364: RemoteIpAddress: 0:0:0:0:0:0:0:1; SessionId: null; Granted Authorities: ROLE_ANONYMOUS'
2020-07-15 19:52:22.337 67171 [http-nio-8080-exec-7] DEBUG o.s.security.web.FilterChainProxy - /login at position 10 of 12 in additional filter chain; firing Filter: 'SessionManagementFilter'
2020-07-15 19:52:22.337 67171 [http-nio-8080-exec-7] DEBUG o.s.s.w.s.SessionManagementFilter - Requested session ID 2AD45E4911393EAA19C3299643E1FE14 is invalid.
2020-07-15 19:52:22.337 67171 [http-nio-8080-exec-7] DEBUG o.s.security.web.FilterChainProxy - /login at position 11 of 12 in additional filter chain; firing Filter: 'ExceptionTranslationFilter'
2020-07-15 19:52:22.337 67171 [http-nio-8080-exec-7] DEBUG o.s.security.web.FilterChainProxy - /login at position 12 of 12 in additional filter chain; firing Filter: 'FilterSecurityInterceptor'
2020-07-15 19:52:22.337 67171 [http-nio-8080-exec-7] DEBUG o.s.s.w.a.i.FilterSecurityInterceptor - Secure object: FilterInvocation: URL: /login; Attributes: [permitAll]
2020-07-15 19:52:22.337 67171 [http-nio-8080-exec-7] DEBUG o.s.s.w.a.i.FilterSecurityInterceptor - Previously Authenticated: org.springframework.security.authentication.AnonymousAuthenticationToken@cc90ac4f: Principal: anonymousUser; Credentials: [PROTECTED]; Authenticated: true; Details: org.springframework.security.web.authentication.WebAuthenticationDetails@b364: RemoteIpAddress: 0:0:0:0:0:0:0:1; SessionId: null; Granted Authorities: ROLE_ANONYMOUS
2020-07-15 19:52:22.337 67171 [http-nio-8080-exec-7] DEBUG o.s.s.access.vote.AffirmativeBased - Voter: org.springframework.security.web.access.expression.WebExpressionVoter@4d379b9d, returned: 1
2020-07-15 19:52:22.337 67171 [http-nio-8080-exec-7] DEBUG o.s.s.w.a.i.FilterSecurityInterceptor - Authorization successful
2020-07-15 19:52:22.337 67171 [http-nio-8080-exec-7] DEBUG o.s.s.w.a.i.FilterSecurityInterceptor - RunAsManager did not change Authentication object
2020-07-15 19:52:22.337 67171 [http-nio-8080-exec-7] DEBUG o.s.security.web.FilterChainProxy - /login reached end of additional filter chain; proceeding with original chain
2020-07-15 19:52:22.337 67171 [http-nio-8080-exec-7] DEBUG o.a.tomcat.util.http.Parameters - Set encoding to UTF-8
2020-07-15 19:52:22.337 67171 [http-nio-8080-exec-7] TRACE o.s.web.servlet.DispatcherServlet - GET "/login", parameters={}, headers={masked} in DispatcherServlet 'dispatcherServlet'
2020-07-15 19:52:22.338 67172 [http-nio-8080-exec-7] TRACE o.s.b.f.s.DefaultListableBeanFactory - Returning cached instance of singleton bean 'loginController'
2020-07-15 19:52:22.338 67172 [http-nio-8080-exec-7] TRACE o.s.w.s.m.m.a.RequestMappingHandlerMapping - Mapped to CSCI5308.GroupFormationTool.Security.LoginController#login(Model)
2020-07-15 19:52:22.338 67172 [http-nio-8080-exec-7] TRACE o.s.w.s.m.m.a.ServletInvocableHandlerMethod - Arguments: [{}]
2020-07-15 19:52:22.338 67172 [http-nio-8080-exec-7] INFO  C.G.Security.LoginController - Processing a request to load a login page.
2020-07-15 19:52:22.339 67173 [http-nio-8080-exec-7] TRACE o.t.s.view.ThymeleafViewResolver - [THYMELEAF] View login.html will be handled by ThymeleafViewResolver and a ThymeleafView instance will be created for it
2020-07-15 19:52:22.339 67173 [http-nio-8080-exec-7] TRACE o.s.b.f.s.DefaultListableBeanFactory - Invoking afterPropertiesSet() on bean with name 'login.html'
2020-07-15 19:52:22.340 67174 [http-nio-8080-exec-7] DEBUG o.s.w.s.v.ContentNegotiatingViewResolver - Selected 'text/html' given [text/html, application/xhtml+xml, image/webp, image/apng, application/xml;q=0.9, application/signed-exchange;v=b3;q=0.9, */*;q=0.8]
2020-07-15 19:52:22.340 67174 [http-nio-8080-exec-7] TRACE o.s.web.servlet.DispatcherServlet - Rendering view [org.thymeleaf.spring5.view.ThymeleafView@7ce176] 
2020-07-15 19:52:22.340 67174 [http-nio-8080-exec-7] TRACE o.s.b.f.s.DefaultListableBeanFactory - Returning cached instance of singleton bean 'requestDataValueProcessor'
2020-07-15 19:52:22.340 67174 [http-nio-8080-exec-7] TRACE org.thymeleaf.TemplateEngine - [THYMELEAF][http-nio-8080-exec-7] STARTING PROCESS OF TEMPLATE "login.html" WITH LOCALE en_US
2020-07-15 19:52:22.340 67174 [http-nio-8080-exec-7] TRACE o.t.T.cache.TEMPLATE_CACHE - [THYMELEAF][http-nio-8080-exec-7][TEMPLATE_CACHE][CACHE_MISS] Cache miss in cache "TEMPLATE_CACHE" for key "login.html".
2020-07-15 19:52:22.340 67174 [http-nio-8080-exec-7] TRACE o.thymeleaf.engine.TemplateManager - [THYMELEAF][http-nio-8080-exec-7] Template resolver match! Resolver "org.thymeleaf.spring5.templateresolver.SpringResourceTemplateResolver" will resolve template "login.html"
2020-07-15 19:52:22.341 67175 [http-nio-8080-exec-7] TRACE o.t.T.cache.EXPRESSION_CACHE - [THYMELEAF][http-nio-8080-exec-7][EXPRESSION_CACHE][CACHE_HIT] Cache hit in cache "EXPRESSION_CACHE" for key "expr|@{/styles/cssandjs/normalize.css}".
2020-07-15 19:52:22.341 67175 [http-nio-8080-exec-7] TRACE o.t.s.expression.LinkExpression - [THYMELEAF][http-nio-8080-exec-7] Evaluating link: "@{'/styles/cssandjs/normalize.css'}"
2020-07-15 19:52:22.341 67175 [http-nio-8080-exec-7] TRACE o.t.s.e.TextLiteralExpression - [THYMELEAF][http-nio-8080-exec-7] Evaluating text literal: "'/styles/cssandjs/normalize.css'"
2020-07-15 19:52:22.341 67175 [http-nio-8080-exec-7] TRACE o.t.T.cache.EXPRESSION_CACHE - [THYMELEAF][http-nio-8080-exec-7][EXPRESSION_CACHE][CACHE_HIT] Cache hit in cache "EXPRESSION_CACHE" for key "expr|@{/styles/cssandjs/main.css}".
2020-07-15 19:52:22.341 67175 [http-nio-8080-exec-7] TRACE o.t.s.expression.LinkExpression - [THYMELEAF][http-nio-8080-exec-7] Evaluating link: "@{'/styles/cssandjs/main.css'}"
2020-07-15 19:52:22.341 67175 [http-nio-8080-exec-7] TRACE o.t.s.e.TextLiteralExpression - [THYMELEAF][http-nio-8080-exec-7] Evaluating text literal: "'/styles/cssandjs/main.css'"
2020-07-15 19:52:22.341 67175 [http-nio-8080-exec-7] TRACE o.t.T.cache.EXPRESSION_CACHE - [THYMELEAF][http-nio-8080-exec-7][EXPRESSION_CACHE][CACHE_MISS] Cache miss in cache "EXPRESSION_CACHE" for key "expr|${param.error}".
2020-07-15 19:52:22.343 67177 [http-nio-8080-exec-7] TRACE o.t.T.cache.EXPRESSION_CACHE - [THYMELEAF][http-nio-8080-exec-7][EXPRESSION_CACHE][CACHE_ADD][4] Adding cache entry in cache "EXPRESSION_CACHE" for key "expr|${param.error}". New size is 4.
2020-07-15 19:52:22.343 67177 [http-nio-8080-exec-7] TRACE o.t.s.expression.VariableExpression - [THYMELEAF][http-nio-8080-exec-7] Evaluating variable expression: "${param.error}"
2020-07-15 19:52:22.343 67177 [http-nio-8080-exec-7] TRACE o.t.s.e.SPELVariableExpressionEvaluator - [THYMELEAF][http-nio-8080-exec-7] SpringEL expression: evaluating expression "param.error" on target
2020-07-15 19:52:22.343 67177 [http-nio-8080-exec-7] TRACE o.t.T.cache.EXPRESSION_CACHE - [THYMELEAF][http-nio-8080-exec-7][EXPRESSION_CACHE][CACHE_MISS] Cache miss in cache "EXPRESSION_CACHE" for key "spel|param.error".
2020-07-15 19:52:22.344 67178 [http-nio-8080-exec-7] TRACE o.t.T.cache.EXPRESSION_CACHE - [THYMELEAF][http-nio-8080-exec-7][EXPRESSION_CACHE][CACHE_ADD][5] Adding cache entry in cache "EXPRESSION_CACHE" for key "spel|param.error". New size is 5.
2020-07-15 19:52:22.346 67180 [http-nio-8080-exec-7] TRACE o.t.T.cache.EXPRESSION_CACHE - [THYMELEAF][http-nio-8080-exec-7][EXPRESSION_CACHE][CACHE_MISS] Cache miss in cache "EXPRESSION_CACHE" for key "expr|${param.logout}".
2020-07-15 19:52:22.346 67180 [http-nio-8080-exec-7] TRACE o.t.T.cache.EXPRESSION_CACHE - [THYMELEAF][http-nio-8080-exec-7][EXPRESSION_CACHE][CACHE_ADD][6] Adding cache entry in cache "EXPRESSION_CACHE" for key "expr|${param.logout}". New size is 6.
2020-07-15 19:52:22.346 67180 [http-nio-8080-exec-7] TRACE o.t.s.expression.VariableExpression - [THYMELEAF][http-nio-8080-exec-7] Evaluating variable expression: "${param.logout}"
2020-07-15 19:52:22.346 67180 [http-nio-8080-exec-7] TRACE o.t.s.e.SPELVariableExpressionEvaluator - [THYMELEAF][http-nio-8080-exec-7] SpringEL expression: evaluating expression "param.logout" on target
2020-07-15 19:52:22.346 67180 [http-nio-8080-exec-7] TRACE o.t.T.cache.EXPRESSION_CACHE - [THYMELEAF][http-nio-8080-exec-7][EXPRESSION_CACHE][CACHE_MISS] Cache miss in cache "EXPRESSION_CACHE" for key "spel|param.logout".
2020-07-15 19:52:22.346 67180 [http-nio-8080-exec-7] TRACE o.t.T.cache.EXPRESSION_CACHE - [THYMELEAF][http-nio-8080-exec-7][EXPRESSION_CACHE][CACHE_ADD][7] Adding cache entry in cache "EXPRESSION_CACHE" for key "spel|param.logout". New size is 7.
2020-07-15 19:52:22.347 67181 [http-nio-8080-exec-7] TRACE o.t.T.cache.EXPRESSION_CACHE - [THYMELEAF][http-nio-8080-exec-7][EXPRESSION_CACHE][CACHE_HIT] Cache hit in cache "EXPRESSION_CACHE" for key "expr|@{/login}".
2020-07-15 19:52:22.347 67181 [http-nio-8080-exec-7] TRACE o.t.s.expression.LinkExpression - [THYMELEAF][http-nio-8080-exec-7] Evaluating link: "@{'/login'}"
2020-07-15 19:52:22.347 67181 [http-nio-8080-exec-7] TRACE o.t.s.e.TextLiteralExpression - [THYMELEAF][http-nio-8080-exec-7] Evaluating text literal: "'/login'"
2020-07-15 19:52:22.348 67182 [http-nio-8080-exec-7] TRACE o.t.T.cache.EXPRESSION_CACHE - [THYMELEAF][http-nio-8080-exec-7][EXPRESSION_CACHE][CACHE_MISS] Cache miss in cache "EXPRESSION_CACHE" for key "expr|@{signup}".
2020-07-15 19:52:22.349 67183 [http-nio-8080-exec-7] TRACE o.t.T.cache.EXPRESSION_CACHE - [THYMELEAF][http-nio-8080-exec-7][EXPRESSION_CACHE][CACHE_ADD][8] Adding cache entry in cache "EXPRESSION_CACHE" for key "expr|@{signup}". New size is 8.
2020-07-15 19:52:22.349 67183 [http-nio-8080-exec-7] TRACE o.t.s.expression.LinkExpression - [THYMELEAF][http-nio-8080-exec-7] Evaluating link: "@{signup}"
2020-07-15 19:52:22.349 67183 [http-nio-8080-exec-7] TRACE o.t.s.e.GenericTokenExpression - [THYMELEAF][http-nio-8080-exec-7] Evaluating generic token: "signup"
2020-07-15 19:52:22.350 67184 [http-nio-8080-exec-7] TRACE org.thymeleaf.TemplateEngine - [THYMELEAF][http-nio-8080-exec-7] FINISHED PROCESS AND OUTPUT OF TEMPLATE "login.html" WITH LOCALE en_US
2020-07-15 19:52:22.350 67184 [http-nio-8080-exec-7] TRACE org.thymeleaf.TemplateEngine.TIMER - [THYMELEAF][http-nio-8080-exec-7][login.html][en_US][9898100][10] TEMPLATE "login.html" WITH LOCALE en_US PROCESSED IN 9898100 nanoseconds (approx. 10ms)
2020-07-15 19:52:22.350 67184 [http-nio-8080-exec-7] DEBUG o.s.s.w.h.writers.HstsHeaderWriter - Not injecting HSTS header since it did not match the requestMatcher org.springframework.security.web.header.writers.HstsHeaderWriter$SecureRequestMatcher@31e22306
2020-07-15 19:52:22.350 67184 [http-nio-8080-exec-7] DEBUG o.s.s.w.c.HttpSessionSecurityContextRepository - SecurityContext is empty or contents are anonymous - context will not be stored in HttpSession.
2020-07-15 19:52:22.350 67184 [http-nio-8080-exec-7] DEBUG o.s.web.servlet.DispatcherServlet - Completed 200 OK, headers={masked}
2020-07-15 19:52:22.350 67184 [http-nio-8080-exec-7] DEBUG o.s.s.w.a.ExceptionTranslationFilter - Chain processed normally
2020-07-15 19:52:22.350 67184 [http-nio-8080-exec-7] DEBUG o.s.s.w.c.SecurityContextPersistenceFilter - SecurityContextHolder now cleared, as request processing completed
2020-07-15 19:52:22.350 67184 [http-nio-8080-exec-7] TRACE o.s.b.w.s.f.OrderedRequestContextFilter - Cleared thread-bound request context: org.apache.catalina.connector.RequestFacade@3b58c600
2020-07-15 19:52:22.351 67185 [http-nio-8080-exec-7] DEBUG o.a.t.util.net.SocketWrapperBase - Socket: [org.apache.tomcat.util.net.NioEndpoint$NioSocketWrapper@24a47fb9:org.apache.tomcat.util.net.NioChannel@2e5c14c9:java.nio.channels.SocketChannel[connected local=/0:0:0:0:0:0:0:1:8080 remote=/0:0:0:0:0:0:0:1:52357]], Read from buffer: [0]
2020-07-15 19:52:22.351 67185 [http-nio-8080-exec-7] DEBUG o.a.tomcat.util.net.NioEndpoint - Socket: [org.apache.tomcat.util.net.NioEndpoint$NioSocketWrapper@24a47fb9:org.apache.tomcat.util.net.NioChannel@2e5c14c9:java.nio.channels.SocketChannel[connected local=/0:0:0:0:0:0:0:1:8080 remote=/0:0:0:0:0:0:0:1:52357]], Read direct from socket: [0]
2020-07-15 19:52:22.351 67185 [http-nio-8080-exec-7] DEBUG o.a.coyote.http11.Http11Processor - Socket: [org.apache.tomcat.util.net.NioEndpoint$NioSocketWrapper@24a47fb9:org.apache.tomcat.util.net.NioChannel@2e5c14c9:java.nio.channels.SocketChannel[connected local=/0:0:0:0:0:0:0:1:8080 remote=/0:0:0:0:0:0:0:1:52357]], Status in: [OPEN_READ], State out: [OPEN]
2020-07-15 19:52:22.351 67185 [http-nio-8080-exec-7] DEBUG o.a.coyote.http11.Http11NioProtocol - Pushed Processor [org.apache.coyote.http11.Http11Processor@7a65cc3b]
2020-07-15 19:52:22.351 67185 [http-nio-8080-exec-7] DEBUG o.a.tomcat.util.net.NioEndpoint - Registered read interest for [org.apache.tomcat.util.net.NioEndpoint$NioSocketWrapper@24a47fb9:org.apache.tomcat.util.net.NioChannel@2e5c14c9:java.nio.channels.SocketChannel[connected local=/0:0:0:0:0:0:0:1:8080 remote=/0:0:0:0:0:0:0:1:52357]]
2020-07-15 19:52:22.366 67200 [http-nio-8080-exec-8] DEBUG o.a.coyote.http11.Http11NioProtocol - Processing socket [org.apache.tomcat.util.net.NioChannel@2e5c14c9:java.nio.channels.SocketChannel[connected local=/0:0:0:0:0:0:0:1:8080 remote=/0:0:0:0:0:0:0:1:52357]] with status [OPEN_READ]
2020-07-15 19:52:22.366 67200 [http-nio-8080-exec-8] DEBUG o.a.coyote.http11.Http11NioProtocol - Found processor [null] for socket [org.apache.tomcat.util.net.NioChannel@2e5c14c9:java.nio.channels.SocketChannel[connected local=/0:0:0:0:0:0:0:1:8080 remote=/0:0:0:0:0:0:0:1:52357]]
2020-07-15 19:52:22.366 67200 [http-nio-8080-exec-9] DEBUG o.a.coyote.http11.Http11NioProtocol - Processing socket [org.apache.tomcat.util.net.NioChannel@79cdec3:java.nio.channels.SocketChannel[connected local=/0:0:0:0:0:0:0:1:8080 remote=/0:0:0:0:0:0:0:1:52353]] with status [OPEN_READ]
2020-07-15 19:52:22.366 67200 [http-nio-8080-exec-8] DEBUG o.a.coyote.http11.Http11NioProtocol - Popped processor [org.apache.coyote.http11.Http11Processor@7a65cc3b] from cache
2020-07-15 19:52:22.366 67200 [http-nio-8080-exec-9] DEBUG o.a.coyote.http11.Http11NioProtocol - Found processor [null] for socket [org.apache.tomcat.util.net.NioChannel@79cdec3:java.nio.channels.SocketChannel[connected local=/0:0:0:0:0:0:0:1:8080 remote=/0:0:0:0:0:0:0:1:52353]]
2020-07-15 19:52:22.366 67200 [http-nio-8080-exec-9] DEBUG o.a.coyote.http11.Http11NioProtocol - Popped processor [org.apache.coyote.http11.Http11Processor@573f90c5] from cache
2020-07-15 19:52:22.366 67200 [http-nio-8080-exec-8] DEBUG o.a.t.util.net.SocketWrapperBase - Socket: [org.apache.tomcat.util.net.NioEndpoint$NioSocketWrapper@24a47fb9:org.apache.tomcat.util.net.NioChannel@2e5c14c9:java.nio.channels.SocketChannel[connected local=/0:0:0:0:0:0:0:1:8080 remote=/0:0:0:0:0:0:0:1:52357]], Read from buffer: [0]
2020-07-15 19:52:22.366 67200 [http-nio-8080-exec-9] DEBUG o.a.t.util.net.SocketWrapperBase - Socket: [org.apache.tomcat.util.net.NioEndpoint$NioSocketWrapper@529de7a1:org.apache.tomcat.util.net.NioChannel@79cdec3:java.nio.channels.SocketChannel[connected local=/0:0:0:0:0:0:0:1:8080 remote=/0:0:0:0:0:0:0:1:52353]], Read from buffer: [0]
2020-07-15 19:52:22.367 67201 [http-nio-8080-exec-9] DEBUG o.a.tomcat.util.net.NioEndpoint - Socket: [org.apache.tomcat.util.net.NioEndpoint$NioSocketWrapper@529de7a1:org.apache.tomcat.util.net.NioChannel@79cdec3:java.nio.channels.SocketChannel[connected local=/0:0:0:0:0:0:0:1:8080 remote=/0:0:0:0:0:0:0:1:52353]], Read direct from socket: [533]
2020-07-15 19:52:22.367 67201 [http-nio-8080-exec-8] DEBUG o.a.tomcat.util.net.NioEndpoint - Socket: [org.apache.tomcat.util.net.NioEndpoint$NioSocketWrapper@24a47fb9:org.apache.tomcat.util.net.NioChannel@2e5c14c9:java.nio.channels.SocketChannel[connected local=/0:0:0:0:0:0:0:1:8080 remote=/0:0:0:0:0:0:0:1:52357]], Read direct from socket: [538]
2020-07-15 19:52:22.367 67201 [http-nio-8080-exec-9] DEBUG o.a.coyote.http11.Http11InputBuffer - Received [GET /styles/cssandjs/main.css HTTP/1.1
Host: localhost:8080
Connection: keep-alive
User-Agent: Mozilla/5.0 (Windows NT 10.0; Win64; x64) AppleWebKit/537.36 (KHTML, like Gecko) Chrome/84.0.4147.89 Safari/537.36
Accept: text/css,*/*;q=0.1
Sec-Fetch-Site: same-origin
Sec-Fetch-Mode: no-cors
Sec-Fetch-Dest: style
Referer: http://localhost:8080/login
Accept-Encoding: gzip, deflate, br
Accept-Language: en-US,en;q=0.9
Cookie: Idea-4aed9f74=2b566d24-925d-415a-a965-059a11c42de1; JSESSIONID=2AD45E4911393EAA19C3299643E1FE14

]
2020-07-15 19:52:22.367 67201 [http-nio-8080-exec-8] DEBUG o.a.coyote.http11.Http11InputBuffer - Received [GET /styles/cssandjs/normalize.css HTTP/1.1
Host: localhost:8080
Connection: keep-alive
User-Agent: Mozilla/5.0 (Windows NT 10.0; Win64; x64) AppleWebKit/537.36 (KHTML, like Gecko) Chrome/84.0.4147.89 Safari/537.36
Accept: text/css,*/*;q=0.1
Sec-Fetch-Site: same-origin
Sec-Fetch-Mode: no-cors
Sec-Fetch-Dest: style
Referer: http://localhost:8080/login
Accept-Encoding: gzip, deflate, br
Accept-Language: en-US,en;q=0.9
Cookie: Idea-4aed9f74=2b566d24-925d-415a-a965-059a11c42de1; JSESSIONID=2AD45E4911393EAA19C3299643E1FE14

]
2020-07-15 19:52:22.367 67201 [http-nio-8080-exec-8] DEBUG o.a.t.u.http.Rfc6265CookieProcessor - Cookies: Parsing b[]: Idea-4aed9f74=2b566d24-925d-415a-a965-059a11c42de1; JSESSIONID=2AD45E4911393EAA19C3299643E1FE14
2020-07-15 19:52:22.367 67201 [http-nio-8080-exec-8] DEBUG o.a.c.connector.CoyoteAdapter -  Requested cookie session id is 2AD45E4911393EAA19C3299643E1FE14
2020-07-15 19:52:22.367 67201 [http-nio-8080-exec-8] DEBUG o.a.c.a.AuthenticatorBase - Security checking request GET /styles/cssandjs/normalize.css
2020-07-15 19:52:22.367 67201 [http-nio-8080-exec-9] DEBUG o.a.t.u.http.Rfc6265CookieProcessor - Cookies: Parsing b[]: Idea-4aed9f74=2b566d24-925d-415a-a965-059a11c42de1; JSESSIONID=2AD45E4911393EAA19C3299643E1FE14
2020-07-15 19:52:22.367 67201 [http-nio-8080-exec-8] DEBUG org.apache.catalina.realm.RealmBase -   No applicable constraints defined
2020-07-15 19:52:22.368 67202 [http-nio-8080-exec-8] DEBUG o.a.c.a.AuthenticatorBase - Not subject to any constraint
2020-07-15 19:52:22.368 67202 [http-nio-8080-exec-8] DEBUG o.a.catalina.core.StandardWrapper -   Returning non-STM instance
2020-07-15 19:52:22.368 67202 [http-nio-8080-exec-9] DEBUG o.a.c.connector.CoyoteAdapter -  Requested cookie session id is 2AD45E4911393EAA19C3299643E1FE14
2020-07-15 19:52:22.368 67202 [http-nio-8080-exec-8] TRACE o.s.b.w.s.f.OrderedRequestContextFilter - Bound request context to thread: org.apache.catalina.connector.RequestFacade@3b58c600
2020-07-15 19:52:22.368 67202 [http-nio-8080-exec-9] DEBUG o.a.c.a.AuthenticatorBase - Security checking request GET /styles/cssandjs/main.css
2020-07-15 19:52:22.369 67203 [http-nio-8080-exec-8] DEBUG o.s.s.w.u.m.AntPathRequestMatcher - Checking match of request : '/styles/cssandjs/normalize.css'; against '/resources/**'
2020-07-15 19:52:22.369 67203 [http-nio-8080-exec-9] DEBUG org.apache.catalina.realm.RealmBase -   No applicable constraints defined
2020-07-15 19:52:22.369 67203 [http-nio-8080-exec-8] DEBUG o.s.security.web.FilterChainProxy - /styles/cssandjs/normalize.css at position 1 of 12 in additional filter chain; firing Filter: 'WebAsyncManagerIntegrationFilter'
2020-07-15 19:52:22.369 67203 [http-nio-8080-exec-9] DEBUG o.a.c.a.AuthenticatorBase - Not subject to any constraint
2020-07-15 19:52:22.369 67203 [http-nio-8080-exec-8] DEBUG o.s.security.web.FilterChainProxy - /styles/cssandjs/normalize.css at position 2 of 12 in additional filter chain; firing Filter: 'SecurityContextPersistenceFilter'
2020-07-15 19:52:22.369 67203 [http-nio-8080-exec-8] DEBUG o.s.s.w.c.HttpSessionSecurityContextRepository - No HttpSession currently exists
2020-07-15 19:52:22.369 67203 [http-nio-8080-exec-9] DEBUG o.a.catalina.core.StandardWrapper -   Returning non-STM instance
2020-07-15 19:52:22.369 67203 [http-nio-8080-exec-8] DEBUG o.s.s.w.c.HttpSessionSecurityContextRepository - No SecurityContext was available from the HttpSession: null. A new one will be created.
2020-07-15 19:52:22.369 67203 [http-nio-8080-exec-8] DEBUG o.s.security.web.FilterChainProxy - /styles/cssandjs/normalize.css at position 3 of 12 in additional filter chain; firing Filter: 'HeaderWriterFilter'
2020-07-15 19:52:22.369 67203 [http-nio-8080-exec-8] DEBUG o.s.security.web.FilterChainProxy - /styles/cssandjs/normalize.css at position 4 of 12 in additional filter chain; firing Filter: 'LogoutFilter'
2020-07-15 19:52:22.369 67203 [http-nio-8080-exec-8] DEBUG o.s.s.w.u.matcher.OrRequestMatcher - Trying to match using Ant [pattern='/logout', GET]
2020-07-15 19:52:22.369 67203 [http-nio-8080-exec-8] DEBUG o.s.s.w.u.m.AntPathRequestMatcher - Checking match of request : '/styles/cssandjs/normalize.css'; against '/logout'
2020-07-15 19:52:22.369 67203 [http-nio-8080-exec-8] DEBUG o.s.s.w.u.matcher.OrRequestMatcher - Trying to match using Ant [pattern='/logout', POST]
2020-07-15 19:52:22.369 67203 [http-nio-8080-exec-8] DEBUG o.s.s.w.u.m.AntPathRequestMatcher - Request 'GET /styles/cssandjs/normalize.css' doesn't match 'POST /logout'
2020-07-15 19:52:22.369 67203 [http-nio-8080-exec-8] DEBUG o.s.s.w.u.matcher.OrRequestMatcher - Trying to match using Ant [pattern='/logout', PUT]
2020-07-15 19:52:22.369 67203 [http-nio-8080-exec-8] DEBUG o.s.s.w.u.m.AntPathRequestMatcher - Request 'GET /styles/cssandjs/normalize.css' doesn't match 'PUT /logout'
2020-07-15 19:52:22.369 67203 [http-nio-8080-exec-8] DEBUG o.s.s.w.u.matcher.OrRequestMatcher - Trying to match using Ant [pattern='/logout', DELETE]
2020-07-15 19:52:22.369 67203 [http-nio-8080-exec-8] DEBUG o.s.s.w.u.m.AntPathRequestMatcher - Request 'GET /styles/cssandjs/normalize.css' doesn't match 'DELETE /logout'
2020-07-15 19:52:22.369 67203 [http-nio-8080-exec-8] DEBUG o.s.s.w.u.matcher.OrRequestMatcher - No matches found
2020-07-15 19:52:22.369 67203 [http-nio-8080-exec-9] TRACE o.s.b.w.s.f.OrderedRequestContextFilter - Bound request context to thread: org.apache.catalina.connector.RequestFacade@3de577
2020-07-15 19:52:22.369 67203 [http-nio-8080-exec-8] DEBUG o.s.security.web.FilterChainProxy - /styles/cssandjs/normalize.css at position 5 of 12 in additional filter chain; firing Filter: 'UsernamePasswordAuthenticationFilter'
2020-07-15 19:52:22.369 67203 [http-nio-8080-exec-8] DEBUG o.s.s.w.u.m.AntPathRequestMatcher - Request 'GET /styles/cssandjs/normalize.css' doesn't match 'POST /login'
2020-07-15 19:52:22.369 67203 [http-nio-8080-exec-8] DEBUG o.s.security.web.FilterChainProxy - /styles/cssandjs/normalize.css at position 6 of 12 in additional filter chain; firing Filter: 'BasicAuthenticationFilter'
2020-07-15 19:52:22.369 67203 [http-nio-8080-exec-9] DEBUG o.s.s.w.u.m.AntPathRequestMatcher - Checking match of request : '/styles/cssandjs/main.css'; against '/resources/**'
2020-07-15 19:52:22.369 67203 [http-nio-8080-exec-9] DEBUG o.s.security.web.FilterChainProxy - /styles/cssandjs/main.css at position 1 of 12 in additional filter chain; firing Filter: 'WebAsyncManagerIntegrationFilter'
2020-07-15 19:52:22.369 67203 [http-nio-8080-exec-8] DEBUG o.s.security.web.FilterChainProxy - /styles/cssandjs/normalize.css at position 7 of 12 in additional filter chain; firing Filter: 'RequestCacheAwareFilter'
2020-07-15 19:52:22.369 67203 [http-nio-8080-exec-9] DEBUG o.s.security.web.FilterChainProxy - /styles/cssandjs/main.css at position 2 of 12 in additional filter chain; firing Filter: 'SecurityContextPersistenceFilter'
2020-07-15 19:52:22.369 67203 [http-nio-8080-exec-8] DEBUG o.s.s.w.s.HttpSessionRequestCache - saved request doesn't match
2020-07-15 19:52:22.370 67204 [http-nio-8080-exec-8] DEBUG o.s.security.web.FilterChainProxy - /styles/cssandjs/normalize.css at position 8 of 12 in additional filter chain; firing Filter: 'SecurityContextHolderAwareRequestFilter'
2020-07-15 19:52:22.370 67204 [http-nio-8080-exec-9] DEBUG o.s.s.w.c.HttpSessionSecurityContextRepository - No HttpSession currently exists
2020-07-15 19:52:22.370 67204 [http-nio-8080-exec-8] DEBUG o.s.security.web.FilterChainProxy - /styles/cssandjs/normalize.css at position 9 of 12 in additional filter chain; firing Filter: 'AnonymousAuthenticationFilter'
2020-07-15 19:52:22.370 67204 [http-nio-8080-exec-9] DEBUG o.s.s.w.c.HttpSessionSecurityContextRepository - No SecurityContext was available from the HttpSession: null. A new one will be created.
2020-07-15 19:52:22.370 67204 [http-nio-8080-exec-9] DEBUG o.s.security.web.FilterChainProxy - /styles/cssandjs/main.css at position 3 of 12 in additional filter chain; firing Filter: 'HeaderWriterFilter'
2020-07-15 19:52:22.370 67204 [http-nio-8080-exec-8] DEBUG o.s.s.w.a.AnonymousAuthenticationFilter - Populated SecurityContextHolder with anonymous token: 'org.springframework.security.authentication.AnonymousAuthenticationToken@cc90ac4f: Principal: anonymousUser; Credentials: [PROTECTED]; Authenticated: true; Details: org.springframework.security.web.authentication.WebAuthenticationDetails@b364: RemoteIpAddress: 0:0:0:0:0:0:0:1; SessionId: null; Granted Authorities: ROLE_ANONYMOUS'
2020-07-15 19:52:22.370 67204 [http-nio-8080-exec-8] DEBUG o.s.security.web.FilterChainProxy - /styles/cssandjs/normalize.css at position 10 of 12 in additional filter chain; firing Filter: 'SessionManagementFilter'
2020-07-15 19:52:22.370 67204 [http-nio-8080-exec-8] DEBUG o.s.s.w.s.SessionManagementFilter - Requested session ID 2AD45E4911393EAA19C3299643E1FE14 is invalid.
2020-07-15 19:52:22.370 67204 [http-nio-8080-exec-9] DEBUG o.s.security.web.FilterChainProxy - /styles/cssandjs/main.css at position 4 of 12 in additional filter chain; firing Filter: 'LogoutFilter'
2020-07-15 19:52:22.370 67204 [http-nio-8080-exec-8] DEBUG o.s.security.web.FilterChainProxy - /styles/cssandjs/normalize.css at position 11 of 12 in additional filter chain; firing Filter: 'ExceptionTranslationFilter'
2020-07-15 19:52:22.370 67204 [http-nio-8080-exec-9] DEBUG o.s.s.w.u.matcher.OrRequestMatcher - Trying to match using Ant [pattern='/logout', GET]
2020-07-15 19:52:22.370 67204 [http-nio-8080-exec-8] DEBUG o.s.security.web.FilterChainProxy - /styles/cssandjs/normalize.css at position 12 of 12 in additional filter chain; firing Filter: 'FilterSecurityInterceptor'
2020-07-15 19:52:22.370 67204 [http-nio-8080-exec-9] DEBUG o.s.s.w.u.m.AntPathRequestMatcher - Checking match of request : '/styles/cssandjs/main.css'; against '/logout'
2020-07-15 19:52:22.370 67204 [http-nio-8080-exec-8] DEBUG o.s.s.w.u.matcher.OrRequestMatcher - Trying to match using Ant [pattern='/logout', GET]
2020-07-15 19:52:22.370 67204 [http-nio-8080-exec-9] DEBUG o.s.s.w.u.matcher.OrRequestMatcher - Trying to match using Ant [pattern='/logout', POST]
2020-07-15 19:52:22.370 67204 [http-nio-8080-exec-8] DEBUG o.s.s.w.u.m.AntPathRequestMatcher - Checking match of request : '/styles/cssandjs/normalize.css'; against '/logout'
2020-07-15 19:52:22.370 67204 [http-nio-8080-exec-9] DEBUG o.s.s.w.u.m.AntPathRequestMatcher - Request 'GET /styles/cssandjs/main.css' doesn't match 'POST /logout'
2020-07-15 19:52:22.370 67204 [http-nio-8080-exec-8] DEBUG o.s.s.w.u.matcher.OrRequestMatcher - Trying to match using Ant [pattern='/logout', POST]
2020-07-15 19:52:22.370 67204 [http-nio-8080-exec-9] DEBUG o.s.s.w.u.matcher.OrRequestMatcher - Trying to match using Ant [pattern='/logout', PUT]
2020-07-15 19:52:22.370 67204 [http-nio-8080-exec-8] DEBUG o.s.s.w.u.m.AntPathRequestMatcher - Request 'GET /styles/cssandjs/normalize.css' doesn't match 'POST /logout'
2020-07-15 19:52:22.370 67204 [http-nio-8080-exec-9] DEBUG o.s.s.w.u.m.AntPathRequestMatcher - Request 'GET /styles/cssandjs/main.css' doesn't match 'PUT /logout'
2020-07-15 19:52:22.370 67204 [http-nio-8080-exec-8] DEBUG o.s.s.w.u.matcher.OrRequestMatcher - Trying to match using Ant [pattern='/logout', PUT]
2020-07-15 19:52:22.370 67204 [http-nio-8080-exec-8] DEBUG o.s.s.w.u.m.AntPathRequestMatcher - Request 'GET /styles/cssandjs/normalize.css' doesn't match 'PUT /logout'
2020-07-15 19:52:22.370 67204 [http-nio-8080-exec-8] DEBUG o.s.s.w.u.matcher.OrRequestMatcher - Trying to match using Ant [pattern='/logout', DELETE]
2020-07-15 19:52:22.370 67204 [http-nio-8080-exec-8] DEBUG o.s.s.w.u.m.AntPathRequestMatcher - Request 'GET /styles/cssandjs/normalize.css' doesn't match 'DELETE /logout'
2020-07-15 19:52:22.370 67204 [http-nio-8080-exec-8] DEBUG o.s.s.w.u.matcher.OrRequestMatcher - No matches found
2020-07-15 19:52:22.370 67204 [http-nio-8080-exec-8] DEBUG o.s.s.w.u.m.AntPathRequestMatcher - Checking match of request : '/styles/cssandjs/normalize.css'; against '/admin/**'
2020-07-15 19:52:22.370 67204 [http-nio-8080-exec-8] DEBUG o.s.s.w.u.m.AntPathRequestMatcher - Checking match of request : '/styles/cssandjs/normalize.css'; against '/public/**'
2020-07-15 19:52:22.370 67204 [http-nio-8080-exec-9] DEBUG o.s.s.w.u.matcher.OrRequestMatcher - Trying to match using Ant [pattern='/logout', DELETE]
2020-07-15 19:52:22.370 67204 [http-nio-8080-exec-8] DEBUG o.s.s.w.u.m.AntPathRequestMatcher - Request '/styles/cssandjs/normalize.css' matched by universal pattern '/**'
2020-07-15 19:52:22.370 67204 [http-nio-8080-exec-9] DEBUG o.s.s.w.u.m.AntPathRequestMatcher - Request 'GET /styles/cssandjs/main.css' doesn't match 'DELETE /logout'
2020-07-15 19:52:22.370 67204 [http-nio-8080-exec-9] DEBUG o.s.s.w.u.matcher.OrRequestMatcher - No matches found
2020-07-15 19:52:22.370 67204 [http-nio-8080-exec-8] DEBUG o.s.s.w.a.i.FilterSecurityInterceptor - Secure object: FilterInvocation: URL: /styles/cssandjs/normalize.css; Attributes: [permitAll]
2020-07-15 19:52:22.370 67204 [http-nio-8080-exec-9] DEBUG o.s.security.web.FilterChainProxy - /styles/cssandjs/main.css at position 5 of 12 in additional filter chain; firing Filter: 'UsernamePasswordAuthenticationFilter'
2020-07-15 19:52:22.370 67204 [http-nio-8080-exec-9] DEBUG o.s.s.w.u.m.AntPathRequestMatcher - Request 'GET /styles/cssandjs/main.css' doesn't match 'POST /login'
2020-07-15 19:52:22.370 67204 [http-nio-8080-exec-9] DEBUG o.s.security.web.FilterChainProxy - /styles/cssandjs/main.css at position 6 of 12 in additional filter chain; firing Filter: 'BasicAuthenticationFilter'
2020-07-15 19:52:22.370 67204 [http-nio-8080-exec-8] DEBUG o.s.s.w.a.i.FilterSecurityInterceptor - Previously Authenticated: org.springframework.security.authentication.AnonymousAuthenticationToken@cc90ac4f: Principal: anonymousUser; Credentials: [PROTECTED]; Authenticated: true; Details: org.springframework.security.web.authentication.WebAuthenticationDetails@b364: RemoteIpAddress: 0:0:0:0:0:0:0:1; SessionId: null; Granted Authorities: ROLE_ANONYMOUS
2020-07-15 19:52:22.370 67204 [http-nio-8080-exec-9] DEBUG o.s.security.web.FilterChainProxy - /styles/cssandjs/main.css at position 7 of 12 in additional filter chain; firing Filter: 'RequestCacheAwareFilter'
2020-07-15 19:52:22.370 67204 [http-nio-8080-exec-9] DEBUG o.s.s.w.s.HttpSessionRequestCache - saved request doesn't match
2020-07-15 19:52:22.370 67204 [http-nio-8080-exec-9] DEBUG o.s.security.web.FilterChainProxy - /styles/cssandjs/main.css at position 8 of 12 in additional filter chain; firing Filter: 'SecurityContextHolderAwareRequestFilter'
2020-07-15 19:52:22.370 67204 [http-nio-8080-exec-9] DEBUG o.s.security.web.FilterChainProxy - /styles/cssandjs/main.css at position 9 of 12 in additional filter chain; firing Filter: 'AnonymousAuthenticationFilter'
2020-07-15 19:52:22.370 67204 [http-nio-8080-exec-9] DEBUG o.s.s.w.a.AnonymousAuthenticationFilter - Populated SecurityContextHolder with anonymous token: 'org.springframework.security.authentication.AnonymousAuthenticationToken@cc90ac4f: Principal: anonymousUser; Credentials: [PROTECTED]; Authenticated: true; Details: org.springframework.security.web.authentication.WebAuthenticationDetails@b364: RemoteIpAddress: 0:0:0:0:0:0:0:1; SessionId: null; Granted Authorities: ROLE_ANONYMOUS'
2020-07-15 19:52:22.370 67204 [http-nio-8080-exec-9] DEBUG o.s.security.web.FilterChainProxy - /styles/cssandjs/main.css at position 10 of 12 in additional filter chain; firing Filter: 'SessionManagementFilter'
2020-07-15 19:52:22.370 67204 [http-nio-8080-exec-9] DEBUG o.s.s.w.s.SessionManagementFilter - Requested session ID 2AD45E4911393EAA19C3299643E1FE14 is invalid.
2020-07-15 19:52:22.370 67204 [http-nio-8080-exec-9] DEBUG o.s.security.web.FilterChainProxy - /styles/cssandjs/main.css at position 11 of 12 in additional filter chain; firing Filter: 'ExceptionTranslationFilter'
2020-07-15 19:52:22.370 67204 [http-nio-8080-exec-9] DEBUG o.s.security.web.FilterChainProxy - /styles/cssandjs/main.css at position 12 of 12 in additional filter chain; firing Filter: 'FilterSecurityInterceptor'
2020-07-15 19:52:22.370 67204 [http-nio-8080-exec-9] DEBUG o.s.s.w.u.matcher.OrRequestMatcher - Trying to match using Ant [pattern='/logout', GET]
2020-07-15 19:52:22.370 67204 [http-nio-8080-exec-9] DEBUG o.s.s.w.u.m.AntPathRequestMatcher - Checking match of request : '/styles/cssandjs/main.css'; against '/logout'
2020-07-15 19:52:22.370 67204 [http-nio-8080-exec-8] DEBUG o.s.s.access.vote.AffirmativeBased - Voter: org.springframework.security.web.access.expression.WebExpressionVoter@4d379b9d, returned: 1
2020-07-15 19:52:22.370 67204 [http-nio-8080-exec-9] DEBUG o.s.s.w.u.matcher.OrRequestMatcher - Trying to match using Ant [pattern='/logout', POST]
2020-07-15 19:52:22.370 67204 [http-nio-8080-exec-8] DEBUG o.s.s.w.a.i.FilterSecurityInterceptor - Authorization successful
2020-07-15 19:52:22.371 67205 [http-nio-8080-exec-9] DEBUG o.s.s.w.u.m.AntPathRequestMatcher - Request 'GET /styles/cssandjs/main.css' doesn't match 'POST /logout'
2020-07-15 19:52:22.371 67205 [http-nio-8080-exec-8] DEBUG o.s.s.w.a.i.FilterSecurityInterceptor - RunAsManager did not change Authentication object
2020-07-15 19:52:22.371 67205 [http-nio-8080-exec-9] DEBUG o.s.s.w.u.matcher.OrRequestMatcher - Trying to match using Ant [pattern='/logout', PUT]
2020-07-15 19:52:22.371 67205 [http-nio-8080-exec-8] DEBUG o.s.security.web.FilterChainProxy - /styles/cssandjs/normalize.css reached end of additional filter chain; proceeding with original chain
2020-07-15 19:52:22.371 67205 [http-nio-8080-exec-9] DEBUG o.s.s.w.u.m.AntPathRequestMatcher - Request 'GET /styles/cssandjs/main.css' doesn't match 'PUT /logout'
2020-07-15 19:52:22.371 67205 [http-nio-8080-exec-9] DEBUG o.s.s.w.u.matcher.OrRequestMatcher - Trying to match using Ant [pattern='/logout', DELETE]
2020-07-15 19:52:22.371 67205 [http-nio-8080-exec-9] DEBUG o.s.s.w.u.m.AntPathRequestMatcher - Request 'GET /styles/cssandjs/main.css' doesn't match 'DELETE /logout'
2020-07-15 19:52:22.371 67205 [http-nio-8080-exec-9] DEBUG o.s.s.w.u.matcher.OrRequestMatcher - No matches found
2020-07-15 19:52:22.371 67205 [http-nio-8080-exec-9] DEBUG o.s.s.w.u.m.AntPathRequestMatcher - Checking match of request : '/styles/cssandjs/main.css'; against '/admin/**'
2020-07-15 19:52:22.371 67205 [http-nio-8080-exec-9] DEBUG o.s.s.w.u.m.AntPathRequestMatcher - Checking match of request : '/styles/cssandjs/main.css'; against '/public/**'
2020-07-15 19:52:22.371 67205 [http-nio-8080-exec-9] DEBUG o.s.s.w.u.m.AntPathRequestMatcher - Request '/styles/cssandjs/main.css' matched by universal pattern '/**'
2020-07-15 19:52:22.371 67205 [http-nio-8080-exec-9] DEBUG o.s.s.w.a.i.FilterSecurityInterceptor - Secure object: FilterInvocation: URL: /styles/cssandjs/main.css; Attributes: [permitAll]
2020-07-15 19:52:22.371 67205 [http-nio-8080-exec-9] DEBUG o.s.s.w.a.i.FilterSecurityInterceptor - Previously Authenticated: org.springframework.security.authentication.AnonymousAuthenticationToken@cc90ac4f: Principal: anonymousUser; Credentials: [PROTECTED]; Authenticated: true; Details: org.springframework.security.web.authentication.WebAuthenticationDetails@b364: RemoteIpAddress: 0:0:0:0:0:0:0:1; SessionId: null; Granted Authorities: ROLE_ANONYMOUS
2020-07-15 19:52:22.371 67205 [http-nio-8080-exec-9] DEBUG o.s.s.access.vote.AffirmativeBased - Voter: org.springframework.security.web.access.expression.WebExpressionVoter@4d379b9d, returned: 1
2020-07-15 19:52:22.371 67205 [http-nio-8080-exec-9] DEBUG o.s.s.w.a.i.FilterSecurityInterceptor - Authorization successful
2020-07-15 19:52:22.371 67205 [http-nio-8080-exec-8] DEBUG o.a.tomcat.util.http.Parameters - Set encoding to UTF-8
2020-07-15 19:52:22.371 67205 [http-nio-8080-exec-9] DEBUG o.s.s.w.a.i.FilterSecurityInterceptor - RunAsManager did not change Authentication object
2020-07-15 19:52:22.371 67205 [http-nio-8080-exec-9] DEBUG o.s.security.web.FilterChainProxy - /styles/cssandjs/main.css reached end of additional filter chain; proceeding with original chain
2020-07-15 19:52:22.371 67205 [http-nio-8080-exec-8] TRACE o.s.web.servlet.DispatcherServlet - GET "/styles/cssandjs/normalize.css", parameters={}, headers={masked} in DispatcherServlet 'dispatcherServlet'
2020-07-15 19:52:22.371 67205 [http-nio-8080-exec-9] DEBUG o.a.tomcat.util.http.Parameters - Set encoding to UTF-8
2020-07-15 19:52:22.372 67206 [http-nio-8080-exec-9] TRACE o.s.web.servlet.DispatcherServlet - GET "/styles/cssandjs/main.css", parameters={}, headers={masked} in DispatcherServlet 'dispatcherServlet'
2020-07-15 19:52:22.372 67206 [http-nio-8080-exec-8] TRACE o.s.w.s.h.SimpleUrlHandlerMapping - Mapped to HandlerExecutionChain with [ResourceHttpRequestHandler ["classpath:/META-INF/resources/", "classpath:/resources/", "classpath:/static/", "classpath:/public/", "/"]] and 3 interceptors
2020-07-15 19:52:22.373 67207 [http-nio-8080-exec-9] TRACE o.s.w.s.h.SimpleUrlHandlerMapping - Mapped to HandlerExecutionChain with [ResourceHttpRequestHandler ["classpath:/META-INF/resources/", "classpath:/resources/", "classpath:/static/", "classpath:/public/", "/"]] and 3 interceptors
2020-07-15 19:52:22.374 67208 [http-nio-8080-exec-8] DEBUG o.s.s.w.h.writers.HstsHeaderWriter - Not injecting HSTS header since it did not match the requestMatcher org.springframework.security.web.header.writers.HstsHeaderWriter$SecureRequestMatcher@31e22306
2020-07-15 19:52:22.374 67208 [http-nio-8080-exec-8] DEBUG o.s.s.w.c.HttpSessionSecurityContextRepository - SecurityContext is empty or contents are anonymous - context will not be stored in HttpSession.
2020-07-15 19:52:22.374 67208 [http-nio-8080-exec-9] DEBUG o.s.s.w.h.writers.HstsHeaderWriter - Not injecting HSTS header since it did not match the requestMatcher org.springframework.security.web.header.writers.HstsHeaderWriter$SecureRequestMatcher@31e22306
2020-07-15 19:52:22.374 67208 [http-nio-8080-exec-9] DEBUG o.s.s.w.c.HttpSessionSecurityContextRepository - SecurityContext is empty or contents are anonymous - context will not be stored in HttpSession.
2020-07-15 19:52:22.375 67209 [http-nio-8080-exec-8] TRACE o.s.web.servlet.DispatcherServlet - No view rendering, null ModelAndView returned.
2020-07-15 19:52:22.375 67209 [http-nio-8080-exec-9] TRACE o.s.web.servlet.DispatcherServlet - No view rendering, null ModelAndView returned.
2020-07-15 19:52:22.375 67209 [http-nio-8080-exec-8] DEBUG o.s.web.servlet.DispatcherServlet - Completed 200 OK, headers={masked}
2020-07-15 19:52:22.375 67209 [http-nio-8080-exec-9] DEBUG o.s.web.servlet.DispatcherServlet - Completed 200 OK, headers={masked}
2020-07-15 19:52:22.375 67209 [http-nio-8080-exec-8] DEBUG o.s.s.w.a.ExceptionTranslationFilter - Chain processed normally
2020-07-15 19:52:22.375 67209 [http-nio-8080-exec-9] DEBUG o.s.s.w.a.ExceptionTranslationFilter - Chain processed normally
2020-07-15 19:52:22.375 67209 [http-nio-8080-exec-8] DEBUG o.s.s.w.c.SecurityContextPersistenceFilter - SecurityContextHolder now cleared, as request processing completed
2020-07-15 19:52:22.375 67209 [http-nio-8080-exec-8] TRACE o.s.b.w.s.f.OrderedRequestContextFilter - Cleared thread-bound request context: org.apache.catalina.connector.RequestFacade@3b58c600
2020-07-15 19:52:22.375 67209 [http-nio-8080-exec-9] DEBUG o.s.s.w.c.SecurityContextPersistenceFilter - SecurityContextHolder now cleared, as request processing completed
2020-07-15 19:52:22.375 67209 [http-nio-8080-exec-9] TRACE o.s.b.w.s.f.OrderedRequestContextFilter - Cleared thread-bound request context: org.apache.catalina.connector.RequestFacade@3de577
2020-07-15 19:52:22.375 67209 [http-nio-8080-exec-9] DEBUG o.a.t.util.net.SocketWrapperBase - Socket: [org.apache.tomcat.util.net.NioEndpoint$NioSocketWrapper@529de7a1:org.apache.tomcat.util.net.NioChannel@79cdec3:java.nio.channels.SocketChannel[connected local=/0:0:0:0:0:0:0:1:8080 remote=/0:0:0:0:0:0:0:1:52353]], Read from buffer: [0]
2020-07-15 19:52:22.375 67209 [http-nio-8080-exec-8] DEBUG o.a.t.util.net.SocketWrapperBase - Socket: [org.apache.tomcat.util.net.NioEndpoint$NioSocketWrapper@24a47fb9:org.apache.tomcat.util.net.NioChannel@2e5c14c9:java.nio.channels.SocketChannel[connected local=/0:0:0:0:0:0:0:1:8080 remote=/0:0:0:0:0:0:0:1:52357]], Read from buffer: [0]
2020-07-15 19:52:22.375 67209 [http-nio-8080-exec-9] DEBUG o.a.tomcat.util.net.NioEndpoint - Socket: [org.apache.tomcat.util.net.NioEndpoint$NioSocketWrapper@529de7a1:org.apache.tomcat.util.net.NioChannel@79cdec3:java.nio.channels.SocketChannel[connected local=/0:0:0:0:0:0:0:1:8080 remote=/0:0:0:0:0:0:0:1:52353]], Read direct from socket: [0]
2020-07-15 19:52:22.375 67209 [http-nio-8080-exec-8] DEBUG o.a.tomcat.util.net.NioEndpoint - Socket: [org.apache.tomcat.util.net.NioEndpoint$NioSocketWrapper@24a47fb9:org.apache.tomcat.util.net.NioChannel@2e5c14c9:java.nio.channels.SocketChannel[connected local=/0:0:0:0:0:0:0:1:8080 remote=/0:0:0:0:0:0:0:1:52357]], Read direct from socket: [0]
2020-07-15 19:52:22.376 67210 [http-nio-8080-exec-9] DEBUG o.a.coyote.http11.Http11Processor - Socket: [org.apache.tomcat.util.net.NioEndpoint$NioSocketWrapper@529de7a1:org.apache.tomcat.util.net.NioChannel@79cdec3:java.nio.channels.SocketChannel[connected local=/0:0:0:0:0:0:0:1:8080 remote=/0:0:0:0:0:0:0:1:52353]], Status in: [OPEN_READ], State out: [OPEN]
2020-07-15 19:52:22.376 67210 [http-nio-8080-exec-8] DEBUG o.a.coyote.http11.Http11Processor - Socket: [org.apache.tomcat.util.net.NioEndpoint$NioSocketWrapper@24a47fb9:org.apache.tomcat.util.net.NioChannel@2e5c14c9:java.nio.channels.SocketChannel[connected local=/0:0:0:0:0:0:0:1:8080 remote=/0:0:0:0:0:0:0:1:52357]], Status in: [OPEN_READ], State out: [OPEN]
2020-07-15 19:52:22.376 67210 [http-nio-8080-exec-9] DEBUG o.a.coyote.http11.Http11NioProtocol - Pushed Processor [org.apache.coyote.http11.Http11Processor@573f90c5]
2020-07-15 19:52:22.376 67210 [http-nio-8080-exec-8] DEBUG o.a.coyote.http11.Http11NioProtocol - Pushed Processor [org.apache.coyote.http11.Http11Processor@7a65cc3b]
2020-07-15 19:52:22.376 67210 [http-nio-8080-exec-9] DEBUG o.a.tomcat.util.net.NioEndpoint - Registered read interest for [org.apache.tomcat.util.net.NioEndpoint$NioSocketWrapper@529de7a1:org.apache.tomcat.util.net.NioChannel@79cdec3:java.nio.channels.SocketChannel[connected local=/0:0:0:0:0:0:0:1:8080 remote=/0:0:0:0:0:0:0:1:52353]]
2020-07-15 19:52:22.376 67210 [http-nio-8080-exec-8] DEBUG o.a.tomcat.util.net.NioEndpoint - Registered read interest for [org.apache.tomcat.util.net.NioEndpoint$NioSocketWrapper@24a47fb9:org.apache.tomcat.util.net.NioChannel@2e5c14c9:java.nio.channels.SocketChannel[connected local=/0:0:0:0:0:0:0:1:8080 remote=/0:0:0:0:0:0:0:1:52357]]
2020-07-15 19:52:23.376 68210 [http-nio-8080-ClientPoller] DEBUG o.a.tomcat.util.net.NioEndpoint - timeout completed: keys processed=3; now=1594853543376; nextExpiration=1594853542822; keyCount=0; hasEvents=false; eval=false
2020-07-15 19:52:24.376 69210 [http-nio-8080-ClientPoller] DEBUG o.a.tomcat.util.net.NioEndpoint - timeout completed: keys processed=3; now=1594853544376; nextExpiration=1594853544376; keyCount=0; hasEvents=false; eval=false
2020-07-15 19:52:25.377 70211 [http-nio-8080-ClientPoller] DEBUG o.a.tomcat.util.net.NioEndpoint - timeout completed: keys processed=3; now=1594853545377; nextExpiration=1594853545376; keyCount=0; hasEvents=false; eval=false
2020-07-15 19:52:26.378 71212 [http-nio-8080-ClientPoller] DEBUG o.a.tomcat.util.net.NioEndpoint - timeout completed: keys processed=3; now=1594853546378; nextExpiration=1594853546377; keyCount=0; hasEvents=false; eval=false
2020-07-15 19:52:27.378 72212 [http-nio-8080-ClientPoller] DEBUG o.a.tomcat.util.net.NioEndpoint - timeout completed: keys processed=3; now=1594853547378; nextExpiration=1594853547378; keyCount=0; hasEvents=false; eval=false
2020-07-15 19:52:28.378 73212 [http-nio-8080-ClientPoller] DEBUG o.a.tomcat.util.net.NioEndpoint - timeout completed: keys processed=3; now=1594853548378; nextExpiration=1594853548378; keyCount=0; hasEvents=false; eval=false
2020-07-15 19:52:29.378 74212 [http-nio-8080-ClientPoller] DEBUG o.a.tomcat.util.net.NioEndpoint - timeout completed: keys processed=3; now=1594853549378; nextExpiration=1594853549378; keyCount=0; hasEvents=false; eval=false
2020-07-15 19:52:30.379 75213 [http-nio-8080-ClientPoller] DEBUG o.a.tomcat.util.net.NioEndpoint - timeout completed: keys processed=3; now=1594853550379; nextExpiration=1594853550378; keyCount=0; hasEvents=false; eval=false
2020-07-15 19:52:31.379 76213 [http-nio-8080-ClientPoller] DEBUG o.a.tomcat.util.net.NioEndpoint - timeout completed: keys processed=3; now=1594853551379; nextExpiration=1594853551379; keyCount=0; hasEvents=false; eval=false
2020-07-15 19:52:32.380 77214 [http-nio-8080-ClientPoller] DEBUG o.a.tomcat.util.net.NioEndpoint - timeout completed: keys processed=3; now=1594853552380; nextExpiration=1594853552379; keyCount=0; hasEvents=false; eval=false
2020-07-15 19:52:33.380 78214 [http-nio-8080-ClientPoller] DEBUG o.a.tomcat.util.net.NioEndpoint - timeout completed: keys processed=3; now=1594853553380; nextExpiration=1594853553380; keyCount=0; hasEvents=false; eval=false
2020-07-15 19:52:34.380 79214 [http-nio-8080-ClientPoller] DEBUG o.a.tomcat.util.net.NioEndpoint - timeout completed: keys processed=3; now=1594853554380; nextExpiration=1594853554380; keyCount=0; hasEvents=false; eval=false
2020-07-15 19:52:35.381 80215 [http-nio-8080-ClientPoller] DEBUG o.a.tomcat.util.net.NioEndpoint - timeout completed: keys processed=3; now=1594853555381; nextExpiration=1594853555380; keyCount=0; hasEvents=false; eval=false
2020-07-15 19:52:36.381 81215 [http-nio-8080-ClientPoller] DEBUG o.a.tomcat.util.net.NioEndpoint - timeout completed: keys processed=3; now=1594853556381; nextExpiration=1594853556381; keyCount=0; hasEvents=false; eval=false
2020-07-15 19:52:36.767 81601 [http-nio-8080-exec-10] DEBUG o.a.coyote.http11.Http11NioProtocol - Processing socket [org.apache.tomcat.util.net.NioChannel@79cdec3:java.nio.channels.SocketChannel[connected local=/0:0:0:0:0:0:0:1:8080 remote=/0:0:0:0:0:0:0:1:52353]] with status [OPEN_READ]
2020-07-15 19:52:36.767 81601 [http-nio-8080-exec-10] DEBUG o.a.coyote.http11.Http11NioProtocol - Found processor [null] for socket [org.apache.tomcat.util.net.NioChannel@79cdec3:java.nio.channels.SocketChannel[connected local=/0:0:0:0:0:0:0:1:8080 remote=/0:0:0:0:0:0:0:1:52353]]
2020-07-15 19:52:36.767 81601 [http-nio-8080-exec-10] DEBUG o.a.coyote.http11.Http11NioProtocol - Popped processor [org.apache.coyote.http11.Http11Processor@7a65cc3b] from cache
2020-07-15 19:52:36.767 81601 [http-nio-8080-exec-10] DEBUG o.a.t.util.net.SocketWrapperBase - Socket: [org.apache.tomcat.util.net.NioEndpoint$NioSocketWrapper@529de7a1:org.apache.tomcat.util.net.NioChannel@79cdec3:java.nio.channels.SocketChannel[connected local=/0:0:0:0:0:0:0:1:8080 remote=/0:0:0:0:0:0:0:1:52353]], Read from buffer: [0]
2020-07-15 19:52:36.767 81601 [http-nio-8080-exec-10] DEBUG o.a.tomcat.util.net.NioEndpoint - Socket: [org.apache.tomcat.util.net.NioEndpoint$NioSocketWrapper@529de7a1:org.apache.tomcat.util.net.NioChannel@79cdec3:java.nio.channels.SocketChannel[connected local=/0:0:0:0:0:0:0:1:8080 remote=/0:0:0:0:0:0:0:1:52353]], Read direct from socket: [841]
2020-07-15 19:52:36.767 81601 [http-nio-8080-exec-10] DEBUG o.a.coyote.http11.Http11InputBuffer - Received [POST /login HTTP/1.1
Host: localhost:8080
Connection: keep-alive
Content-Length: 40
Cache-Control: max-age=0
Upgrade-Insecure-Requests: 1
Origin: http://localhost:8080
Content-Type: application/x-www-form-urlencoded
User-Agent: Mozilla/5.0 (Windows NT 10.0; Win64; x64) AppleWebKit/537.36 (KHTML, like Gecko) Chrome/84.0.4147.89 Safari/537.36
Accept: text/html,application/xhtml+xml,application/xml;q=0.9,image/webp,image/apng,*/*;q=0.8,application/signed-exchange;v=b3;q=0.9
Sec-Fetch-Site: same-origin
Sec-Fetch-Mode: navigate
Sec-Fetch-User: ?1
Sec-Fetch-Dest: document
Referer: http://localhost:8080/login
Accept-Encoding: gzip, deflate, br
Accept-Language: en-US,en;q=0.9
Cookie: Idea-4aed9f74=2b566d24-925d-415a-a965-059a11c42de1; JSESSIONID=2AD45E4911393EAA19C3299643E1FE14

username=B00846296&password=tejas%401997]
2020-07-15 19:52:36.768 81602 [http-nio-8080-exec-10] DEBUG o.a.t.u.http.Rfc6265CookieProcessor - Cookies: Parsing b[]: Idea-4aed9f74=2b566d24-925d-415a-a965-059a11c42de1; JSESSIONID=2AD45E4911393EAA19C3299643E1FE14
2020-07-15 19:52:36.768 81602 [http-nio-8080-exec-10] DEBUG o.a.c.connector.CoyoteAdapter -  Requested cookie session id is 2AD45E4911393EAA19C3299643E1FE14
2020-07-15 19:52:36.768 81602 [http-nio-8080-exec-10] DEBUG o.a.c.a.AuthenticatorBase - Security checking request POST /login
2020-07-15 19:52:36.768 81602 [http-nio-8080-exec-10] DEBUG org.apache.catalina.realm.RealmBase -   No applicable constraints defined
2020-07-15 19:52:36.768 81602 [http-nio-8080-exec-10] DEBUG o.a.c.a.AuthenticatorBase - Not subject to any constraint
2020-07-15 19:52:36.768 81602 [http-nio-8080-exec-10] DEBUG o.a.catalina.core.StandardWrapper -   Returning non-STM instance
2020-07-15 19:52:36.768 81602 [http-nio-8080-exec-10] TRACE o.s.b.w.s.f.OrderedRequestContextFilter - Bound request context to thread: org.apache.catalina.connector.RequestFacade@3b58c600
2020-07-15 19:52:36.768 81602 [http-nio-8080-exec-10] DEBUG o.s.s.w.u.m.AntPathRequestMatcher - Checking match of request : '/login'; against '/resources/**'
2020-07-15 19:52:36.768 81602 [http-nio-8080-exec-10] DEBUG o.s.security.web.FilterChainProxy - /login at position 1 of 12 in additional filter chain; firing Filter: 'WebAsyncManagerIntegrationFilter'
2020-07-15 19:52:36.768 81602 [http-nio-8080-exec-10] DEBUG o.s.security.web.FilterChainProxy - /login at position 2 of 12 in additional filter chain; firing Filter: 'SecurityContextPersistenceFilter'
2020-07-15 19:52:36.768 81602 [http-nio-8080-exec-10] DEBUG o.s.s.w.c.HttpSessionSecurityContextRepository - No HttpSession currently exists
2020-07-15 19:52:36.768 81602 [http-nio-8080-exec-10] DEBUG o.s.s.w.c.HttpSessionSecurityContextRepository - No SecurityContext was available from the HttpSession: null. A new one will be created.
2020-07-15 19:52:36.768 81602 [http-nio-8080-exec-10] DEBUG o.s.security.web.FilterChainProxy - /login at position 3 of 12 in additional filter chain; firing Filter: 'HeaderWriterFilter'
2020-07-15 19:52:36.768 81602 [http-nio-8080-exec-10] DEBUG o.s.security.web.FilterChainProxy - /login at position 4 of 12 in additional filter chain; firing Filter: 'LogoutFilter'
2020-07-15 19:52:36.768 81602 [http-nio-8080-exec-10] DEBUG o.s.s.w.u.matcher.OrRequestMatcher - Trying to match using Ant [pattern='/logout', GET]
2020-07-15 19:52:36.768 81602 [http-nio-8080-exec-10] DEBUG o.s.s.w.u.m.AntPathRequestMatcher - Request 'POST /login' doesn't match 'GET /logout'
2020-07-15 19:52:36.768 81602 [http-nio-8080-exec-10] DEBUG o.s.s.w.u.matcher.OrRequestMatcher - Trying to match using Ant [pattern='/logout', POST]
2020-07-15 19:52:36.768 81602 [http-nio-8080-exec-10] DEBUG o.s.s.w.u.m.AntPathRequestMatcher - Checking match of request : '/login'; against '/logout'
2020-07-15 19:52:36.768 81602 [http-nio-8080-exec-10] DEBUG o.s.s.w.u.matcher.OrRequestMatcher - Trying to match using Ant [pattern='/logout', PUT]
2020-07-15 19:52:36.768 81602 [http-nio-8080-exec-10] DEBUG o.s.s.w.u.m.AntPathRequestMatcher - Request 'POST /login' doesn't match 'PUT /logout'
2020-07-15 19:52:36.768 81602 [http-nio-8080-exec-10] DEBUG o.s.s.w.u.matcher.OrRequestMatcher - Trying to match using Ant [pattern='/logout', DELETE]
2020-07-15 19:52:36.768 81602 [http-nio-8080-exec-10] DEBUG o.s.s.w.u.m.AntPathRequestMatcher - Request 'POST /login' doesn't match 'DELETE /logout'
2020-07-15 19:52:36.768 81602 [http-nio-8080-exec-10] DEBUG o.s.s.w.u.matcher.OrRequestMatcher - No matches found
2020-07-15 19:52:36.768 81602 [http-nio-8080-exec-10] DEBUG o.s.security.web.FilterChainProxy - /login at position 5 of 12 in additional filter chain; firing Filter: 'UsernamePasswordAuthenticationFilter'
2020-07-15 19:52:36.768 81602 [http-nio-8080-exec-10] DEBUG o.s.s.w.u.m.AntPathRequestMatcher - Checking match of request : '/login'; against '/login'
2020-07-15 19:52:36.768 81602 [http-nio-8080-exec-10] DEBUG o.s.s.w.a.UsernamePasswordAuthenticationFilter - Request is to process authentication
2020-07-15 19:52:36.769 81603 [http-nio-8080-exec-10] DEBUG o.a.tomcat.util.http.Parameters - Set encoding to UTF-8
2020-07-15 19:52:36.769 81603 [http-nio-8080-exec-10] DEBUG o.a.tomcat.util.http.Parameters - Start processing with input [username=B00846296&password=tejas%401997]
2020-07-15 19:52:36.770 81604 [http-nio-8080-exec-10] TRACE C.G.AccessControl.UserDB - Loading user by banner ID: B00846296 from database.
2020-07-15 19:52:37.013 81847 [http-nio-8080-exec-10] TRACE C.G.AccessControl.UserDB - Loading a user by ID: 20 from database.
2020-07-15 19:52:37.346 82180 [http-nio-8080-exec-10] DEBUG o.s.s.w.a.s.CompositeSessionAuthenticationStrategy - Delegating to org.springframework.security.web.authentication.session.ChangeSessionIdAuthenticationStrategy@3a5232ee
2020-07-15 19:52:37.346 82180 [http-nio-8080-exec-10] DEBUG o.s.s.w.a.UsernamePasswordAuthenticationFilter - Authentication success. Updating SecurityContextHolder to contain: org.springframework.security.authentication.UsernamePasswordAuthenticationToken@fe558018: Principal: B00846296; Credentials: [PROTECTED]; Authenticated: true; Details: null; Granted Authorities: USER
2020-07-15 19:52:37.346 82180 [http-nio-8080-exec-10] TRACE o.s.b.f.s.DefaultListableBeanFactory - Returning cached instance of singleton bean 'delegatingApplicationListener'
2020-07-15 19:52:37.346 82180 [http-nio-8080-exec-10] TRACE o.s.b.f.s.DefaultListableBeanFactory - Returning cached instance of singleton bean 'liveReloadServerEventListener'
2020-07-15 19:52:37.346 82180 [http-nio-8080-exec-10] DEBUG o.s.s.w.a.SavedRequestAwareAuthenticationSuccessHandler - Using default Url: /
2020-07-15 19:52:37.346 82180 [http-nio-8080-exec-10] DEBUG o.s.s.web.DefaultRedirectStrategy - Redirecting to '/'
2020-07-15 19:52:37.346 82180 [http-nio-8080-exec-10] DEBUG o.s.s.w.h.writers.HstsHeaderWriter - Not injecting HSTS header since it did not match the requestMatcher org.springframework.security.web.header.writers.HstsHeaderWriter$SecureRequestMatcher@31e22306
2020-07-15 19:52:37.347 82181 [http-nio-8080-exec-10] DEBUG o.s.s.w.c.HttpSessionSecurityContextRepository - HttpSession being created as SecurityContext is non-default
2020-07-15 19:52:37.514 82348 [http-nio-8080-exec-10] WARN  o.a.c.util.SessionIdGeneratorBase - Creation of SecureRandom instance for session ID generation using [SHA1PRNG] took [163] milliseconds.
2020-07-15 19:52:37.516 82350 [http-nio-8080-exec-10] DEBUG o.s.s.w.c.HttpSessionSecurityContextRepository - SecurityContext 'org.springframework.security.core.context.SecurityContextImpl@fe558018: Authentication: org.springframework.security.authentication.UsernamePasswordAuthenticationToken@fe558018: Principal: B00846296; Credentials: [PROTECTED]; Authenticated: true; Details: null; Granted Authorities: USER' stored to HttpSession: 'org.apache.catalina.session.StandardSessionFacade@392845c3
2020-07-15 19:52:37.517 82351 [http-nio-8080-exec-10] DEBUG o.s.s.w.c.SecurityContextPersistenceFilter - SecurityContextHolder now cleared, as request processing completed
2020-07-15 19:52:37.517 82351 [http-nio-8080-exec-10] TRACE o.s.b.w.s.f.OrderedRequestContextFilter - Cleared thread-bound request context: org.apache.catalina.connector.RequestFacade@3b58c600
2020-07-15 19:52:37.518 82352 [http-nio-8080-exec-10] DEBUG o.a.t.util.net.SocketWrapperBase - Socket: [org.apache.tomcat.util.net.NioEndpoint$NioSocketWrapper@529de7a1:org.apache.tomcat.util.net.NioChannel@79cdec3:java.nio.channels.SocketChannel[connected local=/0:0:0:0:0:0:0:1:8080 remote=/0:0:0:0:0:0:0:1:52353]], Read from buffer: [0]
2020-07-15 19:52:37.518 82352 [http-nio-8080-exec-10] DEBUG o.a.tomcat.util.net.NioEndpoint - Socket: [org.apache.tomcat.util.net.NioEndpoint$NioSocketWrapper@529de7a1:org.apache.tomcat.util.net.NioChannel@79cdec3:java.nio.channels.SocketChannel[connected local=/0:0:0:0:0:0:0:1:8080 remote=/0:0:0:0:0:0:0:1:52353]], Read direct from socket: [0]
2020-07-15 19:52:37.518 82352 [http-nio-8080-exec-10] DEBUG o.a.coyote.http11.Http11Processor - Socket: [org.apache.tomcat.util.net.NioEndpoint$NioSocketWrapper@529de7a1:org.apache.tomcat.util.net.NioChannel@79cdec3:java.nio.channels.SocketChannel[connected local=/0:0:0:0:0:0:0:1:8080 remote=/0:0:0:0:0:0:0:1:52353]], Status in: [OPEN_READ], State out: [OPEN]
2020-07-15 19:52:37.518 82352 [http-nio-8080-exec-10] DEBUG o.a.coyote.http11.Http11NioProtocol - Pushed Processor [org.apache.coyote.http11.Http11Processor@7a65cc3b]
2020-07-15 19:52:37.518 82352 [http-nio-8080-exec-10] DEBUG o.a.tomcat.util.net.NioEndpoint - Registered read interest for [org.apache.tomcat.util.net.NioEndpoint$NioSocketWrapper@529de7a1:org.apache.tomcat.util.net.NioChannel@79cdec3:java.nio.channels.SocketChannel[connected local=/0:0:0:0:0:0:0:1:8080 remote=/0:0:0:0:0:0:0:1:52353]]
2020-07-15 19:52:37.518 82352 [http-nio-8080-ClientPoller] DEBUG o.a.tomcat.util.net.NioEndpoint - timeout completed: keys processed=3; now=1594853557518; nextExpiration=1594853557381; keyCount=0; hasEvents=true; eval=false
2020-07-15 19:52:37.520 82354 [http-nio-8080-exec-1] DEBUG o.a.coyote.http11.Http11NioProtocol - Processing socket [org.apache.tomcat.util.net.NioChannel@79cdec3:java.nio.channels.SocketChannel[connected local=/0:0:0:0:0:0:0:1:8080 remote=/0:0:0:0:0:0:0:1:52353]] with status [OPEN_READ]
2020-07-15 19:52:37.520 82354 [http-nio-8080-exec-1] DEBUG o.a.coyote.http11.Http11NioProtocol - Found processor [null] for socket [org.apache.tomcat.util.net.NioChannel@79cdec3:java.nio.channels.SocketChannel[connected local=/0:0:0:0:0:0:0:1:8080 remote=/0:0:0:0:0:0:0:1:52353]]
2020-07-15 19:52:37.521 82355 [http-nio-8080-exec-1] DEBUG o.a.coyote.http11.Http11NioProtocol - Popped processor [org.apache.coyote.http11.Http11Processor@7a65cc3b] from cache
2020-07-15 19:52:37.521 82355 [http-nio-8080-exec-1] DEBUG o.a.t.util.net.SocketWrapperBase - Socket: [org.apache.tomcat.util.net.NioEndpoint$NioSocketWrapper@529de7a1:org.apache.tomcat.util.net.NioChannel@79cdec3:java.nio.channels.SocketChannel[connected local=/0:0:0:0:0:0:0:1:8080 remote=/0:0:0:0:0:0:0:1:52353]], Read from buffer: [0]
2020-07-15 19:52:37.521 82355 [http-nio-8080-exec-1] DEBUG o.a.tomcat.util.net.NioEndpoint - Socket: [org.apache.tomcat.util.net.NioEndpoint$NioSocketWrapper@529de7a1:org.apache.tomcat.util.net.NioChannel@79cdec3:java.nio.channels.SocketChannel[connected local=/0:0:0:0:0:0:0:1:8080 remote=/0:0:0:0:0:0:0:1:52353]], Read direct from socket: [695]
2020-07-15 19:52:37.521 82355 [http-nio-8080-exec-1] DEBUG o.a.coyote.http11.Http11InputBuffer - Received [GET / HTTP/1.1
Host: localhost:8080
Connection: keep-alive
Cache-Control: max-age=0
Upgrade-Insecure-Requests: 1
User-Agent: Mozilla/5.0 (Windows NT 10.0; Win64; x64) AppleWebKit/537.36 (KHTML, like Gecko) Chrome/84.0.4147.89 Safari/537.36
Accept: text/html,application/xhtml+xml,application/xml;q=0.9,image/webp,image/apng,*/*;q=0.8,application/signed-exchange;v=b3;q=0.9
Sec-Fetch-Site: same-origin
Sec-Fetch-Mode: navigate
Sec-Fetch-User: ?1
Sec-Fetch-Dest: document
Referer: http://localhost:8080/login
Accept-Encoding: gzip, deflate, br
Accept-Language: en-US,en;q=0.9
Cookie: Idea-4aed9f74=2b566d24-925d-415a-a965-059a11c42de1; JSESSIONID=24EB9BAF33F4383BF8857D1A555BDB5D

]
2020-07-15 19:52:37.521 82355 [http-nio-8080-exec-1] DEBUG o.a.t.u.http.Rfc6265CookieProcessor - Cookies: Parsing b[]: Idea-4aed9f74=2b566d24-925d-415a-a965-059a11c42de1; JSESSIONID=24EB9BAF33F4383BF8857D1A555BDB5D
2020-07-15 19:52:37.521 82355 [http-nio-8080-exec-1] DEBUG o.a.c.connector.CoyoteAdapter -  Requested cookie session id is 24EB9BAF33F4383BF8857D1A555BDB5D
2020-07-15 19:52:37.521 82355 [http-nio-8080-exec-1] DEBUG o.a.c.a.AuthenticatorBase - Security checking request GET /
2020-07-15 19:52:37.521 82355 [http-nio-8080-exec-1] DEBUG org.apache.catalina.realm.RealmBase -   No applicable constraints defined
2020-07-15 19:52:37.521 82355 [http-nio-8080-exec-1] DEBUG o.a.c.a.AuthenticatorBase - Not subject to any constraint
2020-07-15 19:52:37.521 82355 [http-nio-8080-exec-1] DEBUG o.a.catalina.core.StandardWrapper -   Returning non-STM instance
2020-07-15 19:52:37.522 82356 [http-nio-8080-exec-1] TRACE o.s.b.w.s.f.OrderedRequestContextFilter - Bound request context to thread: org.apache.catalina.connector.RequestFacade@3b58c600
2020-07-15 19:52:37.522 82356 [http-nio-8080-exec-1] DEBUG o.s.s.w.u.m.AntPathRequestMatcher - Checking match of request : '/'; against '/resources/**'
2020-07-15 19:52:37.522 82356 [http-nio-8080-exec-1] DEBUG o.s.security.web.FilterChainProxy - / at position 1 of 12 in additional filter chain; firing Filter: 'WebAsyncManagerIntegrationFilter'
2020-07-15 19:52:37.522 82356 [http-nio-8080-exec-1] DEBUG o.s.security.web.FilterChainProxy - / at position 2 of 12 in additional filter chain; firing Filter: 'SecurityContextPersistenceFilter'
2020-07-15 19:52:37.522 82356 [http-nio-8080-exec-1] DEBUG o.s.s.w.c.HttpSessionSecurityContextRepository - Obtained a valid SecurityContext from SPRING_SECURITY_CONTEXT: 'org.springframework.security.core.context.SecurityContextImpl@fe558018: Authentication: org.springframework.security.authentication.UsernamePasswordAuthenticationToken@fe558018: Principal: B00846296; Credentials: [PROTECTED]; Authenticated: true; Details: null; Granted Authorities: USER'
2020-07-15 19:52:37.522 82356 [http-nio-8080-exec-1] DEBUG o.s.security.web.FilterChainProxy - / at position 3 of 12 in additional filter chain; firing Filter: 'HeaderWriterFilter'
2020-07-15 19:52:37.522 82356 [http-nio-8080-exec-1] DEBUG o.s.security.web.FilterChainProxy - / at position 4 of 12 in additional filter chain; firing Filter: 'LogoutFilter'
2020-07-15 19:52:37.522 82356 [http-nio-8080-exec-1] DEBUG o.s.s.w.u.matcher.OrRequestMatcher - Trying to match using Ant [pattern='/logout', GET]
2020-07-15 19:52:37.522 82356 [http-nio-8080-exec-1] DEBUG o.s.s.w.u.m.AntPathRequestMatcher - Checking match of request : '/'; against '/logout'
2020-07-15 19:52:37.522 82356 [http-nio-8080-exec-1] DEBUG o.s.s.w.u.matcher.OrRequestMatcher - Trying to match using Ant [pattern='/logout', POST]
2020-07-15 19:52:37.522 82356 [http-nio-8080-exec-1] DEBUG o.s.s.w.u.m.AntPathRequestMatcher - Request 'GET /' doesn't match 'POST /logout'
2020-07-15 19:52:37.522 82356 [http-nio-8080-exec-1] DEBUG o.s.s.w.u.matcher.OrRequestMatcher - Trying to match using Ant [pattern='/logout', PUT]
2020-07-15 19:52:37.522 82356 [http-nio-8080-exec-1] DEBUG o.s.s.w.u.m.AntPathRequestMatcher - Request 'GET /' doesn't match 'PUT /logout'
2020-07-15 19:52:37.522 82356 [http-nio-8080-exec-1] DEBUG o.s.s.w.u.matcher.OrRequestMatcher - Trying to match using Ant [pattern='/logout', DELETE]
2020-07-15 19:52:37.522 82356 [http-nio-8080-exec-1] DEBUG o.s.s.w.u.m.AntPathRequestMatcher - Request 'GET /' doesn't match 'DELETE /logout'
2020-07-15 19:52:37.522 82356 [http-nio-8080-exec-1] DEBUG o.s.s.w.u.matcher.OrRequestMatcher - No matches found
2020-07-15 19:52:37.522 82356 [http-nio-8080-exec-1] DEBUG o.s.security.web.FilterChainProxy - / at position 5 of 12 in additional filter chain; firing Filter: 'UsernamePasswordAuthenticationFilter'
2020-07-15 19:52:37.522 82356 [http-nio-8080-exec-1] DEBUG o.s.s.w.u.m.AntPathRequestMatcher - Request 'GET /' doesn't match 'POST /login'
2020-07-15 19:52:37.522 82356 [http-nio-8080-exec-1] DEBUG o.s.security.web.FilterChainProxy - / at position 6 of 12 in additional filter chain; firing Filter: 'BasicAuthenticationFilter'
2020-07-15 19:52:37.522 82356 [http-nio-8080-exec-1] DEBUG o.s.security.web.FilterChainProxy - / at position 7 of 12 in additional filter chain; firing Filter: 'RequestCacheAwareFilter'
2020-07-15 19:52:37.522 82356 [http-nio-8080-exec-1] DEBUG o.s.s.w.s.HttpSessionRequestCache - saved request doesn't match
2020-07-15 19:52:37.522 82356 [http-nio-8080-exec-1] DEBUG o.s.security.web.FilterChainProxy - / at position 8 of 12 in additional filter chain; firing Filter: 'SecurityContextHolderAwareRequestFilter'
2020-07-15 19:52:37.522 82356 [http-nio-8080-exec-1] DEBUG o.s.security.web.FilterChainProxy - / at position 9 of 12 in additional filter chain; firing Filter: 'AnonymousAuthenticationFilter'
2020-07-15 19:52:37.522 82356 [http-nio-8080-exec-1] DEBUG o.s.s.w.a.AnonymousAuthenticationFilter - SecurityContextHolder not populated with anonymous token, as it already contained: 'org.springframework.security.authentication.UsernamePasswordAuthenticationToken@fe558018: Principal: B00846296; Credentials: [PROTECTED]; Authenticated: true; Details: null; Granted Authorities: USER'
2020-07-15 19:52:37.522 82356 [http-nio-8080-exec-1] DEBUG o.s.security.web.FilterChainProxy - / at position 10 of 12 in additional filter chain; firing Filter: 'SessionManagementFilter'
2020-07-15 19:52:37.522 82356 [http-nio-8080-exec-1] DEBUG o.s.security.web.FilterChainProxy - / at position 11 of 12 in additional filter chain; firing Filter: 'ExceptionTranslationFilter'
2020-07-15 19:52:37.522 82356 [http-nio-8080-exec-1] DEBUG o.s.security.web.FilterChainProxy - / at position 12 of 12 in additional filter chain; firing Filter: 'FilterSecurityInterceptor'
2020-07-15 19:52:37.522 82356 [http-nio-8080-exec-1] DEBUG o.s.s.w.u.matcher.OrRequestMatcher - Trying to match using Ant [pattern='/logout', GET]
2020-07-15 19:52:37.522 82356 [http-nio-8080-exec-1] DEBUG o.s.s.w.u.m.AntPathRequestMatcher - Checking match of request : '/'; against '/logout'
2020-07-15 19:52:37.522 82356 [http-nio-8080-exec-1] DEBUG o.s.s.w.u.matcher.OrRequestMatcher - Trying to match using Ant [pattern='/logout', POST]
2020-07-15 19:52:37.522 82356 [http-nio-8080-exec-1] DEBUG o.s.s.w.u.m.AntPathRequestMatcher - Request 'GET /' doesn't match 'POST /logout'
2020-07-15 19:52:37.522 82356 [http-nio-8080-exec-1] DEBUG o.s.s.w.u.matcher.OrRequestMatcher - Trying to match using Ant [pattern='/logout', PUT]
2020-07-15 19:52:37.522 82356 [http-nio-8080-exec-1] DEBUG o.s.s.w.u.m.AntPathRequestMatcher - Request 'GET /' doesn't match 'PUT /logout'
2020-07-15 19:52:37.522 82356 [http-nio-8080-exec-1] DEBUG o.s.s.w.u.matcher.OrRequestMatcher - Trying to match using Ant [pattern='/logout', DELETE]
2020-07-15 19:52:37.522 82356 [http-nio-8080-exec-1] DEBUG o.s.s.w.u.m.AntPathRequestMatcher - Request 'GET /' doesn't match 'DELETE /logout'
2020-07-15 19:52:37.522 82356 [http-nio-8080-exec-1] DEBUG o.s.s.w.u.matcher.OrRequestMatcher - No matches found
2020-07-15 19:52:37.522 82356 [http-nio-8080-exec-1] DEBUG o.s.s.w.u.m.AntPathRequestMatcher - Checking match of request : '/'; against '/admin/**'
2020-07-15 19:52:37.522 82356 [http-nio-8080-exec-1] DEBUG o.s.s.w.u.m.AntPathRequestMatcher - Checking match of request : '/'; against '/public/**'
2020-07-15 19:52:37.522 82356 [http-nio-8080-exec-1] DEBUG o.s.s.w.u.m.AntPathRequestMatcher - Request '/' matched by universal pattern '/**'
2020-07-15 19:52:37.522 82356 [http-nio-8080-exec-1] DEBUG o.s.s.w.a.i.FilterSecurityInterceptor - Secure object: FilterInvocation: URL: /; Attributes: [permitAll]
2020-07-15 19:52:37.522 82356 [http-nio-8080-exec-1] DEBUG o.s.s.w.a.i.FilterSecurityInterceptor - Previously Authenticated: org.springframework.security.authentication.UsernamePasswordAuthenticationToken@fe558018: Principal: B00846296; Credentials: [PROTECTED]; Authenticated: true; Details: null; Granted Authorities: USER
2020-07-15 19:52:37.522 82356 [http-nio-8080-exec-1] DEBUG o.s.s.access.vote.AffirmativeBased - Voter: org.springframework.security.web.access.expression.WebExpressionVoter@4d379b9d, returned: 1
2020-07-15 19:52:37.522 82356 [http-nio-8080-exec-1] DEBUG o.s.s.w.a.i.FilterSecurityInterceptor - Authorization successful
2020-07-15 19:52:37.522 82356 [http-nio-8080-exec-1] DEBUG o.s.s.w.a.i.FilterSecurityInterceptor - RunAsManager did not change Authentication object
2020-07-15 19:52:37.522 82356 [http-nio-8080-exec-1] DEBUG o.s.security.web.FilterChainProxy - / reached end of additional filter chain; proceeding with original chain
2020-07-15 19:52:37.523 82357 [http-nio-8080-exec-1] DEBUG o.a.tomcat.util.http.Parameters - Set encoding to UTF-8
2020-07-15 19:52:37.523 82357 [http-nio-8080-exec-1] TRACE o.s.web.servlet.DispatcherServlet - GET "/", parameters={}, headers={masked} in DispatcherServlet 'dispatcherServlet'
2020-07-15 19:52:37.523 82357 [http-nio-8080-exec-1] TRACE o.s.b.f.s.DefaultListableBeanFactory - Returning cached instance of singleton bean 'indexController'
2020-07-15 19:52:37.523 82357 [http-nio-8080-exec-1] TRACE o.s.w.s.m.m.a.RequestMappingHandlerMapping - Mapped to CSCI5308.GroupFormationTool.WelcomePage.IndexController#greeting(Model)
2020-07-15 19:52:37.523 82357 [http-nio-8080-exec-1] TRACE o.s.w.s.m.m.a.ServletInvocableHandlerMethod - Arguments: [{}]
2020-07-15 19:52:37.523 82357 [http-nio-8080-exec-1] TRACE C.G.Courses.CourseDB - Loading all courses from database.
2020-07-15 19:52:37.743 82577 [http-nio-8080-exec-1] TRACE o.t.s.view.ThymeleafViewResolver - [THYMELEAF] View index will be handled by ThymeleafViewResolver and a ThymeleafView instance will be created for it
2020-07-15 19:52:37.744 82578 [http-nio-8080-exec-1] TRACE o.s.w.s.v.InternalResourceViewResolver - View with key [index] served from cache
2020-07-15 19:52:37.744 82578 [http-nio-8080-exec-1] DEBUG o.s.w.s.v.ContentNegotiatingViewResolver - Selected 'text/html' given [text/html, application/xhtml+xml, image/webp, image/apng, application/xml;q=0.9, application/signed-exchange;v=b3;q=0.9, */*;q=0.8]
2020-07-15 19:52:37.744 82578 [http-nio-8080-exec-1] TRACE o.s.web.servlet.DispatcherServlet - Rendering view [org.thymeleaf.spring5.view.ThymeleafView@779070a6] 
2020-07-15 19:52:37.744 82578 [http-nio-8080-exec-1] TRACE o.s.b.f.s.DefaultListableBeanFactory - Returning cached instance of singleton bean 'requestDataValueProcessor'
2020-07-15 19:52:37.744 82578 [http-nio-8080-exec-1] TRACE org.thymeleaf.TemplateEngine - [THYMELEAF][http-nio-8080-exec-1] STARTING PROCESS OF TEMPLATE "index" WITH LOCALE en_US
2020-07-15 19:52:37.744 82578 [http-nio-8080-exec-1] TRACE o.t.T.cache.TEMPLATE_CACHE - [THYMELEAF][http-nio-8080-exec-1][TEMPLATE_CACHE][CACHE_MISS] Cache miss in cache "TEMPLATE_CACHE" for key "index".
2020-07-15 19:52:37.744 82578 [http-nio-8080-exec-1] TRACE o.thymeleaf.engine.TemplateManager - [THYMELEAF][http-nio-8080-exec-1] Template resolver match! Resolver "org.thymeleaf.spring5.templateresolver.SpringResourceTemplateResolver" will resolve template "index"
2020-07-15 19:52:37.745 82579 [http-nio-8080-exec-1] TRACE o.t.T.cache.EXPRESSION_CACHE - [THYMELEAF][http-nio-8080-exec-1][EXPRESSION_CACHE][CACHE_HIT] Cache hit in cache "EXPRESSION_CACHE" for key "expr|@{/styles/cssandjs/normalize.css}".
2020-07-15 19:52:37.745 82579 [http-nio-8080-exec-1] TRACE o.t.s.expression.LinkExpression - [THYMELEAF][http-nio-8080-exec-1] Evaluating link: "@{'/styles/cssandjs/normalize.css'}"
2020-07-15 19:52:37.745 82579 [http-nio-8080-exec-1] TRACE o.t.s.e.TextLiteralExpression - [THYMELEAF][http-nio-8080-exec-1] Evaluating text literal: "'/styles/cssandjs/normalize.css'"
2020-07-15 19:52:37.745 82579 [http-nio-8080-exec-1] TRACE o.t.T.cache.EXPRESSION_CACHE - [THYMELEAF][http-nio-8080-exec-1][EXPRESSION_CACHE][CACHE_HIT] Cache hit in cache "EXPRESSION_CACHE" for key "expr|@{/styles/cssandjs/main.css}".
2020-07-15 19:52:37.745 82579 [http-nio-8080-exec-1] TRACE o.t.s.expression.LinkExpression - [THYMELEAF][http-nio-8080-exec-1] Evaluating link: "@{'/styles/cssandjs/main.css'}"
2020-07-15 19:52:37.745 82579 [http-nio-8080-exec-1] TRACE o.t.s.e.TextLiteralExpression - [THYMELEAF][http-nio-8080-exec-1] Evaluating text literal: "'/styles/cssandjs/main.css'"
2020-07-15 19:52:37.746 82580 [http-nio-8080-exec-1] TRACE o.t.e.s.auth.AuthUtils - [THYMELEAF][http-nio-8080-exec-1] Obtaining authentication object.
2020-07-15 19:52:37.746 82580 [http-nio-8080-exec-1] TRACE o.t.e.s.auth.AuthUtils - [THYMELEAF][http-nio-8080-exec-1] Authentication object of class org.springframework.security.authentication.UsernamePasswordAuthenticationToken found in context for user "B00846296".
2020-07-15 19:52:37.746 82580 [http-nio-8080-exec-1] TRACE o.t.e.s.auth.AuthUtils - [THYMELEAF][http-nio-8080-exec-1] Checking authorization using access expression "isAuthenticated()" for user "B00846296".
2020-07-15 19:52:37.746 82580 [http-nio-8080-exec-1] TRACE o.s.b.f.s.DefaultListableBeanFactory - Returning cached instance of singleton bean 'webSecurityExpressionHandler'
2020-07-15 19:52:37.746 82580 [http-nio-8080-exec-1] TRACE o.t.e.s.auth.AuthUtils - [THYMELEAF][http-nio-8080-exec-1] Checked authorization using access expression "isAuthenticated()" for user "B00846296". Access GRANTED.
2020-07-15 19:52:37.747 82581 [http-nio-8080-exec-1] TRACE o.t.T.cache.TEMPLATE_CACHE - [THYMELEAF][http-nio-8080-exec-1][TEMPLATE_CACHE][CACHE_MISS] Cache miss in cache "TEMPLATE_CACHE" for key "BannerID: [[${#httpServletRequest.remoteUser}]]@(index;23,53) @TEXT".
2020-07-15 19:52:37.750 82584 [http-nio-8080-exec-1] TRACE o.t.T.cache.EXPRESSION_CACHE - [THYMELEAF][http-nio-8080-exec-1][EXPRESSION_CACHE][CACHE_MISS] Cache miss in cache "EXPRESSION_CACHE" for key "expr|${#httpServletRequest.remoteUser}".
2020-07-15 19:52:37.750 82584 [http-nio-8080-exec-1] TRACE o.t.T.cache.EXPRESSION_CACHE - [THYMELEAF][http-nio-8080-exec-1][EXPRESSION_CACHE][CACHE_ADD][9] Adding cache entry in cache "EXPRESSION_CACHE" for key "expr|${#httpServletRequest.remoteUser}". New size is 9.
2020-07-15 19:52:37.751 82585 [http-nio-8080-exec-1] TRACE o.t.s.expression.VariableExpression - [THYMELEAF][http-nio-8080-exec-1] Evaluating variable expression: "${#httpServletRequest.remoteUser}"
2020-07-15 19:52:37.751 82585 [http-nio-8080-exec-1] TRACE o.t.s.e.SPELVariableExpressionEvaluator - [THYMELEAF][http-nio-8080-exec-1] SpringEL expression: evaluating expression "#httpServletRequest.remoteUser" on target
2020-07-15 19:52:37.751 82585 [http-nio-8080-exec-1] TRACE o.t.T.cache.EXPRESSION_CACHE - [THYMELEAF][http-nio-8080-exec-1][EXPRESSION_CACHE][CACHE_MISS] Cache miss in cache "EXPRESSION_CACHE" for key "spel|#httpServletRequest.remoteUser".
2020-07-15 19:52:37.751 82585 [http-nio-8080-exec-1] TRACE o.t.T.cache.EXPRESSION_CACHE - [THYMELEAF][http-nio-8080-exec-1][EXPRESSION_CACHE][CACHE_ADD][10] Adding cache entry in cache "EXPRESSION_CACHE" for key "spel|#httpServletRequest.remoteUser". New size is 10.
2020-07-15 19:52:37.753 82587 [http-nio-8080-exec-1] TRACE o.t.T.cache.EXPRESSION_CACHE - [THYMELEAF][http-nio-8080-exec-1][EXPRESSION_CACHE][CACHE_MISS] Cache miss in cache "EXPRESSION_CACHE" for key "expr|@{/logout}".
2020-07-15 19:52:37.753 82587 [http-nio-8080-exec-1] TRACE o.t.T.cache.EXPRESSION_CACHE - [THYMELEAF][http-nio-8080-exec-1][EXPRESSION_CACHE][CACHE_ADD][11] Adding cache entry in cache "EXPRESSION_CACHE" for key "expr|@{/logout}". New size is 11.
2020-07-15 19:52:37.753 82587 [http-nio-8080-exec-1] TRACE o.t.s.expression.LinkExpression - [THYMELEAF][http-nio-8080-exec-1] Evaluating link: "@{'/logout'}"
2020-07-15 19:52:37.753 82587 [http-nio-8080-exec-1] TRACE o.t.s.e.TextLiteralExpression - [THYMELEAF][http-nio-8080-exec-1] Evaluating text literal: "'/logout'"
2020-07-15 19:52:37.753 82587 [http-nio-8080-exec-1] TRACE o.t.e.s.auth.AuthUtils - [THYMELEAF][http-nio-8080-exec-1] Obtaining authentication object.
2020-07-15 19:52:37.753 82587 [http-nio-8080-exec-1] TRACE o.t.e.s.auth.AuthUtils - [THYMELEAF][http-nio-8080-exec-1] Authentication object of class org.springframework.security.authentication.UsernamePasswordAuthenticationToken found in context for user "B00846296".
2020-07-15 19:52:37.753 82587 [http-nio-8080-exec-1] TRACE o.t.e.s.auth.AuthUtils - [THYMELEAF][http-nio-8080-exec-1] Checking authorization using access expression "isAuthenticated()" for user "B00846296".
2020-07-15 19:52:37.754 82588 [http-nio-8080-exec-1] TRACE o.s.b.f.s.DefaultListableBeanFactory - Returning cached instance of singleton bean 'webSecurityExpressionHandler'
2020-07-15 19:52:37.754 82588 [http-nio-8080-exec-1] TRACE o.t.e.s.auth.AuthUtils - [THYMELEAF][http-nio-8080-exec-1] Checked authorization using access expression "isAuthenticated()" for user "B00846296". Access GRANTED.
2020-07-15 19:52:37.754 82588 [http-nio-8080-exec-1] TRACE o.t.T.cache.EXPRESSION_CACHE - [THYMELEAF][http-nio-8080-exec-1][EXPRESSION_CACHE][CACHE_MISS] Cache miss in cache "EXPRESSION_CACHE" for key "each|course : ${courses}".
2020-07-15 19:52:37.755 82589 [http-nio-8080-exec-1] TRACE o.t.T.cache.EXPRESSION_CACHE - [THYMELEAF][http-nio-8080-exec-1][EXPRESSION_CACHE][CACHE_ADD][12] Adding cache entry in cache "EXPRESSION_CACHE" for key "each|course : ${courses}". New size is 12.
2020-07-15 19:52:37.755 82589 [http-nio-8080-exec-1] TRACE o.t.s.e.GenericTokenExpression - [THYMELEAF][http-nio-8080-exec-1] Evaluating generic token: "course"
2020-07-15 19:52:37.755 82589 [http-nio-8080-exec-1] TRACE o.t.s.expression.VariableExpression - [THYMELEAF][http-nio-8080-exec-1] Evaluating variable expression: "${courses}"
2020-07-15 19:52:37.755 82589 [http-nio-8080-exec-1] TRACE o.t.s.e.SPELVariableExpressionEvaluator - [THYMELEAF][http-nio-8080-exec-1] SpringEL expression: evaluating expression "courses" on target
2020-07-15 19:52:37.755 82589 [http-nio-8080-exec-1] TRACE o.t.T.cache.EXPRESSION_CACHE - [THYMELEAF][http-nio-8080-exec-1][EXPRESSION_CACHE][CACHE_MISS] Cache miss in cache "EXPRESSION_CACHE" for key "spel|courses".
2020-07-15 19:52:37.755 82589 [http-nio-8080-exec-1] TRACE o.t.T.cache.EXPRESSION_CACHE - [THYMELEAF][http-nio-8080-exec-1][EXPRESSION_CACHE][CACHE_ADD][13] Adding cache entry in cache "EXPRESSION_CACHE" for key "spel|courses". New size is 13.
2020-07-15 19:52:37.757 82591 [http-nio-8080-exec-1] TRACE o.t.T.cache.EXPRESSION_CACHE - [THYMELEAF][http-nio-8080-exec-1][EXPRESSION_CACHE][CACHE_MISS] Cache miss in cache "EXPRESSION_CACHE" for key "expr|@{/course/course(id=${course.id})}".
2020-07-15 19:52:37.758 82592 [http-nio-8080-exec-1] TRACE o.t.T.cache.EXPRESSION_CACHE - [THYMELEAF][http-nio-8080-exec-1][EXPRESSION_CACHE][CACHE_ADD][14] Adding cache entry in cache "EXPRESSION_CACHE" for key "expr|@{/course/course(id=${course.id})}". New size is 14.
2020-07-15 19:52:37.758 82592 [http-nio-8080-exec-1] TRACE o.t.s.expression.LinkExpression - [THYMELEAF][http-nio-8080-exec-1] Evaluating link: "@{'/course/course'(id=${course.id})}"
2020-07-15 19:52:37.758 82592 [http-nio-8080-exec-1] TRACE o.t.s.e.TextLiteralExpression - [THYMELEAF][http-nio-8080-exec-1] Evaluating text literal: "'/course/course'"
2020-07-15 19:52:37.758 82592 [http-nio-8080-exec-1] TRACE o.t.s.e.GenericTokenExpression - [THYMELEAF][http-nio-8080-exec-1] Evaluating generic token: "id"
2020-07-15 19:52:37.758 82592 [http-nio-8080-exec-1] TRACE o.t.s.expression.VariableExpression - [THYMELEAF][http-nio-8080-exec-1] Evaluating variable expression: "${course.id}"
2020-07-15 19:52:37.758 82592 [http-nio-8080-exec-1] TRACE o.t.s.e.SPELVariableExpressionEvaluator - [THYMELEAF][http-nio-8080-exec-1] SpringEL expression: evaluating expression "course.id" on target
2020-07-15 19:52:37.758 82592 [http-nio-8080-exec-1] TRACE o.t.T.cache.EXPRESSION_CACHE - [THYMELEAF][http-nio-8080-exec-1][EXPRESSION_CACHE][CACHE_MISS] Cache miss in cache "EXPRESSION_CACHE" for key "spel|course.id".
2020-07-15 19:52:37.758 82592 [http-nio-8080-exec-1] TRACE o.t.T.cache.EXPRESSION_CACHE - [THYMELEAF][http-nio-8080-exec-1][EXPRESSION_CACHE][CACHE_ADD][15] Adding cache entry in cache "EXPRESSION_CACHE" for key "spel|course.id". New size is 15.
2020-07-15 19:52:37.761 82595 [http-nio-8080-exec-1] TRACE o.t.T.cache.EXPRESSION_CACHE - [THYMELEAF][http-nio-8080-exec-1][EXPRESSION_CACHE][CACHE_MISS] Cache miss in cache "EXPRESSION_CACHE" for key "expr|${course.title}".
2020-07-15 19:52:37.761 82595 [http-nio-8080-exec-1] TRACE o.t.T.cache.EXPRESSION_CACHE - [THYMELEAF][http-nio-8080-exec-1][EXPRESSION_CACHE][CACHE_ADD][16] Adding cache entry in cache "EXPRESSION_CACHE" for key "expr|${course.title}". New size is 16.
2020-07-15 19:52:37.761 82595 [http-nio-8080-exec-1] TRACE o.t.s.expression.VariableExpression - [THYMELEAF][http-nio-8080-exec-1] Evaluating variable expression: "${course.title}"
2020-07-15 19:52:37.761 82595 [http-nio-8080-exec-1] TRACE o.t.s.e.SPELVariableExpressionEvaluator - [THYMELEAF][http-nio-8080-exec-1] SpringEL expression: evaluating expression "course.title" on target
2020-07-15 19:52:37.761 82595 [http-nio-8080-exec-1] TRACE o.t.T.cache.EXPRESSION_CACHE - [THYMELEAF][http-nio-8080-exec-1][EXPRESSION_CACHE][CACHE_MISS] Cache miss in cache "EXPRESSION_CACHE" for key "spel|course.title".
2020-07-15 19:52:37.761 82595 [http-nio-8080-exec-1] TRACE o.t.T.cache.EXPRESSION_CACHE - [THYMELEAF][http-nio-8080-exec-1][EXPRESSION_CACHE][CACHE_ADD][17] Adding cache entry in cache "EXPRESSION_CACHE" for key "spel|course.title". New size is 17.
2020-07-15 19:52:37.761 82595 [http-nio-8080-exec-1] TRACE o.t.s.expression.LinkExpression - [THYMELEAF][http-nio-8080-exec-1] Evaluating link: "@{'/course/course'(id=${course.id})}"
2020-07-15 19:52:37.761 82595 [http-nio-8080-exec-1] TRACE o.t.s.e.TextLiteralExpression - [THYMELEAF][http-nio-8080-exec-1] Evaluating text literal: "'/course/course'"
2020-07-15 19:52:37.761 82595 [http-nio-8080-exec-1] TRACE o.t.s.e.GenericTokenExpression - [THYMELEAF][http-nio-8080-exec-1] Evaluating generic token: "id"
2020-07-15 19:52:37.761 82595 [http-nio-8080-exec-1] TRACE o.t.s.expression.VariableExpression - [THYMELEAF][http-nio-8080-exec-1] Evaluating variable expression: "${course.id}"
2020-07-15 19:52:37.761 82595 [http-nio-8080-exec-1] TRACE o.t.s.e.SPELVariableExpressionEvaluator - [THYMELEAF][http-nio-8080-exec-1] SpringEL expression: evaluating expression "course.id" on target
2020-07-15 19:52:37.761 82595 [http-nio-8080-exec-1] TRACE o.t.s.expression.VariableExpression - [THYMELEAF][http-nio-8080-exec-1] Evaluating variable expression: "${course.title}"
2020-07-15 19:52:37.761 82595 [http-nio-8080-exec-1] TRACE o.t.s.e.SPELVariableExpressionEvaluator - [THYMELEAF][http-nio-8080-exec-1] SpringEL expression: evaluating expression "course.title" on target
2020-07-15 19:52:37.762 82596 [http-nio-8080-exec-1] TRACE o.t.s.expression.LinkExpression - [THYMELEAF][http-nio-8080-exec-1] Evaluating link: "@{'/course/course'(id=${course.id})}"
2020-07-15 19:52:37.762 82596 [http-nio-8080-exec-1] TRACE o.t.s.e.TextLiteralExpression - [THYMELEAF][http-nio-8080-exec-1] Evaluating text literal: "'/course/course'"
2020-07-15 19:52:37.762 82596 [http-nio-8080-exec-1] TRACE o.t.s.e.GenericTokenExpression - [THYMELEAF][http-nio-8080-exec-1] Evaluating generic token: "id"
2020-07-15 19:52:37.762 82596 [http-nio-8080-exec-1] TRACE o.t.s.expression.VariableExpression - [THYMELEAF][http-nio-8080-exec-1] Evaluating variable expression: "${course.id}"
2020-07-15 19:52:37.762 82596 [http-nio-8080-exec-1] TRACE o.t.s.e.SPELVariableExpressionEvaluator - [THYMELEAF][http-nio-8080-exec-1] SpringEL expression: evaluating expression "course.id" on target
2020-07-15 19:52:37.762 82596 [http-nio-8080-exec-1] TRACE o.t.s.expression.VariableExpression - [THYMELEAF][http-nio-8080-exec-1] Evaluating variable expression: "${course.title}"
2020-07-15 19:52:37.762 82596 [http-nio-8080-exec-1] TRACE o.t.s.e.SPELVariableExpressionEvaluator - [THYMELEAF][http-nio-8080-exec-1] SpringEL expression: evaluating expression "course.title" on target
2020-07-15 19:52:37.762 82596 [http-nio-8080-exec-1] TRACE o.t.s.expression.LinkExpression - [THYMELEAF][http-nio-8080-exec-1] Evaluating link: "@{'/course/course'(id=${course.id})}"
2020-07-15 19:52:37.762 82596 [http-nio-8080-exec-1] TRACE o.t.s.e.TextLiteralExpression - [THYMELEAF][http-nio-8080-exec-1] Evaluating text literal: "'/course/course'"
2020-07-15 19:52:37.762 82596 [http-nio-8080-exec-1] TRACE o.t.s.e.GenericTokenExpression - [THYMELEAF][http-nio-8080-exec-1] Evaluating generic token: "id"
2020-07-15 19:52:37.762 82596 [http-nio-8080-exec-1] TRACE o.t.s.expression.VariableExpression - [THYMELEAF][http-nio-8080-exec-1] Evaluating variable expression: "${course.id}"
2020-07-15 19:52:37.762 82596 [http-nio-8080-exec-1] TRACE o.t.s.e.SPELVariableExpressionEvaluator - [THYMELEAF][http-nio-8080-exec-1] SpringEL expression: evaluating expression "course.id" on target
2020-07-15 19:52:37.762 82596 [http-nio-8080-exec-1] TRACE o.t.s.expression.VariableExpression - [THYMELEAF][http-nio-8080-exec-1] Evaluating variable expression: "${course.title}"
2020-07-15 19:52:37.762 82596 [http-nio-8080-exec-1] TRACE o.t.s.e.SPELVariableExpressionEvaluator - [THYMELEAF][http-nio-8080-exec-1] SpringEL expression: evaluating expression "course.title" on target
2020-07-15 19:52:37.763 82597 [http-nio-8080-exec-1] TRACE o.t.e.s.auth.AuthUtils - [THYMELEAF][http-nio-8080-exec-1] Obtaining authentication object.
2020-07-15 19:52:37.763 82597 [http-nio-8080-exec-1] TRACE o.t.e.s.auth.AuthUtils - [THYMELEAF][http-nio-8080-exec-1] Authentication object of class org.springframework.security.authentication.UsernamePasswordAuthenticationToken found in context for user "B00846296".
2020-07-15 19:52:37.763 82597 [http-nio-8080-exec-1] TRACE o.t.e.s.auth.AuthUtils - [THYMELEAF][http-nio-8080-exec-1] Checking authorization using access expression "!isAuthenticated()" for user "B00846296".
2020-07-15 19:52:37.763 82597 [http-nio-8080-exec-1] TRACE o.s.b.f.s.DefaultListableBeanFactory - Returning cached instance of singleton bean 'webSecurityExpressionHandler'
2020-07-15 19:52:37.763 82597 [http-nio-8080-exec-1] TRACE o.t.e.s.auth.AuthUtils - [THYMELEAF][http-nio-8080-exec-1] Checked authorization using access expression "!isAuthenticated()" for user "B00846296". Access DENIED.
2020-07-15 19:52:37.763 82597 [http-nio-8080-exec-1] TRACE o.t.e.s.auth.AuthUtils - [THYMELEAF][http-nio-8080-exec-1] Obtaining authentication object.
2020-07-15 19:52:37.763 82597 [http-nio-8080-exec-1] TRACE o.t.e.s.auth.AuthUtils - [THYMELEAF][http-nio-8080-exec-1] Authentication object of class org.springframework.security.authentication.UsernamePasswordAuthenticationToken found in context for user "B00846296".
2020-07-15 19:52:37.763 82597 [http-nio-8080-exec-1] TRACE o.t.e.s.auth.AuthUtils - [THYMELEAF][http-nio-8080-exec-1] Checking authorization using access expression "!isAuthenticated()" for user "B00846296".
2020-07-15 19:52:37.763 82597 [http-nio-8080-exec-1] TRACE o.s.b.f.s.DefaultListableBeanFactory - Returning cached instance of singleton bean 'webSecurityExpressionHandler'
2020-07-15 19:52:37.764 82598 [http-nio-8080-exec-1] TRACE o.t.e.s.auth.AuthUtils - [THYMELEAF][http-nio-8080-exec-1] Checked authorization using access expression "!isAuthenticated()" for user "B00846296". Access DENIED.
2020-07-15 19:52:37.764 82598 [http-nio-8080-exec-1] TRACE org.thymeleaf.TemplateEngine - [THYMELEAF][http-nio-8080-exec-1] FINISHED PROCESS AND OUTPUT OF TEMPLATE "index" WITH LOCALE en_US
2020-07-15 19:52:37.764 82598 [http-nio-8080-exec-1] TRACE org.thymeleaf.TemplateEngine.TIMER - [THYMELEAF][http-nio-8080-exec-1][index][en_US][20357200][20] TEMPLATE "index" WITH LOCALE en_US PROCESSED IN 20357200 nanoseconds (approx. 20ms)
2020-07-15 19:52:37.764 82598 [http-nio-8080-exec-1] DEBUG o.s.s.w.h.writers.HstsHeaderWriter - Not injecting HSTS header since it did not match the requestMatcher org.springframework.security.web.header.writers.HstsHeaderWriter$SecureRequestMatcher@31e22306
2020-07-15 19:52:37.765 82599 [http-nio-8080-exec-1] DEBUG o.s.web.servlet.DispatcherServlet - Completed 200 OK, headers={masked}
2020-07-15 19:52:37.765 82599 [http-nio-8080-exec-1] DEBUG o.s.s.w.a.ExceptionTranslationFilter - Chain processed normally
2020-07-15 19:52:37.765 82599 [http-nio-8080-exec-1] DEBUG o.s.s.w.c.SecurityContextPersistenceFilter - SecurityContextHolder now cleared, as request processing completed
2020-07-15 19:52:37.765 82599 [http-nio-8080-exec-1] TRACE o.s.b.w.s.f.OrderedRequestContextFilter - Cleared thread-bound request context: org.apache.catalina.connector.RequestFacade@3b58c600
2020-07-15 19:52:37.765 82599 [http-nio-8080-exec-1] DEBUG o.a.t.util.net.SocketWrapperBase - Socket: [org.apache.tomcat.util.net.NioEndpoint$NioSocketWrapper@529de7a1:org.apache.tomcat.util.net.NioChannel@79cdec3:java.nio.channels.SocketChannel[connected local=/0:0:0:0:0:0:0:1:8080 remote=/0:0:0:0:0:0:0:1:52353]], Read from buffer: [0]
2020-07-15 19:52:37.765 82599 [http-nio-8080-exec-1] DEBUG o.a.tomcat.util.net.NioEndpoint - Socket: [org.apache.tomcat.util.net.NioEndpoint$NioSocketWrapper@529de7a1:org.apache.tomcat.util.net.NioChannel@79cdec3:java.nio.channels.SocketChannel[connected local=/0:0:0:0:0:0:0:1:8080 remote=/0:0:0:0:0:0:0:1:52353]], Read direct from socket: [0]
2020-07-15 19:52:37.765 82599 [http-nio-8080-exec-1] DEBUG o.a.coyote.http11.Http11Processor - Socket: [org.apache.tomcat.util.net.NioEndpoint$NioSocketWrapper@529de7a1:org.apache.tomcat.util.net.NioChannel@79cdec3:java.nio.channels.SocketChannel[connected local=/0:0:0:0:0:0:0:1:8080 remote=/0:0:0:0:0:0:0:1:52353]], Status in: [OPEN_READ], State out: [OPEN]
2020-07-15 19:52:37.765 82599 [http-nio-8080-exec-1] DEBUG o.a.coyote.http11.Http11NioProtocol - Pushed Processor [org.apache.coyote.http11.Http11Processor@7a65cc3b]
2020-07-15 19:52:37.765 82599 [http-nio-8080-exec-1] DEBUG o.a.tomcat.util.net.NioEndpoint - Registered read interest for [org.apache.tomcat.util.net.NioEndpoint$NioSocketWrapper@529de7a1:org.apache.tomcat.util.net.NioChannel@79cdec3:java.nio.channels.SocketChannel[connected local=/0:0:0:0:0:0:0:1:8080 remote=/0:0:0:0:0:0:0:1:52353]]
2020-07-15 19:52:37.781 82615 [http-nio-8080-exec-4] DEBUG o.a.coyote.http11.Http11NioProtocol - Processing socket [org.apache.tomcat.util.net.NioChannel@79cdec3:java.nio.channels.SocketChannel[connected local=/0:0:0:0:0:0:0:1:8080 remote=/0:0:0:0:0:0:0:1:52353]] with status [OPEN_READ]
2020-07-15 19:52:37.781 82615 [http-nio-8080-exec-4] DEBUG o.a.coyote.http11.Http11NioProtocol - Found processor [null] for socket [org.apache.tomcat.util.net.NioChannel@79cdec3:java.nio.channels.SocketChannel[connected local=/0:0:0:0:0:0:0:1:8080 remote=/0:0:0:0:0:0:0:1:52353]]
2020-07-15 19:52:37.782 82616 [http-nio-8080-exec-4] DEBUG o.a.coyote.http11.Http11NioProtocol - Popped processor [org.apache.coyote.http11.Http11Processor@7a65cc3b] from cache
2020-07-15 19:52:37.782 82616 [http-nio-8080-exec-3] DEBUG o.a.coyote.http11.Http11NioProtocol - Processing socket [org.apache.tomcat.util.net.NioChannel@2e5c14c9:java.nio.channels.SocketChannel[connected local=/0:0:0:0:0:0:0:1:8080 remote=/0:0:0:0:0:0:0:1:52357]] with status [OPEN_READ]
2020-07-15 19:52:37.782 82616 [http-nio-8080-exec-4] DEBUG o.a.t.util.net.SocketWrapperBase - Socket: [org.apache.tomcat.util.net.NioEndpoint$NioSocketWrapper@529de7a1:org.apache.tomcat.util.net.NioChannel@79cdec3:java.nio.channels.SocketChannel[connected local=/0:0:0:0:0:0:0:1:8080 remote=/0:0:0:0:0:0:0:1:52353]], Read from buffer: [0]
2020-07-15 19:52:37.782 82616 [http-nio-8080-exec-3] DEBUG o.a.coyote.http11.Http11NioProtocol - Found processor [null] for socket [org.apache.tomcat.util.net.NioChannel@2e5c14c9:java.nio.channels.SocketChannel[connected local=/0:0:0:0:0:0:0:1:8080 remote=/0:0:0:0:0:0:0:1:52357]]
2020-07-15 19:52:37.782 82616 [http-nio-8080-exec-3] DEBUG o.a.coyote.http11.Http11NioProtocol - Popped processor [org.apache.coyote.http11.Http11Processor@573f90c5] from cache
2020-07-15 19:52:37.782 82616 [http-nio-8080-exec-4] DEBUG o.a.tomcat.util.net.NioEndpoint - Socket: [org.apache.tomcat.util.net.NioEndpoint$NioSocketWrapper@529de7a1:org.apache.tomcat.util.net.NioChannel@79cdec3:java.nio.channels.SocketChannel[connected local=/0:0:0:0:0:0:0:1:8080 remote=/0:0:0:0:0:0:0:1:52353]], Read direct from socket: [533]
2020-07-15 19:52:37.782 82616 [http-nio-8080-exec-3] DEBUG o.a.t.util.net.SocketWrapperBase - Socket: [org.apache.tomcat.util.net.NioEndpoint$NioSocketWrapper@24a47fb9:org.apache.tomcat.util.net.NioChannel@2e5c14c9:java.nio.channels.SocketChannel[connected local=/0:0:0:0:0:0:0:1:8080 remote=/0:0:0:0:0:0:0:1:52357]], Read from buffer: [0]
2020-07-15 19:52:37.782 82616 [http-nio-8080-exec-4] DEBUG o.a.coyote.http11.Http11InputBuffer - Received [GET /styles/cssandjs/normalize.css HTTP/1.1
Host: localhost:8080
Connection: keep-alive
User-Agent: Mozilla/5.0 (Windows NT 10.0; Win64; x64) AppleWebKit/537.36 (KHTML, like Gecko) Chrome/84.0.4147.89 Safari/537.36
Accept: text/css,*/*;q=0.1
Sec-Fetch-Site: same-origin
Sec-Fetch-Mode: no-cors
Sec-Fetch-Dest: style
Referer: http://localhost:8080/
Accept-Encoding: gzip, deflate, br
Accept-Language: en-US,en;q=0.9
Cookie: Idea-4aed9f74=2b566d24-925d-415a-a965-059a11c42de1; JSESSIONID=24EB9BAF33F4383BF8857D1A555BDB5D

]
2020-07-15 19:52:37.782 82616 [http-nio-8080-exec-3] DEBUG o.a.tomcat.util.net.NioEndpoint - Socket: [org.apache.tomcat.util.net.NioEndpoint$NioSocketWrapper@24a47fb9:org.apache.tomcat.util.net.NioChannel@2e5c14c9:java.nio.channels.SocketChannel[connected local=/0:0:0:0:0:0:0:1:8080 remote=/0:0:0:0:0:0:0:1:52357]], Read direct from socket: [528]
2020-07-15 19:52:37.782 82616 [http-nio-8080-exec-3] DEBUG o.a.coyote.http11.Http11InputBuffer - Received [GET /styles/cssandjs/main.css HTTP/1.1
Host: localhost:8080
Connection: keep-alive
User-Agent: Mozilla/5.0 (Windows NT 10.0; Win64; x64) AppleWebKit/537.36 (KHTML, like Gecko) Chrome/84.0.4147.89 Safari/537.36
Accept: text/css,*/*;q=0.1
Sec-Fetch-Site: same-origin
Sec-Fetch-Mode: no-cors
Sec-Fetch-Dest: style
Referer: http://localhost:8080/
Accept-Encoding: gzip, deflate, br
Accept-Language: en-US,en;q=0.9
Cookie: Idea-4aed9f74=2b566d24-925d-415a-a965-059a11c42de1; JSESSIONID=24EB9BAF33F4383BF8857D1A555BDB5D

]
2020-07-15 19:52:37.783 82617 [http-nio-8080-exec-3] DEBUG o.a.t.u.http.Rfc6265CookieProcessor - Cookies: Parsing b[]: Idea-4aed9f74=2b566d24-925d-415a-a965-059a11c42de1; JSESSIONID=24EB9BAF33F4383BF8857D1A555BDB5D
2020-07-15 19:52:37.783 82617 [http-nio-8080-exec-4] DEBUG o.a.t.u.http.Rfc6265CookieProcessor - Cookies: Parsing b[]: Idea-4aed9f74=2b566d24-925d-415a-a965-059a11c42de1; JSESSIONID=24EB9BAF33F4383BF8857D1A555BDB5D
2020-07-15 19:52:37.783 82617 [http-nio-8080-exec-3] DEBUG o.a.c.connector.CoyoteAdapter -  Requested cookie session id is 24EB9BAF33F4383BF8857D1A555BDB5D
2020-07-15 19:52:37.783 82617 [http-nio-8080-exec-4] DEBUG o.a.c.connector.CoyoteAdapter -  Requested cookie session id is 24EB9BAF33F4383BF8857D1A555BDB5D
2020-07-15 19:52:37.783 82617 [http-nio-8080-exec-3] DEBUG o.a.c.a.AuthenticatorBase - Security checking request GET /styles/cssandjs/main.css
2020-07-15 19:52:37.783 82617 [http-nio-8080-exec-4] DEBUG o.a.c.a.AuthenticatorBase - Security checking request GET /styles/cssandjs/normalize.css
2020-07-15 19:52:37.783 82617 [http-nio-8080-exec-3] DEBUG org.apache.catalina.realm.RealmBase -   No applicable constraints defined
2020-07-15 19:52:37.783 82617 [http-nio-8080-exec-4] DEBUG org.apache.catalina.realm.RealmBase -   No applicable constraints defined
2020-07-15 19:52:37.783 82617 [http-nio-8080-exec-3] DEBUG o.a.c.a.AuthenticatorBase - Not subject to any constraint
2020-07-15 19:52:37.783 82617 [http-nio-8080-exec-4] DEBUG o.a.c.a.AuthenticatorBase - Not subject to any constraint
2020-07-15 19:52:37.783 82617 [http-nio-8080-exec-3] DEBUG o.a.catalina.core.StandardWrapper -   Returning non-STM instance
2020-07-15 19:52:37.783 82617 [http-nio-8080-exec-4] DEBUG o.a.catalina.core.StandardWrapper -   Returning non-STM instance
2020-07-15 19:52:37.784 82618 [http-nio-8080-exec-3] TRACE o.s.b.w.s.f.OrderedRequestContextFilter - Bound request context to thread: org.apache.catalina.connector.RequestFacade@3de577
2020-07-15 19:52:37.784 82618 [http-nio-8080-exec-4] TRACE o.s.b.w.s.f.OrderedRequestContextFilter - Bound request context to thread: org.apache.catalina.connector.RequestFacade@3b58c600
2020-07-15 19:52:37.784 82618 [http-nio-8080-exec-3] DEBUG o.s.s.w.u.m.AntPathRequestMatcher - Checking match of request : '/styles/cssandjs/main.css'; against '/resources/**'
2020-07-15 19:52:37.784 82618 [http-nio-8080-exec-3] DEBUG o.s.security.web.FilterChainProxy - /styles/cssandjs/main.css at position 1 of 12 in additional filter chain; firing Filter: 'WebAsyncManagerIntegrationFilter'
2020-07-15 19:52:37.784 82618 [http-nio-8080-exec-3] DEBUG o.s.security.web.FilterChainProxy - /styles/cssandjs/main.css at position 2 of 12 in additional filter chain; firing Filter: 'SecurityContextPersistenceFilter'
2020-07-15 19:52:37.784 82618 [http-nio-8080-exec-3] DEBUG o.s.s.w.c.HttpSessionSecurityContextRepository - Obtained a valid SecurityContext from SPRING_SECURITY_CONTEXT: 'org.springframework.security.core.context.SecurityContextImpl@fe558018: Authentication: org.springframework.security.authentication.UsernamePasswordAuthenticationToken@fe558018: Principal: B00846296; Credentials: [PROTECTED]; Authenticated: true; Details: null; Granted Authorities: USER'
2020-07-15 19:52:37.784 82618 [http-nio-8080-exec-4] DEBUG o.s.s.w.u.m.AntPathRequestMatcher - Checking match of request : '/styles/cssandjs/normalize.css'; against '/resources/**'
2020-07-15 19:52:37.784 82618 [http-nio-8080-exec-3] DEBUG o.s.security.web.FilterChainProxy - /styles/cssandjs/main.css at position 3 of 12 in additional filter chain; firing Filter: 'HeaderWriterFilter'
2020-07-15 19:52:37.784 82618 [http-nio-8080-exec-4] DEBUG o.s.security.web.FilterChainProxy - /styles/cssandjs/normalize.css at position 1 of 12 in additional filter chain; firing Filter: 'WebAsyncManagerIntegrationFilter'
2020-07-15 19:52:37.784 82618 [http-nio-8080-exec-3] DEBUG o.s.security.web.FilterChainProxy - /styles/cssandjs/main.css at position 4 of 12 in additional filter chain; firing Filter: 'LogoutFilter'
2020-07-15 19:52:37.784 82618 [http-nio-8080-exec-3] DEBUG o.s.s.w.u.matcher.OrRequestMatcher - Trying to match using Ant [pattern='/logout', GET]
2020-07-15 19:52:37.784 82618 [http-nio-8080-exec-4] DEBUG o.s.security.web.FilterChainProxy - /styles/cssandjs/normalize.css at position 2 of 12 in additional filter chain; firing Filter: 'SecurityContextPersistenceFilter'
2020-07-15 19:52:37.784 82618 [http-nio-8080-exec-3] DEBUG o.s.s.w.u.m.AntPathRequestMatcher - Checking match of request : '/styles/cssandjs/main.css'; against '/logout'
2020-07-15 19:52:37.784 82618 [http-nio-8080-exec-4] DEBUG o.s.s.w.c.HttpSessionSecurityContextRepository - Obtained a valid SecurityContext from SPRING_SECURITY_CONTEXT: 'org.springframework.security.core.context.SecurityContextImpl@fe558018: Authentication: org.springframework.security.authentication.UsernamePasswordAuthenticationToken@fe558018: Principal: B00846296; Credentials: [PROTECTED]; Authenticated: true; Details: null; Granted Authorities: USER'
2020-07-15 19:52:37.784 82618 [http-nio-8080-exec-3] DEBUG o.s.s.w.u.matcher.OrRequestMatcher - Trying to match using Ant [pattern='/logout', POST]
2020-07-15 19:52:37.784 82618 [http-nio-8080-exec-4] DEBUG o.s.security.web.FilterChainProxy - /styles/cssandjs/normalize.css at position 3 of 12 in additional filter chain; firing Filter: 'HeaderWriterFilter'
2020-07-15 19:52:37.784 82618 [http-nio-8080-exec-3] DEBUG o.s.s.w.u.m.AntPathRequestMatcher - Request 'GET /styles/cssandjs/main.css' doesn't match 'POST /logout'
2020-07-15 19:52:37.784 82618 [http-nio-8080-exec-3] DEBUG o.s.s.w.u.matcher.OrRequestMatcher - Trying to match using Ant [pattern='/logout', PUT]
2020-07-15 19:52:37.784 82618 [http-nio-8080-exec-4] DEBUG o.s.security.web.FilterChainProxy - /styles/cssandjs/normalize.css at position 4 of 12 in additional filter chain; firing Filter: 'LogoutFilter'
2020-07-15 19:52:37.784 82618 [http-nio-8080-exec-3] DEBUG o.s.s.w.u.m.AntPathRequestMatcher - Request 'GET /styles/cssandjs/main.css' doesn't match 'PUT /logout'
2020-07-15 19:52:37.784 82618 [http-nio-8080-exec-4] DEBUG o.s.s.w.u.matcher.OrRequestMatcher - Trying to match using Ant [pattern='/logout', GET]
2020-07-15 19:52:37.784 82618 [http-nio-8080-exec-3] DEBUG o.s.s.w.u.matcher.OrRequestMatcher - Trying to match using Ant [pattern='/logout', DELETE]
2020-07-15 19:52:37.784 82618 [http-nio-8080-exec-4] DEBUG o.s.s.w.u.m.AntPathRequestMatcher - Checking match of request : '/styles/cssandjs/normalize.css'; against '/logout'
2020-07-15 19:52:37.784 82618 [http-nio-8080-exec-3] DEBUG o.s.s.w.u.m.AntPathRequestMatcher - Request 'GET /styles/cssandjs/main.css' doesn't match 'DELETE /logout'
2020-07-15 19:52:37.784 82618 [http-nio-8080-exec-4] DEBUG o.s.s.w.u.matcher.OrRequestMatcher - Trying to match using Ant [pattern='/logout', POST]
2020-07-15 19:52:37.784 82618 [http-nio-8080-exec-3] DEBUG o.s.s.w.u.matcher.OrRequestMatcher - No matches found
2020-07-15 19:52:37.784 82618 [http-nio-8080-exec-4] DEBUG o.s.s.w.u.m.AntPathRequestMatcher - Request 'GET /styles/cssandjs/normalize.css' doesn't match 'POST /logout'
2020-07-15 19:52:37.784 82618 [http-nio-8080-exec-3] DEBUG o.s.security.web.FilterChainProxy - /styles/cssandjs/main.css at position 5 of 12 in additional filter chain; firing Filter: 'UsernamePasswordAuthenticationFilter'
2020-07-15 19:52:37.784 82618 [http-nio-8080-exec-4] DEBUG o.s.s.w.u.matcher.OrRequestMatcher - Trying to match using Ant [pattern='/logout', PUT]
2020-07-15 19:52:37.784 82618 [http-nio-8080-exec-4] DEBUG o.s.s.w.u.m.AntPathRequestMatcher - Request 'GET /styles/cssandjs/normalize.css' doesn't match 'PUT /logout'
2020-07-15 19:52:37.784 82618 [http-nio-8080-exec-4] DEBUG o.s.s.w.u.matcher.OrRequestMatcher - Trying to match using Ant [pattern='/logout', DELETE]
2020-07-15 19:52:37.784 82618 [http-nio-8080-exec-4] DEBUG o.s.s.w.u.m.AntPathRequestMatcher - Request 'GET /styles/cssandjs/normalize.css' doesn't match 'DELETE /logout'
2020-07-15 19:52:37.784 82618 [http-nio-8080-exec-4] DEBUG o.s.s.w.u.matcher.OrRequestMatcher - No matches found
2020-07-15 19:52:37.784 82618 [http-nio-8080-exec-3] DEBUG o.s.s.w.u.m.AntPathRequestMatcher - Request 'GET /styles/cssandjs/main.css' doesn't match 'POST /login'
2020-07-15 19:52:37.784 82618 [http-nio-8080-exec-4] DEBUG o.s.security.web.FilterChainProxy - /styles/cssandjs/normalize.css at position 5 of 12 in additional filter chain; firing Filter: 'UsernamePasswordAuthenticationFilter'
2020-07-15 19:52:37.784 82618 [http-nio-8080-exec-3] DEBUG o.s.security.web.FilterChainProxy - /styles/cssandjs/main.css at position 6 of 12 in additional filter chain; firing Filter: 'BasicAuthenticationFilter'
2020-07-15 19:52:37.784 82618 [http-nio-8080-exec-4] DEBUG o.s.s.w.u.m.AntPathRequestMatcher - Request 'GET /styles/cssandjs/normalize.css' doesn't match 'POST /login'
2020-07-15 19:52:37.784 82618 [http-nio-8080-exec-4] DEBUG o.s.security.web.FilterChainProxy - /styles/cssandjs/normalize.css at position 6 of 12 in additional filter chain; firing Filter: 'BasicAuthenticationFilter'
2020-07-15 19:52:37.784 82618 [http-nio-8080-exec-3] DEBUG o.s.security.web.FilterChainProxy - /styles/cssandjs/main.css at position 7 of 12 in additional filter chain; firing Filter: 'RequestCacheAwareFilter'
2020-07-15 19:52:37.784 82618 [http-nio-8080-exec-4] DEBUG o.s.security.web.FilterChainProxy - /styles/cssandjs/normalize.css at position 7 of 12 in additional filter chain; firing Filter: 'RequestCacheAwareFilter'
2020-07-15 19:52:37.784 82618 [http-nio-8080-exec-3] DEBUG o.s.s.w.s.HttpSessionRequestCache - saved request doesn't match
2020-07-15 19:52:37.784 82618 [http-nio-8080-exec-4] DEBUG o.s.s.w.s.HttpSessionRequestCache - saved request doesn't match
2020-07-15 19:52:37.784 82618 [http-nio-8080-exec-3] DEBUG o.s.security.web.FilterChainProxy - /styles/cssandjs/main.css at position 8 of 12 in additional filter chain; firing Filter: 'SecurityContextHolderAwareRequestFilter'
2020-07-15 19:52:37.784 82618 [http-nio-8080-exec-4] DEBUG o.s.security.web.FilterChainProxy - /styles/cssandjs/normalize.css at position 8 of 12 in additional filter chain; firing Filter: 'SecurityContextHolderAwareRequestFilter'
2020-07-15 19:52:37.784 82618 [http-nio-8080-exec-4] DEBUG o.s.security.web.FilterChainProxy - /styles/cssandjs/normalize.css at position 9 of 12 in additional filter chain; firing Filter: 'AnonymousAuthenticationFilter'
2020-07-15 19:52:37.784 82618 [http-nio-8080-exec-3] DEBUG o.s.security.web.FilterChainProxy - /styles/cssandjs/main.css at position 9 of 12 in additional filter chain; firing Filter: 'AnonymousAuthenticationFilter'
2020-07-15 19:52:37.784 82618 [http-nio-8080-exec-4] DEBUG o.s.s.w.a.AnonymousAuthenticationFilter - SecurityContextHolder not populated with anonymous token, as it already contained: 'org.springframework.security.authentication.UsernamePasswordAuthenticationToken@fe558018: Principal: B00846296; Credentials: [PROTECTED]; Authenticated: true; Details: null; Granted Authorities: USER'
2020-07-15 19:52:37.784 82618 [http-nio-8080-exec-3] DEBUG o.s.s.w.a.AnonymousAuthenticationFilter - SecurityContextHolder not populated with anonymous token, as it already contained: 'org.springframework.security.authentication.UsernamePasswordAuthenticationToken@fe558018: Principal: B00846296; Credentials: [PROTECTED]; Authenticated: true; Details: null; Granted Authorities: USER'
2020-07-15 19:52:37.784 82618 [http-nio-8080-exec-4] DEBUG o.s.security.web.FilterChainProxy - /styles/cssandjs/normalize.css at position 10 of 12 in additional filter chain; firing Filter: 'SessionManagementFilter'
2020-07-15 19:52:37.784 82618 [http-nio-8080-exec-3] DEBUG o.s.security.web.FilterChainProxy - /styles/cssandjs/main.css at position 10 of 12 in additional filter chain; firing Filter: 'SessionManagementFilter'
2020-07-15 19:52:37.785 82619 [http-nio-8080-exec-3] DEBUG o.s.security.web.FilterChainProxy - /styles/cssandjs/main.css at position 11 of 12 in additional filter chain; firing Filter: 'ExceptionTranslationFilter'
2020-07-15 19:52:37.785 82619 [http-nio-8080-exec-4] DEBUG o.s.security.web.FilterChainProxy - /styles/cssandjs/normalize.css at position 11 of 12 in additional filter chain; firing Filter: 'ExceptionTranslationFilter'
2020-07-15 19:52:37.785 82619 [http-nio-8080-exec-4] DEBUG o.s.security.web.FilterChainProxy - /styles/cssandjs/normalize.css at position 12 of 12 in additional filter chain; firing Filter: 'FilterSecurityInterceptor'
2020-07-15 19:52:37.785 82619 [http-nio-8080-exec-3] DEBUG o.s.security.web.FilterChainProxy - /styles/cssandjs/main.css at position 12 of 12 in additional filter chain; firing Filter: 'FilterSecurityInterceptor'
2020-07-15 19:52:37.785 82619 [http-nio-8080-exec-4] DEBUG o.s.s.w.u.matcher.OrRequestMatcher - Trying to match using Ant [pattern='/logout', GET]
2020-07-15 19:52:37.785 82619 [http-nio-8080-exec-3] DEBUG o.s.s.w.u.matcher.OrRequestMatcher - Trying to match using Ant [pattern='/logout', GET]
2020-07-15 19:52:37.785 82619 [http-nio-8080-exec-4] DEBUG o.s.s.w.u.m.AntPathRequestMatcher - Checking match of request : '/styles/cssandjs/normalize.css'; against '/logout'
2020-07-15 19:52:37.785 82619 [http-nio-8080-exec-3] DEBUG o.s.s.w.u.m.AntPathRequestMatcher - Checking match of request : '/styles/cssandjs/main.css'; against '/logout'
2020-07-15 19:52:37.785 82619 [http-nio-8080-exec-4] DEBUG o.s.s.w.u.matcher.OrRequestMatcher - Trying to match using Ant [pattern='/logout', POST]
2020-07-15 19:52:37.785 82619 [http-nio-8080-exec-3] DEBUG o.s.s.w.u.matcher.OrRequestMatcher - Trying to match using Ant [pattern='/logout', POST]
2020-07-15 19:52:37.785 82619 [http-nio-8080-exec-4] DEBUG o.s.s.w.u.m.AntPathRequestMatcher - Request 'GET /styles/cssandjs/normalize.css' doesn't match 'POST /logout'
2020-07-15 19:52:37.785 82619 [http-nio-8080-exec-3] DEBUG o.s.s.w.u.m.AntPathRequestMatcher - Request 'GET /styles/cssandjs/main.css' doesn't match 'POST /logout'
2020-07-15 19:52:37.785 82619 [http-nio-8080-exec-4] DEBUG o.s.s.w.u.matcher.OrRequestMatcher - Trying to match using Ant [pattern='/logout', PUT]
2020-07-15 19:52:37.785 82619 [http-nio-8080-exec-3] DEBUG o.s.s.w.u.matcher.OrRequestMatcher - Trying to match using Ant [pattern='/logout', PUT]
2020-07-15 19:52:37.785 82619 [http-nio-8080-exec-4] DEBUG o.s.s.w.u.m.AntPathRequestMatcher - Request 'GET /styles/cssandjs/normalize.css' doesn't match 'PUT /logout'
2020-07-15 19:52:37.785 82619 [http-nio-8080-exec-4] DEBUG o.s.s.w.u.matcher.OrRequestMatcher - Trying to match using Ant [pattern='/logout', DELETE]
2020-07-15 19:52:37.785 82619 [http-nio-8080-exec-3] DEBUG o.s.s.w.u.m.AntPathRequestMatcher - Request 'GET /styles/cssandjs/main.css' doesn't match 'PUT /logout'
2020-07-15 19:52:37.785 82619 [http-nio-8080-exec-4] DEBUG o.s.s.w.u.m.AntPathRequestMatcher - Request 'GET /styles/cssandjs/normalize.css' doesn't match 'DELETE /logout'
2020-07-15 19:52:37.785 82619 [http-nio-8080-exec-4] DEBUG o.s.s.w.u.matcher.OrRequestMatcher - No matches found
2020-07-15 19:52:37.785 82619 [http-nio-8080-exec-3] DEBUG o.s.s.w.u.matcher.OrRequestMatcher - Trying to match using Ant [pattern='/logout', DELETE]
2020-07-15 19:52:37.785 82619 [http-nio-8080-exec-4] DEBUG o.s.s.w.u.m.AntPathRequestMatcher - Checking match of request : '/styles/cssandjs/normalize.css'; against '/admin/**'
2020-07-15 19:52:37.785 82619 [http-nio-8080-exec-3] DEBUG o.s.s.w.u.m.AntPathRequestMatcher - Request 'GET /styles/cssandjs/main.css' doesn't match 'DELETE /logout'
2020-07-15 19:52:37.785 82619 [http-nio-8080-exec-4] DEBUG o.s.s.w.u.m.AntPathRequestMatcher - Checking match of request : '/styles/cssandjs/normalize.css'; against '/public/**'
2020-07-15 19:52:37.785 82619 [http-nio-8080-exec-3] DEBUG o.s.s.w.u.matcher.OrRequestMatcher - No matches found
2020-07-15 19:52:37.785 82619 [http-nio-8080-exec-4] DEBUG o.s.s.w.u.m.AntPathRequestMatcher - Request '/styles/cssandjs/normalize.css' matched by universal pattern '/**'
2020-07-15 19:52:37.785 82619 [http-nio-8080-exec-3] DEBUG o.s.s.w.u.m.AntPathRequestMatcher - Checking match of request : '/styles/cssandjs/main.css'; against '/admin/**'
2020-07-15 19:52:37.785 82619 [http-nio-8080-exec-4] DEBUG o.s.s.w.a.i.FilterSecurityInterceptor - Secure object: FilterInvocation: URL: /styles/cssandjs/normalize.css; Attributes: [permitAll]
2020-07-15 19:52:37.785 82619 [http-nio-8080-exec-3] DEBUG o.s.s.w.u.m.AntPathRequestMatcher - Checking match of request : '/styles/cssandjs/main.css'; against '/public/**'
2020-07-15 19:52:37.785 82619 [http-nio-8080-exec-4] DEBUG o.s.s.w.a.i.FilterSecurityInterceptor - Previously Authenticated: org.springframework.security.authentication.UsernamePasswordAuthenticationToken@fe558018: Principal: B00846296; Credentials: [PROTECTED]; Authenticated: true; Details: null; Granted Authorities: USER
2020-07-15 19:52:37.785 82619 [http-nio-8080-exec-3] DEBUG o.s.s.w.u.m.AntPathRequestMatcher - Request '/styles/cssandjs/main.css' matched by universal pattern '/**'
2020-07-15 19:52:37.785 82619 [http-nio-8080-exec-3] DEBUG o.s.s.w.a.i.FilterSecurityInterceptor - Secure object: FilterInvocation: URL: /styles/cssandjs/main.css; Attributes: [permitAll]
2020-07-15 19:52:37.785 82619 [http-nio-8080-exec-3] DEBUG o.s.s.w.a.i.FilterSecurityInterceptor - Previously Authenticated: org.springframework.security.authentication.UsernamePasswordAuthenticationToken@fe558018: Principal: B00846296; Credentials: [PROTECTED]; Authenticated: true; Details: null; Granted Authorities: USER
2020-07-15 19:52:37.785 82619 [http-nio-8080-exec-4] DEBUG o.s.s.access.vote.AffirmativeBased - Voter: org.springframework.security.web.access.expression.WebExpressionVoter@4d379b9d, returned: 1
2020-07-15 19:52:37.785 82619 [http-nio-8080-exec-4] DEBUG o.s.s.w.a.i.FilterSecurityInterceptor - Authorization successful
2020-07-15 19:52:37.785 82619 [http-nio-8080-exec-3] DEBUG o.s.s.access.vote.AffirmativeBased - Voter: org.springframework.security.web.access.expression.WebExpressionVoter@4d379b9d, returned: 1
2020-07-15 19:52:37.785 82619 [http-nio-8080-exec-3] DEBUG o.s.s.w.a.i.FilterSecurityInterceptor - Authorization successful
2020-07-15 19:52:37.785 82619 [http-nio-8080-exec-3] DEBUG o.s.s.w.a.i.FilterSecurityInterceptor - RunAsManager did not change Authentication object
2020-07-15 19:52:37.785 82619 [http-nio-8080-exec-3] DEBUG o.s.security.web.FilterChainProxy - /styles/cssandjs/main.css reached end of additional filter chain; proceeding with original chain
2020-07-15 19:52:37.785 82619 [http-nio-8080-exec-4] DEBUG o.s.s.w.a.i.FilterSecurityInterceptor - RunAsManager did not change Authentication object
2020-07-15 19:52:37.785 82619 [http-nio-8080-exec-4] DEBUG o.s.security.web.FilterChainProxy - /styles/cssandjs/normalize.css reached end of additional filter chain; proceeding with original chain
2020-07-15 19:52:37.786 82620 [http-nio-8080-exec-3] DEBUG o.a.tomcat.util.http.Parameters - Set encoding to UTF-8
2020-07-15 19:52:37.786 82620 [http-nio-8080-exec-4] DEBUG o.a.tomcat.util.http.Parameters - Set encoding to UTF-8
2020-07-15 19:52:37.786 82620 [http-nio-8080-exec-3] TRACE o.s.web.servlet.DispatcherServlet - GET "/styles/cssandjs/main.css", parameters={}, headers={masked} in DispatcherServlet 'dispatcherServlet'
2020-07-15 19:52:37.786 82620 [http-nio-8080-exec-4] TRACE o.s.web.servlet.DispatcherServlet - GET "/styles/cssandjs/normalize.css", parameters={}, headers={masked} in DispatcherServlet 'dispatcherServlet'
2020-07-15 19:52:37.787 82621 [http-nio-8080-exec-3] TRACE o.s.w.s.h.SimpleUrlHandlerMapping - Mapped to HandlerExecutionChain with [ResourceHttpRequestHandler ["classpath:/META-INF/resources/", "classpath:/resources/", "classpath:/static/", "classpath:/public/", "/"]] and 3 interceptors
2020-07-15 19:52:37.787 82621 [http-nio-8080-exec-4] TRACE o.s.w.s.h.SimpleUrlHandlerMapping - Mapped to HandlerExecutionChain with [ResourceHttpRequestHandler ["classpath:/META-INF/resources/", "classpath:/resources/", "classpath:/static/", "classpath:/public/", "/"]] and 3 interceptors
2020-07-15 19:52:37.789 82623 [http-nio-8080-exec-4] DEBUG o.s.s.w.h.writers.HstsHeaderWriter - Not injecting HSTS header since it did not match the requestMatcher org.springframework.security.web.header.writers.HstsHeaderWriter$SecureRequestMatcher@31e22306
2020-07-15 19:52:37.789 82623 [http-nio-8080-exec-3] DEBUG o.s.s.w.h.writers.HstsHeaderWriter - Not injecting HSTS header since it did not match the requestMatcher org.springframework.security.web.header.writers.HstsHeaderWriter$SecureRequestMatcher@31e22306
2020-07-15 19:52:37.789 82623 [http-nio-8080-exec-3] TRACE o.s.web.servlet.DispatcherServlet - No view rendering, null ModelAndView returned.
2020-07-15 19:52:37.789 82623 [http-nio-8080-exec-4] TRACE o.s.web.servlet.DispatcherServlet - No view rendering, null ModelAndView returned.
2020-07-15 19:52:37.789 82623 [http-nio-8080-exec-4] DEBUG o.s.web.servlet.DispatcherServlet - Completed 200 OK, headers={masked}
2020-07-15 19:52:37.789 82623 [http-nio-8080-exec-3] DEBUG o.s.web.servlet.DispatcherServlet - Completed 200 OK, headers={masked}
2020-07-15 19:52:37.789 82623 [http-nio-8080-exec-3] DEBUG o.s.s.w.a.ExceptionTranslationFilter - Chain processed normally
2020-07-15 19:52:37.789 82623 [http-nio-8080-exec-4] DEBUG o.s.s.w.a.ExceptionTranslationFilter - Chain processed normally
2020-07-15 19:52:37.789 82623 [http-nio-8080-exec-3] DEBUG o.s.s.w.c.SecurityContextPersistenceFilter - SecurityContextHolder now cleared, as request processing completed
2020-07-15 19:52:37.789 82623 [http-nio-8080-exec-3] TRACE o.s.b.w.s.f.OrderedRequestContextFilter - Cleared thread-bound request context: org.apache.catalina.connector.RequestFacade@3de577
2020-07-15 19:52:37.789 82623 [http-nio-8080-exec-4] DEBUG o.s.s.w.c.SecurityContextPersistenceFilter - SecurityContextHolder now cleared, as request processing completed
2020-07-15 19:52:37.790 82624 [http-nio-8080-exec-4] TRACE o.s.b.w.s.f.OrderedRequestContextFilter - Cleared thread-bound request context: org.apache.catalina.connector.RequestFacade@3b58c600
2020-07-15 19:52:37.790 82624 [http-nio-8080-exec-3] DEBUG o.a.t.util.net.SocketWrapperBase - Socket: [org.apache.tomcat.util.net.NioEndpoint$NioSocketWrapper@24a47fb9:org.apache.tomcat.util.net.NioChannel@2e5c14c9:java.nio.channels.SocketChannel[connected local=/0:0:0:0:0:0:0:1:8080 remote=/0:0:0:0:0:0:0:1:52357]], Read from buffer: [0]
2020-07-15 19:52:37.790 82624 [http-nio-8080-exec-3] DEBUG o.a.tomcat.util.net.NioEndpoint - Socket: [org.apache.tomcat.util.net.NioEndpoint$NioSocketWrapper@24a47fb9:org.apache.tomcat.util.net.NioChannel@2e5c14c9:java.nio.channels.SocketChannel[connected local=/0:0:0:0:0:0:0:1:8080 remote=/0:0:0:0:0:0:0:1:52357]], Read direct from socket: [0]
2020-07-15 19:52:37.790 82624 [http-nio-8080-exec-3] DEBUG o.a.coyote.http11.Http11Processor - Socket: [org.apache.tomcat.util.net.NioEndpoint$NioSocketWrapper@24a47fb9:org.apache.tomcat.util.net.NioChannel@2e5c14c9:java.nio.channels.SocketChannel[connected local=/0:0:0:0:0:0:0:1:8080 remote=/0:0:0:0:0:0:0:1:52357]], Status in: [OPEN_READ], State out: [OPEN]
2020-07-15 19:52:37.790 82624 [http-nio-8080-exec-4] DEBUG o.a.t.util.net.SocketWrapperBase - Socket: [org.apache.tomcat.util.net.NioEndpoint$NioSocketWrapper@529de7a1:org.apache.tomcat.util.net.NioChannel@79cdec3:java.nio.channels.SocketChannel[connected local=/0:0:0:0:0:0:0:1:8080 remote=/0:0:0:0:0:0:0:1:52353]], Read from buffer: [0]
2020-07-15 19:52:37.790 82624 [http-nio-8080-exec-3] DEBUG o.a.coyote.http11.Http11NioProtocol - Pushed Processor [org.apache.coyote.http11.Http11Processor@573f90c5]
2020-07-15 19:52:37.790 82624 [http-nio-8080-exec-4] DEBUG o.a.tomcat.util.net.NioEndpoint - Socket: [org.apache.tomcat.util.net.NioEndpoint$NioSocketWrapper@529de7a1:org.apache.tomcat.util.net.NioChannel@79cdec3:java.nio.channels.SocketChannel[connected local=/0:0:0:0:0:0:0:1:8080 remote=/0:0:0:0:0:0:0:1:52353]], Read direct from socket: [0]
2020-07-15 19:52:37.790 82624 [http-nio-8080-exec-4] DEBUG o.a.coyote.http11.Http11Processor - Socket: [org.apache.tomcat.util.net.NioEndpoint$NioSocketWrapper@529de7a1:org.apache.tomcat.util.net.NioChannel@79cdec3:java.nio.channels.SocketChannel[connected local=/0:0:0:0:0:0:0:1:8080 remote=/0:0:0:0:0:0:0:1:52353]], Status in: [OPEN_READ], State out: [OPEN]
2020-07-15 19:52:37.790 82624 [http-nio-8080-exec-3] DEBUG o.a.tomcat.util.net.NioEndpoint - Registered read interest for [org.apache.tomcat.util.net.NioEndpoint$NioSocketWrapper@24a47fb9:org.apache.tomcat.util.net.NioChannel@2e5c14c9:java.nio.channels.SocketChannel[connected local=/0:0:0:0:0:0:0:1:8080 remote=/0:0:0:0:0:0:0:1:52357]]
2020-07-15 19:52:37.790 82624 [http-nio-8080-exec-4] DEBUG o.a.coyote.http11.Http11NioProtocol - Pushed Processor [org.apache.coyote.http11.Http11Processor@7a65cc3b]
2020-07-15 19:52:37.791 82625 [http-nio-8080-exec-4] DEBUG o.a.tomcat.util.net.NioEndpoint - Registered read interest for [org.apache.tomcat.util.net.NioEndpoint$NioSocketWrapper@529de7a1:org.apache.tomcat.util.net.NioChannel@79cdec3:java.nio.channels.SocketChannel[connected local=/0:0:0:0:0:0:0:1:8080 remote=/0:0:0:0:0:0:0:1:52353]]
2020-07-15 19:52:38.792 83626 [http-nio-8080-ClientPoller] DEBUG o.a.tomcat.util.net.NioEndpoint - timeout completed: keys processed=3; now=1594853558792; nextExpiration=1594853558518; keyCount=0; hasEvents=false; eval=false
2020-07-15 19:52:39.792 84626 [http-nio-8080-ClientPoller] DEBUG o.a.tomcat.util.net.NioEndpoint - timeout completed: keys processed=3; now=1594853559792; nextExpiration=1594853559792; keyCount=0; hasEvents=false; eval=false
2020-07-15 19:52:40.793 85627 [http-nio-8080-ClientPoller] DEBUG o.a.tomcat.util.net.NioEndpoint - timeout completed: keys processed=3; now=1594853560793; nextExpiration=1594853560792; keyCount=0; hasEvents=false; eval=false
2020-07-15 19:52:41.793 86627 [http-nio-8080-ClientPoller] DEBUG o.a.tomcat.util.net.NioEndpoint - timeout completed: keys processed=3; now=1594853561793; nextExpiration=1594853561793; keyCount=0; hasEvents=false; eval=false
2020-07-15 19:52:42.793 87627 [http-nio-8080-ClientPoller] DEBUG o.a.tomcat.util.net.NioEndpoint - timeout completed: keys processed=3; now=1594853562793; nextExpiration=1594853562793; keyCount=0; hasEvents=false; eval=false
2020-07-15 19:52:43.793 88627 [http-nio-8080-ClientPoller] DEBUG o.a.tomcat.util.net.NioEndpoint - timeout completed: keys processed=3; now=1594853563793; nextExpiration=1594853563793; keyCount=0; hasEvents=false; eval=false
2020-07-15 19:52:44.794 89628 [http-nio-8080-ClientPoller] DEBUG o.a.tomcat.util.net.NioEndpoint - timeout completed: keys processed=3; now=1594853564794; nextExpiration=1594853564793; keyCount=0; hasEvents=false; eval=false
2020-07-15 19:52:45.794 90628 [http-nio-8080-ClientPoller] DEBUG o.a.tomcat.util.net.NioEndpoint - timeout completed: keys processed=3; now=1594853565794; nextExpiration=1594853565794; keyCount=0; hasEvents=false; eval=false
2020-07-15 19:52:46.795 91629 [http-nio-8080-ClientPoller] DEBUG o.a.tomcat.util.net.NioEndpoint - timeout completed: keys processed=3; now=1594853566795; nextExpiration=1594853566794; keyCount=0; hasEvents=false; eval=false
2020-07-15 19:52:47.461 92295 [http-nio-8080-exec-2] DEBUG o.a.coyote.http11.Http11NioProtocol - Processing socket [org.apache.tomcat.util.net.NioChannel@2e5c14c9:java.nio.channels.SocketChannel[connected local=/0:0:0:0:0:0:0:1:8080 remote=/0:0:0:0:0:0:0:1:52357]] with status [OPEN_READ]
2020-07-15 19:52:47.462 92296 [http-nio-8080-exec-2] DEBUG o.a.coyote.http11.Http11NioProtocol - Found processor [null] for socket [org.apache.tomcat.util.net.NioChannel@2e5c14c9:java.nio.channels.SocketChannel[connected local=/0:0:0:0:0:0:0:1:8080 remote=/0:0:0:0:0:0:0:1:52357]]
2020-07-15 19:52:47.462 92296 [http-nio-8080-exec-2] DEBUG o.a.coyote.http11.Http11NioProtocol - Popped processor [org.apache.coyote.http11.Http11Processor@7a65cc3b] from cache
2020-07-15 19:52:47.462 92296 [http-nio-8080-exec-2] DEBUG o.a.t.util.net.SocketWrapperBase - Socket: [org.apache.tomcat.util.net.NioEndpoint$NioSocketWrapper@24a47fb9:org.apache.tomcat.util.net.NioChannel@2e5c14c9:java.nio.channels.SocketChannel[connected local=/0:0:0:0:0:0:0:1:8080 remote=/0:0:0:0:0:0:0:1:52357]], Read from buffer: [0]
2020-07-15 19:52:47.462 92296 [http-nio-8080-exec-2] DEBUG o.a.tomcat.util.net.NioEndpoint - Socket: [org.apache.tomcat.util.net.NioEndpoint$NioSocketWrapper@24a47fb9:org.apache.tomcat.util.net.NioChannel@2e5c14c9:java.nio.channels.SocketChannel[connected local=/0:0:0:0:0:0:0:1:8080 remote=/0:0:0:0:0:0:0:1:52357]], Read direct from socket: [682]
2020-07-15 19:52:47.462 92296 [http-nio-8080-exec-2] DEBUG o.a.coyote.http11.Http11InputBuffer - Received [GET /course/course?id=4 HTTP/1.1
Host: localhost:8080
Connection: keep-alive
Upgrade-Insecure-Requests: 1
User-Agent: Mozilla/5.0 (Windows NT 10.0; Win64; x64) AppleWebKit/537.36 (KHTML, like Gecko) Chrome/84.0.4147.89 Safari/537.36
Accept: text/html,application/xhtml+xml,application/xml;q=0.9,image/webp,image/apng,*/*;q=0.8,application/signed-exchange;v=b3;q=0.9
Sec-Fetch-Site: same-origin
Sec-Fetch-Mode: navigate
Sec-Fetch-User: ?1
Sec-Fetch-Dest: document
Referer: http://localhost:8080/
Accept-Encoding: gzip, deflate, br
Accept-Language: en-US,en;q=0.9
Cookie: Idea-4aed9f74=2b566d24-925d-415a-a965-059a11c42de1; JSESSIONID=24EB9BAF33F4383BF8857D1A555BDB5D

]
2020-07-15 19:52:47.463 92297 [http-nio-8080-exec-2] DEBUG o.a.t.u.http.Rfc6265CookieProcessor - Cookies: Parsing b[]: Idea-4aed9f74=2b566d24-925d-415a-a965-059a11c42de1; JSESSIONID=24EB9BAF33F4383BF8857D1A555BDB5D
2020-07-15 19:52:47.463 92297 [http-nio-8080-exec-2] DEBUG o.a.c.connector.CoyoteAdapter -  Requested cookie session id is 24EB9BAF33F4383BF8857D1A555BDB5D
2020-07-15 19:52:47.463 92297 [http-nio-8080-exec-2] DEBUG o.a.c.a.AuthenticatorBase - Security checking request GET /course/course
2020-07-15 19:52:47.463 92297 [http-nio-8080-exec-2] DEBUG org.apache.catalina.realm.RealmBase -   No applicable constraints defined
2020-07-15 19:52:47.463 92297 [http-nio-8080-exec-2] DEBUG o.a.c.a.AuthenticatorBase - Not subject to any constraint
2020-07-15 19:52:47.463 92297 [http-nio-8080-exec-2] DEBUG o.a.catalina.core.StandardWrapper -   Returning non-STM instance
2020-07-15 19:52:47.464 92298 [http-nio-8080-exec-2] TRACE o.s.b.w.s.f.OrderedRequestContextFilter - Bound request context to thread: org.apache.catalina.connector.RequestFacade@3b58c600
2020-07-15 19:52:47.464 92298 [http-nio-8080-exec-2] DEBUG o.s.s.w.u.m.AntPathRequestMatcher - Checking match of request : '/course/course'; against '/resources/**'
2020-07-15 19:52:47.464 92298 [http-nio-8080-exec-2] DEBUG o.s.security.web.FilterChainProxy - /course/course?id=4 at position 1 of 12 in additional filter chain; firing Filter: 'WebAsyncManagerIntegrationFilter'
2020-07-15 19:52:47.464 92298 [http-nio-8080-exec-2] DEBUG o.s.security.web.FilterChainProxy - /course/course?id=4 at position 2 of 12 in additional filter chain; firing Filter: 'SecurityContextPersistenceFilter'
2020-07-15 19:52:47.464 92298 [http-nio-8080-exec-2] DEBUG o.s.s.w.c.HttpSessionSecurityContextRepository - Obtained a valid SecurityContext from SPRING_SECURITY_CONTEXT: 'org.springframework.security.core.context.SecurityContextImpl@fe558018: Authentication: org.springframework.security.authentication.UsernamePasswordAuthenticationToken@fe558018: Principal: B00846296; Credentials: [PROTECTED]; Authenticated: true; Details: null; Granted Authorities: USER'
2020-07-15 19:52:47.464 92298 [http-nio-8080-exec-2] DEBUG o.s.security.web.FilterChainProxy - /course/course?id=4 at position 3 of 12 in additional filter chain; firing Filter: 'HeaderWriterFilter'
2020-07-15 19:52:47.464 92298 [http-nio-8080-exec-2] DEBUG o.s.security.web.FilterChainProxy - /course/course?id=4 at position 4 of 12 in additional filter chain; firing Filter: 'LogoutFilter'
2020-07-15 19:52:47.464 92298 [http-nio-8080-exec-2] DEBUG o.s.s.w.u.matcher.OrRequestMatcher - Trying to match using Ant [pattern='/logout', GET]
2020-07-15 19:52:47.464 92298 [http-nio-8080-exec-2] DEBUG o.s.s.w.u.m.AntPathRequestMatcher - Checking match of request : '/course/course'; against '/logout'
2020-07-15 19:52:47.464 92298 [http-nio-8080-exec-2] DEBUG o.s.s.w.u.matcher.OrRequestMatcher - Trying to match using Ant [pattern='/logout', POST]
2020-07-15 19:52:47.464 92298 [http-nio-8080-exec-2] DEBUG o.s.s.w.u.m.AntPathRequestMatcher - Request 'GET /course/course' doesn't match 'POST /logout'
2020-07-15 19:52:47.464 92298 [http-nio-8080-exec-2] DEBUG o.s.s.w.u.matcher.OrRequestMatcher - Trying to match using Ant [pattern='/logout', PUT]
2020-07-15 19:52:47.464 92298 [http-nio-8080-exec-2] DEBUG o.s.s.w.u.m.AntPathRequestMatcher - Request 'GET /course/course' doesn't match 'PUT /logout'
2020-07-15 19:52:47.464 92298 [http-nio-8080-exec-2] DEBUG o.s.s.w.u.matcher.OrRequestMatcher - Trying to match using Ant [pattern='/logout', DELETE]
2020-07-15 19:52:47.464 92298 [http-nio-8080-exec-2] DEBUG o.s.s.w.u.m.AntPathRequestMatcher - Request 'GET /course/course' doesn't match 'DELETE /logout'
2020-07-15 19:52:47.464 92298 [http-nio-8080-exec-2] DEBUG o.s.s.w.u.matcher.OrRequestMatcher - No matches found
2020-07-15 19:52:47.464 92298 [http-nio-8080-exec-2] DEBUG o.s.security.web.FilterChainProxy - /course/course?id=4 at position 5 of 12 in additional filter chain; firing Filter: 'UsernamePasswordAuthenticationFilter'
2020-07-15 19:52:47.464 92298 [http-nio-8080-exec-2] DEBUG o.s.s.w.u.m.AntPathRequestMatcher - Request 'GET /course/course' doesn't match 'POST /login'
2020-07-15 19:52:47.464 92298 [http-nio-8080-exec-2] DEBUG o.s.security.web.FilterChainProxy - /course/course?id=4 at position 6 of 12 in additional filter chain; firing Filter: 'BasicAuthenticationFilter'
2020-07-15 19:52:47.464 92298 [http-nio-8080-exec-2] DEBUG o.s.security.web.FilterChainProxy - /course/course?id=4 at position 7 of 12 in additional filter chain; firing Filter: 'RequestCacheAwareFilter'
2020-07-15 19:52:47.464 92298 [http-nio-8080-exec-2] DEBUG o.s.s.w.s.HttpSessionRequestCache - saved request doesn't match
2020-07-15 19:52:47.464 92298 [http-nio-8080-exec-2] DEBUG o.s.security.web.FilterChainProxy - /course/course?id=4 at position 8 of 12 in additional filter chain; firing Filter: 'SecurityContextHolderAwareRequestFilter'
2020-07-15 19:52:47.464 92298 [http-nio-8080-exec-2] DEBUG o.s.security.web.FilterChainProxy - /course/course?id=4 at position 9 of 12 in additional filter chain; firing Filter: 'AnonymousAuthenticationFilter'
2020-07-15 19:52:47.464 92298 [http-nio-8080-exec-2] DEBUG o.s.s.w.a.AnonymousAuthenticationFilter - SecurityContextHolder not populated with anonymous token, as it already contained: 'org.springframework.security.authentication.UsernamePasswordAuthenticationToken@fe558018: Principal: B00846296; Credentials: [PROTECTED]; Authenticated: true; Details: null; Granted Authorities: USER'
2020-07-15 19:52:47.464 92298 [http-nio-8080-exec-2] DEBUG o.s.security.web.FilterChainProxy - /course/course?id=4 at position 10 of 12 in additional filter chain; firing Filter: 'SessionManagementFilter'
2020-07-15 19:52:47.464 92298 [http-nio-8080-exec-2] DEBUG o.s.security.web.FilterChainProxy - /course/course?id=4 at position 11 of 12 in additional filter chain; firing Filter: 'ExceptionTranslationFilter'
2020-07-15 19:52:47.464 92298 [http-nio-8080-exec-2] DEBUG o.s.security.web.FilterChainProxy - /course/course?id=4 at position 12 of 12 in additional filter chain; firing Filter: 'FilterSecurityInterceptor'
2020-07-15 19:52:47.464 92298 [http-nio-8080-exec-2] DEBUG o.s.s.w.u.matcher.OrRequestMatcher - Trying to match using Ant [pattern='/logout', GET]
2020-07-15 19:52:47.464 92298 [http-nio-8080-exec-2] DEBUG o.s.s.w.u.m.AntPathRequestMatcher - Checking match of request : '/course/course'; against '/logout'
2020-07-15 19:52:47.464 92298 [http-nio-8080-exec-2] DEBUG o.s.s.w.u.matcher.OrRequestMatcher - Trying to match using Ant [pattern='/logout', POST]
2020-07-15 19:52:47.464 92298 [http-nio-8080-exec-2] DEBUG o.s.s.w.u.m.AntPathRequestMatcher - Request 'GET /course/course' doesn't match 'POST /logout'
2020-07-15 19:52:47.464 92298 [http-nio-8080-exec-2] DEBUG o.s.s.w.u.matcher.OrRequestMatcher - Trying to match using Ant [pattern='/logout', PUT]
2020-07-15 19:52:47.464 92298 [http-nio-8080-exec-2] DEBUG o.s.s.w.u.m.AntPathRequestMatcher - Request 'GET /course/course' doesn't match 'PUT /logout'
2020-07-15 19:52:47.464 92298 [http-nio-8080-exec-2] DEBUG o.s.s.w.u.matcher.OrRequestMatcher - Trying to match using Ant [pattern='/logout', DELETE]
2020-07-15 19:52:47.464 92298 [http-nio-8080-exec-2] DEBUG o.s.s.w.u.m.AntPathRequestMatcher - Request 'GET /course/course' doesn't match 'DELETE /logout'
2020-07-15 19:52:47.464 92298 [http-nio-8080-exec-2] DEBUG o.s.s.w.u.matcher.OrRequestMatcher - No matches found
2020-07-15 19:52:47.464 92298 [http-nio-8080-exec-2] DEBUG o.s.s.w.u.m.AntPathRequestMatcher - Checking match of request : '/course/course'; against '/admin/**'
2020-07-15 19:52:47.464 92298 [http-nio-8080-exec-2] DEBUG o.s.s.w.u.m.AntPathRequestMatcher - Checking match of request : '/course/course'; against '/public/**'
2020-07-15 19:52:47.464 92298 [http-nio-8080-exec-2] DEBUG o.s.s.w.u.m.AntPathRequestMatcher - Request '/course/course' matched by universal pattern '/**'
2020-07-15 19:52:47.464 92298 [http-nio-8080-exec-2] DEBUG o.s.s.w.a.i.FilterSecurityInterceptor - Secure object: FilterInvocation: URL: /course/course?id=4; Attributes: [permitAll]
2020-07-15 19:52:47.464 92298 [http-nio-8080-exec-2] DEBUG o.s.s.w.a.i.FilterSecurityInterceptor - Previously Authenticated: org.springframework.security.authentication.UsernamePasswordAuthenticationToken@fe558018: Principal: B00846296; Credentials: [PROTECTED]; Authenticated: true; Details: null; Granted Authorities: USER
2020-07-15 19:52:47.465 92299 [http-nio-8080-exec-2] DEBUG o.s.s.access.vote.AffirmativeBased - Voter: org.springframework.security.web.access.expression.WebExpressionVoter@4d379b9d, returned: 1
2020-07-15 19:52:47.465 92299 [http-nio-8080-exec-2] DEBUG o.s.s.w.a.i.FilterSecurityInterceptor - Authorization successful
2020-07-15 19:52:47.465 92299 [http-nio-8080-exec-2] DEBUG o.s.s.w.a.i.FilterSecurityInterceptor - RunAsManager did not change Authentication object
2020-07-15 19:52:47.465 92299 [http-nio-8080-exec-2] DEBUG o.s.security.web.FilterChainProxy - /course/course?id=4 reached end of additional filter chain; proceeding with original chain
2020-07-15 19:52:47.465 92299 [http-nio-8080-exec-2] DEBUG o.a.tomcat.util.http.Parameters - Set encoding to UTF-8
2020-07-15 19:52:47.465 92299 [http-nio-8080-exec-2] DEBUG o.a.tomcat.util.http.Parameters - Decoding query null UTF-8
2020-07-15 19:52:47.465 92299 [http-nio-8080-exec-2] DEBUG o.a.tomcat.util.http.Parameters - Start processing with input [id=4]
2020-07-15 19:52:47.465 92299 [http-nio-8080-exec-2] TRACE o.s.web.servlet.DispatcherServlet - GET "/course/course?id=4", parameters={masked}, headers={masked} in DispatcherServlet 'dispatcherServlet'
2020-07-15 19:52:47.466 92300 [http-nio-8080-exec-2] TRACE o.s.b.f.s.DefaultListableBeanFactory - Returning cached instance of singleton bean 'courseController'
2020-07-15 19:52:47.466 92300 [http-nio-8080-exec-2] TRACE o.s.w.s.m.m.a.RequestMappingHandlerMapping - Mapped to CSCI5308.GroupFormationTool.Courses.CourseController#course(Model, long)
2020-07-15 19:52:47.471 92305 [http-nio-8080-exec-2] TRACE o.s.w.s.m.m.a.ServletInvocableHandlerMethod - Arguments: [{}, 4]
2020-07-15 19:52:47.471 92305 [http-nio-8080-exec-2] INFO  C.G.Courses.CourseController - Processing a request to load a course with ID: 4
2020-07-15 19:52:47.471 92305 [http-nio-8080-exec-2] TRACE C.G.Courses.CourseDB - Loading a course by ID: -1 from database.
2020-07-15 19:52:47.704 92538 [http-nio-8080-exec-2] TRACE C.G.AccessControl.CurrentUser - Fetching current authenticated user.
2020-07-15 19:52:47.704 92538 [http-nio-8080-exec-2] TRACE C.G.AccessControl.UserDB - Loading user by banner ID: B00846296 from database.
2020-07-15 19:52:48.001 92835 [http-nio-8080-exec-2] TRACE C.G.AccessControl.UserDB - Loading a user by ID: 20 from database.
2020-07-15 19:52:48.242 93076 [http-nio-8080-exec-2] TRACE C.G.C.CourseUserRelationshipDB - Loading all roles of a user with bannerID: B00846296 for a course with ID: 4 from database.
2020-07-15 19:52:48.462 93296 [http-nio-8080-ClientPoller] DEBUG o.a.tomcat.util.net.NioEndpoint - timeout completed: keys processed=3; now=1594853568462; nextExpiration=1594853567795; keyCount=0; hasEvents=false; eval=false
2020-07-15 19:52:48.470 93304 [http-nio-8080-exec-2] TRACE o.t.s.view.ThymeleafViewResolver - [THYMELEAF] View course/course will be handled by ThymeleafViewResolver and a ThymeleafView instance will be created for it
2020-07-15 19:52:48.471 93305 [http-nio-8080-exec-2] TRACE o.s.b.f.s.DefaultListableBeanFactory - Invoking afterPropertiesSet() on bean with name 'course/course'
2020-07-15 19:52:48.471 93305 [http-nio-8080-exec-2] DEBUG o.s.w.s.v.ContentNegotiatingViewResolver - Selected 'text/html' given [text/html, application/xhtml+xml, image/webp, image/apng, application/xml;q=0.9, application/signed-exchange;v=b3;q=0.9, */*;q=0.8]
2020-07-15 19:52:48.471 93305 [http-nio-8080-exec-2] TRACE o.s.web.servlet.DispatcherServlet - Rendering view [org.thymeleaf.spring5.view.ThymeleafView@51096acb] 
2020-07-15 19:52:48.471 93305 [http-nio-8080-exec-2] TRACE o.s.b.f.s.DefaultListableBeanFactory - Returning cached instance of singleton bean 'requestDataValueProcessor'
2020-07-15 19:52:48.471 93305 [http-nio-8080-exec-2] TRACE org.thymeleaf.TemplateEngine - [THYMELEAF][http-nio-8080-exec-2] STARTING PROCESS OF TEMPLATE "course/course" WITH LOCALE en_US
2020-07-15 19:52:48.471 93305 [http-nio-8080-exec-2] TRACE o.t.T.cache.TEMPLATE_CACHE - [THYMELEAF][http-nio-8080-exec-2][TEMPLATE_CACHE][CACHE_MISS] Cache miss in cache "TEMPLATE_CACHE" for key "course/course".
2020-07-15 19:52:48.472 93306 [http-nio-8080-exec-2] TRACE o.thymeleaf.engine.TemplateManager - [THYMELEAF][http-nio-8080-exec-2] Template resolver match! Resolver "org.thymeleaf.spring5.templateresolver.SpringResourceTemplateResolver" will resolve template "course/course"
2020-07-15 19:52:48.473 93307 [http-nio-8080-exec-2] TRACE o.t.e.s.auth.AuthUtils - [THYMELEAF][http-nio-8080-exec-2] Obtaining authentication object.
2020-07-15 19:52:48.473 93307 [http-nio-8080-exec-2] TRACE o.t.e.s.auth.AuthUtils - [THYMELEAF][http-nio-8080-exec-2] Authentication object of class org.springframework.security.authentication.UsernamePasswordAuthenticationToken found in context for user "B00846296".
2020-07-15 19:52:48.473 93307 [http-nio-8080-exec-2] TRACE o.t.e.s.auth.AuthUtils - [THYMELEAF][http-nio-8080-exec-2] Checking authorization using access expression "isAuthenticated()" for user "B00846296".
2020-07-15 19:52:48.473 93307 [http-nio-8080-exec-2] TRACE o.s.b.f.s.DefaultListableBeanFactory - Returning cached instance of singleton bean 'webSecurityExpressionHandler'
2020-07-15 19:52:48.473 93307 [http-nio-8080-exec-2] TRACE o.t.e.s.auth.AuthUtils - [THYMELEAF][http-nio-8080-exec-2] Checked authorization using access expression "isAuthenticated()" for user "B00846296". Access GRANTED.
2020-07-15 19:52:48.473 93307 [http-nio-8080-exec-2] TRACE o.t.T.cache.TEMPLATE_CACHE - [THYMELEAF][http-nio-8080-exec-2][TEMPLATE_CACHE][CACHE_MISS] Cache miss in cache "TEMPLATE_CACHE" for key "BannerID: [[${#httpServletRequest.remoteUser}]]@(course/course;13,30) @TEXT".
2020-07-15 19:52:48.474 93308 [http-nio-8080-exec-2] TRACE o.t.T.cache.EXPRESSION_CACHE - [THYMELEAF][http-nio-8080-exec-2][EXPRESSION_CACHE][CACHE_HIT] Cache hit in cache "EXPRESSION_CACHE" for key "expr|${#httpServletRequest.remoteUser}".
2020-07-15 19:52:48.474 93308 [http-nio-8080-exec-2] TRACE o.t.s.expression.VariableExpression - [THYMELEAF][http-nio-8080-exec-2] Evaluating variable expression: "${#httpServletRequest.remoteUser}"
2020-07-15 19:52:48.474 93308 [http-nio-8080-exec-2] TRACE o.t.s.e.SPELVariableExpressionEvaluator - [THYMELEAF][http-nio-8080-exec-2] SpringEL expression: evaluating expression "#httpServletRequest.remoteUser" on target
2020-07-15 19:52:48.474 93308 [http-nio-8080-exec-2] TRACE o.t.T.cache.EXPRESSION_CACHE - [THYMELEAF][http-nio-8080-exec-2][EXPRESSION_CACHE][CACHE_HIT] Cache hit in cache "EXPRESSION_CACHE" for key "expr|@{/logout}".
2020-07-15 19:52:48.474 93308 [http-nio-8080-exec-2] TRACE o.t.s.expression.LinkExpression - [THYMELEAF][http-nio-8080-exec-2] Evaluating link: "@{'/logout'}"
2020-07-15 19:52:48.474 93308 [http-nio-8080-exec-2] TRACE o.t.s.e.TextLiteralExpression - [THYMELEAF][http-nio-8080-exec-2] Evaluating text literal: "'/logout'"
2020-07-15 19:52:48.474 93308 [http-nio-8080-exec-2] TRACE o.t.T.cache.EXPRESSION_CACHE - [THYMELEAF][http-nio-8080-exec-2][EXPRESSION_CACHE][CACHE_MISS] Cache miss in cache "EXPRESSION_CACHE" for key "expr|'Course: ' + ${course.title}".
2020-07-15 19:52:48.475 93309 [http-nio-8080-exec-2] TRACE o.t.T.cache.EXPRESSION_CACHE - [THYMELEAF][http-nio-8080-exec-2][EXPRESSION_CACHE][CACHE_ADD][18] Adding cache entry in cache "EXPRESSION_CACHE" for key "expr|'Course: ' + ${course.title}". New size is 18.
2020-07-15 19:52:48.475 93309 [http-nio-8080-exec-2] TRACE o.t.s.expression.AdditionExpression - [THYMELEAF][http-nio-8080-exec-2] Evaluating addition expression: "'Course: ' + ${course.title}"
2020-07-15 19:52:48.475 93309 [http-nio-8080-exec-2] TRACE o.t.s.e.TextLiteralExpression - [THYMELEAF][http-nio-8080-exec-2] Evaluating text literal: "'Course: '"
2020-07-15 19:52:48.475 93309 [http-nio-8080-exec-2] TRACE o.t.s.expression.VariableExpression - [THYMELEAF][http-nio-8080-exec-2] Evaluating variable expression: "${course.title}"
2020-07-15 19:52:48.475 93309 [http-nio-8080-exec-2] TRACE o.t.s.e.SPELVariableExpressionEvaluator - [THYMELEAF][http-nio-8080-exec-2] SpringEL expression: evaluating expression "course.title" on target
2020-07-15 19:52:48.475 93309 [http-nio-8080-exec-2] TRACE o.t.T.cache.EXPRESSION_CACHE - [THYMELEAF][http-nio-8080-exec-2][EXPRESSION_CACHE][CACHE_HIT] Cache hit in cache "EXPRESSION_CACHE" for key "spel|course.title".
2020-07-15 19:52:48.475 93309 [http-nio-8080-exec-2] TRACE o.t.T.cache.EXPRESSION_CACHE - [THYMELEAF][http-nio-8080-exec-2][EXPRESSION_CACHE][CACHE_MISS] Cache miss in cache "EXPRESSION_CACHE" for key "expr|${instructor} or ${ta}".
2020-07-15 19:52:48.475 93309 [http-nio-8080-exec-2] TRACE o.t.T.cache.EXPRESSION_CACHE - [THYMELEAF][http-nio-8080-exec-2][EXPRESSION_CACHE][CACHE_ADD][19] Adding cache entry in cache "EXPRESSION_CACHE" for key "expr|${instructor} or ${ta}". New size is 19.
2020-07-15 19:52:48.476 93310 [http-nio-8080-exec-2] TRACE o.t.s.expression.OrExpression - [THYMELEAF][http-nio-8080-exec-2] Evaluating OR expression: "${instructor} or ${ta}"
2020-07-15 19:52:48.476 93310 [http-nio-8080-exec-2] TRACE o.t.s.expression.VariableExpression - [THYMELEAF][http-nio-8080-exec-2] Evaluating variable expression: "${instructor}"
2020-07-15 19:52:48.476 93310 [http-nio-8080-exec-2] TRACE o.t.s.e.SPELVariableExpressionEvaluator - [THYMELEAF][http-nio-8080-exec-2] SpringEL expression: evaluating expression "instructor" on target
2020-07-15 19:52:48.476 93310 [http-nio-8080-exec-2] TRACE o.t.T.cache.EXPRESSION_CACHE - [THYMELEAF][http-nio-8080-exec-2][EXPRESSION_CACHE][CACHE_MISS] Cache miss in cache "EXPRESSION_CACHE" for key "spel|instructor".
2020-07-15 19:52:48.476 93310 [http-nio-8080-exec-2] TRACE o.t.T.cache.EXPRESSION_CACHE - [THYMELEAF][http-nio-8080-exec-2][EXPRESSION_CACHE][CACHE_ADD][20] Adding cache entry in cache "EXPRESSION_CACHE" for key "spel|instructor". New size is 20.
2020-07-15 19:52:48.476 93310 [http-nio-8080-exec-2] TRACE o.t.s.expression.VariableExpression - [THYMELEAF][http-nio-8080-exec-2] Evaluating variable expression: "${ta}"
2020-07-15 19:52:48.476 93310 [http-nio-8080-exec-2] TRACE o.t.s.e.SPELVariableExpressionEvaluator - [THYMELEAF][http-nio-8080-exec-2] SpringEL expression: evaluating expression "ta" on target
2020-07-15 19:52:48.476 93310 [http-nio-8080-exec-2] TRACE o.t.T.cache.EXPRESSION_CACHE - [THYMELEAF][http-nio-8080-exec-2][EXPRESSION_CACHE][CACHE_MISS] Cache miss in cache "EXPRESSION_CACHE" for key "spel|ta".
2020-07-15 19:52:48.476 93310 [http-nio-8080-exec-2] TRACE o.t.T.cache.EXPRESSION_CACHE - [THYMELEAF][http-nio-8080-exec-2][EXPRESSION_CACHE][CACHE_ADD][21] Adding cache entry in cache "EXPRESSION_CACHE" for key "spel|ta". New size is 21.
2020-07-15 19:52:48.476 93310 [http-nio-8080-exec-2] TRACE o.t.T.cache.EXPRESSION_CACHE - [THYMELEAF][http-nio-8080-exec-2][EXPRESSION_CACHE][CACHE_MISS] Cache miss in cache "EXPRESSION_CACHE" for key "expr|${student}".
2020-07-15 19:52:48.476 93310 [http-nio-8080-exec-2] TRACE o.t.T.cache.EXPRESSION_CACHE - [THYMELEAF][http-nio-8080-exec-2][EXPRESSION_CACHE][CACHE_ADD][22] Adding cache entry in cache "EXPRESSION_CACHE" for key "expr|${student}". New size is 22.
2020-07-15 19:52:48.476 93310 [http-nio-8080-exec-2] TRACE o.t.s.expression.VariableExpression - [THYMELEAF][http-nio-8080-exec-2] Evaluating variable expression: "${student}"
2020-07-15 19:52:48.476 93310 [http-nio-8080-exec-2] TRACE o.t.s.e.SPELVariableExpressionEvaluator - [THYMELEAF][http-nio-8080-exec-2] SpringEL expression: evaluating expression "student" on target
2020-07-15 19:52:48.476 93310 [http-nio-8080-exec-2] TRACE o.t.T.cache.EXPRESSION_CACHE - [THYMELEAF][http-nio-8080-exec-2][EXPRESSION_CACHE][CACHE_MISS] Cache miss in cache "EXPRESSION_CACHE" for key "spel|student".
2020-07-15 19:52:48.476 93310 [http-nio-8080-exec-2] TRACE o.t.T.cache.EXPRESSION_CACHE - [THYMELEAF][http-nio-8080-exec-2][EXPRESSION_CACHE][CACHE_ADD][23] Adding cache entry in cache "EXPRESSION_CACHE" for key "spel|student". New size is 23.
2020-07-15 19:52:48.477 93311 [http-nio-8080-exec-2] TRACE o.t.T.cache.EXPRESSION_CACHE - [THYMELEAF][http-nio-8080-exec-2][EXPRESSION_CACHE][CACHE_MISS] Cache miss in cache "EXPRESSION_CACHE" for key "expr|@{/student/survey/questions(courseId=${course.id})}".
2020-07-15 19:52:48.477 93311 [http-nio-8080-exec-2] TRACE o.t.T.cache.EXPRESSION_CACHE - [THYMELEAF][http-nio-8080-exec-2][EXPRESSION_CACHE][CACHE_ADD][24] Adding cache entry in cache "EXPRESSION_CACHE" for key "expr|@{/student/survey/questions(courseId=${course.id})}". New size is 24.
2020-07-15 19:52:48.477 93311 [http-nio-8080-exec-2] TRACE o.t.s.expression.LinkExpression - [THYMELEAF][http-nio-8080-exec-2] Evaluating link: "@{'/student/survey/questions'(courseId=${course.id})}"
2020-07-15 19:52:48.477 93311 [http-nio-8080-exec-2] TRACE o.t.s.e.TextLiteralExpression - [THYMELEAF][http-nio-8080-exec-2] Evaluating text literal: "'/student/survey/questions'"
2020-07-15 19:52:48.477 93311 [http-nio-8080-exec-2] TRACE o.t.s.e.GenericTokenExpression - [THYMELEAF][http-nio-8080-exec-2] Evaluating generic token: "courseId"
2020-07-15 19:52:48.477 93311 [http-nio-8080-exec-2] TRACE o.t.s.expression.VariableExpression - [THYMELEAF][http-nio-8080-exec-2] Evaluating variable expression: "${course.id}"
2020-07-15 19:52:48.477 93311 [http-nio-8080-exec-2] TRACE o.t.s.e.SPELVariableExpressionEvaluator - [THYMELEAF][http-nio-8080-exec-2] SpringEL expression: evaluating expression "course.id" on target
2020-07-15 19:52:48.477 93311 [http-nio-8080-exec-2] TRACE o.t.T.cache.EXPRESSION_CACHE - [THYMELEAF][http-nio-8080-exec-2][EXPRESSION_CACHE][CACHE_HIT] Cache hit in cache "EXPRESSION_CACHE" for key "spel|course.id".
2020-07-15 19:52:48.477 93311 [http-nio-8080-exec-2] TRACE org.thymeleaf.TemplateEngine - [THYMELEAF][http-nio-8080-exec-2] FINISHED PROCESS AND OUTPUT OF TEMPLATE "course/course" WITH LOCALE en_US
2020-07-15 19:52:48.477 93311 [http-nio-8080-exec-2] TRACE org.thymeleaf.TemplateEngine.TIMER - [THYMELEAF][http-nio-8080-exec-2][course/course][en_US][5701900][6] TEMPLATE "course/course" WITH LOCALE en_US PROCESSED IN 5701900 nanoseconds (approx. 6ms)
2020-07-15 19:52:48.477 93311 [http-nio-8080-exec-2] DEBUG o.s.s.w.h.writers.HstsHeaderWriter - Not injecting HSTS header since it did not match the requestMatcher org.springframework.security.web.header.writers.HstsHeaderWriter$SecureRequestMatcher@31e22306
2020-07-15 19:52:48.478 93312 [http-nio-8080-exec-2] DEBUG o.s.web.servlet.DispatcherServlet - Completed 200 OK, headers={masked}
2020-07-15 19:52:48.478 93312 [http-nio-8080-exec-2] DEBUG o.s.s.w.a.ExceptionTranslationFilter - Chain processed normally
2020-07-15 19:52:48.478 93312 [http-nio-8080-exec-2] DEBUG o.s.s.w.c.SecurityContextPersistenceFilter - SecurityContextHolder now cleared, as request processing completed
2020-07-15 19:52:48.478 93312 [http-nio-8080-exec-2] TRACE o.s.b.w.s.f.OrderedRequestContextFilter - Cleared thread-bound request context: org.apache.catalina.connector.RequestFacade@3b58c600
2020-07-15 19:52:48.478 93312 [http-nio-8080-exec-2] DEBUG o.a.t.util.net.SocketWrapperBase - Socket: [org.apache.tomcat.util.net.NioEndpoint$NioSocketWrapper@24a47fb9:org.apache.tomcat.util.net.NioChannel@2e5c14c9:java.nio.channels.SocketChannel[connected local=/0:0:0:0:0:0:0:1:8080 remote=/0:0:0:0:0:0:0:1:52357]], Read from buffer: [0]
2020-07-15 19:52:48.478 93312 [http-nio-8080-exec-2] DEBUG o.a.tomcat.util.net.NioEndpoint - Socket: [org.apache.tomcat.util.net.NioEndpoint$NioSocketWrapper@24a47fb9:org.apache.tomcat.util.net.NioChannel@2e5c14c9:java.nio.channels.SocketChannel[connected local=/0:0:0:0:0:0:0:1:8080 remote=/0:0:0:0:0:0:0:1:52357]], Read direct from socket: [0]
2020-07-15 19:52:48.478 93312 [http-nio-8080-exec-2] DEBUG o.a.coyote.http11.Http11Processor - Socket: [org.apache.tomcat.util.net.NioEndpoint$NioSocketWrapper@24a47fb9:org.apache.tomcat.util.net.NioChannel@2e5c14c9:java.nio.channels.SocketChannel[connected local=/0:0:0:0:0:0:0:1:8080 remote=/0:0:0:0:0:0:0:1:52357]], Status in: [OPEN_READ], State out: [OPEN]
2020-07-15 19:52:48.478 93312 [http-nio-8080-exec-2] DEBUG o.a.coyote.http11.Http11NioProtocol - Pushed Processor [org.apache.coyote.http11.Http11Processor@7a65cc3b]
2020-07-15 19:52:48.479 93313 [http-nio-8080-exec-2] DEBUG o.a.tomcat.util.net.NioEndpoint - Registered read interest for [org.apache.tomcat.util.net.NioEndpoint$NioSocketWrapper@24a47fb9:org.apache.tomcat.util.net.NioChannel@2e5c14c9:java.nio.channels.SocketChannel[connected local=/0:0:0:0:0:0:0:1:8080 remote=/0:0:0:0:0:0:0:1:52357]]
2020-07-15 19:52:49.479 94313 [http-nio-8080-ClientPoller] DEBUG o.a.tomcat.util.net.NioEndpoint - timeout completed: keys processed=3; now=1594853569479; nextExpiration=1594853569462; keyCount=0; hasEvents=false; eval=false
2020-07-15 19:52:50.480 95314 [http-nio-8080-ClientPoller] DEBUG o.a.tomcat.util.net.NioEndpoint - timeout completed: keys processed=3; now=1594853570480; nextExpiration=1594853570479; keyCount=0; hasEvents=false; eval=false
2020-07-15 19:52:51.480 96314 [http-nio-8080-ClientPoller] DEBUG o.a.tomcat.util.net.NioEndpoint - timeout completed: keys processed=3; now=1594853571480; nextExpiration=1594853571480; keyCount=0; hasEvents=false; eval=false
2020-07-15 19:52:52.480 97314 [http-nio-8080-ClientPoller] DEBUG o.a.tomcat.util.net.NioEndpoint - timeout completed: keys processed=3; now=1594853572480; nextExpiration=1594853572480; keyCount=0; hasEvents=false; eval=false
2020-07-15 19:52:53.480 98314 [http-nio-8080-ClientPoller] DEBUG o.a.tomcat.util.net.NioEndpoint - timeout completed: keys processed=3; now=1594853573480; nextExpiration=1594853573480; keyCount=0; hasEvents=false; eval=false
2020-07-15 19:52:54.481 99315 [http-nio-8080-ClientPoller] DEBUG o.a.tomcat.util.net.NioEndpoint - timeout completed: keys processed=3; now=1594853574481; nextExpiration=1594853574480; keyCount=0; hasEvents=false; eval=false
2020-07-15 19:52:55.481 100315 [http-nio-8080-ClientPoller] DEBUG o.a.tomcat.util.net.NioEndpoint - timeout completed: keys processed=3; now=1594853575481; nextExpiration=1594853575481; keyCount=0; hasEvents=false; eval=false
2020-07-15 19:52:56.482 101316 [http-nio-8080-ClientPoller] DEBUG o.a.tomcat.util.net.NioEndpoint - timeout completed: keys processed=3; now=1594853576482; nextExpiration=1594853576481; keyCount=0; hasEvents=false; eval=false
2020-07-15 19:52:57.483 102317 [http-nio-8080-ClientPoller] DEBUG o.a.tomcat.util.net.NioEndpoint - timeout completed: keys processed=3; now=1594853577483; nextExpiration=1594853577482; keyCount=0; hasEvents=false; eval=false
2020-07-15 19:52:58.484 103318 [http-nio-8080-ClientPoller] DEBUG o.a.tomcat.util.net.NioEndpoint - timeout completed: keys processed=3; now=1594853578484; nextExpiration=1594853578483; keyCount=0; hasEvents=false; eval=false
2020-07-15 19:52:59.484 104318 [http-nio-8080-ClientPoller] DEBUG o.a.tomcat.util.net.NioEndpoint - timeout completed: keys processed=3; now=1594853579484; nextExpiration=1594853579484; keyCount=0; hasEvents=false; eval=false
2020-07-15 19:53:00.485 105319 [http-nio-8080-ClientPoller] DEBUG o.a.tomcat.util.net.NioEndpoint - timeout completed: keys processed=3; now=1594853580485; nextExpiration=1594853580484; keyCount=0; hasEvents=false; eval=false
2020-07-15 19:53:01.486 106320 [http-nio-8080-ClientPoller] DEBUG o.a.tomcat.util.net.NioEndpoint - timeout completed: keys processed=3; now=1594853581486; nextExpiration=1594853581485; keyCount=0; hasEvents=false; eval=false
2020-07-15 19:53:02.486 107320 [http-nio-8080-ClientPoller] DEBUG o.a.tomcat.util.net.NioEndpoint - timeout completed: keys processed=3; now=1594853582486; nextExpiration=1594853582486; keyCount=0; hasEvents=false; eval=false
2020-07-15 19:53:03.486 108320 [http-nio-8080-ClientPoller] DEBUG o.a.tomcat.util.net.NioEndpoint - timeout completed: keys processed=3; now=1594853583486; nextExpiration=1594853583486; keyCount=0; hasEvents=false; eval=false
2020-07-15 19:53:04.486 109320 [http-nio-8080-ClientPoller] DEBUG o.a.tomcat.util.net.NioEndpoint - timeout completed: keys processed=3; now=1594853584486; nextExpiration=1594853584486; keyCount=0; hasEvents=false; eval=false
2020-07-15 19:53:05.487 110321 [http-nio-8080-ClientPoller] DEBUG o.a.tomcat.util.net.NioEndpoint - timeout completed: keys processed=3; now=1594853585487; nextExpiration=1594853585486; keyCount=0; hasEvents=false; eval=false
2020-07-15 19:53:06.488 111322 [http-nio-8080-ClientPoller] DEBUG o.a.tomcat.util.net.NioEndpoint - timeout completed: keys processed=3; now=1594853586488; nextExpiration=1594853586487; keyCount=0; hasEvents=false; eval=false
2020-07-15 19:53:07.489 112323 [http-nio-8080-ClientPoller] DEBUG o.a.tomcat.util.net.NioEndpoint - timeout completed: keys processed=3; now=1594853587489; nextExpiration=1594853587488; keyCount=0; hasEvents=false; eval=false
2020-07-15 19:53:08.490 113324 [http-nio-8080-ClientPoller] DEBUG o.a.tomcat.util.net.NioEndpoint - timeout completed: keys processed=3; now=1594853588490; nextExpiration=1594853588489; keyCount=0; hasEvents=false; eval=false
2020-07-15 19:53:09.491 114325 [http-nio-8080-ClientPoller] DEBUG o.a.tomcat.util.net.NioEndpoint - timeout completed: keys processed=3; now=1594853589491; nextExpiration=1594853589490; keyCount=0; hasEvents=false; eval=false
2020-07-15 19:53:10.491 115325 [http-nio-8080-ClientPoller] DEBUG o.a.tomcat.util.net.NioEndpoint - timeout completed: keys processed=3; now=1594853590491; nextExpiration=1594853590491; keyCount=0; hasEvents=false; eval=false
2020-07-15 19:53:11.491 116325 [http-nio-8080-ClientPoller] DEBUG o.a.tomcat.util.net.NioEndpoint - timeout completed: keys processed=3; now=1594853591491; nextExpiration=1594853591491; keyCount=0; hasEvents=false; eval=false
2020-07-15 19:53:12.491 117325 [http-nio-8080-ClientPoller] DEBUG o.a.tomcat.util.net.NioEndpoint - timeout completed: keys processed=3; now=1594853592491; nextExpiration=1594853592491; keyCount=0; hasEvents=false; eval=false
2020-07-15 19:53:13.492 118326 [http-nio-8080-ClientPoller] DEBUG o.a.tomcat.util.net.NioEndpoint - timeout completed: keys processed=3; now=1594853593492; nextExpiration=1594853593491; keyCount=0; hasEvents=false; eval=false
2020-07-15 19:53:14.492 119326 [http-nio-8080-ClientPoller] DEBUG o.a.tomcat.util.net.NioEndpoint - timeout completed: keys processed=3; now=1594853594492; nextExpiration=1594853594492; keyCount=0; hasEvents=false; eval=false
2020-07-15 19:53:15.492 120326 [http-nio-8080-ClientPoller] DEBUG o.a.tomcat.util.net.NioEndpoint - timeout completed: keys processed=3; now=1594853595492; nextExpiration=1594853595492; keyCount=0; hasEvents=false; eval=false
2020-07-15 19:53:16.493 121327 [http-nio-8080-ClientPoller] DEBUG o.a.tomcat.util.net.NioEndpoint - timeout completed: keys processed=3; now=1594853596493; nextExpiration=1594853596492; keyCount=0; hasEvents=false; eval=false
2020-07-15 19:53:17.256 122090 [Catalina-utility-2] DEBUG o.a.catalina.session.ManagerBase - Start expire sessions StandardManager at 1594853597256 sessioncount 1
2020-07-15 19:53:17.256 122090 [Catalina-utility-2] DEBUG o.a.catalina.session.ManagerBase - End expire sessions StandardManager processingTime 0 expired sessions: 0
2020-07-15 19:53:17.493 122327 [http-nio-8080-ClientPoller] DEBUG o.a.tomcat.util.net.NioEndpoint - timeout completed: keys processed=3; now=1594853597493; nextExpiration=1594853597493; keyCount=0; hasEvents=false; eval=false
2020-07-15 19:53:18.493 123327 [http-nio-8080-ClientPoller] DEBUG o.a.tomcat.util.net.NioEndpoint - timeout completed: keys processed=3; now=1594853598493; nextExpiration=1594853598493; keyCount=0; hasEvents=false; eval=false
2020-07-15 19:53:19.493 124327 [http-nio-8080-ClientPoller] DEBUG o.a.tomcat.util.net.NioEndpoint - timeout completed: keys processed=3; now=1594853599493; nextExpiration=1594853599493; keyCount=0; hasEvents=false; eval=false
2020-07-15 19:53:19.493 124327 [http-nio-8080-exec-5] DEBUG o.a.coyote.http11.Http11NioProtocol - Processing socket [org.apache.tomcat.util.net.NioChannel@74a22cdf:java.nio.channels.SocketChannel[connected local=/0:0:0:0:0:0:0:1:8080 remote=/0:0:0:0:0:0:0:1:52354]] with status [ERROR]
2020-07-15 19:53:19.493 124327 [http-nio-8080-exec-5] DEBUG o.a.coyote.http11.Http11NioProtocol - Found processor [null] for socket [org.apache.tomcat.util.net.NioChannel@74a22cdf:java.nio.channels.SocketChannel[connected local=/0:0:0:0:0:0:0:1:8080 remote=/0:0:0:0:0:0:0:1:52354]]
2020-07-15 19:53:19.494 124328 [http-nio-8080-exec-5] DEBUG o.a.tomcat.util.threads.LimitLatch - Counting down[http-nio-8080-exec-5] latch=3
2020-07-15 19:53:19.494 124328 [http-nio-8080-exec-5] DEBUG o.a.tomcat.util.net.NioEndpoint - Calling [org.apache.tomcat.util.net.NioEndpoint@541ccd9].closeSocket([org.apache.tomcat.util.net.NioEndpoint$NioSocketWrapper@7e5a47af:org.apache.tomcat.util.net.NioChannel@74a22cdf:java.nio.channels.SocketChannel[connected local=/0:0:0:0:0:0:0:1:8080 remote=/0:0:0:0:0:0:0:1:52354]])
2020-07-15 19:53:20.494 125328 [http-nio-8080-ClientPoller] DEBUG o.a.tomcat.util.net.NioEndpoint - timeout completed: keys processed=2; now=1594853600494; nextExpiration=1594853600493; keyCount=0; hasEvents=false; eval=false
2020-07-15 19:53:21.494 126328 [http-nio-8080-ClientPoller] DEBUG o.a.tomcat.util.net.NioEndpoint - timeout completed: keys processed=2; now=1594853601494; nextExpiration=1594853601494; keyCount=0; hasEvents=false; eval=false
2020-07-15 19:53:22.495 127329 [http-nio-8080-ClientPoller] DEBUG o.a.tomcat.util.net.NioEndpoint - timeout completed: keys processed=2; now=1594853602495; nextExpiration=1594853602494; keyCount=0; hasEvents=false; eval=false
2020-07-15 19:53:23.495 128329 [http-nio-8080-ClientPoller] DEBUG o.a.tomcat.util.net.NioEndpoint - timeout completed: keys processed=2; now=1594853603495; nextExpiration=1594853603495; keyCount=0; hasEvents=false; eval=false
2020-07-15 19:53:24.495 129329 [http-nio-8080-ClientPoller] DEBUG o.a.tomcat.util.net.NioEndpoint - timeout completed: keys processed=2; now=1594853604495; nextExpiration=1594853604495; keyCount=0; hasEvents=false; eval=false
2020-07-15 19:53:25.496 130330 [http-nio-8080-ClientPoller] DEBUG o.a.tomcat.util.net.NioEndpoint - timeout completed: keys processed=2; now=1594853605496; nextExpiration=1594853605495; keyCount=0; hasEvents=false; eval=false
2020-07-15 19:53:26.496 131330 [http-nio-8080-ClientPoller] DEBUG o.a.tomcat.util.net.NioEndpoint - timeout completed: keys processed=2; now=1594853606496; nextExpiration=1594853606496; keyCount=0; hasEvents=false; eval=false
2020-07-15 19:53:27.498 132332 [http-nio-8080-ClientPoller] DEBUG o.a.tomcat.util.net.NioEndpoint - timeout completed: keys processed=2; now=1594853607497; nextExpiration=1594853607496; keyCount=0; hasEvents=false; eval=false
2020-07-15 19:53:28.499 133333 [http-nio-8080-ClientPoller] DEBUG o.a.tomcat.util.net.NioEndpoint - timeout completed: keys processed=2; now=1594853608499; nextExpiration=1594853608497; keyCount=0; hasEvents=false; eval=false
2020-07-15 19:53:29.499 134333 [http-nio-8080-ClientPoller] DEBUG o.a.tomcat.util.net.NioEndpoint - timeout completed: keys processed=2; now=1594853609499; nextExpiration=1594853609499; keyCount=0; hasEvents=false; eval=false
2020-07-15 19:53:30.500 135334 [http-nio-8080-ClientPoller] DEBUG o.a.tomcat.util.net.NioEndpoint - timeout completed: keys processed=2; now=1594853610500; nextExpiration=1594853610499; keyCount=0; hasEvents=false; eval=false
2020-07-15 19:53:31.500 136334 [http-nio-8080-ClientPoller] DEBUG o.a.tomcat.util.net.NioEndpoint - timeout completed: keys processed=2; now=1594853611500; nextExpiration=1594853611500; keyCount=0; hasEvents=false; eval=false
2020-07-15 19:53:32.500 137334 [http-nio-8080-ClientPoller] DEBUG o.a.tomcat.util.net.NioEndpoint - timeout completed: keys processed=2; now=1594853612500; nextExpiration=1594853612500; keyCount=0; hasEvents=false; eval=false
2020-07-15 19:53:33.500 138334 [http-nio-8080-ClientPoller] DEBUG o.a.tomcat.util.net.NioEndpoint - timeout completed: keys processed=2; now=1594853613500; nextExpiration=1594853613500; keyCount=0; hasEvents=false; eval=false
2020-07-15 19:53:34.501 139335 [http-nio-8080-ClientPoller] DEBUG o.a.tomcat.util.net.NioEndpoint - timeout completed: keys processed=2; now=1594853614501; nextExpiration=1594853614500; keyCount=0; hasEvents=false; eval=false
2020-07-15 19:53:35.501 140335 [http-nio-8080-ClientPoller] DEBUG o.a.tomcat.util.net.NioEndpoint - timeout completed: keys processed=2; now=1594853615501; nextExpiration=1594853615501; keyCount=0; hasEvents=false; eval=false
2020-07-15 19:53:36.501 141335 [http-nio-8080-ClientPoller] DEBUG o.a.tomcat.util.net.NioEndpoint - timeout completed: keys processed=2; now=1594853616501; nextExpiration=1594853616501; keyCount=0; hasEvents=false; eval=false
2020-07-15 19:53:37.502 142336 [http-nio-8080-ClientPoller] DEBUG o.a.tomcat.util.net.NioEndpoint - timeout completed: keys processed=2; now=1594853617502; nextExpiration=1594853617501; keyCount=0; hasEvents=false; eval=false
2020-07-15 19:53:38.502 143336 [http-nio-8080-ClientPoller] DEBUG o.a.tomcat.util.net.NioEndpoint - timeout completed: keys processed=2; now=1594853618502; nextExpiration=1594853618502; keyCount=0; hasEvents=false; eval=false
2020-07-15 19:53:38.502 143336 [http-nio-8080-exec-6] DEBUG o.a.coyote.http11.Http11NioProtocol - Processing socket [org.apache.tomcat.util.net.NioChannel@79cdec3:java.nio.channels.SocketChannel[connected local=/0:0:0:0:0:0:0:1:8080 remote=/0:0:0:0:0:0:0:1:52353]] with status [ERROR]
2020-07-15 19:53:38.502 143336 [http-nio-8080-exec-6] DEBUG o.a.coyote.http11.Http11NioProtocol - Found processor [null] for socket [org.apache.tomcat.util.net.NioChannel@79cdec3:java.nio.channels.SocketChannel[connected local=/0:0:0:0:0:0:0:1:8080 remote=/0:0:0:0:0:0:0:1:52353]]
2020-07-15 19:53:38.502 143336 [http-nio-8080-exec-6] DEBUG o.a.tomcat.util.threads.LimitLatch - Counting down[http-nio-8080-exec-6] latch=2
2020-07-15 19:53:38.502 143336 [http-nio-8080-exec-6] DEBUG o.a.tomcat.util.net.NioEndpoint - Calling [org.apache.tomcat.util.net.NioEndpoint@541ccd9].closeSocket([org.apache.tomcat.util.net.NioEndpoint$NioSocketWrapper@529de7a1:org.apache.tomcat.util.net.NioChannel@79cdec3:java.nio.channels.SocketChannel[connected local=/0:0:0:0:0:0:0:1:8080 remote=/0:0:0:0:0:0:0:1:52353]])
2020-07-15 19:53:39.502 144336 [http-nio-8080-ClientPoller] DEBUG o.a.tomcat.util.net.NioEndpoint - timeout completed: keys processed=1; now=1594853619502; nextExpiration=1594853619502; keyCount=0; hasEvents=false; eval=false
2020-07-15 19:53:40.503 145337 [http-nio-8080-ClientPoller] DEBUG o.a.tomcat.util.net.NioEndpoint - timeout completed: keys processed=1; now=1594853620503; nextExpiration=1594853620502; keyCount=0; hasEvents=false; eval=false
2020-07-15 19:53:41.504 146338 [http-nio-8080-ClientPoller] DEBUG o.a.tomcat.util.net.NioEndpoint - timeout completed: keys processed=1; now=1594853621504; nextExpiration=1594853621503; keyCount=0; hasEvents=false; eval=false
2020-07-15 19:53:42.505 147339 [http-nio-8080-ClientPoller] DEBUG o.a.tomcat.util.net.NioEndpoint - timeout completed: keys processed=1; now=1594853622505; nextExpiration=1594853622504; keyCount=0; hasEvents=false; eval=false
2020-07-15 19:53:43.505 148339 [http-nio-8080-ClientPoller] DEBUG o.a.tomcat.util.net.NioEndpoint - timeout completed: keys processed=1; now=1594853623505; nextExpiration=1594853623505; keyCount=0; hasEvents=false; eval=false
2020-07-15 19:53:44.505 149339 [http-nio-8080-ClientPoller] DEBUG o.a.tomcat.util.net.NioEndpoint - timeout completed: keys processed=1; now=1594853624505; nextExpiration=1594853624505; keyCount=0; hasEvents=false; eval=false
2020-07-15 19:53:45.506 150340 [http-nio-8080-ClientPoller] DEBUG o.a.tomcat.util.net.NioEndpoint - timeout completed: keys processed=1; now=1594853625506; nextExpiration=1594853625505; keyCount=0; hasEvents=false; eval=false
2020-07-15 19:53:46.506 151340 [http-nio-8080-ClientPoller] DEBUG o.a.tomcat.util.net.NioEndpoint - timeout completed: keys processed=1; now=1594853626506; nextExpiration=1594853626506; keyCount=0; hasEvents=false; eval=false
2020-07-15 19:53:47.507 152341 [http-nio-8080-ClientPoller] DEBUG o.a.tomcat.util.net.NioEndpoint - timeout completed: keys processed=1; now=1594853627507; nextExpiration=1594853627506; keyCount=0; hasEvents=false; eval=false
2020-07-15 19:53:48.508 153342 [http-nio-8080-ClientPoller] DEBUG o.a.tomcat.util.net.NioEndpoint - timeout completed: keys processed=1; now=1594853628508; nextExpiration=1594853628507; keyCount=0; hasEvents=false; eval=false
2020-07-15 19:53:48.508 153342 [http-nio-8080-exec-7] DEBUG o.a.coyote.http11.Http11NioProtocol - Processing socket [org.apache.tomcat.util.net.NioChannel@2e5c14c9:java.nio.channels.SocketChannel[connected local=/0:0:0:0:0:0:0:1:8080 remote=/0:0:0:0:0:0:0:1:52357]] with status [ERROR]
2020-07-15 19:53:48.508 153342 [http-nio-8080-exec-7] DEBUG o.a.coyote.http11.Http11NioProtocol - Found processor [null] for socket [org.apache.tomcat.util.net.NioChannel@2e5c14c9:java.nio.channels.SocketChannel[connected local=/0:0:0:0:0:0:0:1:8080 remote=/0:0:0:0:0:0:0:1:52357]]
2020-07-15 19:53:48.508 153342 [http-nio-8080-exec-7] DEBUG o.a.tomcat.util.threads.LimitLatch - Counting down[http-nio-8080-exec-7] latch=1
2020-07-15 19:53:48.508 153342 [http-nio-8080-exec-7] DEBUG o.a.tomcat.util.net.NioEndpoint - Calling [org.apache.tomcat.util.net.NioEndpoint@541ccd9].closeSocket([org.apache.tomcat.util.net.NioEndpoint$NioSocketWrapper@24a47fb9:org.apache.tomcat.util.net.NioChannel@2e5c14c9:java.nio.channels.SocketChannel[connected local=/0:0:0:0:0:0:0:1:8080 remote=/0:0:0:0:0:0:0:1:52357]])
2020-07-15 19:53:49.509 154343 [http-nio-8080-ClientPoller] DEBUG o.a.tomcat.util.net.NioEndpoint - timeout completed: keys processed=0; now=1594853629509; nextExpiration=1594853629508; keyCount=0; hasEvents=false; eval=false
2020-07-15 19:53:50.509 155343 [http-nio-8080-ClientPoller] DEBUG o.a.tomcat.util.net.NioEndpoint - timeout completed: keys processed=0; now=1594853630509; nextExpiration=1594853630509; keyCount=0; hasEvents=false; eval=false
2020-07-15 19:53:51.510 156344 [http-nio-8080-ClientPoller] DEBUG o.a.tomcat.util.net.NioEndpoint - timeout completed: keys processed=0; now=1594853631510; nextExpiration=1594853631509; keyCount=0; hasEvents=false; eval=false
2020-07-15 19:53:52.511 157345 [http-nio-8080-ClientPoller] DEBUG o.a.tomcat.util.net.NioEndpoint - timeout completed: keys processed=0; now=1594853632511; nextExpiration=1594853632510; keyCount=0; hasEvents=false; eval=false
2020-07-15 19:53:53.511 158345 [http-nio-8080-ClientPoller] DEBUG o.a.tomcat.util.net.NioEndpoint - timeout completed: keys processed=0; now=1594853633511; nextExpiration=1594853633511; keyCount=0; hasEvents=false; eval=false
2020-07-15 19:53:54.511 159345 [http-nio-8080-ClientPoller] DEBUG o.a.tomcat.util.net.NioEndpoint - timeout completed: keys processed=0; now=1594853634511; nextExpiration=1594853634511; keyCount=0; hasEvents=false; eval=false
2020-07-15 19:53:55.511 160345 [http-nio-8080-ClientPoller] DEBUG o.a.tomcat.util.net.NioEndpoint - timeout completed: keys processed=0; now=1594853635511; nextExpiration=1594853635511; keyCount=0; hasEvents=false; eval=false
2020-07-15 19:53:56.511 161345 [http-nio-8080-ClientPoller] DEBUG o.a.tomcat.util.net.NioEndpoint - timeout completed: keys processed=0; now=1594853636511; nextExpiration=1594853636511; keyCount=0; hasEvents=false; eval=false
2020-07-15 19:53:57.512 162346 [http-nio-8080-ClientPoller] DEBUG o.a.tomcat.util.net.NioEndpoint - timeout completed: keys processed=0; now=1594853637512; nextExpiration=1594853637511; keyCount=0; hasEvents=false; eval=false
2020-07-15 19:53:58.512 163346 [http-nio-8080-ClientPoller] DEBUG o.a.tomcat.util.net.NioEndpoint - timeout completed: keys processed=0; now=1594853638512; nextExpiration=1594853638512; keyCount=0; hasEvents=false; eval=false
2020-07-15 19:53:59.512 164346 [http-nio-8080-ClientPoller] DEBUG o.a.tomcat.util.net.NioEndpoint - timeout completed: keys processed=0; now=1594853639512; nextExpiration=1594853639512; keyCount=0; hasEvents=false; eval=false
2020-07-15 19:54:00.513 165347 [http-nio-8080-ClientPoller] DEBUG o.a.tomcat.util.net.NioEndpoint - timeout completed: keys processed=0; now=1594853640513; nextExpiration=1594853640512; keyCount=0; hasEvents=false; eval=false
2020-07-15 19:54:01.513 166347 [http-nio-8080-ClientPoller] DEBUG o.a.tomcat.util.net.NioEndpoint - timeout completed: keys processed=0; now=1594853641513; nextExpiration=1594853641513; keyCount=0; hasEvents=false; eval=false
2020-07-15 19:54:02.514 167348 [http-nio-8080-ClientPoller] DEBUG o.a.tomcat.util.net.NioEndpoint - timeout completed: keys processed=0; now=1594853642514; nextExpiration=1594853642513; keyCount=0; hasEvents=false; eval=false
2020-07-15 19:54:03.514 168348 [http-nio-8080-ClientPoller] DEBUG o.a.tomcat.util.net.NioEndpoint - timeout completed: keys processed=0; now=1594853643514; nextExpiration=1594853643514; keyCount=0; hasEvents=false; eval=false
2020-07-15 19:54:04.515 169349 [http-nio-8080-ClientPoller] DEBUG o.a.tomcat.util.net.NioEndpoint - timeout completed: keys processed=0; now=1594853644515; nextExpiration=1594853644514; keyCount=0; hasEvents=false; eval=false
2020-07-15 19:54:05.516 170350 [http-nio-8080-ClientPoller] DEBUG o.a.tomcat.util.net.NioEndpoint - timeout completed: keys processed=0; now=1594853645516; nextExpiration=1594853645515; keyCount=0; hasEvents=false; eval=false
2020-07-15 19:54:06.516 171350 [http-nio-8080-ClientPoller] DEBUG o.a.tomcat.util.net.NioEndpoint - timeout completed: keys processed=0; now=1594853646516; nextExpiration=1594853646516; keyCount=0; hasEvents=false; eval=false
2020-07-15 19:54:07.516 172350 [http-nio-8080-ClientPoller] DEBUG o.a.tomcat.util.net.NioEndpoint - timeout completed: keys processed=0; now=1594853647516; nextExpiration=1594853647516; keyCount=0; hasEvents=false; eval=false
2020-07-15 19:54:08.517 173351 [http-nio-8080-ClientPoller] DEBUG o.a.tomcat.util.net.NioEndpoint - timeout completed: keys processed=0; now=1594853648517; nextExpiration=1594853648516; keyCount=0; hasEvents=false; eval=false
2020-07-15 19:54:09.517 174351 [http-nio-8080-ClientPoller] DEBUG o.a.tomcat.util.net.NioEndpoint - timeout completed: keys processed=0; now=1594853649517; nextExpiration=1594853649517; keyCount=0; hasEvents=false; eval=false
2020-07-15 19:54:10.518 175352 [http-nio-8080-ClientPoller] DEBUG o.a.tomcat.util.net.NioEndpoint - timeout completed: keys processed=0; now=1594853650518; nextExpiration=1594853650517; keyCount=0; hasEvents=false; eval=false
2020-07-15 19:54:11.518 176352 [http-nio-8080-ClientPoller] DEBUG o.a.tomcat.util.net.NioEndpoint - timeout completed: keys processed=0; now=1594853651518; nextExpiration=1594853651518; keyCount=0; hasEvents=false; eval=false
2020-07-15 19:54:12.519 177353 [http-nio-8080-ClientPoller] DEBUG o.a.tomcat.util.net.NioEndpoint - timeout completed: keys processed=0; now=1594853652519; nextExpiration=1594853652518; keyCount=0; hasEvents=false; eval=false
2020-07-15 19:54:13.519 178353 [http-nio-8080-ClientPoller] DEBUG o.a.tomcat.util.net.NioEndpoint - timeout completed: keys processed=0; now=1594853653519; nextExpiration=1594853653519; keyCount=0; hasEvents=false; eval=false
2020-07-15 19:54:14.520 179354 [http-nio-8080-ClientPoller] DEBUG o.a.tomcat.util.net.NioEndpoint - timeout completed: keys processed=0; now=1594853654520; nextExpiration=1594853654519; keyCount=0; hasEvents=false; eval=false
2020-07-15 19:54:15.520 180354 [http-nio-8080-ClientPoller] DEBUG o.a.tomcat.util.net.NioEndpoint - timeout completed: keys processed=0; now=1594853655520; nextExpiration=1594853655520; keyCount=0; hasEvents=false; eval=false
2020-07-15 19:54:16.520 181354 [http-nio-8080-ClientPoller] DEBUG o.a.tomcat.util.net.NioEndpoint - timeout completed: keys processed=0; now=1594853656520; nextExpiration=1594853656520; keyCount=0; hasEvents=false; eval=false
2020-07-15 19:54:17.262 182096 [Catalina-utility-2] DEBUG o.a.catalina.session.ManagerBase - Start expire sessions StandardManager at 1594853657262 sessioncount 1
2020-07-15 19:54:17.262 182096 [Catalina-utility-2] DEBUG o.a.catalina.session.ManagerBase - End expire sessions StandardManager processingTime 0 expired sessions: 0
2020-07-15 19:54:17.520 182354 [http-nio-8080-ClientPoller] DEBUG o.a.tomcat.util.net.NioEndpoint - timeout completed: keys processed=0; now=1594853657520; nextExpiration=1594853657520; keyCount=0; hasEvents=false; eval=false
2020-07-15 19:54:18.521 183355 [http-nio-8080-ClientPoller] DEBUG o.a.tomcat.util.net.NioEndpoint - timeout completed: keys processed=0; now=1594853658521; nextExpiration=1594853658520; keyCount=0; hasEvents=false; eval=false
2020-07-15 19:54:19.521 184355 [http-nio-8080-ClientPoller] DEBUG o.a.tomcat.util.net.NioEndpoint - timeout completed: keys processed=0; now=1594853659521; nextExpiration=1594853659521; keyCount=0; hasEvents=false; eval=false
2020-07-15 19:54:20.522 185356 [http-nio-8080-ClientPoller] DEBUG o.a.tomcat.util.net.NioEndpoint - timeout completed: keys processed=0; now=1594853660522; nextExpiration=1594853660521; keyCount=0; hasEvents=false; eval=false
2020-07-15 19:54:21.523 186357 [http-nio-8080-ClientPoller] DEBUG o.a.tomcat.util.net.NioEndpoint - timeout completed: keys processed=0; now=1594853661523; nextExpiration=1594853661522; keyCount=0; hasEvents=false; eval=false
2020-07-15 19:54:22.523 187357 [http-nio-8080-ClientPoller] DEBUG o.a.tomcat.util.net.NioEndpoint - timeout completed: keys processed=0; now=1594853662523; nextExpiration=1594853662523; keyCount=0; hasEvents=false; eval=false
2020-07-15 19:54:23.524 188358 [http-nio-8080-ClientPoller] DEBUG o.a.tomcat.util.net.NioEndpoint - timeout completed: keys processed=0; now=1594853663524; nextExpiration=1594853663523; keyCount=0; hasEvents=false; eval=false
2020-07-15 19:54:24.525 189359 [http-nio-8080-ClientPoller] DEBUG o.a.tomcat.util.net.NioEndpoint - timeout completed: keys processed=0; now=1594853664525; nextExpiration=1594853664524; keyCount=0; hasEvents=false; eval=false
2020-07-15 19:54:25.525 190359 [http-nio-8080-ClientPoller] DEBUG o.a.tomcat.util.net.NioEndpoint - timeout completed: keys processed=0; now=1594853665525; nextExpiration=1594853665525; keyCount=0; hasEvents=false; eval=false
2020-07-15 19:54:26.526 191360 [http-nio-8080-ClientPoller] DEBUG o.a.tomcat.util.net.NioEndpoint - timeout completed: keys processed=0; now=1594853666526; nextExpiration=1594853666525; keyCount=0; hasEvents=false; eval=false
2020-07-15 19:54:27.526 192360 [http-nio-8080-ClientPoller] DEBUG o.a.tomcat.util.net.NioEndpoint - timeout completed: keys processed=0; now=1594853667526; nextExpiration=1594853667526; keyCount=0; hasEvents=false; eval=false
2020-07-15 19:54:28.526 193360 [http-nio-8080-ClientPoller] DEBUG o.a.tomcat.util.net.NioEndpoint - timeout completed: keys processed=0; now=1594853668526; nextExpiration=1594853668526; keyCount=0; hasEvents=false; eval=false
2020-07-15 19:54:29.527 194361 [http-nio-8080-ClientPoller] DEBUG o.a.tomcat.util.net.NioEndpoint - timeout completed: keys processed=0; now=1594853669527; nextExpiration=1594853669526; keyCount=0; hasEvents=false; eval=false
2020-07-15 19:54:30.527 195361 [http-nio-8080-ClientPoller] DEBUG o.a.tomcat.util.net.NioEndpoint - timeout completed: keys processed=0; now=1594853670527; nextExpiration=1594853670527; keyCount=0; hasEvents=false; eval=false
2020-07-15 19:54:31.528 196362 [http-nio-8080-ClientPoller] DEBUG o.a.tomcat.util.net.NioEndpoint - timeout completed: keys processed=0; now=1594853671528; nextExpiration=1594853671527; keyCount=0; hasEvents=false; eval=false
2020-07-15 19:54:32.528 197362 [http-nio-8080-ClientPoller] DEBUG o.a.tomcat.util.net.NioEndpoint - timeout completed: keys processed=0; now=1594853672528; nextExpiration=1594853672528; keyCount=0; hasEvents=false; eval=false
2020-07-15 19:54:33.528 198362 [http-nio-8080-ClientPoller] DEBUG o.a.tomcat.util.net.NioEndpoint - timeout completed: keys processed=0; now=1594853673528; nextExpiration=1594853673528; keyCount=0; hasEvents=false; eval=false
2020-07-15 19:54:34.529 199363 [http-nio-8080-ClientPoller] DEBUG o.a.tomcat.util.net.NioEndpoint - timeout completed: keys processed=0; now=1594853674529; nextExpiration=1594853674528; keyCount=0; hasEvents=false; eval=false
2020-07-15 19:54:35.530 200364 [http-nio-8080-ClientPoller] DEBUG o.a.tomcat.util.net.NioEndpoint - timeout completed: keys processed=0; now=1594853675530; nextExpiration=1594853675529; keyCount=0; hasEvents=false; eval=false
2020-07-15 19:54:36.530 201364 [http-nio-8080-ClientPoller] DEBUG o.a.tomcat.util.net.NioEndpoint - timeout completed: keys processed=0; now=1594853676530; nextExpiration=1594853676530; keyCount=0; hasEvents=false; eval=false
2020-07-15 19:54:37.530 202364 [http-nio-8080-ClientPoller] DEBUG o.a.tomcat.util.net.NioEndpoint - timeout completed: keys processed=0; now=1594853677530; nextExpiration=1594853677530; keyCount=0; hasEvents=false; eval=false
2020-07-15 19:54:38.531 203365 [http-nio-8080-ClientPoller] DEBUG o.a.tomcat.util.net.NioEndpoint - timeout completed: keys processed=0; now=1594853678531; nextExpiration=1594853678530; keyCount=0; hasEvents=false; eval=false
2020-07-15 19:54:39.531 204365 [http-nio-8080-ClientPoller] DEBUG o.a.tomcat.util.net.NioEndpoint - timeout completed: keys processed=0; now=1594853679531; nextExpiration=1594853679531; keyCount=0; hasEvents=false; eval=false
2020-07-15 19:54:40.531 205365 [http-nio-8080-ClientPoller] DEBUG o.a.tomcat.util.net.NioEndpoint - timeout completed: keys processed=0; now=1594853680531; nextExpiration=1594853680531; keyCount=0; hasEvents=false; eval=false
2020-07-15 19:54:41.532 206366 [http-nio-8080-ClientPoller] DEBUG o.a.tomcat.util.net.NioEndpoint - timeout completed: keys processed=0; now=1594853681532; nextExpiration=1594853681531; keyCount=0; hasEvents=false; eval=false
2020-07-15 19:54:42.532 207366 [http-nio-8080-ClientPoller] DEBUG o.a.tomcat.util.net.NioEndpoint - timeout completed: keys processed=0; now=1594853682532; nextExpiration=1594853682532; keyCount=0; hasEvents=false; eval=false
2020-07-15 19:54:43.533 208367 [http-nio-8080-ClientPoller] DEBUG o.a.tomcat.util.net.NioEndpoint - timeout completed: keys processed=0; now=1594853683533; nextExpiration=1594853683532; keyCount=0; hasEvents=false; eval=false
2020-07-15 19:54:44.533 209367 [http-nio-8080-ClientPoller] DEBUG o.a.tomcat.util.net.NioEndpoint - timeout completed: keys processed=0; now=1594853684533; nextExpiration=1594853684533; keyCount=0; hasEvents=false; eval=false
2020-07-15 19:54:45.534 210368 [http-nio-8080-ClientPoller] DEBUG o.a.tomcat.util.net.NioEndpoint - timeout completed: keys processed=0; now=1594853685534; nextExpiration=1594853685533; keyCount=0; hasEvents=false; eval=false
2020-07-15 19:54:46.535 211369 [http-nio-8080-ClientPoller] DEBUG o.a.tomcat.util.net.NioEndpoint - timeout completed: keys processed=0; now=1594853686535; nextExpiration=1594853686534; keyCount=0; hasEvents=false; eval=false
2020-07-15 19:54:47.535 212369 [http-nio-8080-ClientPoller] DEBUG o.a.tomcat.util.net.NioEndpoint - timeout completed: keys processed=0; now=1594853687535; nextExpiration=1594853687535; keyCount=0; hasEvents=false; eval=false
2020-07-15 19:54:48.535 213369 [http-nio-8080-ClientPoller] DEBUG o.a.tomcat.util.net.NioEndpoint - timeout completed: keys processed=0; now=1594853688535; nextExpiration=1594853688535; keyCount=0; hasEvents=false; eval=false
2020-07-15 19:54:49.536 214370 [http-nio-8080-ClientPoller] DEBUG o.a.tomcat.util.net.NioEndpoint - timeout completed: keys processed=0; now=1594853689536; nextExpiration=1594853689535; keyCount=0; hasEvents=false; eval=false
2020-07-15 19:54:50.536 215370 [http-nio-8080-ClientPoller] DEBUG o.a.tomcat.util.net.NioEndpoint - timeout completed: keys processed=0; now=1594853690536; nextExpiration=1594853690536; keyCount=0; hasEvents=false; eval=false
2020-07-15 19:54:51.536 216370 [http-nio-8080-ClientPoller] DEBUG o.a.tomcat.util.net.NioEndpoint - timeout completed: keys processed=0; now=1594853691536; nextExpiration=1594853691536; keyCount=0; hasEvents=false; eval=false
2020-07-15 19:54:52.537 217371 [http-nio-8080-ClientPoller] DEBUG o.a.tomcat.util.net.NioEndpoint - timeout completed: keys processed=0; now=1594853692537; nextExpiration=1594853692536; keyCount=0; hasEvents=false; eval=false
2020-07-15 19:54:53.537 218371 [http-nio-8080-ClientPoller] DEBUG o.a.tomcat.util.net.NioEndpoint - timeout completed: keys processed=0; now=1594853693537; nextExpiration=1594853693537; keyCount=0; hasEvents=false; eval=false
2020-07-15 19:54:54.537 219371 [http-nio-8080-ClientPoller] DEBUG o.a.tomcat.util.net.NioEndpoint - timeout completed: keys processed=0; now=1594853694537; nextExpiration=1594853694537; keyCount=0; hasEvents=false; eval=false
2020-07-15 19:54:55.538 220372 [http-nio-8080-ClientPoller] DEBUG o.a.tomcat.util.net.NioEndpoint - timeout completed: keys processed=0; now=1594853695538; nextExpiration=1594853695537; keyCount=0; hasEvents=false; eval=false
2020-07-15 19:54:56.539 221373 [http-nio-8080-ClientPoller] DEBUG o.a.tomcat.util.net.NioEndpoint - timeout completed: keys processed=0; now=1594853696539; nextExpiration=1594853696538; keyCount=0; hasEvents=false; eval=false
2020-07-15 19:54:57.539 222373 [http-nio-8080-ClientPoller] DEBUG o.a.tomcat.util.net.NioEndpoint - timeout completed: keys processed=0; now=1594853697539; nextExpiration=1594853697539; keyCount=0; hasEvents=false; eval=false
2020-07-15 19:54:58.539 223373 [http-nio-8080-ClientPoller] DEBUG o.a.tomcat.util.net.NioEndpoint - timeout completed: keys processed=0; now=1594853698539; nextExpiration=1594853698539; keyCount=0; hasEvents=false; eval=false
2020-07-15 19:54:59.540 224374 [http-nio-8080-ClientPoller] DEBUG o.a.tomcat.util.net.NioEndpoint - timeout completed: keys processed=0; now=1594853699540; nextExpiration=1594853699539; keyCount=0; hasEvents=false; eval=false
2020-07-15 19:55:00.540 225374 [http-nio-8080-ClientPoller] DEBUG o.a.tomcat.util.net.NioEndpoint - timeout completed: keys processed=0; now=1594853700540; nextExpiration=1594853700540; keyCount=0; hasEvents=false; eval=false
2020-07-15 19:55:01.541 226375 [http-nio-8080-ClientPoller] DEBUG o.a.tomcat.util.net.NioEndpoint - timeout completed: keys processed=0; now=1594853701541; nextExpiration=1594853701540; keyCount=0; hasEvents=false; eval=false
2020-07-15 19:55:02.542 227376 [http-nio-8080-ClientPoller] DEBUG o.a.tomcat.util.net.NioEndpoint - timeout completed: keys processed=0; now=1594853702542; nextExpiration=1594853702541; keyCount=0; hasEvents=false; eval=false
2020-07-15 19:55:03.542 228376 [http-nio-8080-ClientPoller] DEBUG o.a.tomcat.util.net.NioEndpoint - timeout completed: keys processed=0; now=1594853703542; nextExpiration=1594853703542; keyCount=0; hasEvents=false; eval=false
2020-07-15 19:55:04.542 229376 [http-nio-8080-ClientPoller] DEBUG o.a.tomcat.util.net.NioEndpoint - timeout completed: keys processed=0; now=1594853704542; nextExpiration=1594853704542; keyCount=0; hasEvents=false; eval=false
2020-07-15 19:55:05.543 230377 [http-nio-8080-ClientPoller] DEBUG o.a.tomcat.util.net.NioEndpoint - timeout completed: keys processed=0; now=1594853705543; nextExpiration=1594853705542; keyCount=0; hasEvents=false; eval=false
2020-07-15 19:55:06.543 231377 [http-nio-8080-ClientPoller] DEBUG o.a.tomcat.util.net.NioEndpoint - timeout completed: keys processed=0; now=1594853706543; nextExpiration=1594853706543; keyCount=0; hasEvents=false; eval=false
2020-07-15 19:55:07.544 232378 [http-nio-8080-ClientPoller] DEBUG o.a.tomcat.util.net.NioEndpoint - timeout completed: keys processed=0; now=1594853707544; nextExpiration=1594853707543; keyCount=0; hasEvents=false; eval=false
2020-07-15 19:55:08.544 233378 [http-nio-8080-ClientPoller] DEBUG o.a.tomcat.util.net.NioEndpoint - timeout completed: keys processed=0; now=1594853708544; nextExpiration=1594853708544; keyCount=0; hasEvents=false; eval=false
2020-07-15 19:55:09.545 234379 [http-nio-8080-ClientPoller] DEBUG o.a.tomcat.util.net.NioEndpoint - timeout completed: keys processed=0; now=1594853709545; nextExpiration=1594853709544; keyCount=0; hasEvents=false; eval=false
2020-07-15 19:55:10.545 235379 [http-nio-8080-ClientPoller] DEBUG o.a.tomcat.util.net.NioEndpoint - timeout completed: keys processed=0; now=1594853710545; nextExpiration=1594853710545; keyCount=0; hasEvents=false; eval=false
2020-07-15 19:55:11.545 236379 [http-nio-8080-ClientPoller] DEBUG o.a.tomcat.util.net.NioEndpoint - timeout completed: keys processed=0; now=1594853711545; nextExpiration=1594853711545; keyCount=0; hasEvents=false; eval=false
2020-07-15 19:55:12.546 237380 [http-nio-8080-ClientPoller] DEBUG o.a.tomcat.util.net.NioEndpoint - timeout completed: keys processed=0; now=1594853712546; nextExpiration=1594853712545; keyCount=0; hasEvents=false; eval=false
2020-07-15 19:55:13.547 238381 [http-nio-8080-ClientPoller] DEBUG o.a.tomcat.util.net.NioEndpoint - timeout completed: keys processed=0; now=1594853713547; nextExpiration=1594853713546; keyCount=0; hasEvents=false; eval=false
2020-07-15 19:55:14.548 239382 [http-nio-8080-ClientPoller] DEBUG o.a.tomcat.util.net.NioEndpoint - timeout completed: keys processed=0; now=1594853714548; nextExpiration=1594853714547; keyCount=0; hasEvents=false; eval=false
2020-07-15 19:55:15.548 240382 [http-nio-8080-ClientPoller] DEBUG o.a.tomcat.util.net.NioEndpoint - timeout completed: keys processed=0; now=1594853715548; nextExpiration=1594853715548; keyCount=0; hasEvents=false; eval=false
2020-07-15 19:55:16.549 241383 [http-nio-8080-ClientPoller] DEBUG o.a.tomcat.util.net.NioEndpoint - timeout completed: keys processed=0; now=1594853716549; nextExpiration=1594853716548; keyCount=0; hasEvents=false; eval=false
2020-07-15 19:55:17.268 242102 [Catalina-utility-1] DEBUG o.a.catalina.session.ManagerBase - Start expire sessions StandardManager at 1594853717268 sessioncount 1
2020-07-15 19:55:17.269 242103 [Catalina-utility-1] DEBUG o.a.catalina.session.ManagerBase - End expire sessions StandardManager processingTime 1 expired sessions: 0
2020-07-15 19:55:17.550 242384 [http-nio-8080-ClientPoller] DEBUG o.a.tomcat.util.net.NioEndpoint - timeout completed: keys processed=0; now=1594853717550; nextExpiration=1594853717549; keyCount=0; hasEvents=false; eval=false
2020-07-15 19:55:18.550 243384 [http-nio-8080-ClientPoller] DEBUG o.a.tomcat.util.net.NioEndpoint - timeout completed: keys processed=0; now=1594853718550; nextExpiration=1594853718550; keyCount=0; hasEvents=false; eval=false
2020-07-15 19:55:19.551 244385 [http-nio-8080-ClientPoller] DEBUG o.a.tomcat.util.net.NioEndpoint - timeout completed: keys processed=0; now=1594853719551; nextExpiration=1594853719550; keyCount=0; hasEvents=false; eval=false
2020-07-15 19:55:20.551 245385 [http-nio-8080-ClientPoller] DEBUG o.a.tomcat.util.net.NioEndpoint - timeout completed: keys processed=0; now=1594853720551; nextExpiration=1594853720551; keyCount=0; hasEvents=false; eval=false
2020-07-15 19:55:21.552 246386 [http-nio-8080-ClientPoller] DEBUG o.a.tomcat.util.net.NioEndpoint - timeout completed: keys processed=0; now=1594853721552; nextExpiration=1594853721551; keyCount=0; hasEvents=false; eval=false
2020-07-15 19:55:22.552 247386 [http-nio-8080-ClientPoller] DEBUG o.a.tomcat.util.net.NioEndpoint - timeout completed: keys processed=0; now=1594853722552; nextExpiration=1594853722552; keyCount=0; hasEvents=false; eval=false
2020-07-15 19:55:23.552 248386 [http-nio-8080-ClientPoller] DEBUG o.a.tomcat.util.net.NioEndpoint - timeout completed: keys processed=0; now=1594853723552; nextExpiration=1594853723552; keyCount=0; hasEvents=false; eval=false
2020-07-15 19:55:24.553 249387 [http-nio-8080-ClientPoller] DEBUG o.a.tomcat.util.net.NioEndpoint - timeout completed: keys processed=0; now=1594853724553; nextExpiration=1594853724552; keyCount=0; hasEvents=false; eval=false
2020-07-15 19:55:25.554 250388 [http-nio-8080-ClientPoller] DEBUG o.a.tomcat.util.net.NioEndpoint - timeout completed: keys processed=0; now=1594853725554; nextExpiration=1594853725553; keyCount=0; hasEvents=false; eval=false
2020-07-15 19:55:26.554 251388 [http-nio-8080-ClientPoller] DEBUG o.a.tomcat.util.net.NioEndpoint - timeout completed: keys processed=0; now=1594853726554; nextExpiration=1594853726554; keyCount=0; hasEvents=false; eval=false
2020-07-15 19:55:27.554 252388 [http-nio-8080-ClientPoller] DEBUG o.a.tomcat.util.net.NioEndpoint - timeout completed: keys processed=0; now=1594853727554; nextExpiration=1594853727554; keyCount=0; hasEvents=false; eval=false
2020-07-15 19:55:28.555 253389 [http-nio-8080-ClientPoller] DEBUG o.a.tomcat.util.net.NioEndpoint - timeout completed: keys processed=0; now=1594853728555; nextExpiration=1594853728554; keyCount=0; hasEvents=false; eval=false
2020-07-15 19:55:29.556 254390 [http-nio-8080-ClientPoller] DEBUG o.a.tomcat.util.net.NioEndpoint - timeout completed: keys processed=0; now=1594853729556; nextExpiration=1594853729555; keyCount=0; hasEvents=false; eval=false
2020-07-15 19:55:30.556 255390 [http-nio-8080-ClientPoller] DEBUG o.a.tomcat.util.net.NioEndpoint - timeout completed: keys processed=0; now=1594853730556; nextExpiration=1594853730556; keyCount=0; hasEvents=false; eval=false
2020-07-15 19:55:31.556 256390 [http-nio-8080-ClientPoller] DEBUG o.a.tomcat.util.net.NioEndpoint - timeout completed: keys processed=0; now=1594853731556; nextExpiration=1594853731556; keyCount=0; hasEvents=false; eval=false
2020-07-15 19:55:32.557 257391 [http-nio-8080-ClientPoller] DEBUG o.a.tomcat.util.net.NioEndpoint - timeout completed: keys processed=0; now=1594853732557; nextExpiration=1594853732556; keyCount=0; hasEvents=false; eval=false
2020-07-15 19:55:33.557 258391 [http-nio-8080-ClientPoller] DEBUG o.a.tomcat.util.net.NioEndpoint - timeout completed: keys processed=0; now=1594853733557; nextExpiration=1594853733557; keyCount=0; hasEvents=false; eval=false
2020-07-15 19:55:34.557 259391 [http-nio-8080-ClientPoller] DEBUG o.a.tomcat.util.net.NioEndpoint - timeout completed: keys processed=0; now=1594853734557; nextExpiration=1594853734557; keyCount=0; hasEvents=false; eval=false
2020-07-15 19:55:35.557 260391 [http-nio-8080-ClientPoller] DEBUG o.a.tomcat.util.net.NioEndpoint - timeout completed: keys processed=0; now=1594853735557; nextExpiration=1594853735557; keyCount=0; hasEvents=false; eval=false
2020-07-15 19:55:36.558 261392 [http-nio-8080-ClientPoller] DEBUG o.a.tomcat.util.net.NioEndpoint - timeout completed: keys processed=0; now=1594853736558; nextExpiration=1594853736557; keyCount=0; hasEvents=false; eval=false
2020-07-15 19:55:37.558 262392 [http-nio-8080-ClientPoller] DEBUG o.a.tomcat.util.net.NioEndpoint - timeout completed: keys processed=0; now=1594853737558; nextExpiration=1594853737558; keyCount=0; hasEvents=false; eval=false
2020-07-15 19:55:38.558 263392 [http-nio-8080-ClientPoller] DEBUG o.a.tomcat.util.net.NioEndpoint - timeout completed: keys processed=0; now=1594853738558; nextExpiration=1594853738558; keyCount=0; hasEvents=false; eval=false
2020-07-15 19:55:39.559 264393 [http-nio-8080-ClientPoller] DEBUG o.a.tomcat.util.net.NioEndpoint - timeout completed: keys processed=0; now=1594853739559; nextExpiration=1594853739558; keyCount=0; hasEvents=false; eval=false
2020-07-15 19:55:40.559 265393 [http-nio-8080-ClientPoller] DEBUG o.a.tomcat.util.net.NioEndpoint - timeout completed: keys processed=0; now=1594853740559; nextExpiration=1594853740559; keyCount=0; hasEvents=false; eval=false
2020-07-15 19:55:41.560 266394 [http-nio-8080-ClientPoller] DEBUG o.a.tomcat.util.net.NioEndpoint - timeout completed: keys processed=0; now=1594853741560; nextExpiration=1594853741559; keyCount=0; hasEvents=false; eval=false
2020-07-15 19:55:42.561 267395 [http-nio-8080-ClientPoller] DEBUG o.a.tomcat.util.net.NioEndpoint - timeout completed: keys processed=0; now=1594853742561; nextExpiration=1594853742560; keyCount=0; hasEvents=false; eval=false
2020-07-15 19:55:43.561 268395 [http-nio-8080-ClientPoller] DEBUG o.a.tomcat.util.net.NioEndpoint - timeout completed: keys processed=0; now=1594853743561; nextExpiration=1594853743561; keyCount=0; hasEvents=false; eval=false
2020-07-15 19:55:44.562 269396 [http-nio-8080-ClientPoller] DEBUG o.a.tomcat.util.net.NioEndpoint - timeout completed: keys processed=0; now=1594853744562; nextExpiration=1594853744561; keyCount=0; hasEvents=false; eval=false
2020-07-15 19:55:45.563 270397 [http-nio-8080-ClientPoller] DEBUG o.a.tomcat.util.net.NioEndpoint - timeout completed: keys processed=0; now=1594853745563; nextExpiration=1594853745562; keyCount=0; hasEvents=false; eval=false
2020-07-15 19:55:46.563 271397 [http-nio-8080-ClientPoller] DEBUG o.a.tomcat.util.net.NioEndpoint - timeout completed: keys processed=0; now=1594853746563; nextExpiration=1594853746563; keyCount=0; hasEvents=false; eval=false
2020-07-15 19:55:47.564 272398 [http-nio-8080-ClientPoller] DEBUG o.a.tomcat.util.net.NioEndpoint - timeout completed: keys processed=0; now=1594853747564; nextExpiration=1594853747563; keyCount=0; hasEvents=false; eval=false
2020-07-15 19:55:48.565 273399 [http-nio-8080-ClientPoller] DEBUG o.a.tomcat.util.net.NioEndpoint - timeout completed: keys processed=0; now=1594853748565; nextExpiration=1594853748564; keyCount=0; hasEvents=false; eval=false
2020-07-15 19:55:49.565 274399 [http-nio-8080-ClientPoller] DEBUG o.a.tomcat.util.net.NioEndpoint - timeout completed: keys processed=0; now=1594853749565; nextExpiration=1594853749565; keyCount=0; hasEvents=false; eval=false
2020-07-15 19:55:50.566 275400 [http-nio-8080-ClientPoller] DEBUG o.a.tomcat.util.net.NioEndpoint - timeout completed: keys processed=0; now=1594853750566; nextExpiration=1594853750565; keyCount=0; hasEvents=false; eval=false
2020-07-15 19:55:51.566 276400 [http-nio-8080-ClientPoller] DEBUG o.a.tomcat.util.net.NioEndpoint - timeout completed: keys processed=0; now=1594853751566; nextExpiration=1594853751566; keyCount=0; hasEvents=false; eval=false
2020-07-15 19:55:52.566 277400 [http-nio-8080-ClientPoller] DEBUG o.a.tomcat.util.net.NioEndpoint - timeout completed: keys processed=0; now=1594853752566; nextExpiration=1594853752566; keyCount=0; hasEvents=false; eval=false
2020-07-15 19:55:53.567 278401 [http-nio-8080-ClientPoller] DEBUG o.a.tomcat.util.net.NioEndpoint - timeout completed: keys processed=0; now=1594853753567; nextExpiration=1594853753566; keyCount=0; hasEvents=false; eval=false
2020-07-15 19:55:54.568 279402 [http-nio-8080-ClientPoller] DEBUG o.a.tomcat.util.net.NioEndpoint - timeout completed: keys processed=0; now=1594853754568; nextExpiration=1594853754567; keyCount=0; hasEvents=false; eval=false
2020-07-15 19:55:55.568 280402 [http-nio-8080-ClientPoller] DEBUG o.a.tomcat.util.net.NioEndpoint - timeout completed: keys processed=0; now=1594853755568; nextExpiration=1594853755568; keyCount=0; hasEvents=false; eval=false
2020-07-15 19:55:56.568 281402 [http-nio-8080-ClientPoller] DEBUG o.a.tomcat.util.net.NioEndpoint - timeout completed: keys processed=0; now=1594853756568; nextExpiration=1594853756568; keyCount=0; hasEvents=false; eval=false
2020-07-15 19:55:57.568 282402 [http-nio-8080-ClientPoller] DEBUG o.a.tomcat.util.net.NioEndpoint - timeout completed: keys processed=0; now=1594853757568; nextExpiration=1594853757568; keyCount=0; hasEvents=false; eval=false
2020-07-15 19:55:58.569 283403 [http-nio-8080-ClientPoller] DEBUG o.a.tomcat.util.net.NioEndpoint - timeout completed: keys processed=0; now=1594853758569; nextExpiration=1594853758568; keyCount=0; hasEvents=false; eval=false
2020-07-15 19:55:59.570 284404 [http-nio-8080-ClientPoller] DEBUG o.a.tomcat.util.net.NioEndpoint - timeout completed: keys processed=0; now=1594853759570; nextExpiration=1594853759569; keyCount=0; hasEvents=false; eval=false
2020-07-15 19:56:00.570 285404 [http-nio-8080-ClientPoller] DEBUG o.a.tomcat.util.net.NioEndpoint - timeout completed: keys processed=0; now=1594853760570; nextExpiration=1594853760570; keyCount=0; hasEvents=false; eval=false
2020-07-15 19:56:01.571 286405 [http-nio-8080-ClientPoller] DEBUG o.a.tomcat.util.net.NioEndpoint - timeout completed: keys processed=0; now=1594853761571; nextExpiration=1594853761570; keyCount=0; hasEvents=false; eval=false
2020-07-15 19:56:02.572 287406 [http-nio-8080-ClientPoller] DEBUG o.a.tomcat.util.net.NioEndpoint - timeout completed: keys processed=0; now=1594853762572; nextExpiration=1594853762571; keyCount=0; hasEvents=false; eval=false
2020-07-15 19:56:03.572 288406 [http-nio-8080-ClientPoller] DEBUG o.a.tomcat.util.net.NioEndpoint - timeout completed: keys processed=0; now=1594853763572; nextExpiration=1594853763572; keyCount=0; hasEvents=false; eval=false
2020-07-15 19:56:04.572 289406 [http-nio-8080-ClientPoller] DEBUG o.a.tomcat.util.net.NioEndpoint - timeout completed: keys processed=0; now=1594853764572; nextExpiration=1594853764572; keyCount=0; hasEvents=false; eval=false
2020-07-15 19:56:05.572 290406 [http-nio-8080-ClientPoller] DEBUG o.a.tomcat.util.net.NioEndpoint - timeout completed: keys processed=0; now=1594853765572; nextExpiration=1594853765572; keyCount=0; hasEvents=false; eval=false
2020-07-15 19:56:06.572 291406 [http-nio-8080-ClientPoller] DEBUG o.a.tomcat.util.net.NioEndpoint - timeout completed: keys processed=0; now=1594853766572; nextExpiration=1594853766572; keyCount=0; hasEvents=false; eval=false
2020-07-15 19:56:07.572 292406 [http-nio-8080-ClientPoller] DEBUG o.a.tomcat.util.net.NioEndpoint - timeout completed: keys processed=0; now=1594853767572; nextExpiration=1594853767572; keyCount=0; hasEvents=false; eval=false
2020-07-15 19:56:08.573 293407 [http-nio-8080-ClientPoller] DEBUG o.a.tomcat.util.net.NioEndpoint - timeout completed: keys processed=0; now=1594853768573; nextExpiration=1594853768572; keyCount=0; hasEvents=false; eval=false
2020-07-15 19:56:09.574 294408 [http-nio-8080-ClientPoller] DEBUG o.a.tomcat.util.net.NioEndpoint - timeout completed: keys processed=0; now=1594853769574; nextExpiration=1594853769573; keyCount=0; hasEvents=false; eval=false
2020-07-15 19:56:10.574 295408 [http-nio-8080-ClientPoller] DEBUG o.a.tomcat.util.net.NioEndpoint - timeout completed: keys processed=0; now=1594853770574; nextExpiration=1594853770574; keyCount=0; hasEvents=false; eval=false
2020-07-15 19:56:11.575 296409 [http-nio-8080-ClientPoller] DEBUG o.a.tomcat.util.net.NioEndpoint - timeout completed: keys processed=0; now=1594853771575; nextExpiration=1594853771574; keyCount=0; hasEvents=false; eval=false
